<?xml version="1.0" encoding="ISO-8859-1" ?>
<link_info>
   <banner>TI ARM Clang Linker PC v4.0.3.LTS</banner>
   <copyright>Copyright (c) 1996-2018 Texas Instruments Incorporated</copyright>
   <command_line>C:\ti\ccs2020\ccs\tools\compiler\ti-cgt-armllvm_4.0.3.LTS\bin\tiarmlnk -IC:\ti\ccs2020\ccs\tools\compiler\ti-cgt-armllvm_4.0.3.LTS\lib -o gpd_attr_reporting_LP_EM_CC2340R5_nortos_ticlang.out -mgpd_attr_reporting_LP_EM_CC2340R5_nortos_ticlang.map -iC:/ti/simplelink_lowpower_f3_sdk_9_11_01_19/source -iC:/ti/simplelink_lowpower_f3_sdk_9_11_01_19/kernel/nortos -iC:/Users/Yantra/workspace_ccstheia/gpd_attr_reporting_LP_EM_CC2340R5_nortos_ticlang/Debug/syscfg -iC:/ti/ccs2020/ccs/tools/compiler/ti-cgt-armllvm_4.0.3.LTS/lib --reread_libs --diag_wrap=off --display_error_number --warn_sections --xml_link_info=gpd_attr_reporting_LP_EM_CC2340R5_nortos_ticlang_linkInfo.xml --rom_model ./gpd_attr_reporting.o ./syscfg/ti_devices_config.o ./syscfg/ti_radio_config.o ./syscfg/ti_drivers_config.o ./syscfg/ti_zigbee_config.o ./osif/ti_f3_led_buttons.o ./osif/ti_f3_main.o ../lpf3_zigbee_nortos.cmd -lti_utils_build_linker.cmd.genlibs -llibc.a --llvm_lto=on --start-group -llibc++.a -llibc++abi.a -llibc.a -llibsys.a -llibsysbm.a -llibclang_rt.builtins.a -llibclang_rt.profile.a --end-group --cg_opt_level=z</command_line>
   <link_time>0x68d27423</link_time>
   <link_errors>0x0</link_errors>
   <output_file>C:\Users\Yantra\workspace_ccstheia\gpd_attr_reporting_LP_EM_CC2340R5_nortos_ticlang\Debug\gpd_attr_reporting_LP_EM_CC2340R5_nortos_ticlang.out</output_file>
   <entry_point>
      <name>resetISR</name>
      <address>0x6d1d</address>
   </entry_point>
   <input_file_list>
      <input_file id="fl-1e2">
         <path>C:\Users\Yantra\workspace_ccstheia\gpd_attr_reporting_LP_EM_CC2340R5_nortos_ticlang\Debug\.\</path>
         <kind>object</kind>
         <file>{B8E65BEB-54D3-4F4B-A921-27CE9E9FC253}</file>
         <name>{B8E65BEB-54D3-4F4B-A921-27CE9E9FC253}</name>
      </input_file>
      <input_file id="fl-1e">
         <path>C:\Users\Yantra\workspace_ccstheia\gpd_attr_reporting_LP_EM_CC2340R5_nortos_ticlang\Debug\</path>
         <kind>object</kind>
         <file>&lt;internal&gt;</file>
         <name>&lt;internal&gt;</name>
      </input_file>
      <input_file id="fl-52">
         <path>C:\ti\simplelink_lowpower_f3_sdk_9_11_01_19\source\ti\drivers\rcl\lib\ticlang\m0p\</path>
         <kind>archive</kind>
         <file>rcl_cc23x0r5.a</file>
         <name>RCL_Buffer.c.obj</name>
      </input_file>
      <input_file id="fl-53">
         <path>C:\ti\simplelink_lowpower_f3_sdk_9_11_01_19\source\ti\drivers\rcl\lib\ticlang\m0p\</path>
         <kind>archive</kind>
         <file>rcl_cc23x0r5.a</file>
         <name>RCL_Scheduler.c.obj</name>
      </input_file>
      <input_file id="fl-54">
         <path>C:\ti\simplelink_lowpower_f3_sdk_9_11_01_19\source\ti\drivers\rcl\lib\ticlang\m0p\</path>
         <kind>archive</kind>
         <file>rcl_cc23x0r5.a</file>
         <name>RCL.c.obj</name>
      </input_file>
      <input_file id="fl-55">
         <path>C:\ti\simplelink_lowpower_f3_sdk_9_11_01_19\source\ti\drivers\rcl\lib\ticlang\m0p\</path>
         <kind>archive</kind>
         <file>rcl_cc23x0r5.a</file>
         <name>ieee.c.obj</name>
      </input_file>
      <input_file id="fl-56">
         <path>C:\ti\simplelink_lowpower_f3_sdk_9_11_01_19\source\ti\drivers\rcl\lib\ticlang\m0p\</path>
         <kind>archive</kind>
         <file>rcl_cc23x0r5.a</file>
         <name>hal_cc23x0.c.obj</name>
      </input_file>
      <input_file id="fl-57">
         <path>C:\ti\simplelink_lowpower_f3_sdk_9_11_01_19\source\ti\drivers\rcl\lib\ticlang\m0p\</path>
         <kind>archive</kind>
         <file>rcl_cc23x0r5.a</file>
         <name>LRFCC23X0.c.obj</name>
      </input_file>
      <input_file id="fl-58">
         <path>C:\ti\simplelink_lowpower_f3_sdk_9_11_01_19\source\ti\drivers\rcl\lib\ticlang\m0p\</path>
         <kind>archive</kind>
         <file>rcl_cc23x0r5.a</file>
         <name>RCL_Feature.c.obj</name>
      </input_file>
      <input_file id="fl-59">
         <path>C:\ti\simplelink_lowpower_f3_sdk_9_11_01_19\source\ti\drivers\rcl\lib\ticlang\m0p\</path>
         <kind>archive</kind>
         <file>rcl_cc23x0r5.a</file>
         <name>LRF.c.obj</name>
      </input_file>
      <input_file id="fl-5a">
         <path>C:\ti\simplelink_lowpower_f3_sdk_9_11_01_19\source\ti\drivers\rcl\lib\ticlang\m0p\</path>
         <kind>archive</kind>
         <file>rcl_cc23x0r5.a</file>
         <name>RCL_Gpio.c.obj</name>
      </input_file>
      <input_file id="fl-e1">
         <path>C:\ti\ccs2020\ccs\tools\compiler\ti-cgt-armllvm_4.0.3.LTS\lib\armv6m-ti-none-eabi\c\</path>
         <kind>archive</kind>
         <file>libc.a</file>
         <name>aeabi_ctype.S.obj</name>
      </input_file>
      <input_file id="fl-1a1">
         <path>C:\ti\ccs2020\ccs\tools\compiler\ti-cgt-armllvm_4.0.3.LTS\lib\armv6m-ti-none-eabi\</path>
         <kind>archive</kind>
         <file>libclang_rt.builtins.a</file>
         <name>adddf3.S.obj</name>
      </input_file>
      <input_file id="fl-1a2">
         <path>C:\ti\ccs2020\ccs\tools\compiler\ti-cgt-armllvm_4.0.3.LTS\lib\armv6m-ti-none-eabi\</path>
         <kind>archive</kind>
         <file>libclang_rt.builtins.a</file>
         <name>muldf3.S.obj</name>
      </input_file>
      <input_file id="fl-1a3">
         <path>C:\ti\ccs2020\ccs\tools\compiler\ti-cgt-armllvm_4.0.3.LTS\lib\armv6m-ti-none-eabi\</path>
         <kind>archive</kind>
         <file>libclang_rt.builtins.a</file>
         <name>muldsi3.S.obj</name>
      </input_file>
      <input_file id="fl-1a4">
         <path>C:\ti\ccs2020\ccs\tools\compiler\ti-cgt-armllvm_4.0.3.LTS\lib\armv6m-ti-none-eabi\</path>
         <kind>archive</kind>
         <file>libclang_rt.builtins.a</file>
         <name>ashrdi3.S.obj</name>
      </input_file>
      <input_file id="fl-1a5">
         <path>C:\ti\ccs2020\ccs\tools\compiler\ti-cgt-armllvm_4.0.3.LTS\lib\armv6m-ti-none-eabi\</path>
         <kind>archive</kind>
         <file>libclang_rt.builtins.a</file>
         <name>divdf3.S.obj</name>
      </input_file>
      <input_file id="fl-1a6">
         <path>C:\ti\ccs2020\ccs\tools\compiler\ti-cgt-armllvm_4.0.3.LTS\lib\armv6m-ti-none-eabi\</path>
         <kind>archive</kind>
         <file>libclang_rt.builtins.a</file>
         <name>fixdfsi.S.obj</name>
      </input_file>
      <input_file id="fl-1a7">
         <path>C:\ti\ccs2020\ccs\tools\compiler\ti-cgt-armllvm_4.0.3.LTS\lib\armv6m-ti-none-eabi\</path>
         <kind>archive</kind>
         <file>libclang_rt.builtins.a</file>
         <name>fixunsdfsi.S.obj</name>
      </input_file>
      <input_file id="fl-1a8">
         <path>C:\ti\ccs2020\ccs\tools\compiler\ti-cgt-armllvm_4.0.3.LTS\lib\armv6m-ti-none-eabi\</path>
         <kind>archive</kind>
         <file>libclang_rt.builtins.a</file>
         <name>floatsidf.S.obj</name>
      </input_file>
      <input_file id="fl-1a9">
         <path>C:\ti\ccs2020\ccs\tools\compiler\ti-cgt-armllvm_4.0.3.LTS\lib\armv6m-ti-none-eabi\</path>
         <kind>archive</kind>
         <file>libclang_rt.builtins.a</file>
         <name>muldi3.S.obj</name>
      </input_file>
      <input_file id="fl-1aa">
         <path>C:\ti\ccs2020\ccs\tools\compiler\ti-cgt-armllvm_4.0.3.LTS\lib\armv6m-ti-none-eabi\</path>
         <kind>archive</kind>
         <file>libclang_rt.builtins.a</file>
         <name>clzsi2.c.obj</name>
      </input_file>
      <input_file id="fl-1ab">
         <path>C:\ti\ccs2020\ccs\tools\compiler\ti-cgt-armllvm_4.0.3.LTS\lib\armv6m-ti-none-eabi\</path>
         <kind>archive</kind>
         <file>libclang_rt.builtins.a</file>
         <name>aeabi_dcmp.S.obj</name>
      </input_file>
      <input_file id="fl-1ac">
         <path>C:\ti\ccs2020\ccs\tools\compiler\ti-cgt-armllvm_4.0.3.LTS\lib\armv6m-ti-none-eabi\</path>
         <kind>archive</kind>
         <file>libclang_rt.builtins.a</file>
         <name>aeabi_idivmod.S.obj</name>
      </input_file>
      <input_file id="fl-1ad">
         <path>C:\ti\ccs2020\ccs\tools\compiler\ti-cgt-armllvm_4.0.3.LTS\lib\armv6m-ti-none-eabi\</path>
         <kind>archive</kind>
         <file>libclang_rt.builtins.a</file>
         <name>aeabi_ldivmod.S.obj</name>
      </input_file>
      <input_file id="fl-1ae">
         <path>C:\ti\ccs2020\ccs\tools\compiler\ti-cgt-armllvm_4.0.3.LTS\lib\armv6m-ti-none-eabi\</path>
         <kind>archive</kind>
         <file>libclang_rt.builtins.a</file>
         <name>aeabi_memcpy.S.obj</name>
      </input_file>
      <input_file id="fl-1af">
         <path>C:\ti\ccs2020\ccs\tools\compiler\ti-cgt-armllvm_4.0.3.LTS\lib\armv6m-ti-none-eabi\</path>
         <kind>archive</kind>
         <file>libclang_rt.builtins.a</file>
         <name>aeabi_memset.S.obj</name>
      </input_file>
      <input_file id="fl-1b0">
         <path>C:\ti\ccs2020\ccs\tools\compiler\ti-cgt-armllvm_4.0.3.LTS\lib\armv6m-ti-none-eabi\</path>
         <kind>archive</kind>
         <file>libclang_rt.builtins.a</file>
         <name>aeabi_uidivmod.S.obj</name>
      </input_file>
      <input_file id="fl-1b1">
         <path>C:\ti\ccs2020\ccs\tools\compiler\ti-cgt-armllvm_4.0.3.LTS\lib\armv6m-ti-none-eabi\</path>
         <kind>archive</kind>
         <file>libclang_rt.builtins.a</file>
         <name>aeabi_uldivmod.S.obj</name>
      </input_file>
      <input_file id="fl-1b2">
         <path>C:\ti\ccs2020\ccs\tools\compiler\ti-cgt-armllvm_4.0.3.LTS\lib\armv6m-ti-none-eabi\</path>
         <kind>archive</kind>
         <file>libclang_rt.builtins.a</file>
         <name>udivmoddi4.S.obj</name>
      </input_file>
      <input_file id="fl-1b3">
         <path>C:\ti\ccs2020\ccs\tools\compiler\ti-cgt-armllvm_4.0.3.LTS\lib\armv6m-ti-none-eabi\</path>
         <kind>archive</kind>
         <file>libclang_rt.builtins.a</file>
         <name>ashldi3.S.obj</name>
      </input_file>
      <input_file id="fl-1b4">
         <path>C:\ti\ccs2020\ccs\tools\compiler\ti-cgt-armllvm_4.0.3.LTS\lib\armv6m-ti-none-eabi\</path>
         <kind>archive</kind>
         <file>libclang_rt.builtins.a</file>
         <name>comparedf2.c.obj</name>
      </input_file>
      <input_file id="fl-1b5">
         <path>C:\ti\ccs2020\ccs\tools\compiler\ti-cgt-armllvm_4.0.3.LTS\lib\armv6m-ti-none-eabi\</path>
         <kind>archive</kind>
         <file>libclang_rt.builtins.a</file>
         <name>divmoddi4.c.obj</name>
      </input_file>
      <input_file id="fl-1b6">
         <path>C:\ti\ccs2020\ccs\tools\compiler\ti-cgt-armllvm_4.0.3.LTS\lib\armv6m-ti-none-eabi\</path>
         <kind>archive</kind>
         <file>libclang_rt.builtins.a</file>
         <name>aeabi_div0.c.obj</name>
      </input_file>
      <input_file id="fl-1b9">
         <path>C:\ti\ccs2020\ccs\tools\compiler\ti-cgt-armllvm_4.0.3.LTS\lib\armv6m-ti-none-eabi\c\</path>
         <kind>archive</kind>
         <file>libc.a</file>
         <name>memcpy16.S.obj</name>
      </input_file>
      <input_file id="fl-1ba">
         <path>C:\ti\ccs2020\ccs\tools\compiler\ti-cgt-armllvm_4.0.3.LTS\lib\armv6m-ti-none-eabi\c\</path>
         <kind>archive</kind>
         <file>libc.a</file>
         <name>memset16.S.obj</name>
      </input_file>
      <input_file id="fl-1bb">
         <path>C:\ti\ccs2020\ccs\tools\compiler\ti-cgt-armllvm_4.0.3.LTS\lib\armv6m-ti-none-eabi\c\</path>
         <kind>archive</kind>
         <file>libc.a</file>
         <name>strcmp-armv6m.S.obj</name>
      </input_file>
      <input_file id="fl-1de">
         <path>C:\ti\simplelink_lowpower_f3_sdk_9_11_01_19\source\third_party\ecc\lib\ticlang\m0p\</path>
         <kind>archive</kind>
         <file>ecc.a</file>
         <name>lowlevelapi_m0_gnu.s.obj</name>
      </input_file>
      <input_file id="fl-1e1">
         <path>C:\ti\simplelink_lowpower_f3_sdk_9_11_01_19\source\ti\devices\cc23x0r5\driverlib\lib\ticlang\</path>
         <kind>archive</kind>
         <file>driverlib.a</file>
         <name>aes_ticlang.s.obj</name>
      </input_file>
   </input_file_list>
   <object_component_list>
      <object_component id="oc-58a">
         <name>.resetVecs</name>
         <load_address>0x0</load_address>
         <readonly>true</readonly>
         <run_address>0x0</run_address>
         <size>0x8c</size>
         <alignment>0x4</alignment>
         <input_file_ref idref="fl-30"/>
      </object_component>
      <object_component id="oc-60e">
         <name>.text.RCL_Handler_Ieee_RxTx</name>
         <load_address>0x90</load_address>
         <readonly>true</readonly>
         <executable>true</executable>
         <run_address>0x90</run_address>
         <size>0x10fc</size>
         <alignment>0x4</alignment>
         <input_file_ref idref="fl-55"/>
      </object_component>
      <object_component id="oc-5d7">
         <name>.text.zb_ti_f3_main</name>
         <load_address>0x118c</load_address>
         <readonly>true</readonly>
         <executable>true</executable>
         <run_address>0x118c</run_address>
         <size>0xd00</size>
         <alignment>0x4</alignment>
         <input_file_ref idref="fl-1"/>
      </object_component>
      <object_component id="oc-6ea">
         <name>.text.zb_osif_aes128</name>
         <load_address>0x1e8c</load_address>
         <readonly>true</readonly>
         <executable>true</executable>
         <run_address>0x1e8c</run_address>
         <size>0x2f8</size>
         <alignment>0x4</alignment>
         <input_file_ref idref="fl-4e"/>
      </object_component>
      <object_component id="oc-7a6">
         <name>.text.LRF_temperatureCompensateTrim</name>
         <load_address>0x2184</load_address>
         <readonly>true</readonly>
         <executable>true</executable>
         <run_address>0x2184</run_address>
         <size>0x2f4</size>
         <alignment>0x4</alignment>
         <input_file_ref idref="fl-57"/>
      </object_component>
      <object_component id="oc-7a4">
         <name>.text.LRF_applySettings</name>
         <load_address>0x2478</load_address>
         <readonly>true</readonly>
         <executable>true</executable>
         <run_address>0x2478</run_address>
         <size>0x2c8</size>
         <alignment>0x4</alignment>
         <input_file_ref idref="fl-59"/>
      </object_component>
      <object_component id="oc-6a2">
         <name>.text.LRF_programFrequency</name>
         <load_address>0x2740</load_address>
         <readonly>true</readonly>
         <executable>true</executable>
         <run_address>0x2740</run_address>
         <size>0x2a4</size>
         <alignment>0x4</alignment>
         <input_file_ref idref="fl-57"/>
      </object_component>
      <object_component id="oc-6a9">
         <name>.text.RCL_Handler_Ieee_processRxAction</name>
         <load_address>0x29e4</load_address>
         <readonly>true</readonly>
         <executable>true</executable>
         <run_address>0x29e4</run_address>
         <size>0x23c</size>
         <alignment>0x4</alignment>
         <input_file_ref idref="fl-55"/>
      </object_component>
      <object_component id="oc-673">
         <name>.text.rclCommandHwi</name>
         <load_address>0x2c20</load_address>
         <readonly>true</readonly>
         <executable>true</executable>
         <run_address>0x2c20</run_address>
         <size>0x200</size>
         <alignment>0x4</alignment>
         <input_file_ref idref="fl-54"/>
      </object_component>
      <object_component id="oc-738">
         <name>.text.LRF_setupRadio</name>
         <load_address>0x2e20</load_address>
         <readonly>true</readonly>
         <executable>true</executable>
         <run_address>0x2e20</run_address>
         <size>0x1ec</size>
         <alignment>0x4</alignment>
         <input_file_ref idref="fl-57"/>
      </object_component>
      <object_component id="oc-663">
         <name>.text.fputs</name>
         <load_address>0x300c</load_address>
         <readonly>true</readonly>
         <executable>true</executable>
         <run_address>0x300c</run_address>
         <size>0x1d4</size>
         <alignment>0x4</alignment>
         <input_file_ref idref="fl-1e2"/>
      </object_component>
      <object_component id="oc-607">
         <name>.text.gboss_cmd_attr_report</name>
         <load_address>0x31e0</load_address>
         <readonly>true</readonly>
         <executable>true</executable>
         <run_address>0x31e0</run_address>
         <size>0x1a0</size>
         <alignment>0x4</alignment>
         <input_file_ref idref="fl-1e2"/>
      </object_component>
      <object_component id="oc-620">
         <name>.text.zgpd_get_seq_number</name>
         <load_address>0x3380</load_address>
         <readonly>true</readonly>
         <executable>true</executable>
         <run_address>0x3380</run_address>
         <size>0x194</size>
         <alignment>0x4</alignment>
         <input_file_ref idref="fl-38"/>
      </object_component>
      <object_component id="oc-5d6">
         <name>.text.Board_init</name>
         <load_address>0x3514</load_address>
         <readonly>true</readonly>
         <executable>true</executable>
         <run_address>0x3514</run_address>
         <size>0x178</size>
         <alignment>0x4</alignment>
         <input_file_ref idref="fl-4"/>
      </object_component>
      <object_component id="oc-621">
         <name>.text.zgpd_pkt_send_bidir</name>
         <load_address>0x368c</load_address>
         <readonly>true</readonly>
         <executable>true</executable>
         <run_address>0x368c</run_address>
         <size>0x148</size>
         <alignment>0x4</alignment>
         <input_file_ref idref="fl-1e2"/>
      </object_component>
      <object_component id="oc-7f9">
         <name>.text.NVSLPF3_write</name>
         <load_address>0x37d4</load_address>
         <readonly>true</readonly>
         <executable>true</executable>
         <run_address>0x37d4</run_address>
         <size>0x144</size>
         <alignment>0x4</alignment>
         <input_file_ref idref="fl-71"/>
      </object_component>
      <object_component id="oc-73c">
         <name>.text.rclStop</name>
         <load_address>0x3918</load_address>
         <readonly>true</readonly>
         <executable>true</executable>
         <run_address>0x3918</run_address>
         <size>0x140</size>
         <alignment>0x4</alignment>
         <input_file_ref idref="fl-54"/>
      </object_component>
      <object_component id="oc-75e">
         <name>.text.rclSchedulerProcessCmdStartStopTime</name>
         <load_address>0x3a58</load_address>
         <readonly>true</readonly>
         <executable>true</executable>
         <run_address>0x3a58</run_address>
         <size>0x138</size>
         <alignment>0x4</alignment>
         <input_file_ref idref="fl-53"/>
      </object_component>
      <object_component id="oc-667">
         <name>.text.malloc</name>
         <load_address>0x3b90</load_address>
         <readonly>true</readonly>
         <executable>true</executable>
         <run_address>0x3b90</run_address>
         <size>0x12c</size>
         <alignment>0x4</alignment>
         <input_file_ref idref="fl-b1"/>
      </object_component>
      <object_component id="oc-799">
         <name>.text.__TI_closefile</name>
         <load_address>0x3cbc</load_address>
         <readonly>true</readonly>
         <executable>true</executable>
         <run_address>0x3cbc</run_address>
         <size>0x114</size>
         <alignment>0x4</alignment>
         <input_file_ref idref="fl-1e2"/>
      </object_component>
      <object_component id="oc-626">
         <name>.text.zgpd_ccm_trans_stage1</name>
         <load_address>0x3dd0</load_address>
         <readonly>true</readonly>
         <executable>true</executable>
         <run_address>0x3dd0</run_address>
         <size>0x110</size>
         <alignment>0x4</alignment>
         <input_file_ref idref="fl-48"/>
      </object_component>
      <object_component id="oc-672">
         <name>.text.rclSchedulerHwi</name>
         <load_address>0x3ee0</load_address>
         <readonly>true</readonly>
         <executable>true</executable>
         <run_address>0x3ee0</run_address>
         <size>0x100</size>
         <alignment>0x4</alignment>
         <input_file_ref idref="fl-54"/>
      </object_component>
      <object_component id="oc-6cb">
         <name>.text.sendTx</name>
         <load_address>0x3fe0</load_address>
         <readonly>true</readonly>
         <executable>true</executable>
         <run_address>0x3fe0</run_address>
         <size>0xf8</size>
         <alignment>0x4</alignment>
         <input_file_ref idref="fl-1e2"/>
      </object_component>
      <object_component id="oc-627">
         <name>.text.zgpd_ccm_trans_stage2</name>
         <load_address>0x40d8</load_address>
         <readonly>true</readonly>
         <executable>true</executable>
         <run_address>0x40d8</run_address>
         <size>0xe8</size>
         <alignment>0x4</alignment>
         <input_file_ref idref="fl-48"/>
      </object_component>
      <object_component id="oc-7d1">
         <name>.text.free</name>
         <load_address>0x41c0</load_address>
         <readonly>true</readonly>
         <executable>true</executable>
         <run_address>0x41c0</run_address>
         <size>0xd8</size>
         <alignment>0x4</alignment>
         <input_file_ref idref="fl-b1"/>
      </object_component>
      <object_component id="oc-671">
         <name>.text.rclDispatchHwi</name>
         <load_address>0x4298</load_address>
         <readonly>true</readonly>
         <executable>true</executable>
         <run_address>0x4298</run_address>
         <size>0xd8</size>
         <alignment>0x4</alignment>
         <input_file_ref idref="fl-54"/>
      </object_component>
      <object_component id="oc-5e1">
         <name>.text.Power_init</name>
         <load_address>0x4370</load_address>
         <readonly>true</readonly>
         <executable>true</executable>
         <run_address>0x4370</run_address>
         <size>0xd4</size>
         <alignment>0x4</alignment>
         <input_file_ref idref="fl-73"/>
      </object_component>
      <object_component id="oc-646">
         <name>.text.PowerCC23X0_oscillatorISR</name>
         <load_address>0x4444</load_address>
         <readonly>true</readonly>
         <executable>true</executable>
         <run_address>0x4444</run_address>
         <size>0xd0</size>
         <alignment>0x4</alignment>
         <input_file_ref idref="fl-1e2"/>
      </object_component>
      <object_component id="oc-645">
         <name>.text.PowerCC23X0_standbyPolicy</name>
         <load_address>0x4514</load_address>
         <readonly>true</readonly>
         <executable>true</executable>
         <run_address>0x4514</run_address>
         <size>0xcc</size>
         <alignment>0x4</alignment>
         <input_file_ref idref="fl-2e"/>
      </object_component>
      <object_component id="oc-622">
         <name>.text.mac_ti23xx_trans_set_rx_on_off</name>
         <load_address>0x45e0</load_address>
         <readonly>true</readonly>
         <executable>true</executable>
         <run_address>0x45e0</run_address>
         <size>0xc0</size>
         <alignment>0x4</alignment>
         <input_file_ref idref="fl-3e"/>
      </object_component>
      <object_component id="oc-72f">
         <name>.text.RCL_scheduleHook</name>
         <load_address>0x46a0</load_address>
         <readonly>true</readonly>
         <executable>true</executable>
         <run_address>0x46a0</run_address>
         <size>0xb8</size>
         <alignment>0x4</alignment>
         <input_file_ref idref="fl-54"/>
      </object_component>
      <object_component id="oc-63a">
         <name>.text.SemaphoreP_pend</name>
         <load_address>0x4758</load_address>
         <readonly>true</readonly>
         <executable>true</executable>
         <run_address>0x4758</run_address>
         <size>0xb0</size>
         <alignment>0x4</alignment>
         <input_file_ref idref="fl-28"/>
      </object_component>
      <object_component id="oc-636">
         <name>.text.zgpd_bidir_save_comm_state</name>
         <load_address>0x4808</load_address>
         <readonly>true</readonly>
         <executable>true</executable>
         <run_address>0x4808</run_address>
         <size>0xa8</size>
         <alignment>0x4</alignment>
         <input_file_ref idref="fl-44"/>
      </object_component>
      <object_component id="oc-64e">
         <name>.text.PowerCC23X0_lfxtQual</name>
         <load_address>0x48b0</load_address>
         <readonly>true</readonly>
         <executable>true</executable>
         <run_address>0x48b0</run_address>
         <size>0xa4</size>
         <alignment>0x4</alignment>
         <input_file_ref idref="fl-1e2"/>
      </object_component>
      <object_component id="oc-703">
         <name>.text.PowerLPF3_sleep</name>
         <load_address>0x4954</load_address>
         <readonly>true</readonly>
         <executable>true</executable>
         <run_address>0x4954</run_address>
         <size>0xa0</size>
         <alignment>0x4</alignment>
         <input_file_ref idref="fl-73"/>
      </object_component>
      <object_component id="oc-7e2">
         <name>.text.rclSchedulerCancelStopTime</name>
         <load_address>0x49f4</load_address>
         <readonly>true</readonly>
         <executable>true</executable>
         <run_address>0x49f4</run_address>
         <size>0xa0</size>
         <alignment>0x4</alignment>
         <input_file_ref idref="fl-53"/>
      </object_component>
      <object_component id="oc-637">
         <name>.text.ClockP_startup</name>
         <load_address>0x4a94</load_address>
         <readonly>true</readonly>
         <executable>true</executable>
         <run_address>0x4a94</run_address>
         <size>0x9c</size>
         <alignment>0x4</alignment>
         <input_file_ref idref="fl-2a"/>
      </object_component>
      <object_component id="oc-74f">
         <name>.text.LRF_TxPowerTable_findValue</name>
         <load_address>0x4b30</load_address>
         <readonly>true</readonly>
         <executable>true</executable>
         <run_address>0x4b30</run_address>
         <size>0x9c</size>
         <alignment>0x4</alignment>
         <input_file_ref idref="fl-59"/>
      </object_component>
      <object_component id="oc-7fb">
         <name>.text.doErase</name>
         <load_address>0x4bcc</load_address>
         <readonly>true</readonly>
         <executable>true</executable>
         <run_address>0x4bcc</run_address>
         <size>0x9c</size>
         <alignment>0x4</alignment>
         <input_file_ref idref="fl-1e2"/>
      </object_component>
      <object_component id="oc-654">
         <name>.text.IntSetPriority</name>
         <load_address>0x4c68</load_address>
         <readonly>true</readonly>
         <executable>true</executable>
         <run_address>0x4c68</run_address>
         <size>0x94</size>
         <alignment>0x4</alignment>
         <input_file_ref idref="fl-85"/>
      </object_component>
      <object_component id="oc-73b">
         <name>.text.RCL_Scheduler_setStopTimes</name>
         <load_address>0x4cfc</load_address>
         <readonly>true</readonly>
         <executable>true</executable>
         <run_address>0x4cfc</run_address>
         <size>0x94</size>
         <alignment>0x4</alignment>
         <input_file_ref idref="fl-53"/>
      </object_component>
      <object_component id="oc-786">
         <name>.text</name>
         <load_address>0x4d90</load_address>
         <readonly>true</readonly>
         <executable>true</executable>
         <run_address>0x4d90</run_address>
         <size>0x92</size>
         <alignment>0x10</alignment>
         <input_file_ref idref="fl-1e1"/>
      </object_component>
      <object_component id="oc-7ad">
         <name>.text.RCL_GPIO_disable</name>
         <load_address>0x4e22</load_address>
         <readonly>true</readonly>
         <executable>true</executable>
         <run_address>0x4e22</run_address>
         <size>0x2</size>
         <alignment>0x2</alignment>
         <input_file_ref idref="fl-5a"/>
      </object_component>
      <object_component id="oc-62e">
         <name>.text.RCL_MultiBuffer_RxEntry_get</name>
         <load_address>0x4e24</load_address>
         <readonly>true</readonly>
         <executable>true</executable>
         <run_address>0x4e24</run_address>
         <size>0x90</size>
         <alignment>0x4</alignment>
         <input_file_ref idref="fl-52"/>
      </object_component>
      <object_component id="oc-6f6">
         <name>.text.ClockP_hwiCallback</name>
         <load_address>0x4eb4</load_address>
         <readonly>true</readonly>
         <executable>true</executable>
         <run_address>0x4eb4</run_address>
         <size>0x8c</size>
         <alignment>0x4</alignment>
         <input_file_ref idref="fl-1e2"/>
      </object_component>
      <object_component id="oc-7d2">
         <name>.text:strcmp</name>
         <load_address>0x4f40</load_address>
         <readonly>true</readonly>
         <executable>true</executable>
         <run_address>0x4f40</run_address>
         <size>0x88</size>
         <alignment>0x10</alignment>
         <input_file_ref idref="fl-1bb"/>
      </object_component>
      <object_component id="oc-7df">
         <name>.text.rclSchedulerSetNewStopTime</name>
         <load_address>0x4fc8</load_address>
         <readonly>true</readonly>
         <executable>true</executable>
         <run_address>0x4fc8</run_address>
         <size>0x84</size>
         <alignment>0x4</alignment>
         <input_file_ref idref="fl-53"/>
      </object_component>
      <object_component id="oc-6a7">
         <name>.text.RCL_Handler_Ieee_setCustomEventTime</name>
         <load_address>0x504c</load_address>
         <readonly>true</readonly>
         <executable>true</executable>
         <run_address>0x504c</run_address>
         <size>0x80</size>
         <alignment>0x4</alignment>
         <input_file_ref idref="fl-55"/>
      </object_component>
      <object_component id="oc-614">
         <name>.text.rfCallback</name>
         <load_address>0x50cc</load_address>
         <readonly>true</readonly>
         <executable>true</executable>
         <run_address>0x50cc</run_address>
         <size>0x80</size>
         <alignment>0x4</alignment>
         <input_file_ref idref="fl-3e"/>
      </object_component>
      <object_component id="oc-775">
         <name>.text.RCL_IEEE_Tx_submit</name>
         <load_address>0x514c</load_address>
         <readonly>true</readonly>
         <executable>true</executable>
         <run_address>0x514c</run_address>
         <size>0x7c</size>
         <alignment>0x4</alignment>
         <input_file_ref idref="fl-55"/>
      </object_component>
      <object_component id="oc-79b">
         <name>.text.temperatureEventCb</name>
         <load_address>0x51c8</load_address>
         <readonly>true</readonly>
         <executable>true</executable>
         <run_address>0x51c8</run_address>
         <size>0x7c</size>
         <alignment>0x4</alignment>
         <input_file_ref idref="fl-1e2"/>
      </object_component>
      <object_component id="oc-58c">
         <name>.text:decompress:lzss</name>
         <load_address>0x5244</load_address>
         <readonly>true</readonly>
         <executable>true</executable>
         <run_address>0x5244</run_address>
         <size>0x7c</size>
         <alignment>0x4</alignment>
         <input_file_ref idref="fl-c1"/>
      </object_component>
      <object_component id="oc-644">
         <name>.text.ClockP_start</name>
         <load_address>0x52c0</load_address>
         <readonly>true</readonly>
         <executable>true</executable>
         <run_address>0x52c0</run_address>
         <size>0x78</size>
         <alignment>0x4</alignment>
         <input_file_ref idref="fl-2a"/>
      </object_component>
      <object_component id="oc-5e4">
         <name>.text.HwiP_construct</name>
         <load_address>0x5338</load_address>
         <readonly>true</readonly>
         <executable>true</executable>
         <run_address>0x5338</run_address>
         <size>0x78</size>
         <alignment>0x4</alignment>
         <input_file_ref idref="fl-2c"/>
      </object_component>
      <object_component id="oc-6b9">
         <name>.text.RCL_Scheduler_findStopStatus</name>
         <load_address>0x53b0</load_address>
         <readonly>true</readonly>
         <executable>true</executable>
         <run_address>0x53b0</run_address>
         <size>0x78</size>
         <alignment>0x4</alignment>
         <input_file_ref idref="fl-53"/>
      </object_component>
      <object_component id="oc-668">
         <name>.text.hal_init_fsm</name>
         <load_address>0x5428</load_address>
         <readonly>true</readonly>
         <executable>true</executable>
         <run_address>0x5428</run_address>
         <size>0x78</size>
         <alignment>0x4</alignment>
         <input_file_ref idref="fl-56"/>
      </object_component>
      <object_component id="oc-7b5">
         <name>.text.rclSchedulerFindEarliestStopTime</name>
         <load_address>0x54a0</load_address>
         <readonly>true</readonly>
         <executable>true</executable>
         <run_address>0x54a0</run_address>
         <size>0x78</size>
         <alignment>0x4</alignment>
         <input_file_ref idref="fl-53"/>
      </object_component>
      <object_component id="oc-6ed">
         <name>.text.ClockP_stop</name>
         <load_address>0x5518</load_address>
         <readonly>true</readonly>
         <executable>true</executable>
         <run_address>0x5518</run_address>
         <size>0x74</size>
         <alignment>0x4</alignment>
         <input_file_ref idref="fl-2a"/>
      </object_component>
      <object_component id="oc-779">
         <name>.text.NVSLPF3_open</name>
         <load_address>0x558c</load_address>
         <readonly>true</readonly>
         <executable>true</executable>
         <run_address>0x558c</run_address>
         <size>0x70</size>
         <alignment>0x4</alignment>
         <input_file_ref idref="fl-71"/>
      </object_component>
      <object_component id="oc-643">
         <name>.text.PowerCC23X0_startHFXT</name>
         <load_address>0x55fc</load_address>
         <readonly>true</readonly>
         <executable>true</executable>
         <run_address>0x55fc</run_address>
         <size>0x70</size>
         <alignment>0x4</alignment>
         <input_file_ref idref="fl-1e2"/>
      </object_component>
      <object_component id="oc-797">
         <name>.text.Power_sleep</name>
         <load_address>0x566c</load_address>
         <readonly>true</readonly>
         <executable>true</executable>
         <run_address>0x566c</run_address>
         <size>0x70</size>
         <alignment>0x4</alignment>
         <input_file_ref idref="fl-73"/>
      </object_component>
      <object_component id="oc-632">
         <name>.text.zb_security_encode</name>
         <load_address>0x56dc</load_address>
         <readonly>true</readonly>
         <executable>true</executable>
         <run_address>0x56dc</run_address>
         <size>0x70</size>
         <alignment>0x4</alignment>
         <input_file_ref idref="fl-48"/>
      </object_component>
      <object_component id="oc-794">
         <name>.text.AESECBLPF3_hwiFxn</name>
         <load_address>0x574c</load_address>
         <readonly>true</readonly>
         <executable>true</executable>
         <run_address>0x574c</run_address>
         <size>0x6c</size>
         <alignment>0x4</alignment>
         <input_file_ref idref="fl-1e2"/>
      </object_component>
      <object_component id="oc-79a">
         <name>.text.BatMonSupportLPF3_init</name>
         <load_address>0x57b8</load_address>
         <readonly>true</readonly>
         <executable>true</executable>
         <run_address>0x57b8</run_address>
         <size>0x68</size>
         <alignment>0x4</alignment>
         <input_file_ref idref="fl-67"/>
      </object_component>
      <object_component id="oc-7a5">
         <name>.text.LRF_setTrimCommon</name>
         <load_address>0x5820</load_address>
         <readonly>true</readonly>
         <executable>true</executable>
         <run_address>0x5820</run_address>
         <size>0x68</size>
         <alignment>0x4</alignment>
         <input_file_ref idref="fl-57"/>
      </object_component>
      <object_component id="oc-76f">
         <name>.text.RCL_Handler_Ieee_updateStats</name>
         <load_address>0x5888</load_address>
         <readonly>true</readonly>
         <executable>true</executable>
         <run_address>0x5888</run_address>
         <size>0x68</size>
         <alignment>0x4</alignment>
         <input_file_ref idref="fl-55"/>
      </object_component>
      <object_component id="oc-61f">
         <name>.text.zgpd_channel_req_send_next</name>
         <load_address>0x58f0</load_address>
         <readonly>true</readonly>
         <executable>true</executable>
         <run_address>0x58f0</run_address>
         <size>0x68</size>
         <alignment>0x4</alignment>
         <input_file_ref idref="fl-1e2"/>
      </object_component>
      <object_component id="oc-661">
         <name>.text.GPIO_setConfigAndMux</name>
         <load_address>0x5958</load_address>
         <readonly>true</readonly>
         <executable>true</executable>
         <run_address>0x5958</run_address>
         <size>0x64</size>
         <alignment>0x4</alignment>
         <input_file_ref idref="fl-1e2"/>
      </object_component>
      <object_component id="oc-795">
         <name>.text.ClockP_walkQueueDynamic</name>
         <load_address>0x59bc</load_address>
         <readonly>true</readonly>
         <executable>true</executable>
         <run_address>0x59bc</run_address>
         <size>0x5c</size>
         <alignment>0x4</alignment>
         <input_file_ref idref="fl-2a"/>
      </object_component>
      <object_component id="oc-78c">
         <name>.text.AESCommonLPF3_cleanup</name>
         <load_address>0x5a18</load_address>
         <readonly>true</readonly>
         <executable>true</executable>
         <run_address>0x5a18</run_address>
         <size>0x58</size>
         <alignment>0x4</alignment>
         <input_file_ref idref="fl-1c0"/>
      </object_component>
      <object_component id="oc-767">
         <name>.text.LRF_setRxFifoEffSz</name>
         <load_address>0x5a70</load_address>
         <readonly>true</readonly>
         <executable>true</executable>
         <run_address>0x5a70</run_address>
         <size>0x58</size>
         <alignment>0x4</alignment>
         <input_file_ref idref="fl-57"/>
      </object_component>
      <object_component id="oc-638">
         <name>.text.SemaphoreP_construct</name>
         <load_address>0x5ac8</load_address>
         <readonly>true</readonly>
         <executable>true</executable>
         <run_address>0x5ac8</run_address>
         <size>0x58</size>
         <alignment>0x4</alignment>
         <input_file_ref idref="fl-28"/>
      </object_component>
      <object_component id="oc-65d">
         <name>.text.__clzsi2</name>
         <load_address>0x5b20</load_address>
         <readonly>true</readonly>
         <executable>true</executable>
         <run_address>0x5b20</run_address>
         <size>0x58</size>
         <alignment>0x2</alignment>
         <input_file_ref idref="fl-1aa"/>
      </object_component>
      <object_component id="oc-634">
         <name>.text.construct_aes_nonce</name>
         <load_address>0x5b78</load_address>
         <readonly>true</readonly>
         <executable>true</executable>
         <run_address>0x5b78</run_address>
         <size>0x58</size>
         <alignment>0x2</alignment>
         <input_file_ref idref="fl-1e2"/>
      </object_component>
      <object_component id="oc-6f2">
         <name>.text.zgpd_ccm_encrypt</name>
         <load_address>0x5bd0</load_address>
         <readonly>true</readonly>
         <executable>true</executable>
         <run_address>0x5bd0</run_address>
         <size>0x58</size>
         <alignment>0x4</alignment>
         <input_file_ref idref="fl-48"/>
      </object_component>
      <object_component id="oc-6be">
         <name>.text.LRF_readRxFifoWords</name>
         <load_address>0x5c28</load_address>
         <readonly>true</readonly>
         <executable>true</executable>
         <run_address>0x5c28</run_address>
         <size>0x54</size>
         <alignment>0x4</alignment>
         <input_file_ref idref="fl-57"/>
      </object_component>
      <object_component id="oc-64a">
         <name>.text.PowerCC23X0_hfxtAmpsettledTimeout</name>
         <load_address>0x5c7c</load_address>
         <readonly>true</readonly>
         <executable>true</executable>
         <run_address>0x5c7c</run_address>
         <size>0x54</size>
         <alignment>0x4</alignment>
         <input_file_ref idref="fl-1e2"/>
      </object_component>
      <object_component id="oc-659">
         <name>.text.Power_releaseDependency</name>
         <load_address>0x5cd0</load_address>
         <readonly>true</readonly>
         <executable>true</executable>
         <run_address>0x5cd0</run_address>
         <size>0x54</size>
         <alignment>0x4</alignment>
         <input_file_ref idref="fl-73"/>
      </object_component>
      <object_component id="oc-5e3">
         <name>.text.Power_setDependency</name>
         <load_address>0x5d24</load_address>
         <readonly>true</readonly>
         <executable>true</executable>
         <run_address>0x5d24</run_address>
         <size>0x54</size>
         <alignment>0x4</alignment>
         <input_file_ref idref="fl-73"/>
      </object_component>
      <object_component id="oc-6e7">
         <name>.text.RCL_Command_pend</name>
         <load_address>0x5d78</load_address>
         <readonly>true</readonly>
         <executable>true</executable>
         <run_address>0x5d78</run_address>
         <size>0x54</size>
         <alignment>0x4</alignment>
         <input_file_ref idref="fl-54"/>
      </object_component>
      <object_component id="oc-6ba">
         <name>.text.RCL_Handler_Ieee_findPbeErrorEndStatus</name>
         <load_address>0x5dcc</load_address>
         <readonly>true</readonly>
         <executable>true</executable>
         <run_address>0x5dcc</run_address>
         <size>0x54</size>
         <alignment>0x4</alignment>
         <input_file_ref idref="fl-55"/>
      </object_component>
      <object_component id="oc-6b3">
         <name>.text.RCL_Handler_Ieee_restoreStopTime</name>
         <load_address>0x5e20</load_address>
         <readonly>true</readonly>
         <executable>true</executable>
         <run_address>0x5e20</run_address>
         <size>0x54</size>
         <alignment>0x4</alignment>
         <input_file_ref idref="fl-55"/>
      </object_component>
      <object_component id="oc-5fe">
         <name>.text.RCL_IEEE_updateTxPower</name>
         <load_address>0x5e74</load_address>
         <readonly>true</readonly>
         <executable>true</executable>
         <run_address>0x5e74</run_address>
         <size>0x54</size>
         <alignment>0x4</alignment>
         <input_file_ref idref="fl-55"/>
      </object_component>
      <object_component id="oc-6a6">
         <name>.text.RCL_Scheduler_setStartStopTimeEarliestStart</name>
         <load_address>0x5ec8</load_address>
         <readonly>true</readonly>
         <executable>true</executable>
         <run_address>0x5ec8</run_address>
         <size>0x54</size>
         <alignment>0x4</alignment>
         <input_file_ref idref="fl-53"/>
      </object_component>
      <object_component id="oc-736">
         <name>.text.hal_check_clear_timer_compare</name>
         <load_address>0x5f1c</load_address>
         <readonly>true</readonly>
         <executable>true</executable>
         <run_address>0x5f1c</run_address>
         <size>0x54</size>
         <alignment>0x4</alignment>
         <input_file_ref idref="fl-56"/>
      </object_component>
      <object_component id="oc-748">
         <name>.text.rclPowerNotify</name>
         <load_address>0x5f70</load_address>
         <readonly>true</readonly>
         <executable>true</executable>
         <run_address>0x5f70</run_address>
         <size>0x54</size>
         <alignment>0x4</alignment>
         <input_file_ref idref="fl-54"/>
      </object_component>
      <object_component id="oc-714">
         <name>.text.__TI_doflush</name>
         <load_address>0x5fc4</load_address>
         <readonly>true</readonly>
         <executable>true</executable>
         <run_address>0x5fc4</run_address>
         <size>0x52</size>
         <alignment>0x2</alignment>
         <input_file_ref idref="fl-c3"/>
      </object_component>
      <object_component id="oc-688">
         <name>.text.RCL_GPIO_enable</name>
         <load_address>0x6016</load_address>
         <readonly>true</readonly>
         <executable>true</executable>
         <run_address>0x6016</run_address>
         <size>0x2</size>
         <alignment>0x2</alignment>
         <input_file_ref idref="fl-5a"/>
      </object_component>
      <object_component id="oc-7d0">
         <name>.text.HOSTrename</name>
         <load_address>0x6018</load_address>
         <readonly>true</readonly>
         <executable>true</executable>
         <run_address>0x6018</run_address>
         <size>0x50</size>
         <alignment>0x4</alignment>
         <input_file_ref idref="fl-199"/>
      </object_component>
      <object_component id="oc-6a5">
         <name>.text.RCL_Scheduler_setCustomStartStopTimeEarliestStart</name>
         <load_address>0x6068</load_address>
         <readonly>true</readonly>
         <executable>true</executable>
         <run_address>0x6068</run_address>
         <size>0x50</size>
         <alignment>0x4</alignment>
         <input_file_ref idref="fl-53"/>
      </object_component>
      <object_component id="oc-727">
         <name>.text.Temperature_init</name>
         <load_address>0x60b8</load_address>
         <readonly>true</readonly>
         <executable>true</executable>
         <run_address>0x60b8</run_address>
         <size>0x50</size>
         <alignment>0x4</alignment>
         <input_file_ref idref="fl-75"/>
      </object_component>
      <object_component id="oc-79c">
         <name>.text.HwiP_post</name>
         <load_address>0x6108</load_address>
         <readonly>true</readonly>
         <executable>true</executable>
         <run_address>0x6108</run_address>
         <size>0x4c</size>
         <alignment>0x4</alignment>
         <input_file_ref idref="fl-2c"/>
      </object_component>
      <object_component id="oc-70a">
         <name>.text.LRFDApplyClockDependencies</name>
         <load_address>0x6154</load_address>
         <readonly>true</readonly>
         <executable>true</executable>
         <run_address>0x6154</run_address>
         <size>0x4c</size>
         <alignment>0x4</alignment>
         <input_file_ref idref="fl-87"/>
      </object_component>
      <object_component id="oc-755">
         <name>.text.LRF_programTemperatureCompensatedTxPower</name>
         <load_address>0x61a0</load_address>
         <readonly>true</readonly>
         <executable>true</executable>
         <run_address>0x61a0</run_address>
         <size>0x4c</size>
         <alignment>0x4</alignment>
         <input_file_ref idref="fl-57"/>
      </object_component>
      <object_component id="oc-6c0">
         <name>.text.LRF_writeTxFifoWords</name>
         <load_address>0x61ec</load_address>
         <readonly>true</readonly>
         <executable>true</executable>
         <run_address>0x61ec</run_address>
         <size>0x4c</size>
         <alignment>0x4</alignment>
         <input_file_ref idref="fl-57"/>
      </object_component>
      <object_component id="oc-6bb">
         <name>.text.RCL_Handler_Ieee_setCoexPriority</name>
         <load_address>0x6238</load_address>
         <readonly>true</readonly>
         <executable>true</executable>
         <run_address>0x6238</run_address>
         <size>0x4c</size>
         <alignment>0x4</alignment>
         <input_file_ref idref="fl-55"/>
      </object_component>
      <object_component id="oc-5fc">
         <name>.text.RCL_open</name>
         <load_address>0x6284</load_address>
         <readonly>true</readonly>
         <executable>true</executable>
         <run_address>0x6284</run_address>
         <size>0x4c</size>
         <alignment>0x4</alignment>
         <input_file_ref idref="fl-54"/>
      </object_component>
      <object_component id="oc-5e5">
         <name>.text.UDMALPF3_init</name>
         <load_address>0x62d0</load_address>
         <readonly>true</readonly>
         <executable>true</executable>
         <run_address>0x62d0</run_address>
         <size>0x4c</size>
         <alignment>0x4</alignment>
         <input_file_ref idref="fl-69"/>
      </object_component>
      <object_component id="oc-78b">
         <name>.text.uDMASetChannelTransfer</name>
         <load_address>0x631c</load_address>
         <readonly>true</readonly>
         <executable>true</executable>
         <run_address>0x631c</run_address>
         <size>0x4c</size>
         <alignment>0x4</alignment>
         <input_file_ref idref="fl-1e2"/>
      </object_component>
      <object_component id="oc-7a2">
         <name>.text.LRF_loadImage</name>
         <load_address>0x6368</load_address>
         <readonly>true</readonly>
         <executable>true</executable>
         <run_address>0x6368</run_address>
         <size>0x4a</size>
         <alignment>0x2</alignment>
         <input_file_ref idref="fl-59"/>
      </object_component>
      <object_component id="oc-731">
         <name>.text.RCL_phyHook</name>
         <load_address>0x63b2</load_address>
         <readonly>true</readonly>
         <executable>true</executable>
         <run_address>0x63b2</run_address>
         <size>0x2</size>
         <alignment>0x2</alignment>
         <input_file_ref idref="fl-54"/>
      </object_component>
      <object_component id="oc-7ce">
         <name>.text.HOSTlseek</name>
         <load_address>0x63b4</load_address>
         <readonly>true</readonly>
         <executable>true</executable>
         <run_address>0x63b4</run_address>
         <size>0x48</size>
         <alignment>0x4</alignment>
         <input_file_ref idref="fl-193"/>
      </object_component>
      <object_component id="oc-770">
         <name>.text.LRF_setTemperatureTrim</name>
         <load_address>0x63fc</load_address>
         <readonly>true</readonly>
         <executable>true</executable>
         <run_address>0x63fc</run_address>
         <size>0x48</size>
         <alignment>0x4</alignment>
         <input_file_ref idref="fl-57"/>
      </object_component>
      <object_component id="oc-7c7">
         <name>.text.PowerLPF3_getHfxtAmpAdjustment</name>
         <load_address>0x6444</load_address>
         <readonly>true</readonly>
         <executable>true</executable>
         <run_address>0x6444</run_address>
         <size>0x48</size>
         <alignment>0x4</alignment>
         <input_file_ref idref="fl-73"/>
      </object_component>
      <object_component id="oc-678">
         <name>.text.RCL_Scheduler_postEvent</name>
         <load_address>0x648c</load_address>
         <readonly>true</readonly>
         <executable>true</executable>
         <run_address>0x648c</run_address>
         <size>0x48</size>
         <alignment>0x4</alignment>
         <input_file_ref idref="fl-53"/>
      </object_component>
      <object_component id="oc-698">
         <name>.text.SemaphoreP_post</name>
         <load_address>0x64d4</load_address>
         <readonly>true</readonly>
         <executable>true</executable>
         <run_address>0x64d4</run_address>
         <size>0x48</size>
         <alignment>0x4</alignment>
         <input_file_ref idref="fl-28"/>
      </object_component>
      <object_component id="oc-7f1">
         <name>.text.degreesToCode</name>
         <load_address>0x651c</load_address>
         <readonly>true</readonly>
         <executable>true</executable>
         <run_address>0x651c</run_address>
         <size>0x48</size>
         <alignment>0x4</alignment>
         <input_file_ref idref="fl-1e2"/>
      </object_component>
      <object_component id="oc-7dd">
         <name>.text.setNextThresholds</name>
         <load_address>0x6564</load_address>
         <readonly>true</readonly>
         <executable>true</executable>
         <run_address>0x6564</run_address>
         <size>0x48</size>
         <alignment>0x4</alignment>
         <input_file_ref idref="fl-1e2"/>
      </object_component>
      <object_component id="oc-6d6">
         <name>.text.zb_mac_set_tx_channel</name>
         <load_address>0x65ac</load_address>
         <readonly>true</readonly>
         <executable>true</executable>
         <run_address>0x65ac</run_address>
         <size>0x48</size>
         <alignment>0x4</alignment>
         <input_file_ref idref="fl-36"/>
      </object_component>
      <object_component id="oc-623">
         <name>.text.zgpd_timer_set</name>
         <load_address>0x65f4</load_address>
         <readonly>true</readonly>
         <executable>true</executable>
         <run_address>0x65f4</run_address>
         <size>0x48</size>
         <alignment>0x4</alignment>
         <input_file_ref idref="fl-1e2"/>
      </object_component>
      <object_component id="oc-639">
         <name>.text.ClockP_construct</name>
         <load_address>0x663c</load_address>
         <readonly>true</readonly>
         <executable>true</executable>
         <run_address>0x663c</run_address>
         <size>0x44</size>
         <alignment>0x4</alignment>
         <input_file_ref idref="fl-2a"/>
      </object_component>
      <object_component id="oc-7ca">
         <name>.text.HOSTopen</name>
         <load_address>0x6680</load_address>
         <readonly>true</readonly>
         <executable>true</executable>
         <run_address>0x6680</run_address>
         <size>0x44</size>
         <alignment>0x4</alignment>
         <input_file_ref idref="fl-195"/>
      </object_component>
      <object_component id="oc-5e2">
         <name>.text.PowerLPF3_selectLFXT</name>
         <load_address>0x66c4</load_address>
         <readonly>true</readonly>
         <executable>true</executable>
         <run_address>0x66c4</run_address>
         <size>0x44</size>
         <alignment>0x4</alignment>
         <input_file_ref idref="fl-73"/>
      </object_component>
      <object_component id="oc-6bd">
         <name>.text.RCL_MultiBuffer_getBuffer</name>
         <load_address>0x6708</load_address>
         <readonly>true</readonly>
         <executable>true</executable>
         <run_address>0x6708</run_address>
         <size>0x44</size>
         <alignment>0x2</alignment>
         <input_file_ref idref="fl-52"/>
      </object_component>
      <object_component id="oc-7d9">
         <name>.text.batMonHwiFxn</name>
         <load_address>0x674c</load_address>
         <readonly>true</readonly>
         <executable>true</executable>
         <run_address>0x674c</run_address>
         <size>0x44</size>
         <alignment>0x4</alignment>
         <input_file_ref idref="fl-1e2"/>
      </object_component>
      <object_component id="oc-6f3">
         <name>.text.zb_osif_nvram_write_memory</name>
         <load_address>0x6790</load_address>
         <readonly>true</readonly>
         <executable>true</executable>
         <run_address>0x6790</run_address>
         <size>0x44</size>
         <alignment>0x4</alignment>
         <input_file_ref idref="fl-40"/>
      </object_component>
      <object_component id="oc-7f7">
         <name>.text.NVSLPF3_read</name>
         <load_address>0x67d4</load_address>
         <readonly>true</readonly>
         <executable>true</executable>
         <run_address>0x67d4</run_address>
         <size>0x40</size>
         <alignment>0x4</alignment>
         <input_file_ref idref="fl-71"/>
      </object_component>
      <object_component id="oc-6e4">
         <name>.text.RCL_Command_submit</name>
         <load_address>0x6814</load_address>
         <readonly>true</readonly>
         <executable>true</executable>
         <run_address>0x6814</run_address>
         <size>0x40</size>
         <alignment>0x4</alignment>
         <input_file_ref idref="fl-54"/>
      </object_component>
      <object_component id="oc-6dc">
         <name>.text.__aeabi_uidivmod</name>
         <load_address>0x6854</load_address>
         <readonly>true</readonly>
         <executable>true</executable>
         <run_address>0x6854</run_address>
         <size>0x40</size>
         <alignment>0x4</alignment>
         <input_file_ref idref="fl-1b0"/>
      </object_component>
      <object_component id="oc-605">
         <name>.text.zb_osif_nvram_read_memory</name>
         <load_address>0x6894</load_address>
         <readonly>true</readonly>
         <executable>true</executable>
         <run_address>0x6894</run_address>
         <size>0x40</size>
         <alignment>0x4</alignment>
         <input_file_ref idref="fl-40"/>
      </object_component>
      <object_component id="oc-5ec">
         <name>.text.GPIO_resetConfig</name>
         <load_address>0x68d4</load_address>
         <readonly>true</readonly>
         <executable>true</executable>
         <run_address>0x68d4</run_address>
         <size>0x3c</size>
         <alignment>0x4</alignment>
         <input_file_ref idref="fl-6b"/>
      </object_component>
      <object_component id="oc-7cd">
         <name>.text.HOSTwrite</name>
         <load_address>0x6910</load_address>
         <readonly>true</readonly>
         <executable>true</executable>
         <run_address>0x6910</run_address>
         <size>0x3c</size>
         <alignment>0x4</alignment>
         <input_file_ref idref="fl-19d"/>
      </object_component>
      <object_component id="oc-5f0">
         <name>.text.RCL_init</name>
         <load_address>0x694c</load_address>
         <readonly>true</readonly>
         <executable>true</executable>
         <run_address>0x694c</run_address>
         <size>0x3c</size>
         <alignment>0x4</alignment>
         <input_file_ref idref="fl-54"/>
      </object_component>
      <object_component id="oc-682">
         <name>.text.RCL_openPowerNotifications</name>
         <load_address>0x6988</load_address>
         <readonly>true</readonly>
         <executable>true</executable>
         <run_address>0x6988</run_address>
         <size>0x3c</size>
         <alignment>0x4</alignment>
         <input_file_ref idref="fl-54"/>
      </object_component>
      <object_component id="oc-75c">
         <name>.text.countLeadingZeros</name>
         <load_address>0x69c4</load_address>
         <readonly>true</readonly>
         <executable>true</executable>
         <run_address>0x69c4</run_address>
         <size>0x3c</size>
         <alignment>0x2</alignment>
         <input_file_ref idref="fl-57"/>
      </object_component>
      <object_component id="oc-7e5">
         <name>.text.updateThresholds</name>
         <load_address>0x6a00</load_address>
         <readonly>true</readonly>
         <executable>true</executable>
         <run_address>0x6a00</run_address>
         <size>0x3c</size>
         <alignment>0x4</alignment>
         <input_file_ref idref="fl-1e2"/>
      </object_component>
      <object_component id="oc-6da">
         <name>.text.zb_nvs_open</name>
         <load_address>0x6a3c</load_address>
         <readonly>true</readonly>
         <executable>true</executable>
         <run_address>0x6a3c</run_address>
         <size>0x3c</size>
         <alignment>0x4</alignment>
         <input_file_ref idref="fl-1e2"/>
      </object_component>
      <object_component id="oc-5d8">
         <name>.text:__TI_auto_init_nobinit_nopinit</name>
         <load_address>0x6a78</load_address>
         <readonly>true</readonly>
         <executable>true</executable>
         <run_address>0x6a78</run_address>
         <size>0x3c</size>
         <alignment>0x4</alignment>
         <input_file_ref idref="fl-b7"/>
      </object_component>
      <object_component id="oc-5e9">
         <name>.text.GPIO_hwiIntFxn</name>
         <load_address>0x6ab4</load_address>
         <readonly>true</readonly>
         <executable>true</executable>
         <run_address>0x6ab4</run_address>
         <size>0x38</size>
         <alignment>0x4</alignment>
         <input_file_ref idref="fl-6d"/>
      </object_component>
      <object_component id="oc-7cc">
         <name>.text.HOSTread</name>
         <load_address>0x6aec</load_address>
         <readonly>true</readonly>
         <executable>true</executable>
         <run_address>0x6aec</run_address>
         <size>0x38</size>
         <alignment>0x4</alignment>
         <input_file_ref idref="fl-197"/>
      </object_component>
      <object_component id="oc-7cf">
         <name>.text.HOSTunlink</name>
         <load_address>0x6b24</load_address>
         <readonly>true</readonly>
         <executable>true</executable>
         <run_address>0x6b24</run_address>
         <size>0x38</size>
         <alignment>0x4</alignment>
         <input_file_ref idref="fl-19b"/>
      </object_component>
      <object_component id="oc-732">
         <name>.text.LRF_imagesNeedUpdate</name>
         <load_address>0x6b5c</load_address>
         <readonly>true</readonly>
         <executable>true</executable>
         <run_address>0x6b5c</run_address>
         <size>0x38</size>
         <alignment>0x4</alignment>
         <input_file_ref idref="fl-57"/>
      </object_component>
      <object_component id="oc-68f">
         <name>.text.LRF_programTxPower</name>
         <load_address>0x6b94</load_address>
         <readonly>true</readonly>
         <executable>true</executable>
         <run_address>0x6b94</run_address>
         <size>0x38</size>
         <alignment>0x4</alignment>
         <input_file_ref idref="fl-57"/>
      </object_component>
      <object_component id="oc-6c3">
         <name>.text.LRF_updateTemperatureCompensation</name>
         <load_address>0x6bcc</load_address>
         <readonly>true</readonly>
         <executable>true</executable>
         <run_address>0x6bcc</run_address>
         <size>0x38</size>
         <alignment>0x4</alignment>
         <input_file_ref idref="fl-57"/>
      </object_component>
      <object_component id="oc-7bd">
         <name>.text.PowerCC23X0_updateHFXTRatio</name>
         <load_address>0x6c04</load_address>
         <readonly>true</readonly>
         <executable>true</executable>
         <run_address>0x6c04</run_address>
         <size>0x38</size>
         <alignment>0x4</alignment>
         <input_file_ref idref="fl-1e2"/>
      </object_component>
      <object_component id="oc-707">
         <name>.text.Power_releaseConstraint</name>
         <load_address>0x6c3c</load_address>
         <readonly>true</readonly>
         <executable>true</executable>
         <run_address>0x6c3c</run_address>
         <size>0x38</size>
         <alignment>0x4</alignment>
         <input_file_ref idref="fl-73"/>
      </object_component>
      <object_component id="oc-6b2">
         <name>.text.RCL_Handler_Ieee_setCoexEndMode</name>
         <load_address>0x6c74</load_address>
         <readonly>true</readonly>
         <executable>true</executable>
         <run_address>0x6c74</run_address>
         <size>0x38</size>
         <alignment>0x4</alignment>
         <input_file_ref idref="fl-55"/>
      </object_component>
      <object_component id="oc-7dc">
         <name>.text.Temperature_getTemperature</name>
         <load_address>0x6cac</load_address>
         <readonly>true</readonly>
         <executable>true</executable>
         <run_address>0x6cac</run_address>
         <size>0x38</size>
         <alignment>0x4</alignment>
         <input_file_ref idref="fl-75"/>
      </object_component>
      <object_component id="oc-7b8">
         <name>.text.Temperature_registerNotifyRange</name>
         <load_address>0x6ce4</load_address>
         <readonly>true</readonly>
         <executable>true</executable>
         <run_address>0x6ce4</run_address>
         <size>0x38</size>
         <alignment>0x4</alignment>
         <input_file_ref idref="fl-75"/>
      </object_component>
      <object_component id="oc-591">
         <name>.text.resetISR</name>
         <load_address>0x6d1c</load_address>
         <readonly>true</readonly>
         <executable>true</executable>
         <run_address>0x6d1c</run_address>
         <size>0x38</size>
         <alignment>0x4</alignment>
         <input_file_ref idref="fl-30"/>
      </object_component>
      <object_component id="oc-6d8">
         <name>.text.zb_mss_search_nonzero_bit</name>
         <load_address>0x6d54</load_address>
         <readonly>true</readonly>
         <executable>true</executable>
         <run_address>0x6d54</run_address>
         <size>0x38</size>
         <alignment>0x4</alignment>
         <input_file_ref idref="fl-1e2"/>
      </object_component>
      <object_component id="oc-774">
         <name>.text.RCL_TxBuffer_init</name>
         <load_address>0x6d8c</load_address>
         <readonly>true</readonly>
         <executable>true</executable>
         <run_address>0x6d8c</run_address>
         <size>0x36</size>
         <alignment>0x2</alignment>
         <input_file_ref idref="fl-52"/>
      </object_component>
      <object_component id="oc-77a">
         <name>.text.__aeabi_idiv0</name>
         <load_address>0x6dc2</load_address>
         <readonly>true</readonly>
         <executable>true</executable>
         <run_address>0x6dc2</run_address>
         <size>0x2</size>
         <alignment>0x2</alignment>
         <input_file_ref idref="fl-1b6"/>
      </object_component>
      <object_component id="oc-7e1">
         <name>.text.LRF_findExtTrim1TrimAdjustment</name>
         <load_address>0x6dc4</load_address>
         <readonly>true</readonly>
         <executable>true</executable>
         <run_address>0x6dc4</run_address>
         <size>0x34</size>
         <alignment>0x4</alignment>
         <input_file_ref idref="fl-57"/>
      </object_component>
      <object_component id="oc-706">
         <name>.text.PowerCC23X0_notify</name>
         <load_address>0x6df8</load_address>
         <readonly>true</readonly>
         <executable>true</executable>
         <run_address>0x6df8</run_address>
         <size>0x34</size>
         <alignment>0x4</alignment>
         <input_file_ref idref="fl-73"/>
      </object_component>
      <object_component id="oc-64f">
         <name>.text.Power_getDependencyCount</name>
         <load_address>0x6e2c</load_address>
         <readonly>true</readonly>
         <executable>true</executable>
         <run_address>0x6e2c</run_address>
         <size>0x34</size>
         <alignment>0x4</alignment>
         <input_file_ref idref="fl-73"/>
      </object_component>
      <object_component id="oc-64b">
         <name>.text.Power_setConstraint</name>
         <load_address>0x6e60</load_address>
         <readonly>true</readonly>
         <executable>true</executable>
         <run_address>0x6e60</run_address>
         <size>0x34</size>
         <alignment>0x4</alignment>
         <input_file_ref idref="fl-73"/>
      </object_component>
      <object_component id="oc-676">
         <name>.text.RCL_MultiBuffer_init</name>
         <load_address>0x6e94</load_address>
         <readonly>true</readonly>
         <executable>true</executable>
         <run_address>0x6e94</run_address>
         <size>0x34</size>
         <alignment>0x4</alignment>
         <input_file_ref idref="fl-52"/>
      </object_component>
      <object_component id="oc-7bc">
         <name>.text.Temperature_unregisterNotify</name>
         <load_address>0x6ec8</load_address>
         <readonly>true</readonly>
         <executable>true</executable>
         <run_address>0x6ec8</run_address>
         <size>0x34</size>
         <alignment>0x4</alignment>
         <input_file_ref idref="fl-75"/>
      </object_component>
      <object_component id="oc-7e9">
         <name>.text.__TI_readmsg</name>
         <load_address>0x6efc</load_address>
         <readonly>true</readonly>
         <executable>true</executable>
         <run_address>0x6efc</run_address>
         <size>0x34</size>
         <alignment>0x4</alignment>
         <input_file_ref idref="fl-19f"/>
      </object_component>
      <object_component id="oc-7e8">
         <name>.text.__TI_writemsg</name>
         <load_address>0x6f30</load_address>
         <readonly>true</readonly>
         <executable>true</executable>
         <run_address>0x6f30</run_address>
         <size>0x34</size>
         <alignment>0x4</alignment>
         <input_file_ref idref="fl-19f"/>
      </object_component>
      <object_component id="oc-6db">
         <name>.text.zb_mss_set_zero_bit</name>
         <load_address>0x6f64</load_address>
         <readonly>true</readonly>
         <executable>true</executable>
         <run_address>0x6f64</run_address>
         <size>0x34</size>
         <alignment>0x4</alignment>
         <input_file_ref idref="fl-1e2"/>
      </object_component>
      <object_component id="oc-6e0">
         <name>.text.zb_nvm_word_read_modify_write</name>
         <load_address>0x6f98</load_address>
         <readonly>true</readonly>
         <executable>true</executable>
         <run_address>0x6f98</run_address>
         <size>0x32</size>
         <alignment>0x2</alignment>
         <input_file_ref idref="fl-1e2"/>
      </object_component>
      <object_component id="oc-6f9">
         <name>.text.clkFxn</name>
         <load_address>0x6fca</load_address>
         <readonly>true</readonly>
         <executable>true</executable>
         <run_address>0x6fca</run_address>
         <size>0x2</size>
         <alignment>0x2</alignment>
         <input_file_ref idref="fl-28"/>
      </object_component>
      <object_component id="oc-6a3">
         <name>.text.LRF_enable</name>
         <load_address>0x6fcc</load_address>
         <readonly>true</readonly>
         <executable>true</executable>
         <run_address>0x6fcc</run_address>
         <size>0x30</size>
         <alignment>0x4</alignment>
         <input_file_ref idref="fl-57"/>
      </object_component>
      <object_component id="oc-75d">
         <name>.text.LRF_findFoff</name>
         <load_address>0x6ffc</load_address>
         <readonly>true</readonly>
         <executable>true</executable>
         <run_address>0x6ffc</run_address>
         <size>0x30</size>
         <alignment>0x4</alignment>
         <input_file_ref idref="fl-57"/>
      </object_component>
      <object_component id="oc-75b">
         <name>.text.LRF_findPllMBase</name>
         <load_address>0x702c</load_address>
         <readonly>true</readonly>
         <executable>true</executable>
         <run_address>0x702c</run_address>
         <size>0x30</size>
         <alignment>0x4</alignment>
         <input_file_ref idref="fl-57"/>
      </object_component>
      <object_component id="oc-6bc">
         <name>.text.LRF_peekRxFifo</name>
         <load_address>0x705c</load_address>
         <readonly>true</readonly>
         <executable>true</executable>
         <run_address>0x705c</run_address>
         <size>0x30</size>
         <alignment>0x4</alignment>
         <input_file_ref idref="fl-57"/>
      </object_component>
      <object_component id="oc-7f4">
         <name>.text.NVSLPF3_erase</name>
         <load_address>0x708c</load_address>
         <readonly>true</readonly>
         <executable>true</executable>
         <run_address>0x708c</run_address>
         <size>0x30</size>
         <alignment>0x4</alignment>
         <input_file_ref idref="fl-71"/>
      </object_component>
      <object_component id="oc-665">
         <name>.text.NVSLPF3_init</name>
         <load_address>0x70bc</load_address>
         <readonly>true</readonly>
         <executable>true</executable>
         <run_address>0x70bc</run_address>
         <size>0x30</size>
         <alignment>0x4</alignment>
         <input_file_ref idref="fl-71"/>
      </object_component>
      <object_component id="oc-650">
         <name>.text.PowerCC23X0_setDependencyCount</name>
         <load_address>0x70ec</load_address>
         <readonly>true</readonly>
         <executable>true</executable>
         <run_address>0x70ec</run_address>
         <size>0x30</size>
         <alignment>0x4</alignment>
         <input_file_ref idref="fl-1e2"/>
      </object_component>
      <object_component id="oc-65c">
         <name>.text.UDMALPF3_postNotifyFxn</name>
         <load_address>0x711c</load_address>
         <readonly>true</readonly>
         <executable>true</executable>
         <run_address>0x711c</run_address>
         <size>0x30</size>
         <alignment>0x4</alignment>
         <input_file_ref idref="fl-1e2"/>
      </object_component>
      <object_component id="oc-733">
         <name>.text.hal_setup_setup_time</name>
         <load_address>0x714c</load_address>
         <readonly>true</readonly>
         <executable>true</executable>
         <run_address>0x714c</run_address>
         <size>0x30</size>
         <alignment>0x4</alignment>
         <input_file_ref idref="fl-56"/>
      </object_component>
      <object_component id="oc-6e6">
         <name>.text.zb_ti_f3_enable_all_inter</name>
         <load_address>0x717c</load_address>
         <readonly>true</readonly>
         <executable>true</executable>
         <run_address>0x717c</run_address>
         <size>0x30</size>
         <alignment>0x4</alignment>
         <input_file_ref idref="fl-7"/>
      </object_component>
      <object_component id="oc-653">
         <name>.text.IntRegister</name>
         <load_address>0x71ac</load_address>
         <readonly>true</readonly>
         <executable>true</executable>
         <run_address>0x71ac</run_address>
         <size>0x2c</size>
         <alignment>0x4</alignment>
         <input_file_ref idref="fl-85"/>
      </object_component>
      <object_component id="oc-6c5">
         <name>.text.LRF_disable</name>
         <load_address>0x71d8</load_address>
         <readonly>true</readonly>
         <executable>true</executable>
         <run_address>0x71d8</run_address>
         <size>0x2c</size>
         <alignment>0x4</alignment>
         <input_file_ref idref="fl-57"/>
      </object_component>
      <object_component id="oc-6b1">
         <name>.text.LRF_enableTemperatureMonitoring</name>
         <load_address>0x7204</load_address>
         <readonly>true</readonly>
         <executable>true</executable>
         <run_address>0x7204</run_address>
         <size>0x2c</size>
         <alignment>0x4</alignment>
         <input_file_ref idref="fl-57"/>
      </object_component>
      <object_component id="oc-6af">
         <name>.text.LRF_prepareRxFifo</name>
         <load_address>0x7230</load_address>
         <readonly>true</readonly>
         <executable>true</executable>
         <run_address>0x7230</run_address>
         <size>0x2c</size>
         <alignment>0x4</alignment>
         <input_file_ref idref="fl-57"/>
      </object_component>
      <object_component id="oc-6fa">
         <name>.text.List_remove</name>
         <load_address>0x725c</load_address>
         <readonly>true</readonly>
         <executable>true</executable>
         <run_address>0x725c</run_address>
         <size>0x2c</size>
         <alignment>0x2</alignment>
         <input_file_ref idref="fl-63"/>
      </object_component>
      <object_component id="oc-702">
         <name>.text.PowerLPF3_isLfincFilterAllowingStandby</name>
         <load_address>0x7288</load_address>
         <readonly>true</readonly>
         <executable>true</executable>
         <run_address>0x7288</run_address>
         <size>0x2c</size>
         <alignment>0x4</alignment>
         <input_file_ref idref="fl-73"/>
      </object_component>
      <object_component id="oc-69f">
         <name>.text.RCL_Handler_Ieee_processCoexTxPriority</name>
         <load_address>0x72b4</load_address>
         <readonly>true</readonly>
         <executable>true</executable>
         <run_address>0x72b4</run_address>
         <size>0x2c</size>
         <alignment>0x4</alignment>
         <input_file_ref idref="fl-55"/>
      </object_component>
      <object_component id="oc-782">
         <name>.text.RCL_submitHook</name>
         <load_address>0x72e0</load_address>
         <readonly>true</readonly>
         <executable>true</executable>
         <run_address>0x72e0</run_address>
         <size>0x2c</size>
         <alignment>0x4</alignment>
         <input_file_ref idref="fl-54"/>
      </object_component>
      <object_component id="oc-71b">
         <name>.text.free_list_insert</name>
         <load_address>0x730c</load_address>
         <readonly>true</readonly>
         <executable>true</executable>
         <run_address>0x730c</run_address>
         <size>0x2c</size>
         <alignment>0x4</alignment>
         <input_file_ref idref="fl-1e2"/>
      </object_component>
      <object_component id="oc-7a1">
         <name>.text.hal_cancel_lrfd_systim0</name>
         <load_address>0x7338</load_address>
         <readonly>true</readonly>
         <executable>true</executable>
         <run_address>0x7338</run_address>
         <size>0x2c</size>
         <alignment>0x4</alignment>
         <input_file_ref idref="fl-56"/>
      </object_component>
      <object_component id="oc-62d">
         <name>.text.zgpd_timer_clear</name>
         <load_address>0x7364</load_address>
         <readonly>true</readonly>
         <executable>true</executable>
         <run_address>0x7364</run_address>
         <size>0x2c</size>
         <alignment>0x4</alignment>
         <input_file_ref idref="fl-50"/>
      </object_component>
      <object_component id="oc-796">
         <name>.text.List_get</name>
         <load_address>0x7390</load_address>
         <readonly>true</readonly>
         <executable>true</executable>
         <run_address>0x7390</run_address>
         <size>0x2a</size>
         <alignment>0x2</alignment>
         <input_file_ref idref="fl-63"/>
      </object_component>
      <object_component id="oc-677">
         <name>.text.List_put</name>
         <load_address>0x73ba</load_address>
         <readonly>true</readonly>
         <executable>true</executable>
         <run_address>0x73ba</run_address>
         <size>0x2a</size>
         <alignment>0x2</alignment>
         <input_file_ref idref="fl-63"/>
      </object_component>
      <object_component id="oc-7cb">
         <name>.text.HOSTclose</name>
         <load_address>0x73e4</load_address>
         <readonly>true</readonly>
         <executable>true</executable>
         <run_address>0x73e4</run_address>
         <size>0x28</size>
         <alignment>0x4</alignment>
         <input_file_ref idref="fl-191"/>
      </object_component>
      <object_component id="oc-70d">
         <name>.text.IntDisable</name>
         <load_address>0x740c</load_address>
         <readonly>true</readonly>
         <executable>true</executable>
         <run_address>0x740c</run_address>
         <size>0x28</size>
         <alignment>0x4</alignment>
         <input_file_ref idref="fl-85"/>
      </object_component>
      <object_component id="oc-655">
         <name>.text.IntEnable</name>
         <load_address>0x7434</load_address>
         <readonly>true</readonly>
         <executable>true</executable>
         <run_address>0x7434</run_address>
         <size>0x28</size>
         <alignment>0x4</alignment>
         <input_file_ref idref="fl-85"/>
      </object_component>
      <object_component id="oc-64c">
[...]
      </symbol>
      <symbol id="sm-4b3">
         <name>RCL_Scheduler_setSchedStopTime</name>
         <value>0x7ef7</value>
         <object_component_ref idref="oc-79f"/>
      </symbol>
      <symbol id="sm-4b4">
         <name>RCL_Scheduler_postEvent</name>
         <value>0x648d</value>
         <object_component_ref idref="oc-678"/>
      </symbol>
      <symbol id="sm-4b5">
         <name>RCL_Scheduler_cancelSchedStopTime</name>
         <value>0x7ee3</value>
         <object_component_ref idref="oc-7a9"/>
      </symbol>
      <symbol id="sm-503">
         <name>RCL_clearNextCommandHook</name>
         <value>0x7e2d</value>
         <object_component_ref idref="oc-72c"/>
      </symbol>
      <symbol id="sm-504">
         <name>RCL_getNextCommandHook</name>
         <value>0x7e39</value>
         <object_component_ref idref="oc-72b"/>
      </symbol>
      <symbol id="sm-505">
         <name>RCL_policyHook</name>
         <value>0x7e45</value>
         <object_component_ref idref="oc-79e"/>
      </symbol>
      <symbol id="sm-506">
         <name>RCL_phyHook</name>
         <value>0x63b3</value>
         <object_component_ref idref="oc-731"/>
      </symbol>
      <symbol id="sm-507">
         <name>RCL_scheduleHook</name>
         <value>0x46a1</value>
         <object_component_ref idref="oc-72f"/>
      </symbol>
      <symbol id="sm-508">
         <name>RCL_init</name>
         <value>0x694d</value>
         <object_component_ref idref="oc-5f0"/>
      </symbol>
      <symbol id="sm-509">
         <name>rclState</name>
         <value>0x20000e9c</value>
      </symbol>
      <symbol id="sm-50a">
         <name>RCL_openPowerNotifications</name>
         <value>0x6989</value>
         <object_component_ref idref="oc-682"/>
      </symbol>
      <symbol id="sm-50b">
         <name>RCL_open</name>
         <value>0x6285</value>
         <object_component_ref idref="oc-5fc"/>
      </symbol>
      <symbol id="sm-50c">
         <name>RCL_submitHook</name>
         <value>0x72e1</value>
         <object_component_ref idref="oc-782"/>
      </symbol>
      <symbol id="sm-50d">
         <name>RCL_Command_submit</name>
         <value>0x6815</value>
         <object_component_ref idref="oc-6e4"/>
      </symbol>
      <symbol id="sm-50e">
         <name>RCL_Command_pend</name>
         <value>0x5d79</value>
         <object_component_ref idref="oc-6e7"/>
      </symbol>
      <symbol id="sm-50f">
         <name>RCL_Command_stop</name>
         <value>0x7ed9</value>
         <object_component_ref idref="oc-6e5"/>
      </symbol>
      <symbol id="sm-564">
         <name>RCL_Handler_Ieee_RxTx</name>
         <value>0x91</value>
         <object_component_ref idref="oc-60e"/>
      </symbol>
      <symbol id="sm-565">
         <name>RCL_IEEE_Tx_submit</name>
         <value>0x514d</value>
         <object_component_ref idref="oc-775"/>
      </symbol>
      <symbol id="sm-566">
         <name>RCL_IEEE_updateTxPower</name>
         <value>0x5e75</value>
         <object_component_ref idref="oc-5fe"/>
      </symbol>
      <symbol id="sm-5f5">
         <name>hal_get_command_ifg_reg</name>
         <value>0x7b8d</value>
         <object_component_ref idref="oc-735"/>
      </symbol>
      <symbol id="sm-5f6">
         <name>hal_get_dispatch_ifg_reg</name>
         <value>0x7e75</value>
         <object_component_ref idref="oc-728"/>
      </symbol>
      <symbol id="sm-5f7">
         <name>hal_init_fsm</name>
         <value>0x5429</value>
         <object_component_ref idref="oc-668"/>
      </symbol>
      <symbol id="sm-5f8">
         <name>hal_trigger_command_fsm</name>
         <value>0x7f29</value>
         <object_component_ref idref="oc-744"/>
      </symbol>
      <symbol id="sm-5f9">
         <name>hal_trigger_dispatch_fsm</name>
         <value>0x7f33</value>
         <object_component_ref idref="oc-741"/>
      </symbol>
      <symbol id="sm-5fa">
         <name>hal_trigger_scheduler_fsm</name>
         <value>0x7f3d</value>
         <object_component_ref idref="oc-729"/>
      </symbol>
      <symbol id="sm-5fb">
         <name>hal_get_current_time</name>
         <value>0x7e69</value>
         <object_component_ref idref="oc-69e"/>
      </symbol>
      <symbol id="sm-5fc">
         <name>hal_enable_setup_time_irq</name>
         <value>0x7b79</value>
         <object_component_ref idref="oc-7ae"/>
      </symbol>
      <symbol id="sm-5fd">
         <name>hal_setup_setup_time</name>
         <value>0x714d</value>
         <object_component_ref idref="oc-733"/>
      </symbol>
      <symbol id="sm-5fe">
         <name>channel2usage</name>
         <value>0x20001486</value>
         <object_component_ref idref="oc-7a0"/>
      </symbol>
      <symbol id="sm-5ff">
         <name>hal_setup_start_time</name>
         <value>0x74ad</value>
         <object_component_ref idref="oc-7b4"/>
      </symbol>
      <symbol id="sm-600">
         <name>hal_setup_hard_stop_time</name>
         <value>0x77e9</value>
         <object_component_ref idref="oc-762"/>
      </symbol>
      <symbol id="sm-601">
         <name>hal_enable_hard_stop_time_irq</name>
         <value>0x7b65</value>
         <object_component_ref idref="oc-763"/>
      </symbol>
      <symbol id="sm-602">
         <name>hal_setup_graceful_stop_time</name>
         <value>0x79e5</value>
         <object_component_ref idref="oc-7a8"/>
      </symbol>
      <symbol id="sm-603">
         <name>hal_cancel_start_time</name>
         <value>0x7fc9</value>
         <object_component_ref idref="oc-737"/>
      </symbol>
      <symbol id="sm-604">
         <name>hal_cancel_hard_stop_time</name>
         <value>0x7fc1</value>
         <object_component_ref idref="oc-73e"/>
      </symbol>
      <symbol id="sm-605">
         <name>hal_cancel_graceful_stop_time</name>
         <value>0x77a9</value>
         <object_component_ref idref="oc-73d"/>
      </symbol>
      <symbol id="sm-606">
         <name>hal_enable_clk_buffer</name>
         <value>0x7cb1</value>
         <object_component_ref idref="oc-68d"/>
      </symbol>
      <symbol id="sm-607">
         <name>hal_setup_sync_found_cap</name>
         <value>0x74d5</value>
         <object_component_ref idref="oc-6ae"/>
      </symbol>
      <symbol id="sm-608">
         <name>hal_check_clear_timer_compare</name>
         <value>0x5f1d</value>
         <object_component_ref idref="oc-736"/>
      </symbol>
      <symbol id="sm-609">
         <name>hal_init_dispatch_radio_interrupts</name>
         <value>0x7ce1</value>
         <object_component_ref idref="oc-730"/>
      </symbol>
      <symbol id="sm-60a">
         <name>hal_enable_command_radio_interrupt</name>
         <value>0x7cc1</value>
         <object_component_ref idref="oc-69d"/>
      </symbol>
      <symbol id="sm-60b">
         <name>hal_clear_command_radio_interrupt</name>
         <value>0x7e5d</value>
         <object_component_ref idref="oc-69c"/>
      </symbol>
      <symbol id="sm-60c">
         <name>hal_disable_command_radio_interrupt</name>
         <value>0x7ca1</value>
         <object_component_ref idref="oc-6b5"/>
      </symbol>
      <symbol id="sm-60d">
         <name>hal_disable_all_command_radio_interrupts</name>
         <value>0x7c81</value>
         <object_component_ref idref="oc-73f"/>
      </symbol>
      <symbol id="sm-60e">
         <name>hal_disable_all_dispatch_radio_interrupts</name>
         <value>0x7c91</value>
         <object_component_ref idref="oc-72a"/>
      </symbol>
      <symbol id="sm-60f">
         <name>hal_set_rcl_clock_enable</name>
         <value>0x7939</value>
         <object_component_ref idref="oc-74a"/>
      </symbol>
      <symbol id="sm-610">
         <name>hal_power_set_standby_constraint</name>
         <value>0x7f0b</value>
         <object_component_ref idref="oc-73a"/>
      </symbol>
      <symbol id="sm-611">
         <name>hal_power_release_standby_constraint</name>
         <value>0x7f01</value>
         <object_component_ref idref="oc-740"/>
      </symbol>
      <symbol id="sm-612">
         <name>hal_power_set_swtcxo_update_constraint</name>
         <value>0x7f15</value>
         <object_component_ref idref="oc-69a"/>
      </symbol>
      <symbol id="sm-613">
         <name>hal_power_release_swtcxo_update_constraint</name>
         <value>0x78b1</value>
         <object_component_ref idref="oc-6ca"/>
      </symbol>
      <symbol id="sm-614">
         <name>hal_power_open</name>
         <value>0x77c9</value>
         <object_component_ref idref="oc-747"/>
      </symbol>
      <symbol id="sm-615">
         <name>hal_temperature_init</name>
         <value>0x7fd9</value>
         <object_component_ref idref="oc-66e"/>
      </symbol>
      <symbol id="sm-616">
         <name>hal_get_temperature</name>
         <value>0x7fd1</value>
         <object_component_ref idref="oc-7b2"/>
      </symbol>
      <symbol id="sm-617">
         <name>hal_get_hfxt_ratio</name>
         <value>0x7cd1</value>
         <object_component_ref idref="oc-758"/>
      </symbol>
      <symbol id="sm-618">
         <name>hal_get_hfxt_ratio_default</name>
         <value>0x8019</value>
         <object_component_ref idref="oc-759"/>
      </symbol>
      <symbol id="sm-619">
         <name>hal_set_temperature_notification</name>
         <value>0x76e1</value>
         <object_component_ref idref="oc-768"/>
      </symbol>
      <symbol id="sm-61a">
         <name>hal_stop_temperature_notification</name>
         <value>0x7cf1</value>
         <object_component_ref idref="oc-771"/>
      </symbol>
      <symbol id="sm-61b">
         <name>halSchedFsmCb</name>
         <value>0x2000145c</value>
         <object_component_ref idref="oc-724"/>
      </symbol>
      <symbol id="sm-61c">
         <name>halDispatchFsmCb</name>
         <value>0x20001460</value>
         <object_component_ref idref="oc-724"/>
      </symbol>
      <symbol id="sm-61d">
         <name>halCommandFsmCb</name>
         <value>0x20001464</value>
         <object_component_ref idref="oc-724"/>
      </symbol>
      <symbol id="sm-6a2">
         <name>LRF_setupRadio</name>
         <value>0x2e21</value>
         <object_component_ref idref="oc-738"/>
      </symbol>
      <symbol id="sm-6a3">
         <name>rclPbeGpoMask</name>
         <value>0x2000148d</value>
         <object_component_ref idref="oc-7a7"/>
      </symbol>
      <symbol id="sm-6a4">
         <name>swParamList</name>
         <value>0x20000e78</value>
      </symbol>
      <symbol id="sm-6a5">
         <name>LRF_disableCoexGrant</name>
         <value>0x7de5</value>
         <object_component_ref idref="oc-6c8"/>
      </symbol>
      <symbol id="sm-6a6">
         <name>LRF_imagesNeedUpdate</name>
         <value>0x6b5d</value>
         <object_component_ref idref="oc-732"/>
      </symbol>
      <symbol id="sm-6a7">
         <name>LRF_enable</name>
         <value>0x6fcd</value>
         <object_component_ref idref="oc-6a3"/>
      </symbol>
      <symbol id="sm-6a8">
         <name>LRF_disable</name>
         <value>0x71d9</value>
         <object_component_ref idref="oc-6c5"/>
      </symbol>
      <symbol id="sm-6a9">
         <name>LRF_waitForTopsmReady</name>
         <value>0x7c31</value>
         <object_component_ref idref="oc-6c4"/>
      </symbol>
      <symbol id="sm-6aa">
         <name>LRF_prepareRxFifo</name>
         <value>0x7231</value>
         <object_component_ref idref="oc-6af"/>
      </symbol>
      <symbol id="sm-6ab">
         <name>LRF_prepareTxFifo</name>
         <value>0x7749</value>
         <object_component_ref idref="oc-6ad"/>
      </symbol>
      <symbol id="sm-6ac">
         <name>LRF_peekRxFifo</name>
         <value>0x705d</value>
         <object_component_ref idref="oc-6bc"/>
      </symbol>
      <symbol id="sm-6ad">
         <name>LRF_readRxFifoWords</name>
         <value>0x5c29</value>
         <object_component_ref idref="oc-6be"/>
      </symbol>
      <symbol id="sm-6ae">
         <name>LRF_writeTxFifoWords</name>
         <value>0x61ed</value>
         <object_component_ref idref="oc-6c0"/>
      </symbol>
      <symbol id="sm-6af">
         <name>LRF_setRxFifoEffSz</name>
         <value>0x5a71</value>
         <object_component_ref idref="oc-767"/>
      </symbol>
      <symbol id="sm-6b0">
         <name>LRF_programFrequency</name>
         <value>0x2741</value>
         <object_component_ref idref="oc-6a2"/>
      </symbol>
      <symbol id="sm-6b1">
         <name>fXtalInv</name>
         <value>0x20001468</value>
         <object_component_ref idref="oc-7b3"/>
      </symbol>
      <symbol id="sm-6b2">
         <name>LRF_enableSynthRefsys</name>
         <value>0x75c1</value>
         <object_component_ref idref="oc-699"/>
      </symbol>
      <symbol id="sm-6b3">
         <name>LRF_disableSynthRefsys</name>
         <value>0x7ab1</value>
         <object_component_ref idref="oc-6c6"/>
      </symbol>
      <symbol id="sm-6b4">
         <name>LRF_rclEnableRadioClocks</name>
         <value>0x7c21</value>
         <object_component_ref idref="oc-683"/>
      </symbol>
      <symbol id="sm-6b5">
         <name>LRF_readRssi</name>
         <value>0x7e09</value>
         <object_component_ref idref="oc-6b4"/>
      </symbol>
      <symbol id="sm-6b6">
         <name>LRF_readMaxRssi</name>
         <value>0x7dfd</value>
         <object_component_ref idref="oc-7bb"/>
      </symbol>
      <symbol id="sm-6b7">
         <name>LRF_initializeMaxRssi</name>
         <value>0x7df1</value>
         <object_component_ref idref="oc-6a4"/>
      </symbol>
      <symbol id="sm-6b8">
         <name>LRF_getRawTxPower</name>
         <value>0x7609</value>
         <object_component_ref idref="oc-7af"/>
      </symbol>
      <symbol id="sm-6b9">
         <name>LRF_enableCoexGrant</name>
         <value>0x7ad9</value>
         <object_component_ref idref="oc-69b"/>
      </symbol>
      <symbol id="sm-6ba">
         <name>lrfCoexConfiguration</name>
         <value>0xa7fc</value>
         <object_component_ref idref="oc-6ab"/>
      </symbol>
      <symbol id="sm-6bb">
         <name>LRF_deassertCoexRequest</name>
         <value>0x7c11</value>
         <object_component_ref idref="oc-6c9"/>
      </symbol>
      <symbol id="sm-6bc">
         <name>LRF_programTemperatureCompensatedTxPower</name>
         <value>0x61a1</value>
         <object_component_ref idref="oc-755"/>
      </symbol>
      <symbol id="sm-6bd">
         <name>LRF_programTxPower</name>
         <value>0x6b95</value>
         <object_component_ref idref="oc-68f"/>
      </symbol>
      <symbol id="sm-6be">
         <name>LRF_enableTemperatureMonitoring</name>
         <value>0x7205</value>
         <object_component_ref idref="oc-6b1"/>
      </symbol>
      <symbol id="sm-6bf">
         <name>LRF_disableTemperatureMonitoring</name>
         <value>0x7ac5</value>
         <object_component_ref idref="oc-6c7"/>
      </symbol>
      <symbol id="sm-6c0">
         <name>LRF_updateTemperatureCompensation</name>
         <value>0x6bcd</value>
         <object_component_ref idref="oc-6c3"/>
      </symbol>
      <symbol id="sm-6c1">
         <name>swParamListSz</name>
         <value>0xa834</value>
         <object_component_ref idref="oc-7e0"/>
      </symbol>
      <symbol id="sm-6c2">
         <name>rclTemperatureThreshold</name>
         <value>0x2000142a</value>
         <object_component_ref idref="oc-757"/>
      </symbol>
      <symbol id="sm-6c7">
         <name>rclFeatureControl</name>
         <value>0xa83d</value>
         <object_component_ref idref="oc-6b6"/>
      </symbol>
      <symbol id="sm-6dd">
         <name>LRF_loadImage</name>
         <value>0x6369</value>
         <object_component_ref idref="oc-7a2"/>
      </symbol>
      <symbol id="sm-6de">
         <name>LRF_initSettingsState</name>
         <value>0x7fef</value>
         <object_component_ref idref="oc-7a3"/>
      </symbol>
      <symbol id="sm-6df">
         <name>LRF_applySettings</name>
         <value>0x2479</value>
         <object_component_ref idref="oc-7a4"/>
      </symbol>
      <symbol id="sm-6e0">
         <name>LRF_TxPowerTable_findValue</name>
         <value>0x4b31</value>
         <object_component_ref idref="oc-74f"/>
      </symbol>
      <symbol id="sm-6eb">
         <name>RCL_GPIO_enable</name>
         <value>0x6017</value>
         <object_component_ref idref="oc-688"/>
      </symbol>
      <symbol id="sm-6ec">
         <name>RCL_GPIO_disable</name>
         <value>0x4e23</value>
         <object_component_ref idref="oc-7ad"/>
      </symbol>
      <symbol id="sm-6f5">
         <name>__clzsi2</name>
         <value>0x5b21</value>
         <object_component_ref idref="oc-65d"/>
      </symbol>
      <symbol id="sm-6fb">
         <name>__aeabi_memcpy</name>
         <value>0x7fb9</value>
         <object_component_ref idref="oc-5ae"/>
      </symbol>
      <symbol id="sm-6fc">
         <name>__aeabi_memcpy4</name>
         <value>0x7fb9</value>
         <object_component_ref idref="oc-5ae"/>
      </symbol>
      <symbol id="sm-6fd">
         <name>__aeabi_memcpy8</name>
         <value>0x7fb9</value>
         <object_component_ref idref="oc-5ae"/>
      </symbol>
      <symbol id="sm-704">
         <name>__aeabi_memclr</name>
         <value>0x7e51</value>
         <object_component_ref idref="oc-5b7"/>
      </symbol>
      <symbol id="sm-705">
         <name>__aeabi_memclr4</name>
         <value>0x7e51</value>
         <object_component_ref idref="oc-5b7"/>
      </symbol>
      <symbol id="sm-706">
         <name>__aeabi_memclr8</name>
         <value>0x7e51</value>
         <object_component_ref idref="oc-5b7"/>
      </symbol>
      <symbol id="sm-70c">
         <name>__aeabi_uidiv</name>
         <value>0x6855</value>
         <object_component_ref idref="oc-6dc"/>
      </symbol>
      <symbol id="sm-70d">
         <name>__aeabi_uidivmod</name>
         <value>0x6855</value>
         <object_component_ref idref="oc-6dc"/>
      </symbol>
      <symbol id="sm-719">
         <name>__aeabi_idiv0</name>
         <value>0x6dc3</value>
         <object_component_ref idref="oc-77a"/>
      </symbol>
      <symbol id="sm-722">
         <name>TI_memcpy_small</name>
         <value>0x7bdb</value>
         <object_component_ref idref="oc-5c4"/>
      </symbol>
      <symbol id="sm-72b">
         <name>TI_memset_small</name>
         <value>0x7dcb</value>
         <object_component_ref idref="oc-5d0"/>
      </symbol>
      <symbol id="sm-733">
         <name>strcmp</name>
         <value>0x4f41</value>
         <object_component_ref idref="oc-7d2"/>
      </symbol>
      <symbol id="sm-74c">
         <name>AESProcessAlignedBlocksCMAC</name>
         <value>0x4d91</value>
         <object_component_ref idref="oc-786"/>
      </symbol>
      <symbol id="sm-74d">
         <name>AESProcessAlignedBlocksCTR</name>
         <value>0x4da1</value>
         <object_component_ref idref="oc-786"/>
      </symbol>
      <symbol id="sm-74e">
         <name>AESProcessAlignedBlocksECB</name>
         <value>0x4db9</value>
         <object_component_ref idref="oc-786"/>
      </symbol>
      <symbol id="sm-74f">
         <name>AESCopyBlock</name>
         <value>0x4e01</value>
         <object_component_ref idref="oc-786"/>
      </symbol>
      <symbol id="sm-750">
         <name>__TI_static_base__</name>
         <value>0x0</value>
      </symbol>
      <symbol id="sm-754">
         <name>RCL_Debug_assertProxy</name>
         <value>0x0</value>
      </symbol>
      <symbol id="sm-755">
         <name>RCL_Profiling_eventHook</name>
         <value>0x0</value>
      </symbol>
      <symbol id="sm-756">
         <name>_system_post_cinit</name>
         <value>0x0</value>
      </symbol>
      <symbol id="sm-757">
         <name>__mpu_init</name>
         <value>0x0</value>
      </symbol>
   </symbol_table>
   <title>Link successful</title>
</link_info>
