******************************************************************************
            TI ARM Clang Linker PC v4.0.3                      
******************************************************************************
>> Linked Wed Sep 24 12:09:15 2025

OUTPUT FILE NAME:   <basic_ble_LP_EM_CC2340R5_freertos_ticlang.out>
ENTRY POINT SYMBOL: "resetISR"  address: 0002b465


MEMORY CONFIGURATION

         name            origin    length      used     unused   attr    fill
----------------------  --------  ---------  --------  --------  ----  --------
  FLASH                 00000000   0007d000  00030f1d  0004c0e3  R  X
  NVS_SLOT              0007d000   00003000  00003000  00000000  R  X
  SRAM                  20000000   00009000  0000801d  00000fe3  RW X
  S2RRAM                40098000   00001000  00000000  00001000  RW  
  CCFG                  4e020000   00000800  00000800  00000000  R   
  LOG_DATA              90000000   00040000  00000000  00040000  R   
  LOG_PTR               94000008   00040000  00000000  00040000  R   


SEGMENT ALLOCATION MAP

run origin  load origin   length   init length attrs members
----------  ----------- ---------- ----------- ----- -------
00000000    00000000    00030f24   00030f24    r-x
  00000000    00000000    0000008c   0000008c    r-- .resetVecs
  00000090    00000090    0002c540   0002c540    r-x .text
  0002c5d0    0002c5d0    00004405   00004405    r-- .rodata
  000309d8    000309d8    0000054c   0000054c    r-- .cinit
0007d000    0007d000    00003000   00000000    rw-
  0007d000    0007d000    00003000   00000000    rw- .TI.bound:flashBuf0
20000400    20000400    00000060   00000000    rw-
  20000400    20000400    00000010   00000000    rw- .TI.bound:dmaChannel0ControlTableEntry
  20000410    20000410    00000010   00000000    rw- .TI.bound:dmaChannel1ControlTableEntry
  20000420    20000420    00000010   00000000    rw- .TI.bound:dmaChannel2ControlTableEntry
  20000430    20000430    00000010   00000000    rw- .TI.bound:dmaChannel3ControlTableEntry
  20000440    20000440    00000010   00000000    rw- .TI.bound:dmaChannel4ControlTableEntry
  20000450    20000450    00000010   00000000    rw- .TI.bound:dmaChannel5ControlTableEntry
20000480    20000480    00000020   00000000    rw-
  20000480    20000480    00000010   00000000    rw- .TI.bound:dmaChannel0AltControlTableEntry
  20000490    20000490    00000010   00000000    rw- .TI.bound:dmaChannel1AltControlTableEntry
200004a0    200004a0    00007b17   00000000    rw-
  200004a0    200004a0    00006ac2   00000000    rw- .bss
  20006f68    20006f68    0000104f   00000000    rw- .data
20008c00    20008c00    00000400   00000000    rw-
  20008c00    20008c00    00000400   00000000    rw- .stack
4e020000    4e020000    00000800   00000800    r--
  4e020000    4e020000    00000800   00000800    r-- .ccfg


SECTION ALLOCATION MAP

 output                                  attributes/
section   page    origin      length       input sections
--------  ----  ----------  ----------   ----------------
.resetVecs 
*          0    00000000    0000008c     
                  00000000    0000008c     ti_freertos_config.o (.resetVecs)

.text      0    00000090    0002c540     
                  00000090    00000c78     rcl_cc23x0r5.a : ble5.c.obj (.text.RCL_Handler_BLE5_adv)
                  00000d08    00000a54     OneLib.a : OneLib_Host_Profiles_gattservapp.obj (.text.GATTServApp_ProcessEvent)
                  0000175c    00000a28              : OneLib_LL_ll_ble.obj (.text.llProcessPeripheralControlPacket)
                  00002184    000009d0     libc.a : _printfi.c.obj (.text:__TI_printfi)
                  00002b54    00000790     StackWrapper.a : StackWrapper_Host_gapbondmgr.obj (.text.GAPBondMgr_ProcessGAPMsg)
                  000032e4    0000061c     OneLib.a : OneLib_Host_GATT_gatt_client.obj (.text.gattClientProcessMsgCB)
                  00003900    00000598              : OneLib_LL_ll_peripheral_end_causes.obj (.text.llProcessPeripheralControlProcedures)
                  00003e98    0000050c     nvocmp.o (.text.NVOCMP_compactPage)
                  000043a4    000004c8     nvocmp.o (.text.NVOCMP_initNvApi)
                  0000486c    000004a0     rcl_cc23x0r5.a : ble5.c.obj (.text.RCL_Handler_BLE5_conn)
                  00004d0c    000003ec     OneLib.a : OneLib_LL_ll_peripheral_end_causes.obj (.text.llPeripheral_TaskEnd)
                  000050f8    000003c4              : OneLib_LL_ll_peripheral_end_causes.obj (.text.llSetupNextPeripheralEvent)
                  000054bc    000003c0              : OneLib_LL_ll_ae.obj (.text.llSetupExtAdvLegacy)
                  0000587c    0000036c     ecc.a : scalarMul.c.obj (.text.SCALARMUL_core)
                  00005be8    0000035c     StackWrapper.a : StackWrapper_Host_gapbondmgr.obj (.text.GAPBondMgr_SetParameter)
                  00005f44    0000034c     drivers_cc23x0r5.a : SPILPF3DMA.c.obj (.text.SPILPF3DMA_transfer)
                  00006290    00000330     ecc.a : scalarMul.c.obj (.text.ATOMICPATTERN)
                  000065c0    00000314     ti_freertos_config.o (.text.doPrint)
                  000068d4    00000310     ecc.a : lowlevelapi_m0_gnu.s.obj (.text)
                  00006be4    000002f8     OneLib.a : OneLib_LL_ll_scheduler.obj (.text.llSchedulerConnectable)
                  00006edc    000002f4              : OneLib_LL_ll.obj (.text.LL_ProcessEvent)
                  000071d0    000002f4     rcl_cc23x0r5.a : LRFCC23X0.c.obj (.text.LRF_temperatureCompensateTrim)
                  000074c4    000002f4     secure_drivers_cc23x0r5.a : RNGLPF3RF.c.obj (.text.RNGLPF3RF_conditionNoiseToGenerateSeed)
                  000077b8    000002c8     rcl_cc23x0r5.a : LRF.c.obj (.text.LRF_applySettings)
                  00007a80    000002a4                    : LRFCC23X0.c.obj (.text.LRF_programFrequency)
                  00007d24    0000029c     StackWrapper.a : StackWrapper_Host_gapbondmgr.obj (.text.GAPBondMgr_ProcessEvent)
                  00007fc0    0000028c     OneLib.a : OneLib_LL_ll_common.obj (.text.llRealignConn)
                  0000824c    00000280              : OneLib_LL_ll_common.obj (.text.llAllocConnId)
                  000084cc    00000280              : OneLib_LL_ll_common.obj (.text.llProcessPeripheralConnectionCreated)
                  0000874c    00000274              : OneLib_LL_ll.obj (.text.LE_SetExtAdvParams)
                  000089c0    00000274              : OneLib_LL_ll_common.obj (.text.llSetupCtrlPkt)
                  00008c34    0000023c              : OneLib_Host_Profiles_gattservapp.obj (.text.GATTServApp_ReadAttr)
                  00008e70    00000238              : OneLib_LL_ll_isr.obj (.text.llRxEntryDoneEventHandleStateConnection)
                  000090a8    00000228     nvocmp.o (.text.NVOCMP_addItem)
                  000092d0    00000220     secure_drivers_cc23x0r5.a : AESCCMLPF3.c.obj (.text.AESCCMLPF3_processSegmentedCBCMAC)
                  000094f0    00000220     libc.a : _printfi.c.obj (.text._pconv_a)
                  00009710    00000214     drivers_cc23x0r5.a : UART2LPF3.c.obj (.text.UART2LPF3_hwiIntFxn)
                  00009924    0000020c     rcl_cc23x0r5.a : adc_noise.c.obj (.text.RCL_Handler_ADC_Noise_getNoise)
                  00009b30    00000200                    : RCL.c.obj (.text.rclCommandHwi)
                  00009d30    000001f4     OneLib.a : OneLib_Host_SM_sm_rsppairing.obj (.text.smResponderSendNextKeyInfo)
                  00009f24    000001ec     rcl_cc23x0r5.a : LRFCC23X0.c.obj (.text.LRF_setupRadio)
                  0000a110    000001e4     ecc.a : scalarMul.c.obj (.text.INVERT)
                  0000a2f4    000001e4     OneLib.a : OneLib_Host_SM_sm_pairing.obj (.text.smSavePairInfo)
                  0000a4d8    000001dc     libc.a : _printfi.c.obj (.text._pconv_g)
                  0000a6b4    000001d8     OneLib.a : OneLib_LL_ll.obj (.text.LE_SetExtAdvEnable)
                  0000a88c    000001d4              : OneLib_LL_ll_scheduler.obj (.text.llFindNextSecTask)
                  0000aa60    000001d4     ti_freertos_config.o (.text.mq_open)
                  0000ac34    000001c8     drivers_cc23x0r5.a : SPILPF3DMA.c.obj (.text.SPILPF3DMA_hwiFxn)
                  0000adfc    000001c4     secure_drivers_cc23x0r5.a : AESCMACLPF3.c.obj (.text.AESCMACLPF3_startOperation)
                  0000afc0    000001c4     OneLib.a : OneLib_Host_GAP_gap_advertiser.obj (.text.GapAdv_create)
                  0000b184    000001be              : OneLib_LL_ll_common.obj (.text.llSelectConn)
                  0000b342    00000002     ti_drivers_config.o (.text.Board_initHook)
                  0000b344    000001a8     secure_drivers_cc23x0r5.a : ECDHLPF3SW.c.obj (.text.ECDH_computeSharedSecret)
                  0000b4ec    000001a8     ecc.a : scalarMul.c.obj (.text.JACADD)
                  0000b694    000001a4           : scalarMul25519.c.obj (.text.X25519_core)
                  0000b838    000001a0     OneLib.a : OneLib_Host_GAP_gap_advertiser.obj (.text.gapAdv_controllerCb)
                  0000b9d8    000001a0              : OneLib_LL_ll_common.obj (.text.llCalcConnMaxTimeLength)
                  0000bb78    0000019c              : OneLib_Host_SM_sm_task.obj (.text.smProcessHCIBLEMetaEventCode)
                  0000bd14    00000192     libclang_rt.builtins.a : adddf3.S.obj (.text.adddf3_subdf3)
                  0000bea6    00000002     ble_user_config.o (.text.DefaultAssertCback)
                  0000bea8    00000190     StackWrapper.a : StackWrapper_OSAL_osal.obj (.text.osal_run_system)
                  0000c038    0000018c     OneLib.a : OneLib_LL_ll_scheduler.obj (.text.llSchedulerSecondaryTasksConn)
                  0000c1c4    00000188              : OneLib_LL_ll_adv_end_causes.obj (.text.llExtAdv_PostProcess)
                  0000c34c    00000188              : OneLib_LL_ll_scheduler.obj (.text.llScheduler)
                  0000c4d4    00000184     secure_drivers_cc23x0r5.a : AESCCMLPF3.c.obj (.text.AESCCMLPF3_hwiFxn)
                  0000c658    00000182                               : AESCCMLPF3.c.obj (.text.AESCCMLPF3_oneStepOperation)
                  0000c7da    00000002     display_cc23x0r5.a : DisplayUart2.c.obj (.text.DisplayUart2Ansi_init)
                  0000c7dc    00000180     drivers_cc23x0r5.a : UART2LPF3.c.obj (.text.UART2_open)
                  0000c95c    00000180     OneLib.a : OneLib_Host_SM_sm_mgr.obj (.text.sm_f5)
                  0000cadc    0000017c     StackWrapper.a : StackWrapper_Host_gapbondmgr.obj (.text.gapBondMgrAuthenticate)
                  0000cc58    0000017c     OneLib.a : OneLib_LL_ll_common.obj (.text.llGetNextConn)
                  0000cdd4    00000174     nvocmp.o (.text.NVOCMP_findItem)
                  0000cf48    00000170     OneLib.a : OneLib_Host_GATT_gatt_server.obj (.text.gattServerProcessMsgCB)
                  0000d0b8    0000016c              : OneLib_Host_L2CAP_l2cap_task.obj (.text.l2capProcessReq)
                  0000d224    00000160              : OneLib_LL_ll_isr.obj (.text.LL_rclAdvRxEntryDone)
                  0000d384    0000015c              : OneLib_Host_GAP_gap_advertiser.obj (.text.GapAdv_enable)
                  0000d4e0    0000015c     drivers_cc23x0r5.a : SPILPF3DMA.c.obj (.text.SPILPF3DMA_transferCancel)
                  0000d63c    0000015c     OneLib.a : OneLib_Host_Profiles_gattservapp.obj (.text.gattServApp_ProcessReadByTypeReq)
                  0000d798    0000015c              : OneLib_LL_ll_adv_end_causes.obj (.text.llAdv_TaskConnect)
                  0000d8f4    00000156     drivers_cc23x0r5.a : UART2.c.obj (.text.UART2_writeTimeoutBlocking)
                  0000da4a    00000002     secure_drivers_cc23x0r5.a : ECDHLPF3SW.c.obj (.text.ECDH_init)
                  0000da4c    00000154     OneLib.a : OneLib_LL_ll.obj (.text.LL_AddDeviceToResolvingList)
                  0000dba0    00000154     secure_drivers_cc23x0r5.a : RNGLPF3RF.c.obj (.text.RNGLPF3RF_getValidatedNumber)
                  0000dcf4    00000150     OneLib.a : OneLib_LL_ll.obj (.text.LL_Init)
                  0000de44    0000014c     drivers_cc23x0r5.a : Button.c.obj (.text.Button_clockTimeoutHandler)
                  0000df90    0000014c                        : SPILPF3DMA.c.obj (.text.SPILPF3DMA_open)
                  0000e0dc    00000148     StackWrapper.a : StackWrapper_Host_gapbondmgr.obj (.text.gapBondMgrSaveBond)
                  0000e224    00000144     OneLib.a : OneLib_Host_GAP_gap_task.obj (.text.gapProcessBLEEvents)
                  0000e368    00000144              : OneLib_LL_ll_common.obj (.text.llConnCleanup)
                  0000e4ac    00000144     ti_freertos_config.o (.text.prvTimerTask)
                  0000e5f0    00000140     drivers_cc23x0r5.a : NVSLPF3.c.obj (.text.NVSLPF3_write)
                  0000e730    00000140     OneLib.a : OneLib_LL_ll_common.obj (.text.llCombinePDU)
                  0000e870    00000140     rcl_cc23x0r5.a : RCL.c.obj (.text.rclStop)
                  0000e9b0    0000013c     libc.a : _printfi.c.obj (.text.fcvt)
                  0000eaec    00000138     rcl_cc23x0r5.a : RCL_Scheduler.c.obj (.text.rclSchedulerProcessCmdStartStopTime)
                  0000ec24    00000134     ecc.a : ECCSW.c.obj (.text.ECCSW_validatePublicKeyWeierstrass)
                  0000ed58    00000130     OneLib.a : OneLib_LL_ll_scheduler.obj (.text.llCheckIsSecTaskCollideWithPrimTaskInLsto)
                  0000ee88    00000130              : OneLib_LL_ll_scheduler.obj (.text.llExtAdvSchedSetup)
                  0000efb8    00000130              : OneLib_Host_SM_sm_mgr.obj (.text.sm_CMAC)
                  0000f0e8    00000130     main_freertos.o (.text.temptask)
                  0000f218    0000012c     drivers_cc23x0r5.a : SPILPF3DMA.c.obj (.text.SPILPF3DMA_control)
                  0000f344    0000012c     OneLib.a : OneLib_Host_L2CAP_l2cap_task.obj (.text.l2capProcessRsp)
                  0000f470    00000128     StackWrapper.a : StackWrapper_Host_gapbondmgr.obj (.text.gapBondMgrEraseBonding)
                  0000f598    00000128     ti_freertos_config.o (.text.xQueueSemaphoreTake)
                  0000f6c0    00000124     drivers_cc23x0r5.a : UART2LPF3.c.obj (.text.UART2LPF3_initHw)
                  0000f7e4    00000124     OneLib.a : OneLib_Host_SM_sm_rsppairing.obj (.text.smResponderProcessLTKReq)
                  0000f908    00000120     secure_drivers_cc23x0r5.a : ECDHLPF3SW.c.obj (.text.ECDH_generatePublicKey)
                  0000fa28    00000120     OneLib.a : OneLib_LL_ll.obj (.text.LL_Reset)
                  0000fb48    00000120     libc.a : _printfi.c.obj (.text._pconv_e)
                  0000fc68    00000120     StackWrapper.a : StackWrapper_OSAL_osal_timers.obj (.text.osalTimerUpdate)
                  0000fd88    0000011c     OneLib.a : OneLib_HCI_hci_event.obj (.text.LL_EnhancedConnectionCompleteCback)
                  0000fea4    0000011c              : OneLib_LL_ll_isr.obj (.text.llLastCmdDoneEventHandleConnectRequest)
                  0000ffc0    00000118     drivers_cc23x0r5.a : SPILPF3DMA.c.obj (.text.configNextTransfer)
                  000100d8    00000116     icall_POSIX.o (.text.ICall_waitMatch)
                  000101ee    00000002     driverlib.a : interrupt.c.obj (.text.IntDefaultHandler)
                  000101f0    00000114     OneLib.a : OneLib_LL_ll_ae.obj (.text.llFindNextAdvSet)
                  00010304    00000114              : OneLib_LL_ll_scheduler.obj (.text.llFindStartType)
                  00010418    00000110              : OneLib_Host_SM_sm_rsppairing.obj (.text.smpResponderProcessPairingRandom)
                  00010528    0000010e     secure_drivers_cc23x0r5.a : AESCTRDRBGXX.c.obj (.text.AESCTRDRBG_getRandomBytes)
                  00010636    00000002     rom_init.o (.text.MAP_Handover_ApplyCnData)
                  00010638    0000010c     OneLib.a : OneLib_LL_ll.obj (.text.LL_ConnUpdate)
                  00010744    0000010c     rcl_cc23x0r5.a : ble5.c.obj (.text.RCL_Handler_BLE5_updateTxBuffers)
                  00010850    0000010c     libclang_rt.builtins.a : divdf3.S.obj (.text.__divdf3)
                  0001095c    00000108     OneLib.a : OneLib_LL_ll_al.obj (.text.AL_AddEntry)
                  00010a64    00000108     drivers_cc23x0r5.a : UART2.c.obj (.text.UART2_writeTimeoutNonblocking)
                  00010b6c    00000108     OneLib.a : OneLib_Host_GAP_gap_linkmgr.obj (.text.gapPairingCompleteCB)
                  00010c74    00000108     ti_freertos_config.o (.text.prvAddNewTaskToReadyList)
                  00010d7c    00000104     rcl_cc23x0r5.a : ble5.c.obj (.text.RCL_Handler_BLE5_getAuxPtrFromTxBuffer)
                  00010e80    00000104     ecc.a : scalarMul.c.obj (.text.SCALARMUL_init)
                  00010f84    00000104     drivers_cc23x0r5.a : SPILPF3DMA.c.obj (.text.initHw)
                  00011088    00000104     OneLib.a : OneLib_Host_SM_sm_mgr.obj (.text.sm_f6)
                  0001118c    00000100     secure_drivers_cc23x0r5.a : AESCTRDRBGXX.c.obj (.text.AESCTRDRBG_reseed)
                  0001128c    00000100     dev_info_service.o (.text.DevInfo_setParameter)
                  0001138c    00000100     OneLib.a : OneLib_Host_GATT_gatt_server.obj (.text.gattProcessFindInfoReq)
                  0001148c    00000100     rcl_cc23x0r5.a : RCL.c.obj (.text.rclSchedulerHwi)
                  0001158c    000000fc     secure_drivers_cc23x0r5.a : AESCTRDRBGXX.c.obj (.text.AESCTRDRBG_construct)
                  00011688    000000fc     OneLib.a : OneLib_LL_ll_common.obj (.text.llProcessAdvAddrResolutionTimeout)
                  00011784    000000f8              : OneLib_LL_ll.obj (.text.LL_SetPhy)
                  0001187c    000000f8     libc.a : fputs.c.obj (.text.fputs)
                  00011974    000000f8     ti_freertos_config.o (.text.xTaskIncrementTick)
                  00011a6c    000000f4     OneLib.a : OneLib_Host_GAP_gap_advertiser.obj (.text.GapAdv_loadByHandle)
                  00011b60    000000f4              : OneLib_LL_ll_ae.obj (.text.LE_AE_SetData)
                  00011c54    000000f4     ti_freertos_config.o (.text.PowerCC23X0_standbyPolicy)
                  00011d48    000000f4     StackWrapper.a : StackWrapper_Host_gapbondmgr.obj (.text.gapBondMgrUpdateCharCfg)
                  00011e3c    000000f4     OneLib.a : OneLib_Host_SM_sm_rsppairing.obj (.text.smpResponderProcessIncoming)
                  00011f30    000000f0     nvocmp.o (.text.NVOCMP_cleanPage)
                  00012020    000000f0     ecc.a : scalarMul.c.obj (.text.SCALARMUL_final)
                  00012110    000000f0     OneLib.a : OneLib_Host_SM_sm_mgr.obj (.text.SM_VerifyAuthenSig)
                  00012200    000000f0              : OneLib_Host_SM_sm_mgr.obj (.text.sm_c1new)
                  000122f0    000000f0     ti_freertos_config.o (.text.xTaskResumeAll)
                  000123e0    000000ec     secure_drivers_cc23x0r5.a : AESCCMLPF3.c.obj (.text.AESCCMLPF3_processOneStepCBCMACPolling)
                  000124cc    000000ec     drivers_cc23x0r5.a : PowerCC23X0.c.obj (.text.Power_init)
                  000125b8    000000ec     rcl_cc23x0r5.a : ble5.c.obj (.text.RCL_Handler_BLE5_updateAuxPtr)
                  000126a4    000000ec     OneLib.a : OneLib_LL_ll_common.obj (.text.llConnExists)
                  00012790    000000ec              : OneLib_Host_SM_sm_pairing.obj (.text.sm_c1)
                  0001287c    000000e8              : OneLib_Host_ATT_att_util.obj (.text.attSendMsg)
                  00012964    000000e8              : OneLib_LL_ll_ae.obj (.text.llAddAdvSortedEntry)
                  00012a4c    000000e8              : OneLib_Host_GAP_gap_linkmgr.obj (.text.sendAuthEvent)
                  00012b34    000000e8     ti_freertos_config.o (.text.xQueueGenericSend)
                  00012c1c    000000e4     bleapputil_task.o (.text.BLEAppUtil_Task)
                  00012d00    000000e4     bleapputil_process.o (.text.BLEAppUtil_convertGAPEvents)
                  00012de4    000000e4     OneLib.a : OneLib_Host_GATT_gatt_task.obj (.text.GATT_ProcessEvent)
                  00012ec8    000000e4              : OneLib_Host_SM_sm_pairing.obj (.text.SM_PasskeyUpdate)
                  00012fac    000000e4     libclang_rt.builtins.a : muldf3.S.obj (.text.__muldf3)
                  00013090    000000e4     OneLib.a : OneLib_Host_Profiles_gapgattserver.obj (.text.ggs_ReadAttrCB)
                  00013174    000000e4              : OneLib_LL_ll_common.obj (.text.llSetupConnCmd)
                  00013258    000000e4     ecc.a : lowlevelapi.c.obj (.text.mSET)
                  0001333c    000000e4     ti_freertos_config.o (.text.xQueueReceive)
                  00013420    000000e0     drivers_cc23x0r5.a : PowerCC23X0.c.obj (.text.PowerCC23X0_oscillatorISR)
                  00013500    000000e0     OneLib.a : OneLib_LL_ll_data.obj (.text.llDynamicAlloc)
                  000135e0    000000e0     libc.a : setvbuf.c.obj (.text.setvbuf)
                  000136c0    000000e0     OneLib.a : OneLib_Host_SM_sm_mgr.obj (.text.sm_f4)
                  000137a0    000000e0              : OneLib_Host_SM_sm_mgr.obj (.text.sm_g2)
                  00013880    000000dc              : OneLib_Host_GATT_gatt_server.obj (.text.GATT_SendRsp)
                  0001395c    000000dc              : OneLib_LL_ll.obj (.text.LL_TxData)
                  00013a38    000000dc              : OneLib_LL_ll_common.obj (.text.llPeriSetupConnWindow)
                  00013b14    000000d8     app_connection.o (.text.Connection_ConnEventHandler)
                  00013bec    000000d8     drivers_cc23x0r5.a : GPIOLPF3.c.obj (.text.GPIO_init)
                  00013cc4    000000d8     OneLib.a : OneLib_Host_Profiles_gattservapp.obj (.text.gattServApp_HandleConnStatusCB)
                  00013d9c    000000d8              : OneLib_LL_ll_common.obj (.text.llSendConnEvtCallback)
                  00013e74    000000d8     ti_freertos_config.o (.text.pthread_create)
                  00013f4c    000000d8     ti_freertos_config.o (.text.pvPortMalloc)
                  00014024    000000d8     rcl_cc23x0r5.a : RCL.c.obj (.text.rclDispatchHwi)
                  000140fc    000000d8     libc.a : s_scalbn.c.obj (.text.scalbn)
                  000141d4    000000d8     OneLib.a : OneLib_Host_SM_sm_pairing.obj (.text.smProcessDataMsg)
                  000142ac    000000d4              : OneLib_LL_ll_privacy.obj (.text.LL_PRIV_ValidatePrivacyCompliance)
                  00014380    000000d4     drivers_cc23x0r5.a : UART2LPF3.c.obj (.text.UART2Support_dmaStartRx)
                  00014454    000000d0     OneLib.a : OneLib_Host_GATT_gatt_server.obj (.text.GATT_RegisterService)
                  00014524    000000d0     drivers_cc23x0r5.a : UART2LPF3.c.obj (.text.UART2Support_dmaStartTx)
                  000145f4    000000d0     OneLib.a : OneLib_Host_Profiles_gapgattserver.obj (.text.ggs_WriteAttrCB)
                  000146c4    000000d0              : OneLib_LL_ll_scheduler.obj (.text.llAllocTask)
                  00014794    000000d0     ble_user_config.o (.text.setBleUserConfig)
                  00014864    000000d0     OneLib.a : OneLib_Host_SM_sm_pairing.obj (.text.smGenerateAddrInput)
                  00014934    000000cc     secure_drivers_cc23x0r5.a : AESCTRLPF3.c.obj (.text.AESCTRLPF3_startOperation)
                  00014a00    000000cc     drivers_cc23x0r5.a : Button.c.obj (.text.Button_open)
                  00014acc    000000cc     StackWrapper.a : StackWrapper_Host_gapbondmgr.obj (.text.gapBondMgr_FindAddr)
                  00014b98    000000c8     OneLib.a : OneLib_LL_ll_common.obj (.text.llAlignToNextEvent)
                  00014c60    000000c8     ecc.a : lowlevelapi.c.obj (.text.mINVK)
                  00014d28    000000c8     OneLib.a : OneLib_Host_SM_sm_rsppairing.obj (.text.smContPublicKeyExchange)
                  00014df0    000000c4     dev_info_service.o (.text.DevInfo_readAttrCB)
                  00014eb4    000000c4     OneLib.a : OneLib_Host_GAP_gap_advertiser.obj (.text.gapAdv_init)
                  00014f78    000000c0     bleapputil_init.o (.text.BLEAppUtil_initGapBondParams)
                  00015038    000000c0     ti_freertos_config.o (.text.xEventGroupWaitBits)
                  000150f8    000000bc     display_cc23x0r5.a : DisplayUart2.c.obj (.text.DisplayUart2Ansi_vprintf)
                  000151b4    000000bc     OneLib.a : OneLib_Host_GAP_gap_linkmgr.obj (.text.GAP_Authenticate)
                  00015270    000000bc              : OneLib_Host_GAP_gap_linkmgr.obj (.text.GAP_UpdateLinkParamReqReply)
                  0001532c    000000bc              : OneLib_Host_GAP_gap_linkmgr.obj (.text.gapProcessConnectionCompleteEvt)
                  000153e8    000000bc     StackWrapper.a : StackWrapper_OSAL_osal.obj (.text.osal_set_event)
                  000154a4    000000bc     OneLib.a : OneLib_Host_SM_sm_rsppairing.obj (.text.smpResponderSendPairRspEvent)
                  00015560    000000ba     secure_drivers_cc23x0r5.a : AESCMACLPF3.c.obj (.text.AESCMACLPF3_oneStepOperation)
                  0001561a    00000002     rom_init.o (.text.MAP_L2CAP_HandoverInitSN)
                  0001561c    000000b8     app_pairing.o (.text.Pairing_pairStateHandler)
                  000156d4    000000b8     rcl_cc23x0r5.a : RCL.c.obj (.text.RCL_scheduleHook)
                  0001578c    000000b8     app_simple_gatt.o (.text.SimpleGatt_changeCB)
                  00015844    000000b8     OneLib.a : OneLib_LL_ll_data.obj (.text.llDynamicAlloc_connectable)
                  000158fc    000000b6     secure_drivers_cc23x0r5.a : AESCTRLPF3.c.obj (.text.AESCTRLPF3_oneStepOperation)
                  000159b2    00000002     rom_init.o (.text.MAP_gapInit_initiatingEnd)
                  000159b4    000000b4     nvocmp.o (.text.NVOCMP_erase)
                  00015a68    000000b4     ti_freertos_config.o (.text.SwiP_construct)
                  00015b1c    000000b4     OneLib.a : OneLib_Host_L2CAP_l2cap_util.obj (.text.l2capDisconnectAllChannels)
                  00015bd0    000000b4              : OneLib_LL_ll_adv_end_causes.obj (.text.llAdvSetPhyAndTxPowerInConn)
                  00015c84    000000b4     ti_freertos_config.o (.text.xTaskRemoveFromEventList)
                  00015d38    000000b2     main_freertos.o (.text.AssertHandler)
                  00015dea    00000002     rom_init.o (.text.MAP_gapInit_sendConnCancelledEvt)
                  00015dec    000000b0     StackWrapper.a : StackWrapper_Host_gapbondmgr.obj (.text.GAPBondMgr_Init)
                  00015e9c    000000b0     OneLib.a : OneLib_Host_L2CAP_l2cap_task.obj (.text.L2CAP_Init)
                  00015f4c    000000b0              : OneLib_Host_SM_sm_mgr.obj (.text.SM_GenerateAuthenSig)
                  00015ffc    000000ac              : OneLib_Host_GATT_gatt_server.obj (.text.GATT_Indication)
                  000160a8    000000ac              : OneLib_Host_SM_sm_task.obj (.text.SM_ProcessEvent)
                  00016154    000000ac     StackWrapper.a : StackWrapper_Host_gapbondmgr.obj (.text.gapBondMgrEraseLocalInfo)
                  00016200    000000ac                    : StackWrapper_Host_gapbondmgr.obj (.text.gapBondMgr_syncResolvingList)
                  000162ac    000000ac     OneLib.a : OneLib_Host_GAP_gap_task.obj (.text.gapProcessHCICmdCompleteEvt)
                  00016358    000000ac              : OneLib_Host_SM_sm_mgr.obj (.text.generate_subkey)
                  00016404    000000ac              : OneLib_LL_ll_common.obj (.text.llFindNextConn)
                  000164b0    000000aa              : OneLib_LL_ll_common.obj (.text.llApplyParamUpdate)
                  0001655a    00000002     rom_init.o (.text.MAP_gapScan_processSessionEndEvt)
                  0001655c    000000a8     secure_drivers_cc23x0r5.a : AESECBLPF3.c.obj (.text.AESECBLPF3_startOperation)
                  00016604    000000a8     OneLib.a : OneLib_LL_ll.obj (.text.LL_EXT_GetConnInfo)
                  000166ac    000000a8              : OneLib_Host_GAP_linkdb.obj (.text.linkDB_Add)
                  00016754    000000a4     secure_drivers_cc23x0r5.a : AESCCMLPF3.c.obj (.text.AESCCMLPF3_processSegmentedCTR)
                  000167f8    000000a4     OneLib.a : OneLib_LL_ll_ae.obj (.text.LL_GetAdvSet)
                  0001689c    000000a4              : OneLib_HCI_hci_data.obj (.text.LL_RxDataCompleteCback)
                  00016940    000000a4     drivers_cc23x0r5.a : PowerCC23X0.c.obj (.text.PowerCC23X0_lfxtQual)
                  000169e4    000000a4                        : PowerCC23X0.c.obj (.text.PowerLPF3_sleep)
                  00016a88    000000a4     StackWrapper.a : StackWrapper_Host_gapbondmgr.obj (.text.gapBondStateStartSecurity)
                  00016b2c    000000a4     OneLib.a : OneLib_Host_L2CAP_l2cap_util.obj (.text.l2capAllocChannel)
                  00016bd0    000000a4              : OneLib_Host_SM_sm_pairing.obj (.text.smF5Wrapper)
                  00016c74    000000a4              : OneLib_Host_SM_sm_pairing.obj (.text.smProcessEncryptChange)
                  00016d18    000000a2              : OneLib_Host_GATT_gatt_server.obj (.text.GATT_VerifyWritePermissions)
                  00016dba    00000002     rom_init.o (.text.MAP_gap_CentConnRegister)
                  00016dbc    000000a2     libclang_rt.builtins.a : udivmoddi4.S.obj (.text)
                  00016e5e    00000002     rom_init.o (.text.MAP_l2capDisconnectChannel)
                  00016e60    000000a0     OneLib.a : OneLib_Host_GATT_gatt_client.obj (.text.GATT_InitClient)
                  00016f00    000000a0     StackWrapper.a : StackWrapper_OSAL_osal_bufmgr.obj (.text.osal_bm_free)
                  00016fa0    000000a0     rcl_cc23x0r5.a : RCL_Scheduler.c.obj (.text.rclSchedulerCancelStopTime)
                  00017040    0000009c     OneLib.a : OneLib_Host_GAP_gap_linkmgr.obj (.text.GAP_Bond)
                  000170dc    0000009c     rcl_cc23x0r5.a : LRF.c.obj (.text.LRF_TxPowerTable_findValue)
                  00017178    0000009c     StackWrapper.a : StackWrapper_OSAL_osal_cbtimer.obj (.text.cbTimerSetup)
                  00017214    0000009c     drivers_cc23x0r5.a : NVSLPF3.c.obj (.text.doErase)
                  000172b0    0000009c     libc.a : fputc.c.obj (.text.fputc)
                  0001734c    0000009c     OneLib.a : OneLib_LL_ll_data.obj (.text.llDynamicFree)
                  000173e8    0000009c              : OneLib_LL_ll_ecc.obj (.text.ll_GenerateDHKey)
                  00017484    0000009c              : OneLib_Host_SM_sm_pairing.obj (.text.smGetECCKeys)
                  00017520    0000009a     drivers_cc23x0r5.a : UART2.c.obj (.text.UART2_writeCancel)
                  000175ba    00000002     rom_init.o (.text.MAP_l2capGetCoChannelInfo)
                  000175bc    00000098     StackWrapper.a : StackWrapper_Host_gap.obj (.text.GAP_DeviceInit)
                  00017654    00000098     rcl_cc23x0r5.a : RCL_Buffer.c.obj (.text.RCL_MultiBuffer_RxEntry_next)
                  000176ec    00000098     simple_gatt_profile.o (.text.SimpleGattProfile_readAttrCB)
                  00017784    00000098     simple_gatt_profile.o (.text.SimpleGattProfile_setParameter)
                  0001781c    00000098     app_simple_gatt.o (.text.SimpleGatt_start)
                  000178b4    00000098     OneLib.a : OneLib_Host_Profiles_gattservapp.obj (.text.gattServApp_SetNumPrepareWrites)
                  0001794c    00000098              : OneLib_LL_ll_common.obj (.text.llProcessTxData)
                  000179e4    00000098              : OneLib_LL_ll_scheduler.obj (.text.llScheduleTask)
                  00017a7c    00000094              : OneLib_Host_Profiles_gattservapp.obj (.text.GATTServApp_Init)
                  00017b10    00000094              : OneLib_HCI_hci_event.obj (.text.HCI_CommandCompleteEvent)
                  00017ba4    00000094     icall_POSIX.o (.text.ICall_send)
                  00017c38    00000094     drivers_cc23x0r5.a : NVSLPF3.c.obj (.text.NVSLPF3_open)
                  00017ccc    00000094     rcl_cc23x0r5.a : RCL_Scheduler.c.obj (.text.RCL_Scheduler_setStopTimes)
                  00017d60    00000094     OneLib.a : OneLib_Host_SM_sm_pairing.obj (.text.SM_StartPairing)
                  00017df4    00000094     ecc.a : scalarMul.c.obj (.text.SQUAREMULTIPLYWORD)
                  00017e88    00000092     OneLib.a : OneLib_LL_ll_common.obj (.text.llValidateConnParams)
                  00017f1a    00000006     driverlib.a : cpu.c.obj (.text.CPUDelay)
                  00017f20    00000092                 : aes_ticlang.s.obj (.text)
                  00017fb2    00000002     rom_init.o (.text.MAP_l2capNotifyChannelEstEvt)
                  00017fb4    00000090     secure_drivers_cc23x0r5.a : AESCMACLPF3.c.obj (.text.AESCMACLPF3_getResult)
                  00018044    00000090     display_cc23x0r5.a : DisplayUart2.c.obj (.text.DisplayUart2Ansi_clearLines)
                  000180d4    00000090     OneLib.a : OneLib_Host_L2CAP_l2cap_if.obj (.text.L2CAP_SendData)
                  00018164    00000090              : OneLib_LL_ll.obj (.text.LE_SetExtAdvParamsAdvConn)
                  000181f4    00000090     rcl_cc23x0r5.a : RCL_Buffer.c.obj (.text.RCL_MultiBuffer_RxEntry_get)
                  00018284    00000090     drivers_cc23x0r5.a : UART2LPF3.c.obj (.text.UART2_close)
                  00018314    00000090     OneLib.a : OneLib_Host_Profiles_gattservapp.obj (.text.gattServApp_EnqueueReTx)
                  000183a4    00000090              : OneLib_Host_L2CAP_l2cap_util.obj (.text.l2capEncapSendData)
                  00018434    00000090              : OneLib_Host_L2CAP_l2cap_util.obj (.text.l2capSendReq)
                  000184c4    00000090              : OneLib_LL_ll_common.obj (.text.llInitFeatureSet)
                  00018554    00000090              : OneLib_LL_ll_scheduler.obj (.text.llLinkSchedSetup)
                  000185e4    00000090              : OneLib_LL_ll_ble.obj (.text.llManageControlPacketQueue)
                  00018674    00000090              : OneLib_LL_ll_ecc.obj (.text.ll_ReadLocalP256PublicKey)
                  00018704    00000090     StackWrapper.a : StackWrapper_OSAL_osal_cbtimer.obj (.text.osal_CbTimerProcessEvent)
                  00018794    00000090     ti_freertos_config.o (.text.vTaskDelete)
                  00018824    00000090     ti_freertos_config.o (.text.vTaskRemoveFromUnorderedEventList)
                  000188b4    00000090     ti_freertos_config.o (.text.vTaskSuspend)
                  00018944    00000090     ti_freertos_config.o (.text.xQueueGenericReset)
                  000189d4    00000090     ecc.a : lowlevelapi.c.obj (.text.zSUB)
                  00018a64    0000008e     OneLib.a : OneLib_LL_ll_common.obj (.text.llRclUpdateFilterList)
                  00018af2    00000002     rom_init.o (.text.MAP_l2capNotifyChannelTermEvt)
                  00018af4    0000008c     OneLib.a : OneLib_Host_GAP_gap_linkmgr.obj (.text.GAP_UpdateLinkParamReq)
                  00018b80    0000008c              : OneLib_Host_Profiles_gattservapp.obj (.text.GATTServApp_WriteAttr)
                  00018c0c    0000008c              : OneLib_Host_GATT_gatt_server.obj (.text.GATT_FindNextAttr)
                  00018c98    0000008c     libclang_rt.builtins.a : mulsf3.S.obj (.text.__mulsf3)
                  00018d24    0000008c     OneLib.a : OneLib_Host_GATT_gatt_client.obj (.text.gattClientHandleConnStatusCB)
                  00018db0    0000008c              : OneLib_Host_GATT_gatt_server.obj (.text.gattServerHandleConnStatusCB)
                  00018e3c    0000008c              : OneLib_LL_ll_scheduler.obj (.text.llFreeTask)
                  00018ec8    0000008c     StackWrapper.a : StackWrapper_OSAL_osal.obj (.text.osal_msg_enqueue_push)
                  00018f54    0000008c     OneLib.a : OneLib_Host_SM_sm_pairing.obj (.text.smUpdateEncInfo)
                  00018fe0    0000008c     ti_freertos_config.o (.text.xTaskPriorityInherit)
                  0001906c    00000088     secure_drivers_cc23x0r5.a : AESCTRLPF3.c.obj (.text.AESCTRLPF3_processData)
                  000190f4    00000088     OneLib.a : OneLib_Host_GATT_gatt_task.obj (.text.GATT_bm_alloc)
                  0001917c    00000088     app_menu.o (.text.Menu_workWithCB)
                  00019204    00000088     nvocmp.o (.text.NVOCMP_getDstPage)
                  0001928c    00000088     rcl_cc23x0r5.a : RCL_AdcNoise.c.obj (.text.RCL_AdcNoise_get_samples_blocking)
                  00019314    00000088     drivers_cc23x0r5.a : SPILPF3DMA.c.obj (.text.SPILPF3DMA_close)
                  0001939c    00000088     StackWrapper.a : StackWrapper_Host_gapbondmgr.obj (.text.gapBondMgr_ServiceChangeInd)
                  00019424    00000088                    : StackWrapper_ICallBLE_ble_dispatch_lite.obj (.text.icall_liteTranslation)
                  000194ac    00000088     OneLib.a : OneLib_Host_L2CAP_l2cap_task.obj (.text.l2capProcessSignal)
                  00019534    00000088              : OneLib_LL_ll_common.obj (.text.llCBTimer_AptoExpiredCback)
                  000195bc    00000088              : OneLib_LL_ll_common.obj (.text.llVerifyConnParamReqParams)
                  00019644    00000088              : OneLib_Host_SM_sm_rsppairing.obj (.text.smpResponderProcessPairingConfirm)
                  000196cc    00000004              : OneLib_Host_ATT_att_util.obj (.text.ATT_BuildReadBlobRsp)
                  000196d0    00000088     libc.a : strcmp-armv6m.S.obj (.text:strcmp)
                  00019758    00000086     OneLib.a : OneLib_LL_ll.obj (.text.LL_RemoteConnParamReqReply)
                  000197de    00000086              : OneLib_LL_ll_common.obj (.text.llWriteTxData)
                  00019864    00000086              : OneLib_Host_SMP_smp.obj (.text.smpParsePairingReq)
                  000198ea    00000002     rom_init.o (.text.MAP_l2capProcessConnectReq)
                  000198ec    00000084     bleapputil_init.o (.text.BLEAppUtil_initGatt)
                  00019970    00000084     OneLib.a : OneLib_Host_L2CAP_l2cap_task.obj (.text.L2CAP_ProcessEvent)
                  000199f4    00000084              : OneLib_LL_ll_privacy.obj (.text.LL_PRIV_FindPeerInRL)
                  00019a78    00000084     ti_freertos_config.o (.text.SwiP_dispatch)
                  00019afc    00000084     ti_freertos_config.o (.text.memalign)
                  00019b80    00000084     rcl_cc23x0r5.a : RCL_Scheduler.c.obj (.text.rclSchedulerSetNewStopTime)
                  00019c04    00000084     OneLib.a : OneLib_Host_SM_sm_pairing.obj (.text.smGenerateDHKeyCheck)
                  00019c88    00000084              : OneLib_Host_SMP_smp.obj (.text.smpBuildPairingReqRsp)
                  00019d0c    00000080     secure_drivers_cc23x0r5.a : AESCTRLPF3.c.obj (.text.AESCTRLPF3_hwiFxn)
                  00019d8c    00000080     OneLib.a : OneLib_LL_ll.obj (.text.LL_EXT_GetActiveConnInfo)
                  00019e0c    00000080     menu_module.o (.text.MenuModule_printMenuNavBar)
                  00019e8c    00000080     OneLib.a : OneLib_Host_Profiles_gattservapp.obj (.text.gattServApp_buildReadByTypeRsp)
                  00019f0c    00000080              : OneLib_LL_ll_common.obj (.text.llPeriSetConnChannelParams)
                  00019f8c    00000080              : OneLib_LL_ll_common.obj (.text.llReleaseConnId)
                  0001a00c    00000080              : OneLib_LL_ll_common.obj (.text.llReplaceCtrlPkt)
                  0001a08c    00000080              : OneLib_LL_ll_ble.obj (.text.llReplaceRxBuffers)
                  0001a10c    00000080     ti_freertos_config.o (.text.prvAddCurrentTaskToDelayedList)
                  0001a18c    00000080     ti_freertos_config.o (.text.vTaskSwitchContext)
                  0001a20c    00000080     ecc.a : lowlevelapi.c.obj (.text.zMACC32)
                  0001a28c    0000007e           : scalarMul25519.c.obj (.text.X25519_final)
                  0001a30a    00000002     OneLib.a : common_lib_opt_ctrl_stub_scanner.obj (.text.OPT_LL_DisableScanning)
                  0001a30c    0000007c     ti_freertos_config.o (.text.ClockP_startup)
                  0001a388    0000007c     StackWrapper.a : StackWrapper_Host_gapbondmgr.obj (.text.GAPBondMgr_checkRandomAddr)
                  0001a404    0000007c     OneLib.a : OneLib_Host_Profiles_gattservapp.obj (.text.GATTServApp_RegisterService)
                  0001a480    0000007c              : OneLib_Host_L2CAP_l2cap_if.obj (.text.L2CAP_ConnParamUpdateReq)
                  0001a4fc    0000007c              : OneLib_LL_ll_isr.obj (.text.LL_rclPeripheralCallback)
                  0001a578    0000007c     libc.a : fclose.c.obj (.text.__TI_closefile)
                  0001a5f4    0000007c     ti_freertos_config.o (.text.formatNum)
                  0001a670    0000007c     StackWrapper.a : StackWrapper_Host_gapbondmgr.obj (.text.gapBondMgr_SyncCharCfg)
                  0001a6ec    0000007c     OneLib.a : OneLib_Host_GAP_gap_linkmgr.obj (.text.gapProcessDisconnectCompleteEvt)
                  0001a768    0000007c              : OneLib_Host_GAP_gap_task.obj (.text.gapProcessOSALMsg)
                  0001a7e4    0000007c              : OneLib_Host_L2CAP_l2cap_task.obj (.text.l2capProcessRxData)
                  0001a860    0000007c     drivers_cc23x0r5.a : TemperatureLPF3.c.obj (.text.temperatureEventCb)
                  0001a8dc    0000007c     ti_freertos_config.o (.text.xQueueGenericSendFromISR)
                  0001a958    0000007c     libc.a : copy_decompress_lzss.c.obj (.text:decompress:lzss)
                  0001a9d4    0000007a     ecc.a : ECCSW.c.obj (.text.ECCSW_validatePrivateKeyWeierstrass)
                  0001aa4e    0000007a     OneLib.a : OneLib_Host_GATT_gatt_client.obj (.text.gattResetClientInfo)
                  0001aac8    0000007a              : OneLib_LL_ll_common.obj (.text.llFragmentPDU)
                  0001ab42    00000078     secure_drivers_cc23x0r5.a : AESECBLPF3.c.obj (.text.AESECB_oneStepEncrypt)
                  0001abba    00000002     OneLib.a : common_lib_opt_ctrl_stub_initiator.obj (.text.OPT_LL_DisableScanningForInitiator)
                  0001abbc    00000078     bleapputil_process.o (.text.BLEAppUtil_isStackEventRequired)
                  0001ac34    00000078     ti_freertos_config.o (.text.ClockP_hwiCallback)
                  0001acac    00000078     OneLib.a : OneLib_Host_GATT_gatt_server.obj (.text.GATT_ServiceChangedInd)
                  0001ad24    00000078     drivers_cc23x0r5.a : GPIOLPF3.c.obj (.text.GPIO_setConfigAndMux)
                  0001ad9c    00000078     ti_freertos_config.o (.text.HwiP_construct)
                  0001ae14    00000078     icall_POSIX.o (.text.ICall_setTimer)
                  0001ae8c    00000078     OneLib.a : OneLib_LL_ll_enc.obj (.text.LL_ENC_Decrypt)
                  0001af04    00000078              : OneLib_LL_ll.obj (.text.LL_EXT_SetMaxDataLen)
                  0001af7c    00000078     nvocmp.o (.text.NVOCMP_writeItemApi)
                  0001aff4    00000078     rcl_cc23x0r5.a : RCL_Scheduler.c.obj (.text.RCL_Scheduler_findStopStatus)
                  0001b06c    00000078     OneLib.a : OneLib_Host_GAP_gap_perilinkmgr.obj (.text.gapPeriProcessSignalEvt)
                  0001b0e4    00000078              : OneLib_Host_GAP_gap_task.obj (.text.gapProcessCommandStatusEvt)
                  0001b15c    00000078     rcl_cc23x0r5.a : hal_cc23x0.c.obj (.text.hal_init_fsm)
                  0001b1d4    00000078     StackWrapper.a : StackWrapper_OSAL_osal.obj (.text.osal_init_system)
                  0001b24c    00000078                    : StackWrapper_OSAL_osal.obj (.text.osal_msg_receive)
                  0001b2c4    00000078     rcl_cc23x0r5.a : RCL_Scheduler.c.obj (.text.rclSchedulerFindEarliestStopTime)
                  0001b33c    00000078     OneLib.a : OneLib_Host_GAP_gap_linkmgr.obj (.text.sendEstLinkEvent)
                  0001b3b4    00000078     driverlib.a : udma.c.obj (.text.uDMASetChannelTransfer)
                  0001b42c    00000078     ti_freertos_config.o (.text.xEventGroupSetBits)
                  0001b4a4    00000078     ti_freertos_config.o (.text.xQueueReceiveFromISR)
                  0001b51c    00000076     secure_drivers_cc23x0r5.a : AESCTRDRBGXX.c.obj (.text.AESCTRDRBGXX_updateState)
                  0001b592    00000076     ti_freertos_config.o (.text.prvCopyDataToQueue)
                  0001b608    00000074     OneLib.a : OneLib_LL_ll_enc.obj (.text.LL_RNG_Init)
                  0001b67c    00000074              : OneLib_LL_ll_enc.obj (.text.LL_RNG_initRNGNoise)
                  0001b6f0    00000074     libclang_rt.builtins.a : comparedf2.c.obj (.text.__gedf2)
                  0001b764    00000074     OneLib.a : OneLib_Host_L2CAP_l2cap_util.obj (.text.l2capSendCmd)
                  0001b7d8    00000074              : OneLib_LL_ll_common.obj (.text.llIsThereACollisionBetweenConn)
                  0001b84c    00000074     ti_freertos_config.o (.text.prvUnlockQueue)
                  0001b8c0    00000074     OneLib.a : OneLib_Host_SM_sm_pairing.obj (.text.smOobSCAuthentication)
                  0001b934    00000072              : OneLib_Host_GATT_gatt_server.obj (.text.GATT_VerifyReadPermissions)
                  0001b9a6    00000072     osal_icall_ble.o (.text.osalInitTasks)
                  0001ba18    00000070     OneLib.a : OneLib_LL_ll_al.obj (.text.AL_FindEntry)
                  0001ba88    00000070     StackWrapper.a : StackWrapper_Host_gap.obj (.text.GAP_DeviceInit_validate_params)
                  0001baf8    00000070     OneLib.a : OneLib_Host_GAP_gap_configmgr.obj (.text.GAP_GetDevAddress)
                  0001bb68    00000070              : OneLib_Host_GATT_gatt_server.obj (.text.GATT_FindHandleUUID)
                  0001bbd8    00000070              : OneLib_Host_GATT_gatt_server.obj (.text.GATT_InitServer)
                  0001bc48    00000070              : OneLib_HCI_hci_event.obj (.text.LL_PhyUpdateCompleteEventCback)
                  0001bcb8    00000070     nvocmp.o (.text.NVOCMP_eraseNvApi)
                  0001bd28    00000070     nvocmp.o (.text.NVOCMP_readItemApi)
                  0001bd98    00000070     drivers_cc23x0r5.a : PowerCC23X0.c.obj (.text.PowerCC23X0_startHFXT)
                  0001be08    00000070                        : PowerCC23X0.c.obj (.text.Power_sleep)
                  0001be78    00000070     OneLib.a : OneLib_Host_SM_sm_rsppairing.obj (.text.SM_ResponderInit)
                  0001bee8    00000070     simple_gatt_profile.o (.text.SimpleGattProfile_getParameter)
                  0001bf58    00000070     drivers_cc23x0r5.a : UART2LPF3.c.obj (.text.UART2Support_dmaStopTx)
                  0001bfc8    00000070     StackWrapper.a : StackWrapper_Host_gapbondmgr.obj (.text.gapBondMgrSetStateFlagFromConnhandle)
                  0001c038    00000070     drivers_cc23x0r5.a : SPILPF3DMA.c.obj (.text.initIO)
                  0001c0a8    00000070     OneLib.a : OneLib_Host_L2CAP_l2cap_util.obj (.text.l2capParsePacket)
                  0001c118    00000070              : OneLib_Host_L2CAP_l2cap_task.obj (.text.l2capProcessOSALMsg)
                  0001c188    00000070              : OneLib_LL_ll_common.obj (.text.llEstimateConnMinTimeLength)
                  0001c1f8    00000070              : OneLib_LL_ll_common.obj (.text.llPeriSetConnSyncParams)
                  0001c268    00000070     main_freertos.o (.text.max31856_read_reg)
                  0001c2d8    00000070     StackWrapper.a : StackWrapper_OSAL_osal.obj (.text.osal_event_send)
                  0001c348    00000070     ti_freertos_config.o (.text.prvInitialiseNewTask)
                  0001c3b8    00000070     OneLib.a : OneLib_Host_SM_sm_pairing.obj (.text.smFreePairingParams)
                  0001c428    00000070     ti_freertos_config.o (.text.vTaskPriorityDisinheritAfterTimeout)
                  0001c498    0000006c     drivers_cc23x0r5.a : BatMonSupportLPF3.c.obj (.text.BatMonSupportLPF3_init)
                  0001c504    0000006c     secure_drivers_cc23x0r5.a : CryptoUtils.c.obj (.text.CryptoUtils_reverseCopyPad)
                  0001c570    0000006c     OneLib.a : OneLib_Host_Profiles_gapgattserver.obj (.text.GGS_SetParameter)
                  0001c5dc    0000006c     libsysbm.a : hostlseek.c.obj (.text.HOSTlseek)
                  0001c648    0000006c                : hostrename.c.obj (.text.HOSTrename)
                  0001c6b4    0000006c     OneLib.a : OneLib_LL_ll.obj (.text.LE_RemoveAdvSet)
                  0001c720    0000006c              : OneLib_LL_ll_enc.obj (.text.LL_ENC_Encrypt)
                  0001c78c    0000006c              : OneLib_LL_ll_isr.obj (.text.LL_rclAdvCallback)
                  0001c7f8    0000006c     nvocmp.o (.text.NVOCMP_getFreeNvApi)
                  0001c864    0000006c     nvocmp.o (.text.NVOCMP_readHeader)
                  0001c8d0    0000006c     OneLib.a : OneLib_LL_ll_common.obj (.text.RfBleDpl_setConnPhy)
                  0001c93c    0000006c     libc.a : fseek.c.obj (.text.fseeko)
                  0001c9a8    0000006c     OneLib.a : OneLib_Host_GAP_gap_perilinkmgr.obj (.text.gapPeriProcessConnUpdateCompleteEvt)
                  0001ca14    0000006c              : OneLib_Host_GAP_gap_configmgr.obj (.text.gapSendDeviceInitDoneEvent)
                  0001ca80    0000006c              : OneLib_Host_GAP_gap_configmgr.obj (.text.gapSetIRK)
                  0001caec    0000006c     libc.a : getdevice.c.obj (.text.getdevice)
                  0001cb58    0000006c     OneLib.a : OneLib_LL_ll_common.obj (.text.llAllocConnection)
                  0001cbc4    0000006c              : OneLib_LL_ll_ae.obj (.text.llCompareSecondaryPrimaryTasksQoSParam)
                  0001cc30    0000006c              : OneLib_LL_ll_common.obj (.text.llCreateCommonFeatureSet)
                  0001cc9c    0000006c              : OneLib_LL_ll_ble.obj (.text.llSetupConnRxDataEntryQueue)
                  0001cd08    0000006c              : OneLib_LL_ll_common.obj (.text.llUpdateRxBuffersForActiveConnections)
                  0001cd74    0000006c              : OneLib_LL_ll_ae.obj (.text.llUpdateSortedAdvList)
                  0001cde0    0000006c     ti_freertos_config.o (.text.prvCheckForValidListAndQueue)
                  0001ce4c    0000006c     ti_freertos_config.o (.text.vPortGetHeapStats)
                  0001ceb8    00000068     ti_freertos_config.o (.text.ClockP_start)
                  0001cf20    00000068     display_cc23x0r5.a : DisplayUart2.c.obj (.text.DisplayUart2Ansi_open)
                  0001cf88    00000068     secure_drivers_cc23x0r5.a : ECDHLPF3SW.c.obj (.text.ECDHLPF3SW_getKeyResult)
                  0001cff0    00000068     OneLib.a : OneLib_Host_GAP_gap_task.obj (.text.GAP_ProcessEvent)
                  0001d058    00000068     ecc.a : scalarMul.c.obj (.text.GETDIGITL2R)
                  0001d0c0    00000068     icall_POSIX.o (.text.ICall_enrollService)
                  0001d128    00000068     OneLib.a : OneLib_LL_ll_enc.obj (.text.LL_AESCCM_Init)
                  0001d190    00000068              : OneLib_LL_ll_enc.obj (.text.LL_AESECB_Init)
                  0001d1f8    00000068              : OneLib_LL_ll_ae.obj (.text.LL_DisableAdvSets)
                  0001d260    00000068              : OneLib_LL_ll_privacy.obj (.text.LL_PRIV_Init)
                  0001d2c8    00000068              : OneLib_HCI_hci_event.obj (.text.LL_RemoteConnParamReqCback)
                  0001d330    00000068              : OneLib_LL_ll.obj (.text.LL_WriteDefaultDataLen)
                  0001d398    00000068     rcl_cc23x0r5.a : LRFCC23X0.c.obj (.text.LRF_setTrimCommon)
                  0001d400    00000068     menu_module.o (.text.MenuModule_doInit)
                  0001d468    00000068     libclang_rt.builtins.a : comparedf2.c.obj (.text.__ledf2)
                  0001d4d0    00000068     drivers_cc23x0r5.a : SPILPF3DMA.c.obj (.text.csnCallback)
                  0001d538    00000068     OneLib.a : OneLib_Host_GAP_gap_linkmgr.obj (.text.gapSendPairingReqEvent)
                  0001d5a0    00000068              : OneLib_Host_GATT_gatt_client.obj (.text.gattReadByType)
                  0001d608    00000068              : OneLib_Host_GAP_linkdb.obj (.text.linkDB_Authen)
                  0001d670    00000068              : OneLib_Host_GAP_linkdb.obj (.text.linkDB_Init)
                  0001d6d8    00000068              : OneLib_LL_ll_common.obj (.text.llSetNextDataChan)
                  0001d740    00000068     ti_freertos_config.o (.text.mq_send)
                  0001d7a8    00000068     OneLib.a : OneLib_Host_SM_sm_rsppairing.obj (.text.smpResponderProcessCentralID)
                  0001d810    00000068              : OneLib_Host_SM_sm_rsppairing.obj (.text.smpResponderProcessPairingDHKeyCheck)
                  0001d878    00000068     drivers_cc23x0r5.a : SPILPF3DMA.c.obj (.text.spiPostNotify)
                  0001d8e0    00000066     OneLib.a : OneLib_HCI_hci_event_raw.obj (.text.HCI_SendCommandCompleteEvent)
                  0001d946    00000066     libc.a : _printfi.c.obj (.text._mcpy)
                  0001d9ac    00000064     secure_drivers_cc23x0r5.a : AESCommonLPF3.c.obj (.text.AESCommonLPF3_construct)
                  0001da10    00000064     app_main.o (.text.App_StackInitDoneHandler)
                  0001da74    00000064     bleapputil_init.o (.text.BLEAppUtil_initHostAdvSet)
                  0001dad8    00000064     secure_drivers_cc23x0r5.a : CryptoUtils.c.obj (.text.CryptoUtils_copyPad)
                  0001db3c    00000064     OneLib.a : OneLib_HCI_hci_event.obj (.text.HCI_VendorSpecifcCommandCompleteEvent)
                  0001dba0    00000064     driverlib.a : interrupt.c.obj (.text.IntSetPriority)
                  0001dc04    00000064     OneLib.a : OneLib_LL_ll.obj (.text.LL_ClearAdvSets)
                  0001dc68    00000064              : OneLib_HCI_hci_event.obj (.text.LL_ReadLocalP256PublicKeyCompleteEventCback)
                  0001dccc    00000064     rcl_cc23x0r5.a : ble5.c.obj (.text.RCL_Handler_BLE5_findRfFreq)
                  0001dd30    00000064                    : ble5.c.obj (.text.RCL_Handler_BLE5_updateConnStats)
                  0001dd94    00000064     drivers_cc23x0r5.a : UART2LPF3.c.obj (.text.UART2Support_dmaStopRx)
                  0001ddf8    00000064     libc.a : _io_perm.c.obj (.text.__TI_wrt_ok)
                  0001de5c    00000064     StackWrapper.a : StackWrapper_Host_gapbondmgr.obj (.text.gapBondStateDoGATTDisc)
                  0001dec0    00000064     OneLib.a : OneLib_LL_ll_common.obj (.text.llEnqueueCtrlPkt)
                  0001df24    00000064              : OneLib_LL_ll_common.obj (.text.llPeriUpdateConnParamsByInitiatorPhy)
                  0001df88    00000064              : OneLib_LL_ll_scheduler.obj (.text.llScheduler_getHandle)
                  0001dfec    00000064              : OneLib_LL_ll_ae.obj (.text.llSendAdvSetTermEvent)
                  0001e050    00000064     main_freertos.o (.text.main)
                  0001e0b4    00000064     ti_freertos_config.o (.text.xQueueGiveFromISR)
                  0001e118    00000064     ti_freertos_config.o (.text.xTaskCreate)
                  0001e17c    00000062     libclang_rt.builtins.a : aeabi_dcmp.S.obj (.text.__aeabi_dcmp)
                  0001e1de    00000062     StackWrapper.a : StackWrapper_Host_gapbondmgr.obj (.text.gapBondMgrBondReq)
                  0001e240    00000060     secure_drivers_cc23x0r5.a : AESCMACLPF3.c.obj (.text.AESCMACLPF3_hwiFxn)
                  0001e2a0    00000060     OneLib.a : OneLib_Host_ATT_att_util.obj (.text.ATT_ParsePacket)
                  0001e300    00000060     bleapputil_task.o (.text.BLEAppUtil_createBLEAppUtilTask)
                  0001e360    00000060     ti_freertos_config.o (.text.ClockP_stop)
                  0001e3c0    00000060     app_connection.o (.text.Connection_HciGAPEventHandler)
                  0001e420    00000060     OneLib.a : OneLib_HCI_hci.obj (.text.HCI_HostNumCompletedPktCmd)
                  0001e480    00000060     libsysbm.a : hostopen.c.obj (.text.HOSTopen)
                  0001e4e0    00000060     icall_POSIX.o (.text.ICall_sendServiceComplete)
                  0001e540    00000060     OneLib.a : OneLib_LL_ll_dfl.obj (.text.LL_DFL_AddEntry)
                  0001e5a0    00000060              : OneLib_LL_ll.obj (.text.LL_EncLtkNegReply)
                  0001e600    00000060     menu_module.o (.text.MenuModule_displayMenu)
                  0001e660    00000060     nvocmp.o (.text.NVOCMP_compactNvApi)
                  0001e6c0    00000060     rcl_cc23x0r5.a : ble5.c.obj (.text.RCL_BLE5_updateFilterList)
                  0001e720    00000060     StackWrapper.a : StackWrapper_Host_gapbondmgr.obj (.text.gapBondMgrUpdateLruBondList)
                  0001e780    00000060                    : StackWrapper_Host_gapbondmgr.obj (.text.gapBondMgr_Pair)
                  0001e7e0    00000060     icall_POSIX.o (.text.icall_directAPIva)
                  0001e840    00000060     OneLib.a : OneLib_LL_ll_common.obj (.text.llDequeueCtrlPkt)
                  0001e8a0    00000060              : OneLib_Host_SM_sm_task.obj (.text.smProcessLTKRequest_gapBond)
                  0001e900    00000060              : OneLib_Host_SM_sm_rsppairing.obj (.text.smpResponderProcessPairingPublicKey)
                  0001e960    00000060     ti_freertos_config.o (.text.xTaskPriorityDisinherit)
                  0001e9c0    0000005e     OneLib.a : OneLib_Host_L2CAP_l2cap_util.obj (.text.l2capNotifyEvent)
                  0001ea1e    00000002              : common_lib_opt_ctrl_stub_connection_handover.obj (.text.OPT_LL_Handover_SetRxBlockValue)
                  0001ea20    0000005c     secure_drivers_cc23x0r5.a : AESECBLPF3.c.obj (.text.AESECBLPF3_hwiFxn)
                  0001ea7c    0000005c     bleapputil_stack_callbacks.o (.text.BLEAppUtil_advCB)
                  0001ead8    0000005c     ti_freertos_config.o (.text.ClockP_walkQueueDynamic)
                  0001eb34    0000005c     secure_drivers_cc23x0r5.a : CryptoResourceLPF3.c.obj (.text.CryptoResourceLPF3_constructRTOSObjects)
                  0001eb90    0000005c     OneLib.a : OneLib_Host_GAP_gap_advertiser.obj (.text.GapAdv_abortLoad)
                  0001ebec    0000005c              : OneLib_HCI_hci_event_raw.obj (.text.HCI_getPacketLen)
                  0001ec48    0000005c     icall_POSIX.o (.text.ICall_createRemoteTasksAtRuntime)
                  0001eca4    0000005c     OneLib.a : OneLib_LL_ll.obj (.text.LL_Disconnect)
                  0001ed00    0000005c              : OneLib_LL_ll.obj (.text.LL_RemoveDeviceFromResolvingList)
                  0001ed5c    0000005c              : OneLib_LL_ll.obj (.text.LL_SetAddressResolutionEnable)
                  0001edb8    0000005c              : OneLib_LL_ll.obj (.text.LL_SetRandomAddress)
                  0001ee14    0000005c     nvocmp.o (.text.NVOCMP_checkItem)
                  0001ee70    0000005c     nvocmp.o (.text.NVOCMP_verifyCRC)
                  0001eecc    0000005c     rcl_cc23x0r5.a : adc_noise.c.obj (.text.RCL_Handler_Adc_Noise_powerDown)
                  0001ef28    0000005c     StackWrapper.a : StackWrapper_Host_sm_ecc.obj (.text.SM_p256KeyCB)
                  0001ef84    0000005c     simple_gatt_profile.o (.text.SimpleGattProfile_writeAttrCB)
                  0001efe0    0000005c     ti_freertos_config.o (.text.SwiP_post)
                  0001f03c    0000005c     libc.a : s_frexp.c.obj (.text.frexp)
                  0001f098    0000005c     StackWrapper.a : StackWrapper_Host_gapbondmgr.obj (.text.gapBondMgr_UpdateCharCfg)
                  0001f0f4    0000005c     OneLib.a : OneLib_Host_GAP_gap_configmgr.obj (.text.gap_ParamsInit)
                  0001f150    0000005c              : OneLib_LL_ll_common.obj (.text.llQueryTxQueue)
                  0001f1ac    0000005c     StackWrapper.a : StackWrapper_OSAL_osal_cbtimer.obj (.text.osal_CbTimerUpdate)
                  0001f208    0000005c                    : StackWrapper_OSAL_osal_timers.obj (.text.osal_timer_refTimeUpdate)
                  0001f264    0000005c     libc.a : printf.c.obj (.text.printf)
                  0001f2c0    0000005c     ti_freertos_config.o (.text.prvIdleTask)
                  0001f31c    0000005c     OneLib.a : OneLib_Host_SM_sm_rsppairing.obj (.text.smResponderAuthStageTwo)
                  0001f378    0000005a     StackWrapper.a : StackWrapper_Host_gapbondmgr.obj (.text.GapBondMgr_GetPrevAuth)
                  0001f3d2    0000005a     OneLib.a : OneLib_LL_ll_common.obj (.text.llValidateConnectIndPkt)
                  0001f42c    00000058     secure_drivers_cc23x0r5.a : AESECBLPF3.c.obj (.text.AESECBLPF3_processData)
                  0001f484    00000058     bleapputil_init.o (.text.BLEAppUtil_init)
                  0001f4dc    00000058     bleapputil_process.o (.text.BLEAppUtil_processStackEvents)
                  0001f534    00000058     bleapputil_init.o (.text.BLEAppUtil_stackInit)
                  0001f58c    00000058     drivers_cc23x0r5.a : Button.c.obj (.text.Button_gpioCallbackFxn)
                  0001f5e4    00000058     app_dev_info.o (.text.DevInfo_start)
                  0001f63c    00000058     libsysbm.a : hostread.c.obj (.text.HOSTread)
                  0001f694    00000058                : hostwrite.c.obj (.text.HOSTwrite)
                  0001f6ec    00000058     icall_POSIX.o (.text.ICall_fetchMsg)
                  0001f744    00000058     icall_POSIX.o (.text.ICall_workerThreadSendMsg)
                  0001f79c    00000058     OneLib.a : OneLib_LL_ll.obj (.text.LE_SetExtScanRspData)
                  0001f7f4    00000058              : OneLib_LL_ll.obj (.text.LE_checkAdvConnStatus)
                  0001f84c    00000058              : OneLib_LL_ll_enc.obj (.text.LL_ENC_DecryptMsg)
                  0001f8a4    00000058              : OneLib_LL_ll.obj (.text.LL_GenerateDHKeyCmd)
                  0001f8fc    00000058              : OneLib_HCI_hci_event_raw.obj (.text.LL_ReadRemoteUsedFeaturesCompleteCback)
                  0001f954    00000058     rcl_cc23x0r5.a : LRFCC23X0.c.obj (.text.LRF_setRxFifoEffSz)
                  0001f9ac    00000058     menu_module.o (.text.MenuModule_displayItem)
                  0001fa04    00000058     drivers_cc23x0r5.a : PowerCC23X0.c.obj (.text.Power_releaseDependency)
                  0001fa5c    00000058                        : PowerCC23X0.c.obj (.text.Power_setDependency)
                  0001fab4    00000058     libc.a : _ltoa.c.obj (.text.__TI_ltoa)
                  0001fb0c    00000058     libclang_rt.builtins.a : clzsi2.c.obj (.text.__clzsi2)
                  0001fb64    00000058     libc.a : _printfi.c.obj (.text._pconv_f)
                  0001fbbc    00000058     StackWrapper.a : StackWrapper_Host_gapbondmgr.obj (.text.gapBondMgrChangeState)
                  0001fc14    00000058     OneLib.a : OneLib_Host_GATT_gatt_server.obj (.text.gattProcessReadMultiReq)
                  0001fc6c    00000058              : OneLib_LL_ll_common.obj (.text.llShellSortActiveConns)
                  0001fcc4    00000058              : OneLib_LL_ll_ecc.obj (.text.ll_eccInit)
                  0001fd1c    00000058     ti_freertos_config.o (.text.pthread_exit)
                  0001fd74    00000058     OneLib.a : OneLib_Host_SM_sm_pairing.obj (.text.smDetermineIOCaps)
                  0001fdcc    00000058              : OneLib_Host_SM_sm_pairing.obj (.text.smSendPublicKeys)
                  0001fe24    00000058     osal_icall_ble.o (.text.stack_main)
                  0001fe7c    00000058     ti_freertos_config.o (.text.vTaskStartScheduler)
                  0001fed4    00000058     ti_freertos_config.o (.text.xQueueGenericCreate)
                  0001ff2c    00000056     StackWrapper.a : StackWrapper_Host_gapbondmgr.obj (.text.GAPBondMgr_ReadLocalLTK)
                  0001ff82    00000056     OneLib.a : OneLib_LL_ll.obj (.text.LE_SetExtAdvData)
                  0001ffd8    00000056     libclang_rt.builtins.a : aeabi_idivmod.S.obj (.text.__aeabi_idivmod)
                  0002002e    00000056     OneLib.a : OneLib_Host_GATT_gatt_client.obj (.text.gattFindByTypeValue)
                  00020084    00000056              : OneLib_LL_ll_common.obj (.text.llBuildCtrlPktPeri)
                  000200da    00000056              : OneLib_LL_ll_dfl.obj (.text.llDFLUpdateRanks)
                  00020130    00000054     ti_drivers_config.o (.text.Board_shutDownExtFlash)
                  00020184    00000054     display_cc23x0r5.a : Display.c.obj (.text.Display_doOpen)
                  000201d8    00000054     OneLib.a : OneLib_Host_GAP_gap_perilinkmgr.obj (.text.GAP_SendPeripheralSecurityRequest)
                  0002022c    00000054              : OneLib_Host_GAP_gap_configmgr.obj (.text.GapConfig_SetParameter)
                  00020280    00000054     icall_POSIX.o (.text.ICall_registerApp)
                  000202d4    00000054     OneLib.a : OneLib_LL_ll_enc.obj (.text.LL_ENC_AES128_Encrypt)
                  00020328    00000054              : OneLib_HCI_hci_event.obj (.text.LL_GenerateDHKeyCompleteEventCback)
                  0002037c    00000054              : OneLib_LL_ll_privacy.obj (.text.LL_PRIV_GenerateRPA)
                  000203d0    00000054     rcl_cc23x0r5.a : LRFCC23X0.c.obj (.text.LRF_readRxFifoWords)
                  00020424    00000054     menu_module.o (.text.MenuModule_initButtons)
                  00020478    00000054     rcl_cc23x0r5.a : RCL.c.obj (.text.RCL_Command_pend)
                  000204cc    00000054                    : RCL_Scheduler.c.obj (.text.RCL_Scheduler_setStartStopTimeEarliestStart)
                  00020520    00000054     drivers_cc23x0r5.a : UART2.c.obj (.text.UART2_readCancel)
                  00020574    00000054     OneLib.a : OneLib_Host_GAP_gap_linkmgr.obj (.text.gapPasskeyNeededCB)
                  000205c8    00000054              : OneLib_Host_GATT_gatt_task.obj (.text.gattNotifyEvent)
                  0002061c    00000054     rcl_cc23x0r5.a : hal_cc23x0.c.obj (.text.hal_check_clear_timer_compare)
                  00020670    00000054     OneLib.a : OneLib_Host_L2CAP_l2cap_util.obj (.text.l2capSendFCPkt)
                  000206c4    00000054              : OneLib_LL_ll_common.obj (.text.llAllocatePDU)
                  00020718    00000054              : OneLib_LL_ll_data.obj (.text.llDynamicFree_connectable)
                  0002076c    00000054              : OneLib_LL_ll_common.obj (.text.llSetCodedMaxTxTime)
                  000207c0    00000054              : OneLib_LL_ll_common.obj (.text.llVerifyCodedConnInterval)
                  00020814    00000054     StackWrapper.a : StackWrapper_OSAL_osal_clock.obj (.text.osalAdjustTimer)
                  00020868    00000054                    : StackWrapper_OSAL_osal_bufmgr.obj (.text.osal_bm_alloc)
                  000208bc    00000054     rcl_cc23x0r5.a : RCL.c.obj (.text.rclPowerNotify)
                  00020910    00000054     OneLib.a : OneLib_Host_SM_sm_rsppairing.obj (.text.smpResponderProcessIdentityAddrInfo)
                  00020964    00000052     StackWrapper.a : StackWrapper_Host_gap.obj (.text.GAP_DeviceInit_per_role)
                  000209b6    00000052     OneLib.a : OneLib_LL_ll.obj (.text.LL_EncLtkReply)
                  00020a08    00000052     libc.a : fflush.c.obj (.text.__TI_doflush)
                  00020a5a    00000052            : _printfi.c.obj (.text._ecpy)
                  00020aac    00000052     OneLib.a : OneLib_Host_GAP_gap_devmgr.obj (.text.gapFindADType)
                  00020afe    00000052              : OneLib_Host_GATT_gatt_client.obj (.text.gattPrepareWriteReq)
                  00020b50    00000052              : OneLib_LL_ll_common.obj (.text.llGetNextDataChanAlgo1)
                  00020ba2    00000052              : OneLib_LL_ll_ble.obj (.text.llMoveTempTxDataEntries)
                  00020bf4    00000052              : OneLib_Host_SMP_smp.obj (.text.smSendSMMsg)
                  00020c46    00000002              : common_lib_opt_ctrl_stub_power_control.obj (.text.OPT_LL_PwrCtrl_Close)
                  00020c48    00000050     secure_drivers_cc23x0r5.a : AESCCMLPF3.c.obj (.text.AESCCMLPF3_processB1withAAD)
                  00020c98    00000050                               : AESCTRLPF3.c.obj (.text.AESCTRLPF3_configDataDMA)
                  00020ce8    00000050     bleapputil_process.o (.text.BLEAppUtil_convertGATTEvents)
                  00020d38    00000050     bleapputil_stack_callbacks.o (.text.BLEAppUtil_passcodeCB)
                  00020d88    00000050     ti_drivers_config.o (.text.Board_sendExtFlashByte)
                  00020dd8    00000050     secure_drivers_cc23x0r5.a : ECCInitLPF3SW.c.obj (.text.ECCInitLPF3SW_NISTP256)
                  00020e28    00000050     OneLib.a : OneLib_Host_GAP_gap_linkmgr.obj (.text.GAP_Signable)
                  00020e78    00000050              : OneLib_Host_GAP_gap_advertiser.obj (.text.GapAdv_setEventMask)
                  00020ec8    00000050     StackWrapper.a : StackWrapper_Host_gapbondmgr.obj (.text.GapBondMgr_StartEnc)
                  00020f18    00000050     OneLib.a : OneLib_HCI_hci_event.obj (.text.HCI_CommandStatusEvent)
                  00020f68    00000050              : OneLib_HCI_hci_event_raw.obj (.text.HCI_SendEventToHost)
                  00020fb8    00000050     rcl_cc23x0r5.a : ble5.c.obj (.text.RCL_Handler_BLE5_initAdvScanInitStats)
                  00021008    00000050     secure_drivers_cc23x0r5.a : RNGLPF3RF.c.obj (.text.RNG_construct)
                  00021058    00000050     drivers_cc23x0r5.a : UDMALPF3.c.obj (.text.UDMALPF3_init)
                  000210a8    00000050     libsysbm.a : close.c.obj (.text.close)
                  000210f8    00000050     StackWrapper.a : StackWrapper_Host_gapbondmgr.obj (.text.gapBondMgrReadBonds)
                  00021148    00000050                    : StackWrapper_Host_gapbondmgr.obj (.text.gapBondMgr_SupportsCentAddrRes)
                  00021198    00000050     OneLib.a : OneLib_Host_GAP_gap_perilinkmgr.obj (.text.gapPeriProcessConnEvt)
                  000211e8    00000050              : OneLib_Host_GAP_gap_perilinkmgr.obj (.text.gap_PeriConnRegister)
                  00021238    00000050              : OneLib_Host_L2CAP_l2cap_util.obj (.text.l2capAllocConnChannel)
                  00021288    00000050              : OneLib_LL_ll_ae.obj (.text.llFindNextSecCmd)
                  000212d8    00000050              : OneLib_LL_ll_ae.obj (.text.llSendAdvSetEndEvent)
                  00021328    00000050     StackWrapper.a : StackWrapper_OSAL_osal_cbtimer.obj (.text.osal_CbTimerStop)
                  00021378    00000050     OneLib.a : OneLib_Host_SM_sm_pairing.obj (.text.smProcessPairingReq)
                  000213c8    00000050              : OneLib_Host_SM_sm_mgr.obj (.text.sm_s1)
                  00021418    00000050     ti_freertos_config.o (.text.xTaskCreateStatic)
                  00021468    0000004e     OneLib.a : OneLib_Host_ATT_att_util.obj (.text.ATT_CompareUUID)
                  000214b6    0000004e     ti_freertos_config.o (.text.realloc)
                  00021504    0000004c     secure_drivers_cc23x0r5.a : AESCommonLPF3.c.obj (.text.AESCommonLPF3_cleanup)
                  00021550    0000004c     bleapputil_process.o (.text.BLEAppUtil_convertHCIGAPEvents)
                  0002159c    0000004c     OneLib.a : OneLib_Host_GAP_gap_linkmgr.obj (.text.GAP_PasscodeUpdate)
                  000215e8    0000004c              : OneLib_Host_GAP_gap_linkmgr.obj (.text.GAP_TerminateLinkReq)
                  00021634    0000004c              : OneLib_Host_Profiles_gattservapp.obj (.text.GATTServApp_AddService)
                  00021680    0000004c     StackWrapper.a : StackWrapper_Host_gattservapp_util.obj (.text.GATTServApp_ProcessCCCWriteReq)
                  000216cc    0000004c     OneLib.a : OneLib_Host_Profiles_gattservapp.obj (.text.GATTServApp_SendCCCUpdatedEvent)
                  00021718    0000004c              : OneLib_Host_GATT_gatt_task.obj (.text.GATT_UpdateMTU)
                  00021764    0000004c              : OneLib_HCI_hci_event.obj (.text.HCI_HardwareErrorEvent)
                  000217b0    0000004c              : OneLib_HCI_hci_event_raw.obj (.text.HCI_InitEventMasks)
                  000217fc    0000004c              : OneLib_HCI_hci_event.obj (.text.HCI_NumOfCompletedPacketsEvent)
                  00021848    0000004c     driverlib.a : interrupt.c.obj (.text.IntSetPend)
                  00021894    0000004c     OneLib.a : OneLib_LL_ll.obj (.text.LL_ClearResolvingList)
                  000218e0    0000004c              : OneLib_LL_ll.obj (.text.LL_clearAllActiveConns)
                  0002192c    0000004c     driverlib.a : lrfd.c.obj (.text.LRFDApplyClockDependencies)
                  00021978    0000004c     rcl_cc23x0r5.a : LRFCC23X0.c.obj (.text.LRF_programTemperatureCompensatedTxPower)
                  000219c4    0000004c                    : LRFCC23X0.c.obj (.text.LRF_writeTxFifoWords)
                  00021a10    0000004c     ti_freertos_config.o (.text.MessageQueueP_pend)
                  00021a5c    0000004c     ti_freertos_config.o (.text.MessageQueueP_post)
                  00021aa8    0000004c     rcl_cc23x0r5.a : RCL.c.obj (.text.RCL_open)
                  00021af4    0000004c     ti_freertos_config.o (.text.SemaphoreP_construct)
                  00021b40    0000004c     ti_freertos_config.o (.text.__aeabi_errno_addr)
                  00021b8c    0000004c     app_main.o (.text.appMain)
                  00021bd8    0000004c     OneLib.a : OneLib_Host_GAP_gap_configmgr.obj (.text.gapReadBufSizeCmdStatus)
                  00021c24    0000004c              : OneLib_Host_Profiles_gattservapp.obj (.text.gattServApp_ClearPrepareWriteQ)
                  00021c70    0000004c              : OneLib_LL_ll_common.obj (.text.llGenPrnE)
                  00021cbc    0000004c              : OneLib_LL_ll_common.obj (.text.llProcessChanMap)
                  00021d08    0000004c              : OneLib_LL_ll_ae.obj (.text.llRemoveAdvSortedEntry)
                  00021d54    0000004c              : OneLib_LL_ll_scheduler.obj (.text.llSelectTaskAdv)
                  00021da0    0000004c              : OneLib_LL_ll_common.obj (.text.llSetStarvationMode)
                  00021dec    0000004c     ti_freertos_config.o (.text.removeThreadKeys)
                  00021e38    0000004c     OneLib.a : OneLib_Host_SM_sm_pairing.obj (.text.smGenerateAddrInput_sPatch)
                  00021e84    0000004c              : OneLib_Host_SM_sm_pairing.obj (.text.sm_computeDHKey)
                  00021ed0    0000004c     libc.a : snprintf.c.obj (.text.snprintf)
                  00021f1c    0000004c     ti_freertos_config.o (.text.xTaskCheckForTimeOut)
                  00021f68    0000004a     rcl_cc23x0r5.a : LRF.c.obj (.text.LRF_loadImage)
                  00021fb2    00000002     OneLib.a : common_lib_opt_ctrl_stub_power_control.obj (.text.OPT_LL_PwrCtrl_CloseConn)
                  00021fb4    0000004a     libclang_rt.builtins.a : fixdfsi.S.obj (.text.__fixdfsi)
                  00021ffe    0000004a     ti_freertos_config.o (.text.calloc)
                  00022048    0000004a     OneLib.a : OneLib_Host_GAP_linkdb.obj (.text.linkDB_GetInfo)
                  00022092    0000004a              : OneLib_LL_ll_common.obj (.text.llGetNextDataChanAlgo2)
                  000220dc    0000004a     main_freertos.o (.text.max31856_write_reg)
                  00022126    0000004a     ecc.a : lowlevelapi.c.obj (.text.zADD32)
                  00022170    00000048     secure_drivers_cc23x0r5.a : AESCCMLPF3.c.obj (.text.AESCCMLPF3_processCTRCounterBlock)
                  000221b8    00000048                               : AESCCMLPF3.c.obj (.text.AESCCMLPF3_processOneStepCTRPolling)
                  00022200    00000048     bleapputil_process.o (.text.BLEAppUtil_callEventHandler)
                  00022248    00000048     bleapputil_init.o (.text.BLEAppUtil_invokeFunction)
                  00022290    00000048     bleapputil_stack_callbacks.o (.text.BLEAppUtil_processStackMsgCB)
                  000222d8    00000048     ti_freertos_config.o (.text.ClockP_construct)
                  00022320    00000048     OneLib.a : OneLib_Host_Profiles_gattservapp.obj (.text.GATTServApp_SendServiceChangedInd)
                  00022368    00000048     libsysbm.a : hostclose.c.obj (.text.HOSTclose)
                  000223b0    00000048                : hostunlink.c.obj (.text.HOSTunlink)
                  000223f8    00000048     icall_POSIX.o (.text.ICall_newTask)
                  00022440    00000048     icall_POSIX.o (.text.ICall_wait)
                  00022488    00000048     OneLib.a : OneLib_LL_ll_ae.obj (.text.LL_AE_Init)
                  000224d0    00000048              : OneLib_HCI_hci_event.obj (.text.LL_ConnParamUpdateCback)
                  00022518    00000048              : OneLib_HCI_hci_event.obj (.text.LL_ConnParamUpdateRejectCback)
                  00022560    00000048              : OneLib_HCI_hci_event.obj (.text.LL_DataLengthChangeEventCback)
                  000225a8    00000048              : OneLib_HCI_hci_event.obj (.text.LL_EncLtkReqCback)
                  000225f0    00000048              : OneLib_LL_ll.obj (.text.LL_RemoteConnParamReqNegReply)
                  00022638    00000048              : OneLib_LL_ll.obj (.text.LL_SetResolvablePrivateAddressTimeout)
                  00022680    00000048     rcl_cc23x0r5.a : LRFCC23X0.c.obj (.text.LRF_setTemperatureTrim)
                  000226c8    00000048     nvocmp.o (.text.NVOCMP_loadApiPtrsMin)
                  00022710    00000048     nvocmp.o (.text.NVOCMP_readItem)
                  00022758    00000048     drivers_cc23x0r5.a : NVS.c.obj (.text.NVS_open)
                  000227a0    00000048                        : PowerCC23X0.c.obj (.text.PowerCC23X0_hfxtAmpsettledTimeout)
                  000227e8    00000048                        : PowerCC23X0.c.obj (.text.PowerLPF3_getHfxtAmpAdjustment)
                  00022830    00000048     rcl_cc23x0r5.a : RCL_Scheduler.c.obj (.text.RCL_Scheduler_postEvent)
                  00022878    00000048     drivers_cc23x0r5.a : RingBuf.c.obj (.text.RingBuf_put)
                  000228c0    00000048                        : TemperatureLPF3.c.obj (.text.degreesToCode)
                  00022908    00000048     StackWrapper.a : StackWrapper_Host_gapbondmgr.obj (.text.gapBondStateStartNextGATTDisc)
                  00022950    00000048     OneLib.a : OneLib_Host_GAP_gap_linkmgr.obj (.text.gapFreeAuthLink)
                  00022998    00000048              : OneLib_Host_GATT_gatt_server.obj (.text.gattProcessReadByGrpTypeReq)
                  000229e0    00000048              : OneLib_HCI_hci_event_raw.obj (.text.hciAllocAndPrepHciEvtPkt)
                  00022a28    00000048              : OneLib_Host_L2CAP_l2cap_util.obj (.text.l2capNotifySignal)
                  00022a70    00000048              : OneLib_Host_L2CAP_l2cap_util.obj (.text.l2capSendPkt)
                  00022ab8    00000048              : OneLib_LL_ll_common.obj (.text.llCalcConnMissCount)
                  00022b00    00000048              : OneLib_LL_ll_common.obj (.text.llConnSetupBuffers)
                  00022b48    00000048              : OneLib_LL_ll_common.obj (.text.llPostSetupCtrlPktPeri)
[...]
20006934  localEccKeys                                     
20006978  extScanCmd                                       
200069b8  nvFptrs                                          
200069f4  l2capFixedChannels                               
20006a24  linkCBs                                          
20006a54  AESECBLPF3_objects                               
20006a80  mutex                                            
20006aac  rclSchedulerState                                
20006afc  operationCCM                                     
20006b60  RNG_instancePool                                 
20006b80  gapBond_localOobData                             
20006ba0  localPrivKeyMaterial                             
20006bf8  CryptoResourceLPF3_hwi                           
20006c14  clockHwi                                         
20006c30  gapParams                                        
20006c4c  workerThreadEntity                               
20006c68  connOutput                                       
20006ca8  operationComputeSharedSecret                     
20006cbc  remoteTaskParams                                 
20006cd0  gLtkReqDetails                                   
20006ce2  deviceFeatureSet                                 
20006cf4  cryptoKey                                        
20006d04  eccParams                                        
20006d14  encParamsCCM                                     
20006d24  encParamsECB                                     
20006d34  gRankFLTable                                     
20006d44  llTaskList                                       
20006d54  localPrivateKey                                  
20006d64  localPublicKey                                   
20006d74  operationECB                                     
20006d84  operationGeneratePublicKey                       
20006d94  remotePublicKey                                  
20006da4  sharedSecret                                     
20006ddc  displayUart2Object                               
20006de8  swParamList                                      
20006e04  parmbuf                                          
20006e14  BLEAppUtil_theardEntity                          
20006e1c  POSIX_args                                       
20006e24  RNGLPF3RF_objects                                
20006e2c  gParamUpdateReq                                  
20006e34  llConnEvtNotice                                  
20006e3c  llConns                                          
20006e44  privInfo                                         
20006e4c  rclState                                         
20006e54  gapCurrentRandomAddr                             
20006e5a  buildInfo                                        
20006e5c  ownPublicAddr                                    
20006e62  connInitialMaxTxOctets                           
20006e64  ownRandomAddr                                    
20006e6a  connInitialMaxTxTime                             
20006e6c  ownSavedPublicAddr                               
20006e72  verInfo                                          
20006e7d  gAntennasInfo                                    
20006ea0  BDAddrPerConnHandle                              
20006ea4  RemoteTask                                       
20006ea8  SysBootMsg                                       
20006eac  activeConns                                      
20006eb0  alTable                                          
20006eb4  alTableScan                                      
20006eb8  appInitDoneHandler                               
20006ebc  dtmInfo                                          
20006ec0  ecdhHandle                                       
20006ec4  encHandleCCM                                     
20006ec8  encHandleECB                                     
20006ecc  errorHandlerCb                                   
20006ed0  extStackSettings                                 
20006ed4  handle_left                                      
20006ed8  handle_right                                     
20006edc  l2capChannels                                    
20006ee0  l2capPsm                                         
20006ee4  linkDB                                           
20006ee8  operationResult                                  
20006eec  osal_last_timestamp                              
20006ef0  osal_max_msecs                                   
20006ef4  osal_qHead                                       
20006ef8  osal_syncHandle                                  
20006efc  osal_tickperiod                                  
20006f00  pNextAdvSet                                      
20006f04  pRfPathComp                                      
20006f08  resolvingList                                    
20006f0c  rfHandle                                         
20006f10  rngHandle                                        
20006f14  taskEndAction                                    
20006f18  tasksEvents                                      
20006f1c  timerHead                                        
20006f20  connInitialMaxTxTimeCoded                        
20006f22  connInitialMaxTxTimeUncoded                      
20006f24  currentTemperature                               
20006f26  maximumPduSize                                   
20006f28  pwrmgr_attribute                                 
20006f2a  supportedMaxRxOctets                             
20006f2c  supportedMaxRxTime                               
20006f2e  supportedMaxTxOctets                             
20006f30  supportedMaxTxTime                               
20006f32  LL_TaskID                                        
20006f33  NVOCMP_size                                      
20006f34  NVSLPF3_objects                                  
20006f35  adcNoiseHandlerState                             
20006f36  aeCurAdvEnableHandle                             
20006f37  aeCurConnHandle                                  
20006f38  aeCurHandle                                      
20006f39  alSize                                           
20006f3a  defaultPhy                                       
20006f3b  extInitIndex                                     
20006f3c  extScanIndex                                     
20006f3d  fastTxRespTime                                   
20006f3e  gAction                                          
20006f3f  gCurTxPowerVal                                   
20006f40  gapDeviceAddrMode                                
20006f41  gapTaskID                                        
20006f42  gattNumConns                                     
20006f43  gattTaskID                                       
20006f44  hciGapTaskID                                     
20006f45  hciL2capTaskID                                   
20006f46  hciSmpTaskID                                     
20006f47  hciTaskID                                        
20006f48  hciTestTaskID                                    
20006f49  hciVsEvtMask                                     
20006f4a  icall_liteTaskId                                 
20006f4b  l2capNumChannels                                 
20006f4c  l2capTaskID                                      
20006f4d  l2cap_gattServAppTaskID                          
20006f4e  linkDBNumConns                                   
20006f4f  llState                                          
20006f50  maxNumConns                                      
20006f51  maxNumTxDataBufs                                 
20006f52  maxTxPwrForDTM                                   
20006f53  numActiveAdvSets                                 
20006f54  numComplPkts                                     
20006f55  numComplPktsFlush                                
20006f56  numComplPktsLimit                                
20006f57  numTxDataBufs                                    
20006f58  onePktPerEvt                                     
20006f59  osal_entity                                      
20006f5a  peripheralAdvHandle_1                            
20006f5b  rlSize                                           
20006f5c  rxFifoFlowCtrl                                   
20006f5d  secondaryAdvChannelMapPopCount                   
20006f5e  slOverride                                       
20006f5f  smGenerateDHKeyStatus                            
20006f60  smReadLocalP256PublicKeyStatus                   
20006f61  smTaskID                                         
200071d8  _ftable                                          
200072c8  gapAttrTbl                                       
200074fa  smExpectAppKeysInd                               
200074fb  SM_appTaskID                                     
200074fc  _device                                          
2000770c  HwiP_swiPIntNum                                  
20007728  gpioPinConfigs                                   
20007790  gapBond_removeLRUBond                            
20007791  gapBond_syncRL                                   
200077ac  gapBondStateNodeHead                             
200077b0  gapBond_lruBondList                              
200077c0  clientCbs                                        
200077d4  gapBond_remoteOobData                            
20007958  _stream                                          
200079f4  llUserConfig                                     
20007a3c  sm_eccKeys_sc_host_debug                         
20007a7c  ctrlToHostEnable                                 
20007a7e  numHostBufs                                      
20007a80  centAddrRes                                      
20007a81  resolvablePrivateAddressOnly                     
20007a82  appearance                                       
20007a88  periConnParameters                               
20007a90  deviceName                                       
20007b0a  gapAppTaskID                                     
20007b0b  gapEndAppTaskID                                  
20007b0c  linkParam                                        
20007b10  rxDataQ                                          
20007b34  appMainPeriCentParams                            
20007b3c  appMainParams                                    
20007b60  dispHandle                                       
20007b84  eccParams_NISTP256                               
20007ba8  gapProfileRole                                   
20007ba9  gapConfig_IRK                                    
20007bb9  gapConfig_SRK                                    
20007bc9  l2capNumDataPkts                                 
20007bca  flowCtrlTaskId                                   
20007bcb  flowCtrlFwdTaskId                                
20007bcc  l2capNumPSM                                      
20007bcd  l2capNumCoChannels                               
20007bce  l2capUserConfig                                  
20007bf0  enckey                                           
20007c10  attDeviceName                                    
20007c30  gapParameters                                    
20007c52  rclTemperatureThreshold                          
20007c6c  advParams1                                       
20007c88  hciEvtMaskLe                                     
20007c90  hciEvtMaskPage1                                  
20007c98  hciEvtMaskPage2                                  
20007ca0  connectionConnHandler                            
20007cac  connectionHciGAPHandler                          
20007cb8  pairingPasscodeHandler                           
20007cc4  PairingPairStateHandler                          
20007cd0  peripheralConnHandler                            
20007cdc  peripheralAdvHandler                             
20007ce8  scanResData1                                     
20007cfe  baseTaskID                                       
20007d00  maxSupportedAdvSets                              
20007d01  aePeripheralSCA                                  
20007d02  extScanPriority                                  
20007d04  extScanNumMissed                                 
20007d08  advSetList                                       
20007d0c  extScanInfo                                      
20007d10  extInitInfo                                      
20007d14  DisplayUart2Ansi_escInitial                      
20007d28  randomAddressConfigured                          
20007d2c  defaultChannelMap                                
20007d34  secondaryAdvChannelMap                           
20007d8e  devInfo11073CertUUID                             
20007da4  osal_eventloop_hook                              
20007da8  osal_icallMsg_hook                               
20007db0  BLEAppUtilLocal_GeneralParams                    
20007db4  BLEAppUtilLocal_PeriCentParams                   
20007db8  BLEAppUtil_bondMgrCBs                            
20007def  gapBondParams                                    
20007dfe  devInfoFirmwareRevUUID                           
20007e00  pPairingParams                                   
20007e04  pfnResponderCBs                                  
20007e08  pfnInitiatorCBs                                  
20007e18  ICall_enterCriticalSection                       
20007e1c  ICall_leaveCriticalSection                       
20007e20  ICall_dispatcher                                 
20007e24  halSchedFsmCb                                    
20007e28  halDispatchFsmCb                                 
20007e2c  halCommandFsmCb                                  
20007e30  bleAppServiceInfoTable                           
20007e3c  dataGATTHandler                                  
20007e48  hciEvtMask                                       
20007e5d  devInfoHardwareRevUUID                           
20007e70  terminateReason                                  
20007e72  gParamUpdateConnHandle                           
20007e74  pAuthLink                                        
20007e90  assertSubcause                                   
20007e91  legacyMode                                       
20007e94  halAssertCback                                   
20007e98  bm_preReleaseBuffCB                              
20007ea0  OSAL_timeSeconds                                 
20007ea8  __TI_cleanup_ptr                                 
20007eac  __TI_dtors_ptr                                   
20007eb0  fXtalInv                                         
20007eb8  rclHandles                                       
20007ec0  user0Cfg                                         
20007ec8  advData1                                         
20007ecf  pRandomAddress                                   
20007ed5  DisplayUart2Ansi_escClearScreen                  
20007eda  defaultTxPowerDbm                                
20007edc  bleUserCfg_maxPduSize                            
20007ee2  devInfoMfrNameUUID                               
20007ee4  BLEAppUtilEventHandlersHead                      
20007eec  RNGLPF3RF_noiseConditioningKeyWord0              
20007ef0  RNGLPF3RF_noiseConditioningKeyWord1              
20007ef4  RNGLPF3RF_noiseConditioningKeyWord2              
20007ef8  RNGLPF3RF_noiseConditioningKeyWord3              
20007efc  __TI_ft_end                                      
20007f00  _lock                                            
20007f04  _unlock                                          
20007f08  appAssertCback                                   
20007f0c  attClientNotifyTxCB                              
20007f10  attServerNotifyTxCB                              
20007f18  ggs_AppCBs                                       
20007f1c  linkCmd                                          
20007f20  pAdvDataEntry                                    
20007f24  pGapPeripheralConnCBs                            
20007f2c  pSmResponderCBs                                  
20007f30  pfnBMAlloc                                       
20007f34  pfnBMFree                                        
20007f38  pfnBondMgrCBs                                    
20007f3c  pfnCentralConnCBs                                
20007f40  pfnPeripheralConnCBs                             
20007f44  pxCurrentTCB                                     
20007f58  txDataQ                                          
20007f60  devInfoModelNumberUUID                           
20007f62  devInfoPnpIdUUID                                 
20007f64  devInfoSerialNumberUUID                          
20007f66  devInfoServUUID                                  
20007f68  devInfoSoftwareRevUUID                           
20007f6a  devInfoSystemIdUUID                              
20007f6c  disconnectImmedConnId                            
20007f6e  l2capMtuSize                                     
20007f72  llUserConfig_maxPduSize                          
20007f74  maxExtAdvDataLen                                 
20007f76  simpleGattProfile_ServUUID                       
20007f78  simpleGattProfile_char1UUID                      
20007f7a  simpleGattProfile_char2UUID                      
20007f7c  simpleGattProfile_char3UUID                      
20007f7e  simpleGattProfile_char4UUID                      
20007f80  simpleGattProfile_char5UUID                      
20007f82  simpleGattProfile_char6UUID                      
20007f84  smRspWaitingConnHandle                           
20007f86  appTaskID                                        
20007f87  appearanceCharProps                              
20007f88  att_sendRspOnly                                  
20007f89  centAddrResCharProps                             
20007f8a  channel2usage                                    
20007f94  deviceNameCharProps                              
20007f95  extScanChanMap                                   
20007f96  gapState                                         
20007f97  gapUnwantedTaskID                                
20007f99  hciPTMenabled                                    
20007fa2  l2capFlowCtrlMode                                
20007fa3  l2capId                                          
20007fa4  linkDB_secureConnectionOnlyMode                  
20007fa5  periConnParamCharProps                           
20007fa6  pwrmgr_initialized                               
20007fa7  qosDefaultPriorityAdvParameter                   
20007fa8  qosDefaultPriorityConnParameter                  
20007fa9  rclPbeGpoMask                                    
20007fab  resolvablePrivateAddressOnlyCharProps            
20007fb4  smAllowDebugKeysMode                             
20007fb5  smAppProcessLTKRequest                           
20007fb6  smAuthenPairingOnlyMode                          
20008c00  __stack                                          
20009000  __STACK_END                                      
20009000  __STACK_TOP                                      
4e020000  ccfg                                             
4e020000  ti_utils_build_GenMap_sym_CRC_CCFG_BOOT_CFG_begin
4e02000b  ti_utils_build_GenMap_sym_CRC_CCFG_BOOT_CFG_end  
4e020010  ti_utils_build_GenMap_sym_CRC_CCFG_begin         
4e02074b  ti_utils_build_GenMap_sym_CRC_CCFG_end           
4e0207d0  ti_utils_build_GenMap_sym_CRC_CCFG_DEBUG_begin   
4e0207fb  ti_utils_build_GenMap_sym_CRC_CCFG_DEBUG_end     
90000000  TimestampP_nativeFormat64_copy                   
90000004  TimestampP_nativeFormat32_copy                   
ffffffff  __TI_pprof_out_hndl                              
ffffffff  __TI_prof_data_size                              
ffffffff  __TI_prof_data_start                             
ffffffff  __binit__                                        
ffffffff  binit                                            
UNDEFED   RCL_Debug_assertProxy                            
UNDEFED   RCL_Profiling_eventHook                          
UNDEFED   __mpu_init                                       
UNDEFED   _system_post_cinit                               

[2360 symbols]
