******************************************************************************
            TI ARM Clang Linker PC v4.0.3                      
******************************************************************************
>> Linked Mon Sep 22 11:28:59 2025

OUTPUT FILE NAME:   <onoff_light_LP_EM_CC2340R5_freertos_ticlang.out>
ENTRY POINT SYMBOL: "resetISR"  address: 00043561


MEMORY CONFIGURATION

         name            origin    length      used     unused   attr    fill
----------------------  --------  ---------  --------  --------  ----  --------
  FLASH                 00000000   0007f000  00048fb4  0003604c  R  X
  NVRAM                 0007f000   00001000  00001000  00000000  R  X
  SRAM                  20000000   00009000  00007ab8  00001548  RW X
  S2RRAM                40098000   00001000  00000000  00001000  RW  
  CCFG                  4e020000   00000800  00000800  00000000  R   
  LOG_DATA              90000000   00040000  00000000  00040000  R   
  LOG_PTR               94000008   00040000  00000000  00040000  R   


SEGMENT ALLOCATION MAP

run origin  load origin   length   init length attrs members
----------  ----------- ---------- ----------- ----- -------
00000000    00000000    000453f8   000453f8    r-x
  00000000    00000000    0000008c   0000008c    r-- .resetVecs
  00000090    00000090    00045368   00045368    r-x .text
00045400    00045400    00003bc0   00003bc0    r--
  00045400    00045400    00003950   00003950    r-- .rodata
  00048d50    00048d50    00000270   00000270    r-- .cinit
0007f000    0007f000    00001000   00000000    rw-
  0007f000    0007f000    00001000   00000000    rw- .TI.bound:flashBuf0
20000440    20000440    00000020   00000000    rw-
  20000440    20000440    00000010   00000000    rw- .TI.bound:dmaChannel4ControlTableEntry
  20000450    20000450    00000010   00000000    rw- .TI.bound:dmaChannel5ControlTableEntry
20000460    20000460    00007610   00000000    rw-
  20000460    20000460    000046cc   00000000    rw- .bss
  20004b30    20004b30    00002f40   00000000    rw- .data
20008c00    20008c00    00000400   00000000    rw-
  20008c00    20008c00    00000400   00000000    rw- .stack
4e020000    4e020000    00000800   00000800    r--
  4e020000    4e020000    00000800   00000800    r-- .ccfg


SECTION ALLOCATION MAP

 output                                  attributes/
section   page    origin      length       input sections
--------  ----  ----------  ----------   ----------------
.resetVecs 
*          0    00000000    0000008c     
                  00000000    0000008c     ti_freertos_config.o (.resetVecs)

.binit     0    00000000    00000000     

.text      0    00000090    00045368     
                  00000090    00003bc4     zb_r23_zdo_zc_zr.a : zdo_rx.c.o (.text.zb_zdo_data_indication)
                  00003c54    00001e6c     zb_r23_core_zc_zr.a : zb_nvram.c.o (.text.zb_nvram_load)
                  00005ac0    00001760     ti_f3_main.o (.text.main_task_function)
                  00007220    00001294     zb_r23_core_zc_zr.a : nwk_main.c.o (.text.nwk_frame_indication)
                  000084b4    000010fc     rcl_cc23x0r5.a : ieee.c.obj (.text.RCL_Handler_Ieee_RxTx)
                  000095b0    00000fbc     zb_r23_core_zc_zr.a : aps_main.c.o (.text.zb_nlde_data_indication_continue)
                  0000a56c    00000fac     {202C013E-66D1-4DB8-8875-8104414F314D} (.text.write_dataset_body_by_type)
                  0000b518    00000f40     zb_r23_core_zc_zr.a : nwk_main.c.o (.text.zb_mcps_data_indication_process_nwk)
                  0000c458    000009a4     {202C013E-66D1-4DB8-8875-8104414F314D} (.text.ep_process_zcl_cmd)
                  0000cdfc    000008fc     {202C013E-66D1-4DB8-8875-8104414F314D} (.text.zgp_specific_cluster_cmd_handler)
                  0000d6f8    000008e8     zb_r23_core_zc_zr.a : mac.c.o (.text.zb_mac_logic_iteration)
                  0000dfe0    00000848                         : nwk_main.c.o (.text.zb_nwk_handle_mcps_data_confirm)
                  0000e828    00000808     {202C013E-66D1-4DB8-8875-8104414F314D} (.text:__TI_printfi)
                  0000f030    000007c0     zb_r23_core_zc_zr.a : zgp_stub.c.o (.text.zb_gp_mcps_data_indication)
                  0000f7f0    000006e8     zb_r23_zcl_zc_zr.a : zcl_scenes.c.o (.text.zb_zcl_process_scenes_specific_commands_srv)
                  0000fed8    000006c0     zb_r23_core_zc_zr.a : nwk_discovery.c.o (.text.zb_mlme_beacon_notify_indication)
                  00010598    00000624     {202C013E-66D1-4DB8-8875-8104414F314D} (.text.zb_apsde_data_request_main)
                  00010bbc    000005f4     zb_r23_core_zc_zr.a : zgp_stub.c.o (.text.zb_zgp_try_bidir_tx)
                  000111b0    000005a0     zb_r23_zcl_zc_zr.a : zcl_on_off_commands.c.o (.text.zb_zcl_process_on_off_specific_commands_srv)
                  00011750    00000554     zb_r23_core_zc_zr.a : nwk_main.c.o (.text.zb_nwk_forward)
                  00011ca4    00000554     zb_r23_zcl_zc_zr.a : zcl_groups.c.o (.text.zb_zcl_process_groups_commands_srv)
                  000121f8    00000534     {202C013E-66D1-4DB8-8875-8104414F314D} (.text.zb_sw_crypto_scalarmult)
                  0001272c    000004ac     {202C013E-66D1-4DB8-8875-8104414F314D} (.text.done_with_frag_tx_ack)
                  00012bd8    0000044c     zb_r23_ti_platform_zc_zr.a : ti_f3_mac.c.o (.text.rfCallback)
                  00013024    0000043c     zb_r23_zdo_zc_zr.a : af_rx.c.o (.text.zb_apsde_data_acknowledged)
                  00013460    00000430                        : zdo_app.c.o (.text.zb_aps_command_confirm)
                  00013890    00000420     zb_r23_core_zc_zr.a : nwk_discovery.c.o (.text.zb_mlme_scan_confirm)
                  00013cb0    00000410                         : nwk_join.c.o (.text.zb_nlme_rejoin_response)
                  000140c0    000003cc                         : aps_main.c.o (.text.zb_apsde_data_request)
                  0001448c    000003b4                         : nwk_cr_mesh_routing.c.o (.text.zb_nwk_mesh_rreq_handler)
                  00014840    000003b0     {202C013E-66D1-4DB8-8875-8104414F314D} (.text.nwk_formation_select_channel)
                  00014bf0    000003b0     {202C013E-66D1-4DB8-8875-8104414F314D} (.text.zb_zcl_read_attr_handler_continue)
                  00014fa0    000003a8     zb_r23_zcl_zc_zr.a : zcl_reporting.c.o (.text.zb_zcl_report_attr)
                  00015348    00000374     zb_r23_core_zc_zr.a : zdo_secur.c.o (.text.zb_apsme_transport_key_indication)
                  000156bc    00000374     zb_r23_zcl_zc_zr.a : zcl_general_commands.c.o (.text.zb_zcl_write_attr_handler)
                  00015a30    00000368     zb_r23_core_zc_zr.a : zdo_secur.c.o (.text.zb_authenticate_dev)
                  00015d98    00000360     {202C013E-66D1-4DB8-8875-8104414F314D} (.text.zb_nwk_accept_child)
                  000160f8    00000360     {202C013E-66D1-4DB8-8875-8104414F314D} (.text.zb_zdo_common_response_handler)
                  00016458    00000344     zb_r23_core_zc_zr.a : mac_pib.c.o (.text.zb_mlme_set_request_sync)
                  0001679c    00000338                         : aps_secur.c.o (.text.zb_aps_unsecure_frame)
                  00016ad4    0000031c                         : aps_main.c.o (.text.zb_nlde_data_confirm)
                  00016df0    00000300                         : apsme_secur.c.o (.text.zb_aps_in_transport_key)
                  000170f0    000002fc     {202C013E-66D1-4DB8-8875-8104414F314D} (.text.bdb_handle_comm_signal)
                  000173ec    000002fc     zb_r23_zdo_zc_zr.a : zdo_bind_manage.c.o (.text.zb_zdo_bind_unbind_res)
                  000176e8    000002f4     rcl_cc23x0r5.a : LRFCC23X0.c.obj (.text.LRF_temperatureCompensateTrim)
                  000179dc    000002d4     zb_r23_core_zc_zr.a : aps_main.c.o (.text.zb_nlde_data_indication)
                  00017cb0    000002c8     rcl_cc23x0r5.a : LRF.c.obj (.text.LRF_applySettings)
                  00017f78    000002b4     secure_drivers_cc23x0r5.a : AESCMACLPF3.c.obj (.text.AESCMAC_oneStepSign)
                  0001822c    000002b0     {202C013E-66D1-4DB8-8875-8104414F314D} (.text.bdb_network_steering_machine)
                  000184dc    000002a8     zb_r23_core_zc_zr.a : aps_bind.c.o (.text.zb_apsme_bind_request)
                  00018784    000002a4     rcl_cc23x0r5.a : LRFCC23X0.c.obj (.text.LRF_programFrequency)
                  00018a28    000002a4     {202C013E-66D1-4DB8-8875-8104414F314D} (.text.bdb_rejoin_machine)
                  00018ccc    00000298     {202C013E-66D1-4DB8-8875-8104414F314D} (.text.zdo_ed_scan_completed_channel_manager)
                  00018f64    00000294     {202C013E-66D1-4DB8-8875-8104414F314D} (.text.aps_ack_send_handle)
                  000191f8    00000294     zb_r23_core_zc_zr.a : zb_scheduler.c.o (.text.zb_schedule_alarm)
                  0001948c    00000294     {202C013E-66D1-4DB8-8875-8104414F314D} (.text.zb_zcl_finish_and_send_packet_common)
                  00019720    00000280     {202C013E-66D1-4DB8-8875-8104414F314D} (.text.zb_nvram_get_length_dataset)
                  000199a0    00000280     {202C013E-66D1-4DB8-8875-8104414F314D} (.text.zgp_proxy_entry_update)
                  00019c20    0000027c     zb_r23_core_zc_zr.a : secur_formation.c.o (.text.zb_apsme_transport_key_request)
                  00019e9c    00000278     zb_r23_ti_platform_zc_zr.a : ti_f3_mac.c.o (.text.mac_ti23xx_radio_init)
                  0001a114    00000278     zb_r23_core_zc_zr.a : aps_secur.c.o (.text.zb_aps_secure_frame)
                  0001a38c    00000278     zb_r23_zdo_zc_zr.a : zdo_app_join.c.o (.text.zb_nlme_network_discovery_confirm)
                  0001a604    00000274     zb_r23_core_zc_zr.a : zdo_secur.c.o (.text.zb_zdo_secur_ecdhe_key_generate)
                  0001a878    00000270     {202C013E-66D1-4DB8-8875-8104414F314D} (.text.process_binding_for_respondent)
                  0001aae8    0000026c     on_off_light.o (.text.zboss_signal_handler)
                  0001ad54    00000254     zb_r23_core_zc_zr.a : zb_address.c.o (.text.zb_address_update)
                  0001afa8    00000250                         : aps_main.c.o (.text.zb_aps_ack_timer_cb)
                  0001b1f8    0000023c     rcl_cc23x0r5.a : ieee.c.obj (.text.RCL_Handler_Ieee_processRxAction)
                  0001b434    00000234     {202C013E-66D1-4DB8-8875-8104414F314D} (.text.zb_nvram_migrate_current_page)
                  0001b668    00000234     zb_r23_core_zc_zr.a : nwk_cr_parent.c.o (.text.zb_nwk_do_update_beacon_payload)
                  0001b89c    00000234     {202C013E-66D1-4DB8-8875-8104414F314D} (.text.zgp_proxy_send_gp_notification)
                  0001bad0    00000230     {202C013E-66D1-4DB8-8875-8104414F314D} (.text.done_with_this_ack)
                  0001bd00    00000230     {202C013E-66D1-4DB8-8875-8104414F314D} (.text.sendTx)
                  0001bf30    00000230     zb_r23_core_zc_zr.a : nwk_join.c.o (.text.zb_mlme_associate_confirm)
                  0001c160    00000230                         : nwk_nlme.c.o (.text.zb_nlme_leave_request)
                  0001c390    0000022c     {202C013E-66D1-4DB8-8875-8104414F314D} (.text.zcl_write_attr_post_process)
                  0001c5bc    00000224     zb_r23_core_zc_zr.a : mac_scan.c.o (.text.zb_mlme_scan_step)
                  0001c7e0    00000224                         : nwk_broadcasting.c.o (.text.zb_nwk_broadcasting_transmit)
                  0001ca04    00000218     {202C013E-66D1-4DB8-8875-8104414F314D} (.text.convert_beacon_to_exneighbor)
                  0001cc1c    00000214     {202C013E-66D1-4DB8-8875-8104414F314D} (.text._pconv_a)
                  0001ce30    00000214     zb_r23_zdo_zc_zr.a : zdo_wwah_survey_beacons.c.o (.text.zb_nlme_beacon_survey_scan_confirm)
                  0001d044    00000214     {202C013E-66D1-4DB8-8875-8104414F314D} (.text.zb_process_bind_trans)
                  0001d258    00000210     zb_r23_core_zc_zr.a : apsme_secur.c.o (.text.zb_aps_in_confirm_key)
                  0001d468    0000020c     rcl_cc23x0r5.a : adc_noise.c.obj (.text.RCL_Handler_ADC_Noise_getNoise)
                  0001d674    00000208     zb_r23_core_zc_zr.a : zdo_commissioning_bdb.c.o (.text.bdb_commissioning_machine)
                  0001d87c    00000204                         : nwk_join.c.o (.text.zb_nlme_join_request)
                  0001da80    00000200                         : nwk_join.c.o (.text.nwk_choose_parent)
                  0001dc80    00000200     rcl_cc23x0r5.a : RCL.c.obj (.text.rclCommandHwi)
                  0001de80    00000200     {202C013E-66D1-4DB8-8875-8104414F314D} (.text.zb_aps_out_frag_schedule_send_next_block)
                  0001e080    000001f8     zb_r23_zdo_zc_zr.a : zdo_app.c.o (.text.zb_apsde_data_confirm)
                  0001e278    000001f4     {202C013E-66D1-4DB8-8875-8104414F314D} (.text.nwk_association_join)
                  0001e46c    000001f4     {202C013E-66D1-4DB8-8875-8104414F314D} (.text.zb_aps_unsecure_frame_bykey)
                  0001e660    000001f4     zb_r23_zcl_zc_zr.a : zcl_reporting.c.o (.text.zb_zcl_mark_attr_for_reporting_manuf)
                  0001e854    000001f0     {202C013E-66D1-4DB8-8875-8104414F314D} (.text.find_datasets_on_page)
                  0001ea44    000001ec     rcl_cc23x0r5.a : LRFCC23X0.c.obj (.text.LRF_setupRadio)
                  0001ec30    000001ec     zb_r23_core_zc_zr.a : nwk_main.c.o (.text.zb_nwk_do_leave)
                  0001ee1c    000001e0     {202C013E-66D1-4DB8-8875-8104414F314D} (.text.zb_zcl_scenes_process_add_scene_command)
                  0001effc    000001dc     zb_r23_core_zc_zr.a : zgp_cluster_gp.c.o (.text.zgp_proxy_handle_gp_response)
                  0001f1d8    000001d8                         : mac.c.o (.text.zb_mac_send_frame)
                  0001f3b0    000001d4     {202C013E-66D1-4DB8-8875-8104414F314D} (.text.addr_add)
                  0001f584    000001d0     secure_drivers_cc23x0r5.a : AESCTRLPF3.c.obj (.text.AESCTR_oneStepEncrypt)
                  0001f754    000001d0     {202C013E-66D1-4DB8-8875-8104414F314D} (.text._pconv_g)
                  0001f924    000001d0     zb_r23_core_zc_zr.a : nwk_link_status.c.o (.text.zb_nwk_send_link_status_command)
                  0001faf4    000001cc                         : apsme_secur.c.o (.text.zb_aps_in_relay)
                  0001fcc0    000001cc                         : zgp_stub.c.o (.text.zb_gp_data_req)
                  0001fe8c    000001cc     {202C013E-66D1-4DB8-8875-8104414F314D} (.text.zb_zcl_disc_attr_handler)
                  00020058    000001c8     {202C013E-66D1-4DB8-8875-8104414F314D} (.text.zb_nlme_rejoin_resp_sent_cont)
                  00020220    000001bc     {202C013E-66D1-4DB8-8875-8104414F314D} (.text.nwk_alloc_and_fill_hdr_int)
                  000203dc    000001b8     rcl_cc23x0r5.a : ieee.c.obj (.text.RCL_Handler_Ieee_updateSrcMatchTableShort)
                  00020594    000001b8     {202C013E-66D1-4DB8-8875-8104414F314D} (.text.add_group_handler)
                  0002074c    000001b8     zb_r23_core_zc_zr.a : mac_pib.c.o (.text.zb_mlme_get_request)
                  00020904    000001b8                         : zdo_secur.c.o (.text.zb_secur_update_key_pair_ex)
                  00020abc    000001b4     zb_r23_zcl_zc_zr.a : zcl_identify_commands.c.o (.text.zb_zcl_process_identify_specific_commands_srv)
                  00020c70    000001b4     libc.a : _printfi.c.obj (.text:__TI_printfi)
                  00020e24    000001b0     zb_r23_ti_platform_zc_zr.a : ti_f3_crypto.c.o (.text.hw_aes128)
                  00020fd4    000001b0     {202C013E-66D1-4DB8-8875-8104414F314D} (.text.nwk_broadcasting_brrt_countdown_alarm)
                  00021184    000001ac     zb_r23_core_zc_zr.a : mac.c.o (.text.zb_mlme_handle_in_command)
                  00021330    000001a8     ti_f3_main.o (.text.main)
                  000214d8    000001a8     zb_r23_core_zc_zr.a : nwk_disc_table.c.o (.text.zb_nwk_neighbor_ext_to_base)
                  00021680    000001a8     {202C013E-66D1-4DB8-8875-8104414F314D} (.text.zgp_proxy_table_entry_over_the_air_transmission)
                  00021828    000001a0     {202C013E-66D1-4DB8-8875-8104414F314D} (.text.zb_aps_send_command_main)
                  000219c8    000001a0     zb_r23_zdo_zc_zr.a : zdo_app_leave.c.o (.text.zb_nlme_leave_indication)
                  00021b68    0000019c     zb_r23_core_zc_zr.a : aps_main.c.o (.text.zb_aps_hdr_parse)
                  00021d04    00000198                         : nwk_cr_join.c.o (.text.zb_mlme_comm_status_indication)
                  00021e9c    00000194     {202C013E-66D1-4DB8-8875-8104414F314D} (.text.migrate_curr_page_to_new_version)
                  00022030    00000194     zb_r23_core_zc_zr.a : zdo_secur.c.o (.text.zb_apsme_request_key_indication)
                  000221c4    00000194     zb_r23_zcl_zc_zr.a : zcl_common.c.o (.text.zb_zcl_process_device_command)
                  00022358    00000194                        : zcl_s_wwah.c.o (.text.zb_zcl_wwah_periodic_checkin_match_desc_req)
                  000224ec    00000192     libclang_rt.builtins.a : adddf3.S.obj (.text.adddf3_subdf3)
                  0002267e    00000002     rcl_cc23x0r5.a : RCL_Gpio.c.obj (.text.RCL_GPIO_disable)
                  00022680    00000190     zb_r23_core_zc_zr.a : nwk_secur.c.o (.text.zb_nwk_secure_frame)
                  00022810    0000018c     ti_freertos_config.o (.text.xQueueSemaphoreTake)
                  0002299c    00000184     zb_r23_core_zc_zr.a : mac_scan.c.o (.text.zb_mlme_scan_request)
                  00022b20    00000184                         : nwk_cr_mesh_routing.c.o (.text.zb_nwk_mesh_route_discovery)
                  00022ca4    00000184     zb_r23_zcl_zc_zr.a : zcl_general_commands.c.o (.text.zb_zcl_discover_commands_res)
                  00022e28    00000180     zb_r23_core_zc_zr.a : nwk_nlme.c.o (.text.zb_nwk_load_pib_stm)
                  00022fa8    0000017c     {202C013E-66D1-4DB8-8875-8104414F314D} (.text.mlme_get_mac_diag_info)
                  00023124    00000174     zb_r23_core_zc_zr.a : mac_scan.c.o (.text.zb_mac_send_enhanced_beacon_request_command)
                  00023298    00000174     {202C013E-66D1-4DB8-8875-8104414F314D} (.text.zdo_get_mac_diag_info_cb)
                  0002340c    0000016c     zb_r23_core_zc_zr.a : mac_data.c.o (.text.zb_mcps_data_request)
                  00023578    00000168     {202C013E-66D1-4DB8-8875-8104414F314D} (.text.zb_zcl_scenes_process_view_scene_command)
                  000236e0    00000164     zb_r23_zdo_zc_zr.a : zdo_app_leave.c.o (.text.zb_nlme_leave_confirm)
                  00023844    00000164                        : zdo_poll.c.o (.text.zb_nlme_sync_confirm)
                  000239a8    00000164     zb_r23_core_zc_zr.a : nwk_link_status.c.o (.text.zb_nwk_add_age_neighbor_alarm)
                  00023b0c    00000160                         : zgp_stub.c.o (.text.zgp_key_recovery)
                  00023c6c    00000150     {202C013E-66D1-4DB8-8875-8104414F314D} (.text.prvTimerTask)
                  00023dbc    0000014c     {202C013E-66D1-4DB8-8875-8104414F314D} (.text.RNGLPF3RF_generateEntropy)
                  00023f08    00000148     zb_r23_zdo_zc_zr.a : zdo_tlv_mgmt.c.o (.text.zb_zdo_encapsulation_process_tlv)
                  00024050    00000144     zb_r23_core_zc_zr.a : aps_main.c.o (.text.zb_aps_clear_after_leave)
                  00024194    00000144                         : bdb_finding_binding.c.o (.text.zb_bdb_process_identify_query_res)
                  000242d8    00000144                         : nwk_cr_join.c.o (.text.zb_nlme_rejoin_request_handler)
                  0002441c    00000144     {202C013E-66D1-4DB8-8875-8104414F314D} (.text.zb_zgp_cluster_gp_comm_notification_req)
                  00024560    00000140     drivers_cc23x0r5.a : NVSLPF3.c.obj (.text.NVSLPF3_write)
                  000246a0    00000140     zb_r23_core_zc_zr.a : zdo_commissioning_bdb.c.o (.text.bdb_initialization_procedure)
                  000247e0    00000140     rcl_cc23x0r5.a : RCL.c.obj (.text.rclStop)
                  00024920    00000140     ti_freertos_config.o (.text.xQueueGenericSend)
                  00024a60    0000013c     {202C013E-66D1-4DB8-8875-8104414F314D} (.text.process_ed_timeout_resp)
                  00024b9c    0000013c     zb_r23_core_zc_zr.a : mac.c.o (.text.zb_mac_change_channel)
                  00024cd8    00000138     rcl_cc23x0r5.a : RCL_Scheduler.c.obj (.text.rclSchedulerProcessCmdStartStopTime)
                  00024e10    00000138     zb_r23_zdo_zc_zr.a : af_rx.c.o (.text.zb_apsde_data_indication)
                  00024f48    00000138     zb_r23_core_zc_zr.a : secur_ccm.c.o (.text.zb_ccm_auth_trans)
                  00025080    00000138     zb_r23_zdo_zc_zr.a : zdo_disc_cli.c.o (.text.zb_zdo_initiate_nwk_addr_req_2param)
                  000251b8    00000134     {202C013E-66D1-4DB8-8875-8104414F314D} (.text.add_rev_route)
                  000252ec    00000134     {202C013E-66D1-4DB8-8875-8104414F314D} (.text.fcvt)
                  00025420    00000134     {202C013E-66D1-4DB8-8875-8104414F314D} (.text.nwk_broadcasting_unicast_transmission)
                  00025554    00000134     {202C013E-66D1-4DB8-8875-8104414F314D} (.text.prvAddNewTaskToReadyList)
                  00025688    00000134     zb_r23_zdo_zc_zr.a : zdo_app.c.o (.text.zdo_send_parent_annce)
                  000257bc    00000130     {202C013E-66D1-4DB8-8875-8104414F314D} (.text.zb_zdo_node_desc_req_2param_cb)
                  000258ec    0000012c     zb_r23_core_zc_zr.a : nwk_cr_join.c.o (.text.zb_mlme_associate_indication)
                  00025a18    0000012c                         : nwk_cr_formation.c.o (.text.zb_nlme_network_formation_request)
                  00025b44    0000012c     zb_r23_zcl_zc_zr.a : zcl_s_wwah.c.o (.text.zb_zcl_wwah_periodic_checkin_tc_poll)
                  00025c70    0000012c     zb_r23_zdo_zc_zr.a : zdo_bind_manage.c.o (.text.zb_zdo_get_group_membership_req)
                  00025d9c    00000128     zb_r23_zcl_zc_zr.a : zcl_common.c.o (.text.zb_zcl_get_attribute_size)
                  00025ec4    00000124     rcl_cc23x0r5.a : ieee.c.obj (.text.RCL_IEEE_updateSourceMatchingTableShort)
                  00025fe8    00000124     {202C013E-66D1-4DB8-8875-8104414F314D} (.text.zb_nwk_send_router_record_if_needed)
                  0002610c    00000124     {202C013E-66D1-4DB8-8875-8104414F314D} (.text.zdo_ed_scan_completed_by_update_request)
                  00026230    00000124     zb_r23_zdo_zc_zr.a : zdo_rx.c.o (.text.zdo_parent_annce_handler)
                  00026354    00000120                        : zdo_commissioning.c.o (.text.zdo_commissioning_leave_done)
                  00026474    0000011c     {202C013E-66D1-4DB8-8875-8104414F314D} (.text._pconv_e)
                  00026590    0000011c     {202C013E-66D1-4DB8-8875-8104414F314D} (.text.allocate_buffer_unsafe)
                  000266ac    0000011c     zb_r23_core_zc_zr.a : aps_main.c.o (.text.aps_data_hdr_fill_datareq)
                  000267c8    0000011c     ti_freertos_config.o (.text.xQueueReceive)
                  000268e4    0000011c     zb_r23_core_zc_zr.a : bdb_finding_binding.c.o (.text.zb_bdb_active_eps_check_cb)
                  00026a00    0000011c                         : zb_scheduler.c.o (.text.zb_schedule_alarm_cancel)
                  00026b1c    0000011c     zb_r23_zdo_zc_zr.a : zdo_disc_cli.c.o (.text.zb_zdo_init_node_desc_req_2param)
                  00026c38    00000118     {202C013E-66D1-4DB8-8875-8104414F314D} (.text.nwk_formation_ed_scan_confirm)
                  00026d50    00000118     zb_r23_core_zc_zr.a : nwk_cr_mesh_routing.c.o (.text.zb_nwk_mesh_expiry_pending)
                  00026e68    00000118                         : zdo_secur.c.o (.text.zb_zdo_secur_send_challenge_req)
                  00026f80    00000114     {202C013E-66D1-4DB8-8875-8104414F314D} (.text.AESCTRDRBG_reseed)
                  00027094    00000114     {202C013E-66D1-4DB8-8875-8104414F314D} (.text.__TI_closefile)
                  000271a8    00000114     {202C013E-66D1-4DB8-8875-8104414F314D} (.text.bdb_initialization_machine)
                  000272bc    00000114     zb_r23_core_zc_zr.a : zdo_secur.c.o (.text.secur_authenticate_child)
                  000273d0    00000114     ti_freertos_config.o (.text.xTaskResumeAll)
                  000274e4    00000114     zb_r23_core_zc_zr.a : zb_nwk_ed_aging.c.o (.text.zb_mcps_poll_indication)
                  000275f8    00000114     zb_r23_zdo_zc_zr.a : zdo_commissioning.c.o (.text.zdo_commissioning_join_via_scanlist)
                  0002770c    00000110     {202C013E-66D1-4DB8-8875-8104414F314D} (.text.check_in_handle_check_binding_confirm)
                  0002781c    00000110     zb_r23_core_zc_zr.a : mac_cr_data.c.o (.text.zb_accept_data_request_cmd)
                  0002792c    00000110                         : nwk_address_conflict.c.o (.text.zb_nwk_is_conflict_addr)
                  00027a3c    00000110     {202C013E-66D1-4DB8-8875-8104414F314D} (.text.zgp_proxy_send_next_gp_notification)
                  00027b4c    0000010c     libclang_rt.builtins.a : divdf3.S.obj (.text.__divdf3)
                  00027c58    0000010c     zb_r23_core_zc_zr.a : aps_secur.c.o (.text.zb_aps_secure_frame_by_key)
                  00027d64    0000010c     {202C013E-66D1-4DB8-8875-8104414F314D} (.text.zb_zcl_send_command_short_alias)
                  00027e70    0000010a     {202C013E-66D1-4DB8-8875-8104414F314D} (.text._outs)
                  00027f7a    00000002     rcl_cc23x0r5.a : RCL_Gpio.c.obj (.text.RCL_GPIO_enable)
                  00027f7c    00000108     zb_r23_core_zc_zr.a : zgp_cluster_gp.c.o (.text.zb_gp_proxy_data_indication)
                  00028084    00000108                         : mac_data.c.o (.text.zb_handle_mcps_data_req)
                  0002818c    00000108     {202C013E-66D1-4DB8-8875-8104414F314D} (.text.zb_handle_mlme_orphan_response)
                  00028294    00000108     zb_r23_core_zc_zr.a : zdo_secur.c.o (.text.zb_zdo_secur_ecdhe_start)
                  0002839c    00000108     {202C013E-66D1-4DB8-8875-8104414F314D} (.text.zdo_mgmt_leave_local)
                  000284a4    00000104     ti_freertos_config.o (.text.PowerCC23X0_standbyPolicy)
                  000285a8    00000100     rcl_cc23x0r5.a : RCL.c.obj (.text.rclSchedulerHwi)
                  000286a8    00000100     ti_freertos_config.o (.text.xTaskIncrementTick)
                  000287a8    00000100     zb_r23_core_zc_zr.a : mac_cr_data.c.o (.text.zb_mcps_purge_indirect_queue_request)
                  000288a8    00000100                         : nwk_main.c.o (.text.zb_nwk_forget_device)
                  000289a8    000000fc     {202C013E-66D1-4DB8-8875-8104414F314D} (.text.aps_in_frag_do_merge_blocks)
                  00028aa4    000000fc     {202C013E-66D1-4DB8-8875-8104414F314D} (.text.zb_zdo_mgmt_permit_joining_req)
                  00028ba0    000000f8     {202C013E-66D1-4DB8-8875-8104414F314D} (.text.zb_nvram_dataset_data_is_valid)
                  00028c98    000000f8     zb_r23_core_zc_zr.a : zb_nvram.c.o (.text.zb_nvram_write_end)
                  00028d90    000000f8                         : ic_secur.c.o (.text.zb_secur_ic_get_key_by_address)
                  00028e88    000000f8     zb_r23_zdo_zc_zr.a : af_descriptor.c.o (.text.zb_set_node_descriptor)
                  00028f80    000000f8     zb_r23_zcl_zc_zr.a : zcl_common.c.o (.text.zb_zcl_check_attribute_writable)
                  00029078    000000f8     {202C013E-66D1-4DB8-8875-8104414F314D} (.text.zb_zcl_on_off_timer_handler)
                  00029170    000000f6     {202C013E-66D1-4DB8-8875-8104414F314D} (.text.encrypt_trans)
                  00029266    00000002     rcl_cc23x0r5.a : RCL.c.obj (.text.RCL_phyHook)
                  00029268    000000f4     zb_r23_core_zc_zr.a : aps_main.c.o (.text.zb_apsde_data_request_relay)
                  0002935c    000000f4     zb_r23_ti_platform_zc_zr.a : ti_f3_nvram.c.o (.text.zb_osif_nvram_erase_async)
                  00029450    000000f0     zb_r23_core_zc_zr.a : zdo_secur.c.o (.text.zb_apsme_update_device_indication)
                  00029540    000000f0                         : bdb_finding_binding.c.o (.text.zb_bdb_process_ext_addr_resp)
                  00029630    000000f0     zb_r23_zcl_zc_zr.a : zcl_reporting.c.o (.text.zb_zcl_reporting_timer_handler)
                  00029720    000000f0     {202C013E-66D1-4DB8-8875-8104414F314D} (.text.zdo_diagnostics_get_mac_stats_cb)
                  00029810    000000ec     zb_r23_core_zc_zr.a : aps_main.c.o (.text.zb_aps_pass_group_msg_up)
                  000298fc    000000ec                         : apsme_secur.c.o (.text.zb_apsme_update_device_request)
                  000299e8    000000ec                         : nwk_cr_mesh_routing.c.o (.text.zb_nwk_mesh_expiry_route_disc)
                  00029ad4    000000ec     {202C013E-66D1-4DB8-8875-8104414F314D} (.text.zb_run_ed_aging)
                  00029bc0    000000ec     zb_r23_core_zc_zr.a : zdo_secur.c.o (.text.zb_zdo_sec_st_key_neg_rsp_send)
                  00029cac    000000e4     libclang_rt.builtins.a : muldf3.S.obj (.text.__muldf3)
                  00029d90    000000e4     {202C013E-66D1-4DB8-8875-8104414F314D} (.text.bdb_restore_saved_rr)
                  00029e74    000000e4     zb_r23_core_zc_zr.a : zb_address.c.o (.text.zb_address_set_pan_id)
                  00029f58    000000e4     {202C013E-66D1-4DB8-8875-8104414F314D} (.text.zb_apsme_unbind_all)
                  0002a03c    000000e4     zb_r23_core_zc_zr.a : zb_nwk_ed_aging.c.o (.text.zb_nwk_restart_aging)
                  0002a120    000000e4     {202C013E-66D1-4DB8-8875-8104414F314D} (.text.zgp_proxy_table_response_req)
                  0002a204    000000e2     {202C013E-66D1-4DB8-8875-8104414F314D} (.text.zb_zcl_put_attribute_value)
                  0002a2e6    00000002     libclang_rt.builtins.a : aeabi_div0.c.obj (.text.__aeabi_idiv0)
                  0002a2e8    000000e0     zb_r23_core_zc_zr.a : zdo_commissioning_bdb.c.o (.text.bdb_force_link)
                  0002a3c8    000000e0     {202C013E-66D1-4DB8-8875-8104414F314D} (.text.ed_scan_assemble_result)
                  0002a4a8    000000e0     zb_r23_core_zc_zr.a : aps_bind.c.o (.text.zb_apsme_unbind_by_ref)
                  0002a588    000000e0                         : nwk_main.c.o (.text.zb_nlde_data_request)
                  0002a668    000000e0     {202C013E-66D1-4DB8-8875-8104414F314D} (.text.zb_zdo_pim_turbo_poll_adaptation)
                  0002a748    000000e0     zb_r23_core_zc_zr.a : zdo_secur.c.o (.text.zb_zdo_select_key_neg_method)
                  0002a828    000000e0     zb_r23_zdo_zc_zr.a : zdo_common.c.o (.text.zdo_send_req_by_short)
                  0002a908    000000dc     ti_freertos_config.o (.text.pvPortMalloc)
                  0002a9e4    000000dc     zb_r23_core_zc_zr.a : nwk_address_conflict.c.o (.text.zb_nwk_change_my_child_addr)
                  0002aac0    000000dc                         : nwk_neighbor.c.o (.text.zb_nwk_neighbor_get)
                  0002ab9c    000000dc     zb_r23_zdo_zc_zr.a : zdo_tlv_mgmt.c.o (.text.zb_zdo_upd_key_req_process_tlv)
                  0002ac78    000000d8     libc.a : s_scalbn.c.obj (.text.ldexp)
                  0002ad50    000000d8     {202C013E-66D1-4DB8-8875-8104414F314D} (.text.nvram_read_aps_keypair)
                  0002ae28    000000d8     rcl_cc23x0r5.a : RCL.c.obj (.text.rclDispatchHwi)
                  0002af00    000000d8     zb_r23_core_zc_zr.a : mac.c.o (.text.zb_handle_mlme_poll_request)
                  0002afd8    000000d8     {202C013E-66D1-4DB8-8875-8104414F314D} (.text.zb_nwk_source_route_discovery)
                  0002b0b0    000000d8     zb_r23_core_zc_zr.a : zb_scheduler.c.o (.text.zb_schedule_alarm_cancel_compare)
                  0002b188    000000d8     zb_r23_zdo_zc_zr.a : zdo_diagnostics.c.o (.text.zdo_diagnostics_inc)
                  0002b260    000000d4     drivers_cc23x0r5.a : PowerCC23X0.c.obj (.text.Power_init)
                  0002b334    000000d4     zb_r23_core_zc_zr.a : secur_formation.c.o (.text.secur_authenticate_child_directly)
                  0002b408    000000d4     {202C013E-66D1-4DB8-8875-8104414F314D} (.text.zb_nvram_read_aps_counters)
                  0002b4dc    000000d4     zb_r23_zdo_zc_zr.a : zdo_commissioning.c.o (.text.zdo_commissioning_dev_annce_sent)
                  0002b5b0    000000d0     zb_r23_core_zc_zr.a : nwk_main.c.o (.text.mcps_indication_process_in)
                  0002b680    000000d0     ti_freertos_config.o (.text.pthread_create)
                  0002b750    000000d0     {202C013E-66D1-4DB8-8875-8104414F314D} (.text.register_zdo_cb)
                  0002b820    000000d0     zb_r23_core_zc_zr.a : aps_main.c.o (.text.zb_aps_add_max_trans_size)
                  0002b8f0    000000d0     {202C013E-66D1-4DB8-8875-8104414F314D} (.text.zb_check_frag_queue_cleanup_and_send_fail_confirm)
                  0002b9c0    000000d0     zb_r23_core_zc_zr.a : nwk_join.c.o (.text.zb_nlme_rejoin_scan_confirm)
                  0002ba90    000000d0                         : nwk_broadcasting.c.o (.text.zb_nwk_broadcasting_clear)
                  0002bb60    000000d0                         : nwk_neighbor.c.o (.text.zb_nwk_nbt_get_entry_for_substitution)
                  0002bc30    000000d0     zb_r23_zcl_zc_zr.a : zcl_s_wwah.c.o (.text.zb_zcl_wwah_send_survey_beacons_response)
                  0002bd00    000000cc     {202C013E-66D1-4DB8-8875-8104414F314D} (.text.PowerCC23X0_oscillatorISR)
                  0002bdcc    000000cc     zb_r23_core_zc_zr.a : nwk_nlme.c.o (.text.zb_nlme_reset_request)
                  0002be98    000000cc                         : nwk_nlme.c.o (.text.zb_nlme_sync_request)
                  0002bf64    000000cc     zb_r23_ti_platform_zc_zr.a : ti_f3_crypto.c.o (.text.zb_osif_random_hw)
                  0002c030    000000cc     zb_r23_core_zc_zr.a : mac_common.c.o (.text.zb_parse_mhr_ptr)
                  0002c0fc    000000cc     {202C013E-66D1-4DB8-8875-8104414F314D} (.text.zb_zcl_conform_singleton)
                  0002c1c8    000000cc     zb_r23_core_zc_zr.a : zdo_secur.c.o (.text.zb_zdo_sec_st_key_neg_req_send)
                  0002c294    000000cc     {202C013E-66D1-4DB8-8875-8104414F314D} (.text.zdo_initiate_rejoin_cont)
                  0002c360    000000cc     {202C013E-66D1-4DB8-8875-8104414F314D} (.text.zgp_send_cluster_gp_comm_notification_req)
                  0002c42c    000000c8     libc.a : _io_perm.c.obj (.text.__TI_wrt_ok)
                  0002c4f4    000000c8     {202C013E-66D1-4DB8-8875-8104414F314D} (.text.do_send_leave_frame)
                  0002c5bc    000000c8     zb_r23_ti_platform_zc_zr.a : ti_f3_mac.c.o (.text.mac_ti23xx_trans_set_rx_on_off)
                  0002c684    000000c8     zb_r23_core_zc_zr.a : apsme_secur.c.o (.text.zb_apsme_verify_key_req)
                  0002c74c    000000c8                         : mac_cr_associate.c.o (.text.zb_mlme_associate_response)
                  0002c814    000000c8     zb_r23_zdo_zc_zr.a : zdo_formation.c.o (.text.zdo_start_formation)
                  0002c8dc    000000c4     {202C013E-66D1-4DB8-8875-8104414F314D} (.text.bdb_key_exchg_node_desc_callback)
                  0002c9a0    000000c4     zb_r23_core_zc_zr.a : mac_associate.c.o (.text.mac_call_associate_confirm_fail)
                  0002ca64    000000c4                         : zb_bufpool_mult.c.o (.text.zb_buf_free_func)
                  0002cb28    000000c4     {202C013E-66D1-4DB8-8875-8104414F314D} (.text.zb_nwk_mesh_send_rrep)
                  0002cbec    000000c4     {202C013E-66D1-4DB8-8875-8104414F314D} (.text.zgp_mlme_set_cfm_cb)
                  0002ccb0    000000c0     {202C013E-66D1-4DB8-8875-8104414F314D} (.text.bdb_formation)
                  0002cd70    000000c0     {202C013E-66D1-4DB8-8875-8104414F314D} (.text.check_gpdf_for_dup)
                  0002ce30    000000c0     zb_r23_core_zc_zr.a : zgp_stub.c.o (.text.zb_gp_data_cfm)
                  0002cef0    000000c0                         : mac_cr_data.c.o (.text.zb_handle_data_request_cmd_continue)
                  0002cfb0    000000c0     zb_r23_zdo_zc_zr.a : zdo_formation.c.o (.text.zb_nlme_network_formation_confirm)
                  0002d070    000000c0     zb_r23_zcl_zc_zr.a : zcl_reporting.c.o (.text.zb_zcl_find_reporting_info_manuf)
                  0002d130    000000bc     {202C013E-66D1-4DB8-8875-8104414F314D} (.text.fill_and_send_tk_from_ecdhe_ref)
                  0002d1ec    000000bc     {202C013E-66D1-4DB8-8875-8104414F314D} (.text.tc_send_2_app_link_keys)
                  0002d2a8    000000bc     ti_freertos_config.o (.text.vTaskSuspend)
                  0002d364    000000bc     zb_r23_core_zc_zr.a : mac_cr_coordinator.c.o (.text.zb_handle_beacon_req)
                  0002d420    000000bc                         : nwk_formation.c.o (.text.zb_nwk_handle_mlme_start_confirm)
                  0002d4dc    000000bc     {202C013E-66D1-4DB8-8875-8104414F314D} (.text.zb_zcl_adjust_reporting_timer)
                  0002d598    000000bc     zb_r23_zcl_zc_zr.a : zcl_reporting.c.o (.text.zb_zcl_wait_reporting_timeout)
                  0002d654    000000b8     rcl_cc23x0r5.a : RCL.c.obj (.text.RCL_scheduleHook)
                  0002d70c    000000b8     zb_r23_core_zc_zr.a : aps_main.c.o (.text.aps_send_fail_confirm)
                  0002d7c4    000000b8                         : zdo_secur.c.o (.text.secur_nwk_key_switch)
                  0002d87c    000000b8     ti_freertos_config.o (.text.xQueueGenericReset)
                  0002d934    000000b8     {202C013E-66D1-4DB8-8875-8104414F314D} (.text.zb_nlme_nwk_commis_req_send_pkt)
                  0002d9ec    000000b8     zb_r23_core_zc_zr.a : nwk_cr_permit_join.c.o (.text.zb_nlme_permit_joining_request)
                  0002daa4    000000b8     zb_r23_zcl_zc_zr.a : zcl_common.c.o (.text.zb_zcl_get_next_target_endpoint)
                  0002db5c    000000b8     zb_r23_zdo_zc_zr.a : af_rx.c.o (.text.zb_zdo_device_is_unreachable)
                  0002dc14    000000b8                        : zdo_app_join.c.o (.text.zdo_join_to_nwk_descr)
                  0002dccc    000000b4     zb_r23_core_zc_zr.a : bdb_secur.c.o (.text.bdb_link_key_refresh_alarm)
                  0002dd80    000000b4     {202C013E-66D1-4DB8-8875-8104414F314D} (.text.handle_bind_confirm.658)
                  0002de34    000000b4     ti_freertos_config.o (.text.xTaskRemoveFromEventList)
                  0002dee8    000000b4     {202C013E-66D1-4DB8-8875-8104414F314D} (.text.zb_mlme_reset_request_sync)
                  0002df9c    000000b4     zb_r23_core_zc_zr.a : nwk_join.c.o (.text.zb_nlme_rejoin_send_pkt)
                  0002e050    000000b4     zb_r23_zdo_zc_zr.a : zdo_tlv_mgmt.c.o (.text.zb_zdo_encapsulation_put_tlv)
                  0002e104    000000b4     {202C013E-66D1-4DB8-8875-8104414F314D} (.text.zdo_nwk_update_req_process_channel_ed_scan)
                  0002e1b8    000000b0     zb_r23_core_zc_zr.a : nwk_formation.c.o (.text.nwk_router_start_common)
                  0002e268    000000b0                         : nwk_discovery.c.o (.text.nwk_scan_find_next_channel_mask)
                  0002e318    000000b0     {202C013E-66D1-4DB8-8875-8104414F314D} (.text.zb_apsme_send_via_tunnel)
                  0002e3c8    000000b0     zb_r23_core_zc_zr.a : nwk_cr_join.c.o (.text.zb_mcps_purge_indirect_queue_confirm)
                  0002e478    000000b0                         : mac_associate.c.o (.text.zb_mlme_send_association_req_cmd)
                  0002e528    000000b0                         : zb_nvram.c.o (.text.zb_nvram_write_start)
                  0002e5d8    000000b0                         : zgp_proxy_table.c.o (.text.zb_zgp_proxy_table_get_entry_by_non_empty_list_index)
                  0002e688    000000b0     {202C013E-66D1-4DB8-8875-8104414F314D} (.text.zdo_send_req)
                  0002e738    000000ac     {202C013E-66D1-4DB8-8875-8104414F314D} (.text.aps_in_frag_assemble_window_delayed)
                  0002e7e4    000000ac     {202C013E-66D1-4DB8-8875-8104414F314D} (.text.brrt_set_passive_ack)
                  0002e890    000000ac     {202C013E-66D1-4DB8-8875-8104414F314D} (.text.nwk_fill_alloc_hdr_req)
                  0002e93c    000000ac     ti_freertos_config.o (.text.vTaskDelete)
                  0002e9e8    000000ac     zb_r23_core_zc_zr.a : zb_address.c.o (.text.zb_add_short_addr_sorted)
                  0002ea94    000000ac                         : zb_nvram.c.o (.text.zb_aps_keypair_write)
                  0002eb40    000000ac                         : nwk_cr_parent.c.o (.text.zb_nlme_start_router_request)
                  0002ebec    000000ac     {202C013E-66D1-4DB8-8875-8104414F314D} (.text.zgp_tbl_load)
                  0002ec98    000000a8     ti_f3_led_buttons.o (.text.button_callback)
                  0002ed40    000000a8     {202C013E-66D1-4DB8-8875-8104414F314D} (.text.mac_ti23xx_send_packet)
                  0002ede8    000000a8     {202C013E-66D1-4DB8-8875-8104414F314D} (.text.send_bind_unbind_req)
                  0002ee90    000000a8     zb_r23_core_zc_zr.a : zb_bufpool_mult.c.o (.text.zb_buf_copy_func)
                  0002ef38    000000a8                         : nwk_main.c.o (.text.zb_mcps_data_indication)
                  0002efe0    000000a8     {202C013E-66D1-4DB8-8875-8104414F314D} (.text.zb_nlme_status_indication_process)
                  0002f088    000000a8     zb_r23_core_zc_zr.a : nwk_main.c.o (.text.zb_nwk_handle_init)
                  0002f130    000000a8     {202C013E-66D1-4DB8-8875-8104414F314D} (.text.zb_zdo_poll_parent)
                  0002f1d8    000000a8     {202C013E-66D1-4DB8-8875-8104414F314D} (.text.zdo_mgmt_leave_req)
                  0002f280    000000a4     {202C013E-66D1-4DB8-8875-8104414F314D} (.text.PowerCC23X0_lfxtQual)
                  0002f324    000000a4     zb_r23_core_zc_zr.a : apsme_secur.c.o (.text.zb_apsme_confirm_key_request)
                  0002f3c8    000000a4                         : bdb_finding_binding.c.o (.text.zb_bdb_simple_desc_check_cb)
                  0002f46c    000000a4                         : secur_ccm.c.o (.text.zb_ccm_decrypt_n_auth)
                  0002f510    000000a4     {202C013E-66D1-4DB8-8875-8104414F314D} (.text.zb_mac_resp_by_empty_frame_cb)
                  0002f5b4    000000a4     zb_r23_core_zc_zr.a : mac_cr_associate.c.o (.text.zb_process_ass_request_cmd)
                  0002f658    000000a4     zb_r23_zcl_zc_zr.a : zcl_identify_commands.c.o (.text.zb_zcl_start_identifying)
                  0002f6fc    000000a4     {202C013E-66D1-4DB8-8875-8104414F314D} (.text.zdo_cb_killer)
                  0002f7a0    000000a2     libclang_rt.builtins.a : udivmoddi4.S.obj (.text)
                  0002f842    00000002                            : aeabi_div0.c.obj (.text.__aeabi_ldiv0)
                  0002f844    000000a0     zb_r23_core_zc_zr.a : nwk_nlme.c.o (.text.nwk_next_rejoin_poll)
                  0002f8e4    000000a0     {202C013E-66D1-4DB8-8875-8104414F314D} (.text.prvUnlockQueue)
                  0002f984    000000a0     rcl_cc23x0r5.a : RCL_Scheduler.c.obj (.text.rclSchedulerCancelStopTime)
                  0002fa24    000000a0     zb_r23_core_zc_zr.a : bdb_finding_binding.c.o (.text.zb_bdb_process_active_eps_res)
                  0002fac4    000000a0                         : mac_data.c.o (.text.zb_mac_check_security)
                  0002fb64    000000a0                         : mac_data.c.o (.text.zb_mac_get_indirect_data)
                  0002fc04    000000a0                         : nwk_broadcasting.c.o (.text.zb_nwk_broadcasting_add_btr)
                  0002fca4    000000a0     {202C013E-66D1-4DB8-8875-8104414F314D} (.text.zb_zgp_tx_packet_info_q_find_pos)
                  0002fd44    000000a0     zb_r23_core_zc_zr.a : zgp_common.c.o (.text.zgp_channel_config_add_to_queue)
                  0002fde4    000000a0                         : zgp_proxy_table.c.o (.text.zgp_proxy_table_write)
                  0002fe84    0000009c     rcl_cc23x0r5.a : LRF.c.obj (.text.LRF_TxPowerTable_findValue)
                  0002ff20    0000009c     drivers_cc23x0r5.a : PowerCC23X0.c.obj (.text.PowerLPF3_sleep)
                  0002ffbc    0000009c     zb_r23_core_zc_zr.a : bdb_secur.c.o (.text.bdb_link_key_transport_with_alarm)
                  00030058    0000009c     {202C013E-66D1-4DB8-8875-8104414F314D} (.text.doErase)
                  000300f4    0000009c     zb_r23_core_zc_zr.a : zb_address.c.o (.text.zb_address_unlock_func)
                  00030190    0000009c                         : nwk_join.c.o (.text.zb_nlme_rejoin_response_timeout)
                  0003022c    0000009c                         : nwk_nlme.c.o (.text.zb_nlme_send_status)
                  000302c8    0000009c                         : nwk_disc_table.c.o (.text.zb_nwk_exneighbor_by_ieee)
                  00030364    0000009c                         : nwk_neighbor.c.o (.text.zb_nwk_neighbor_clear)
                  00030400    0000009c     {202C013E-66D1-4DB8-8875-8104414F314D} (.text.zb_zdo_nwk_addr_req_2param_cb)
                  0003049c    00000098     {202C013E-66D1-4DB8-8875-8104414F314D} (.text.zb_aps_relay_secured)
                  00030534    00000098     {202C013E-66D1-4DB8-8875-8104414F314D} (.text.zb_gp_data_transmission_finished)
                  000305cc    00000098     {202C013E-66D1-4DB8-8875-8104414F314D} (.text.zb_mac_send_data_conf)
                  00030664    00000098     zb_r23_core_zc_zr.a : nwk_address_conflict.c.o (.text.zb_nwk_change_my_addr_conf)
                  000306fc    00000098                         : nwk_cr_mesh_routing.c.o (.text.zb_nwk_mesh_add_buf_to_pending)
                  00030794    00000098     zb_r23_zcl_zc_zr.a : zcl_main.c.o (.text.zb_zcl_send_default_resp_ext)
                  0003082c    00000094     driverlib.a : interrupt.c.obj (.text.IntSetPriority)
                  000308c0    00000094     rcl_cc23x0r5.a : RCL_Scheduler.c.obj (.text.RCL_Scheduler_setStopTimes)
                  00030954    00000094     {202C013E-66D1-4DB8-8875-8104414F314D} (.text.mac_clear_pending_queue_slot)
                  000309e8    00000094     zb_r23_core_zc_zr.a : zb_bufpool_mult.c.o (.text.zb_buf_initial_alloc_func)
                  00030a7c    00000094     {202C013E-66D1-4DB8-8875-8104414F314D} (.text.zb_clear_bind_trans)
                  00030b10    00000094     zb_r23_core_zc_zr.a : zdo_secur.c.o (.text.zb_secur_create_best_suitable_link_key_pair_set)
                  00030ba4    00000094     zb_r23_zdo_zc_zr.a : zdo_poll.c.o (.text.zb_zdo_pim_init_defaults)
                  00030c38    00000094     zb_r23_core_zc_zr.a : zdo_secur.c.o (.text.zb_zdo_sec_get_auth_tok_rsp_snd)
                  00030ccc    00000094     {202C013E-66D1-4DB8-8875-8104414F314D} (.text.zgp_mlme_get_cfm_cb)
                  00030d60    00000092     driverlib.a : aes_ticlang.s.obj (.text)
                  00030df2    00000002     on_off_light.o (.text.button_press_handler)
                  00030df4    00000090     {202C013E-66D1-4DB8-8875-8104414F314D} (.text.AESCMACLPF3_getResult)
                  00030e84    00000090     rcl_cc23x0r5.a : RCL_Buffer.c.obj (.text.RCL_MultiBuffer_RxEntry_get)
                  00030f14    00000090     {202C013E-66D1-4DB8-8875-8104414F314D} (.text.aps_send_frame_via_binding)
                  00030fa4    00000090     {202C013E-66D1-4DB8-8875-8104414F314D} (.text.bdb_network_formation_machine)
                  00031034    00000090     {202C013E-66D1-4DB8-8875-8104414F314D} (.text.prvInitialiseNewTask)
                  000310c4    00000090     ti_freertos_config.o (.text.vTaskStartScheduler)
                  00031154    00000090     {202C013E-66D1-4DB8-8875-8104414F314D} (.text.zb_address_update_if_absent)
                  000311e4    00000090     zb_r23_core_zc_zr.a : mac_common.c.o (.text.zb_mac_fill_mhr)
                  00031274    00000090                         : mac_data.c.o (.text.zb_mac_indirect_data_rx_failed)
                  00031304    00000090                         : mac_pib.c.o (.text.zb_mac_reinit_pib)
                  00031394    00000090                         : mac_cr_coordinator.c.o (.text.zb_mlme_start_request)
                  00031424    00000090                         : zb_nvram.c.o (.text.zb_nvram_write_dataset)
                  000314b4    00000090                         : ic_secur.c.o (.text.zb_secur_ic_get_from_tc_storage)
                  00031544    00000090                         : zdo_secur.c.o (.text.zb_zdo_sec_st_key_upd_req_snd)
                  000315d4    00000090     {202C013E-66D1-4DB8-8875-8104414F314D} (.text.zb_zdo_secur_ecdhe_public_point_fill)
                  00031664    00000090     {202C013E-66D1-4DB8-8875-8104414F314D} (.text.zdo_initiate_rejoin)
                  000316f4    00000090     {202C013E-66D1-4DB8-8875-8104414F314D} (.text.zdo_join_done_cont)
                  00031784    0000008e     {202C013E-66D1-4DB8-8875-8104414F314D} (.text.square)
                  00031812    00000002     {202C013E-66D1-4DB8-8875-8104414F314D} (.text.dummy_handler)
                  00031814    0000008c     {202C013E-66D1-4DB8-8875-8104414F314D} (.text.aps_in_frag_get_received_mask)
                  000318a0    0000008c     {202C013E-66D1-4DB8-8875-8104414F314D} (.text.notify_about_expired_entry)
                  0003192c    0000008c     {202C013E-66D1-4DB8-8875-8104414F314D} (.text.short_search)
                  000319b8    0000008c     ti_freertos_config.o (.text.vTaskSwitchContext)
                  00031a44    0000008c     zb_r23_core_zc_zr.a : nwk_cr_formation.c.o (.text.zb_nwk_call_mlme_start)
                  00031ad0    0000008c     zb_r23_zdo_zc_zr.a : zdo_hubs.c.o (.text.zb_wwah_set_pending_channel)
                  00031b5c    0000008c     zb_r23_zcl_zc_zr.a : zcl_on_off_commands.c.o (.text.zb_zcl_on_off_invoke_user_app)
                  00031be8    0000008c     zb_r23_zdo_zc_zr.a : zdo_common.c.o (.text.zdo_af_resp)
                  00031c74    00000088     {202C013E-66D1-4DB8-8875-8104414F314D} (.text.ClockP_hwiCallback)
                  00031cfc    00000088     rcl_cc23x0r5.a : RCL_AdcNoise.c.obj (.text.RCL_AdcNoise_get_samples_blocking)
                  00031d84    00000088     zb_r23_zcl_zc_zr.a : zcl_common.c.o (.text.cluster_needs_aps_encryption)
                  00031e0c    00000088     zb_r23_core_zc_zr.a : aps_main.c.o (.text.zb_aps_pass_local_msg_up)
                  00031e94    00000088                         : zb_bufpool_mult.c.o (.text.zb_buf_alloc_right_func)
                  00031f1c    00000088                         : aps_secur.c.o (.text.zb_increase_aps_outgoing_frame_counter)
                  00031fa4    00000088                         : mac_cr_data.c.o (.text.zb_mac_put_data_to_pending_queue)
                  0003202c    00000088                         : nwk_main.c.o (.text.zb_mcps_build_data_request)
                  000320b4    00000088                         : nwk_discovery.c.o (.text.zb_nlme_network_discovery_request)
                  0003213c    00000088     zb_r23_zcl_zc_zr.a : zcl_ias_zone_commands.c.o (.text.zb_zcl_ias_zone_put_cie_address_to_binding_whitelist)
                  000321c4    00000088                        : zcl_poll_control_commands.c.o (.text.zb_zcl_poll_control_start_check_in)
                  0003224c    00000088                        : zcl_reporting.c.o (.text.zb_zcl_reporting_slot_number)
                  000322d4    00000088     on_off_light.o (.text.zcl_specific_cluster_cmd_handler)
                  0003235c    00000088     {202C013E-66D1-4DB8-8875-8104414F314D} (.text.zdo_nwk_update_req_process_new_active_channel)
                  000323e4    0000000c     rcl_cc23x0r5.a : LRFCC23X0.c.obj (.text.LRF_disableCoexGrant)
                  000323f0    00000088     libc.a : strcmp-armv6m.S.obj (.text:strcmp)
                  00032478    00000086     {202C013E-66D1-4DB8-8875-8104414F314D} (.text.zb_zcl_set_attr_val)
                  000324fe    00000086     {202C013E-66D1-4DB8-8875-8104414F314D} (.text.zgp_proxy_table_entry_size_over_the_air)
                  00032584    00000084     ti_freertos_config.o (.text.ClockP_startup)
                  00032608    00000084     {202C013E-66D1-4DB8-8875-8104414F314D} (.text.handle_bind_unbind_confirm)
                  0003268c    00000084     {202C013E-66D1-4DB8-8875-8104414F314D} (.text.mac_child_hash_table_search)
                  00032710    00000084     ti_freertos_config.o (.text.memalign)
                  00032794    00000084     {202C013E-66D1-4DB8-8875-8104414F314D} (.text.prvAddCurrentTaskToDelayedList)
                  00032818    00000084     {202C013E-66D1-4DB8-8875-8104414F314D} (.text.prvCheckForValidListAndQueue)
                  0003289c    00000084     rcl_cc23x0r5.a : RCL_Scheduler.c.obj (.text.rclSchedulerSetNewStopTime)
                  00032920    00000084     zb_r23_core_zc_zr.a : zb_channel_page.c.o (.text.zb_channel_page_channel_number_to_logical)
                  000329a4    00000084                         : aps_binding_whitelist.c.o (.text.zb_check_binding_table_whitelist)
                  00032a28    00000084     {202C013E-66D1-4DB8-8875-8104414F314D} (.text.zb_mlme_associate_indication_cont)
                  00032aac    00000084     zb_r23_zcl_zc_zr.a : zcl_common.c.o (.text.zb_zcl_is_target_endpoint)
                  00032b30    00000084                        : zcl_reporting.c.o (.text.zb_zcl_reporting_cb)
                  00032bb4    00000084     zb_r23_zdo_zc_zr.a : zdo_poll.c.o (.text.zb_zdo_pim_start_turbo_poll_packets)
                  00032c38    00000084     zb_r23_core_zc_zr.a : zgp_cluster.c.o (.text.zgp_init_by_scheduler)
                  00032cbc    00000080     rcl_cc23x0r5.a : ieee.c.obj (.text.RCL_Handler_Ieee_setCustomEventTime)
                  00032d3c    00000080     {202C013E-66D1-4DB8-8875-8104414F314D} (.text.alloc_new_extneiboar)
                  00032dbc    00000080     {202C013E-66D1-4DB8-8875-8104414F314D} (.text.call_scan_complete_cb)
                  00032e3c    00000080     {202C013E-66D1-4DB8-8875-8104414F314D} (.text.check_cluster_list)
                  00032ebc    00000080     {202C013E-66D1-4DB8-8875-8104414F314D} (.text.ieee_search)
                  00032f3c    00000080     {202C013E-66D1-4DB8-8875-8104414F314D} (.text.mac_confirm_pending_queue_item)
                  00032fbc    00000080     {202C013E-66D1-4DB8-8875-8104414F314D} (.text.nwk_do_retry)
                  0003303c    00000080     {202C013E-66D1-4DB8-8875-8104414F314D} (.text.process_delayed_buf_entry_unsafe)
                  000330bc    00000080     ti_freertos_config.o (.text.xTaskPriorityInherit)
                  0003313c    00000080     {202C013E-66D1-4DB8-8875-8104414F314D} (.text.zb_ccm_encrypt_n_auth)
                  000331bc    00000080     zb_r23_core_zc_zr.a : zgp_stub.c.o (.text.zb_cgp_data_cfm)
                  0003323c    00000080     {202C013E-66D1-4DB8-8875-8104414F314D} (.text.zb_check_tc_rejoin)
                  000332bc    00000080     {202C013E-66D1-4DB8-8875-8104414F314D} (.text.zb_get_buf_tail_ptr)
                  0003333c    00000080     zb_r23_core_zc_zr.a : mac_associate.c.o (.text.zb_mlme_associate_request_do)
                  000333bc    00000080     {202C013E-66D1-4DB8-8875-8104414F314D} (.text.zb_nwk_src_match_save_param_add_ent_with_cb)
                  0003343c    00000080     zb_r23_zdo_zc_zr.a : zdo_app.c.o (.text.zb_prepare_and_send_device_update_signal)
                  000334bc    00000080     zb_r23_core_zc_zr.a : zb_tlv.c.o (.text.zb_tlv_general_tlv_processing)
                  0003353c    00000080     {202C013E-66D1-4DB8-8875-8104414F314D} (.text.zdo_perform_ed_scan)
                  000335bc    0000007e     {202C013E-66D1-4DB8-8875-8104414F314D} (.text.zb_sec_b6_hash)
                  0003363a    00000002     {202C013E-66D1-4DB8-8875-8104414F314D} (.text.errorSpin)
                  0003363c    0000007c     rcl_cc23x0r5.a : ieee.c.obj (.text.RCL_IEEE_Tx_submit)
                  000336b8    0000007c     {202C013E-66D1-4DB8-8875-8104414F314D} (.text.bdb_node_desc_workaround_callback)
                  00033734    0000007c     zb_r23_core_zc_zr.a : zgp_secur.c.o (.text.form_secur_header)
                  000337b0    0000007c     {202C013E-66D1-4DB8-8875-8104414F314D} (.text.prvIdleTask)
                  0003382c    0000007c     {202C013E-66D1-4DB8-8875-8104414F314D} (.text.remove_all_groups_cb_send_default_resp)
                  000338a8    0000007c     {202C013E-66D1-4DB8-8875-8104414F314D} (.text.send_bind_unbind_with_check)
                  00033924    0000007c     {202C013E-66D1-4DB8-8875-8104414F314D} (.text.temperatureEventCb)
                  000339a0    0000007c     zb_r23_core_zc_zr.a : zb_address.c.o (.text.zb_address_ieee_by_ref)
                  00033a1c    0000007c                         : zb_address.c.o (.text.zb_address_ieee_by_short)
                  00033a98    0000007c                         : aps_bind.c.o (.text.zb_apsme_move_dst_bind_table)
                  00033b14    0000007c     {202C013E-66D1-4DB8-8875-8104414F314D} (.text.zb_get_buf_delayed)
                  00033b90    0000007c     zb_r23_core_zc_zr.a : nwk_address_conflict.c.o (.text.zb_nwk_address_conflict_start_process)
                  00033c0c    0000007c     {202C013E-66D1-4DB8-8875-8104414F314D} (.text.zb_zdo_bind_unbind_req)
                  00033c88    0000007c     {202C013E-66D1-4DB8-8875-8104414F314D} (.text.zb_zgp_proxy_leave_from_commissioning_mode)
                  00033d04    0000007c     {202C013E-66D1-4DB8-8875-8104414F314D} (.text.zdo_nwk_update_req_process_new_channel_mask)
                  00033d80    0000007c     zb_r23_core_zc_zr.a : zdo_secur.c.o (.text.zdo_secur_confirm_key_legacy_confirm)
                  00033dfc    0000007c     libc.a : copy_decompress_lzss.c.obj (.text:decompress:lzss)
                  00033e78    00000078     {202C013E-66D1-4DB8-8875-8104414F314D} (.text.AESCTRDRBGXX_updateState)
                  00033ef0    00000078     ti_freertos_config.o (.text.HwiP_construct)
                  00033f68    00000078     rcl_cc23x0r5.a : RCL_Scheduler.c.obj (.text.RCL_Scheduler_findStopStatus)
                  00033fe0    00000078     {202C013E-66D1-4DB8-8875-8104414F314D} (.text.get_new_reporting_info)
                  00034058    00000078     rcl_cc23x0r5.a : hal_cc23x0.c.obj (.text.hal_init_fsm)
                  000340d0    00000078     zb_r23_core_zc_zr.a : mac_cr_data.c.o (.text.mac_check_pending_data)
                  00034148    00000078     {202C013E-66D1-4DB8-8875-8104414F314D} (.text.nwk_internals_clear)
                  000341c0    00000078     rcl_cc23x0r5.a : RCL_Scheduler.c.obj (.text.rclSchedulerFindEarliestStopTime)
                  00034238    00000078     ti_freertos_config.o (.text.xQueueReceiveFromISR)
                  000342b0    00000078     zb_r23_core_zc_zr.a : bdb_finding_binding.c.o (.text.zb_bdb_finding_binding_target_alarm_ep)
                  00034328    00000078                         : zb_channel_page.c.o (.text.zb_channel_page_channel_logical_to_number)
                  000343a0    00000078                         : mac_pib.c.o (.text.zb_mlme_set_request)
                  00034418    00000078                         : nwk_neighbor.c.o (.text.zb_nwk_neighbor_complete_deletion)
                  00034490    00000078                         : zb_nwk_ed_aging.c.o (.text.zb_nwk_src_match_add_ent)
                  00034508    00000078     ti_f3_led_buttons.o (.text.zb_osif_led_button_init)
                  00034580    00000078     zb_r23_zcl_zc_zr.a : zcl_scenes.c.o (.text.zb_zcl_scenes_process_recall_scene)
                  000345f8    00000078                        : zcl_scenes.c.o (.text.zb_zcl_scenes_process_store_scene)
                  00034670    00000078     {202C013E-66D1-4DB8-8875-8104414F314D} (.text.zb_zgp_key_gen)
                  000346e8    00000078     zb_r23_zdo_zc_zr.a : zdo_app_join.c.o (.text.zdo_next_nwk_discovery_req)
                  00034760    00000078                        : zdo_app_join.c.o (.text.zdo_rejoin_clear_prev_join)
                  000347d8    00000078     {202C013E-66D1-4DB8-8875-8104414F314D} (.text.zgp_add_group_alias_for_entry)
                  00034850    00000078     zb_r23_core_zc_zr.a : zgp_proxy_table.c.o (.text.zgp_is_equal_zgpd_id_for_table_entry)
                  000348c8    00000076     {202C013E-66D1-4DB8-8875-8104414F314D} (.text.prvCopyDataToQueue)
                  0003493e    00000076     zb_r23_core_zc_zr.a : zdo_secur.c.o (.text.zb_zdo_secur_tc_derive_key)
                  000349b4    00000074     {202C013E-66D1-4DB8-8875-8104414F314D} (.text.AESCTRLPF3_hwiFxn)
                  00034a28    00000074     libclang_rt.builtins.a : comparedf2.c.obj (.text.__gedf2)
                  00034a9c    00000074     zb_r23_core_zc_zr.a : bdb_secur.c.o (.text.bdb_initiate_key_exchange)
                  00034b10    00000074     {202C013E-66D1-4DB8-8875-8104414F314D} (.text.broadcast_endpoint_delivery_step)
                  00034b84    00000074     {202C013E-66D1-4DB8-8875-8104414F314D} (.text.construct_aes_nonce)
                  00034bf8    00000074     {202C013E-66D1-4DB8-8875-8104414F314D} (.text.startCSMABackoff)
                  00034c6c    00000074     zb_r23_ti_platform_zc_zr.a : ti_f3_mac.c.o (.text.update_rx_panconfig)
                  00034ce0    00000074     zb_r23_core_zc_zr.a : zb_address.c.o (.text.zb_address_lock_func)
                  00034d54    00000074                         : aps_bind.c.o (.text.zb_aps_check_binding_request)
                  00034dc8    00000074                         : zb_nvram.c.o (.text.zb_aps_keypair_load_by_idx)
                  00034e3c    00000074                         : zb_nwk_ed_aging.c.o (.text.zb_nwk_ed_aging_timeout)
                  00034eb0    00000074     {202C013E-66D1-4DB8-8875-8104414F314D} (.text.zb_schedule_callback_prior)
                  00034f24    00000074     zb_r23_core_zc_zr.a : zdo_secur.c.o (.text.zb_secur_send_nwk_key_switch)
                  00034f98    00000074     zb_r23_zcl_zc_zr.a : zcl_diagnostics_commands.c.o (.text.zb_zcl_diagnostics_sync_counters)
                  0003500c    00000074                        : zcl_poll_control_commands.c.o (.text.zcl_poll_control_check_in_send_cb)
                  00035080    00000074     zb_r23_zdo_zc_zr.a : zdo_app_join.c.o (.text.zdo_send_device_annce)
                  000350f4    00000074     {202C013E-66D1-4DB8-8875-8104414F314D} (.text.zgp_tbls_aging_alarm)
                  00035168    00000072     {202C013E-66D1-4DB8-8875-8104414F314D} (.text._outc)
                  000351da    00000072     {202C013E-66D1-4DB8-8875-8104414F314D} (.text.zb_zcl_set_attr_val_manuf_internal)
                  0003524c    00000070     ti_freertos_config.o (.text.ClockP_start)
                  000352bc    00000070     drivers_cc23x0r5.a : NVSLPF3.c.obj (.text.NVSLPF3_open)
                  0003532c    00000070     {202C013E-66D1-4DB8-8875-8104414F314D} (.text.PowerCC23X0_startHFXT)
                  0003539c    00000070     drivers_cc23x0r5.a : PowerCC23X0.c.obj (.text.Power_sleep)
                  0003540c    00000070     {202C013E-66D1-4DB8-8875-8104414F314D} (.text.aps_in_frag_mac_ack_for_aps_ack_arrived)
                  0003547c    00000070     zb_r23_core_zc_zr.a : zdo_commissioning_bdb.c.o (.text.bdb_after_mgmt_permit_joining_cb)
                  000354ec    00000070     {202C013E-66D1-4DB8-8875-8104414F314D} (.text.mult)
                  0003555c    00000070     zb_r23_core_zc_zr.a : nwk_discovery.c.o (.text.nlme_scan_request)
                  000355cc    00000070     {202C013E-66D1-4DB8-8875-8104414F314D} (.text.nwk_broadcasting_btr_aging_alarm)
                  0003563c    00000070     {202C013E-66D1-4DB8-8875-8104414F314D} (.text.send_ed_timeout_req)
                  000356ac    00000070     zb_r23_core_zc_zr.a : zb_address.c.o (.text.zb_address_delete)
                  0003571c    00000070     {202C013E-66D1-4DB8-8875-8104414F314D} (.text.zb_aps_check_max_trans_size_timer_cb)
                  0003578c    00000070     {202C013E-66D1-4DB8-8875-8104414F314D} (.text.zb_mac_call_comm_status_ind)
                  000357fc    00000070     zb_r23_core_zc_zr.a : mac_cr_coordinator.c.o (.text.zb_mac_update_superframe_and_pib)
                  0003586c    00000070     {202C013E-66D1-4DB8-8875-8104414F314D} (.text.zb_mlme_handle_orphan_response_continue)
                  000358dc    00000070     {202C013E-66D1-4DB8-8875-8104414F314D} (.text.zb_nvram_get_dataset_version)
                  0003594c    00000070     zb_r23_core_zc_zr.a : nwk_neighbor.c.o (.text.zb_nwk_neighbor_get_ed_short_list)
                  000359bc    00000070                         : nwk_main.c.o (.text.zb_nwk_send_direct_leave_req)
                  00035a2c    00000070     zb_r23_zcl_zc_zr.a : zcl_general_commands.c.o (.text.zb_zcl_get_attr_desc_manuf)
                  00035a9c    00000070     {202C013E-66D1-4DB8-8875-8104414F314D} (.text.zb_zdo_pim_restart_poll)
                  00035b0c    00000070     zb_r23_zdo_zc_zr.a : zdo_app_leave.c.o (.text.zdo_device_removed)
                  00035b7c    00000070     {202C013E-66D1-4DB8-8875-8104414F314D} (.text.zgp_proxy_handle_commissioning_gpdf)
                  00035bec    0000006c     ti_freertos_config.o (.text.ClockP_stop)
                  00035c58    0000006c     {202C013E-66D1-4DB8-8875-8104414F314D} (.text.age_dups)
                  00035cc4    0000006c     {202C013E-66D1-4DB8-8875-8104414F314D} (.text.aps_in_frag_restart_ack_timer)
                  00035d30    0000006c     {202C013E-66D1-4DB8-8875-8104414F314D} (.text.aps_in_frag_stop_entry)
                  00035d9c    0000006c     zb_r23_core_zc_zr.a : zb_address.c.o (.text.zb_address_done_ieee_disc)
                  00035e08    0000006c                         : aps_main.c.o (.text.zb_aps_pass_local_group_pkt_up)
                  00035e74    0000006c                         : nwk_join.c.o (.text.zb_nlme_rejoin_set_parent_long)
                  00035ee0    0000006c     zb_r23_zdo_zc_zr.a : zdo_app.c.o (.text.zb_nlme_start_router_confirm)
                  00035f4c    0000006c     zb_r23_core_zc_zr.a : nwk_tlv_mgmt.c.o (.text.zb_nwk_commissioning_req_put_tlv)
                  00035fb8    0000006c     {202C013E-66D1-4DB8-8875-8104414F314D} (.text.zb_send_device_update_signal_delayed2)
                  00036024    0000006c     zb_r23_core_zc_zr.a : zdo_secur.c.o (.text.zb_start_device_interview_on_tc)
                  00036090    0000006c     {202C013E-66D1-4DB8-8875-8104414F314D} (.text.zb_zcl_add_cluster_handlers)
                  000360fc    0000006c     zb_r23_zcl_zc_zr.a : zcl_identify_commands.c.o (.text.zb_zcl_identify_time_handler)
                  00036168    0000006c     {202C013E-66D1-4DB8-8875-8104414F314D} (.text.zdo_validate_desc_resp)
                  000361d4    00000068     rcl_cc23x0r5.a : LRFCC23X0.c.obj (.text.LRF_setTrimCommon)
                  0003623c    00000068                    : ieee.c.obj (.text.RCL_Handler_Ieee_updateStats)
                  000362a4    00000068     libclang_rt.builtins.a : comparedf2.c.obj (.text.__ledf2)
                  0003630c    00000068     zb_r23_core_zc_zr.a : zdo_commissioning_bdb.c.o (.text.bdb_network_steering_start_scan)
                  00036374    00000068     {202C013E-66D1-4DB8-8875-8104414F314D} (.text.brrt_find_entry_by_nwk_hdr)
                  000363dc    00000068     zb_r23_zcl_zc_zr.a : zcl_common.c.o (.text.get_profile_id_by_endpoint)
                  00036444    00000068     zb_r23_ti_platform_zc_zr.a : ti_f3_mac.c.o (.text.mac_ti23xx_src_match_short_set_pending_bit)
                  000364ac    00000068     ti_freertos_config.o (.text.vTaskPriorityDisinheritAfterTimeout)
                  00036514    00000068     ti_freertos_config.o (.text.xTaskCheckForTimeOut)
                  0003657c    00000068     zb_r23_core_zc_zr.a : zb_address.c.o (.text.zb_address_get_pan_id_ref)
                  000365e4    00000068     {202C013E-66D1-4DB8-8875-8104414F314D} (.text.zb_aps_hdr_mod)
                  0003664c    00000068     zb_r23_core_zc_zr.a : secur_formation.c.o (.text.zb_apsme_send_via_tunnel_with_unencrypted_payload)
                  000366b4    00000068                         : bdb_finding_binding.c.o (.text.zb_bdb_process_simple_desc_res)
                  0003671c    00000068                         : nwk_discovery.c.o (.text.zb_nlme_ed_scan_request)
                  00036784    00000068     {202C013E-66D1-4DB8-8875-8104414F314D} (.text.zb_nvram_write_aps_counters)
                  000367ec    00000068     zb_r23_core_zc_zr.a : zb_nvram.c.o (.text.zb_nvram_write_data)
                  00036854    00000068     {202C013E-66D1-4DB8-8875-8104414F314D} (.text.zb_nwk_call_br_confirm)
                  000368bc    00000068     {202C013E-66D1-4DB8-8875-8104414F314D} (.text.zb_nwk_src_match_restore_iter)
                  00036924    00000068     {202C013E-66D1-4DB8-8875-8104414F314D} (.text.zb_panid_conflict_set_panid_conf)
                  0003698c    00000068     zb_r23_core_zc_zr.a : zb_scheduler.c.o (.text.zb_schedule_callback2)
                  000369f4    00000068                         : zdo_secur.c.o (.text.zb_secur_get_link_key_by_address)
                  00036a5c    00000068     {202C013E-66D1-4DB8-8875-8104414F314D} (.text.zb_zcl_diagnostics_sync_counters_cb)
                  00036ac4    00000068     {202C013E-66D1-4DB8-8875-8104414F314D} (.text.zb_zcl_finish_and_send_packet_new)
                  00036b2c    00000068     zb_r23_zcl_zc_zr.a : zcl_identify_commands.c.o (.text.zb_zcl_identify_effect_invoke_user_app)
                  00036b94    00000068     zb_r23_zdo_zc_zr.a : zdo_app_join.c.o (.text.zdo_authenticated_send_device_annce)
                  00036bfc    00000066     {202C013E-66D1-4DB8-8875-8104414F314D} (.text._mcpy)
                  00036c62    00000002     ti_freertos_config.o (.text.vApplicationStackOverflowHook)
                  00036c64    00000064     secure_drivers_cc23x0r5.a : AESCommonLPF3.c.obj (.text.AESCommonLPF3_construct)
                  00036cc8    00000064     {202C013E-66D1-4DB8-8875-8104414F314D} (.text.GPIO_setConfigAndMux)
                  00036d2c    00000064     {202C013E-66D1-4DB8-8875-8104414F314D} (.text.aps_in_frag_send_ack)
                  00036d90    00000064     {202C013E-66D1-4DB8-8875-8104414F314D} (.text.bdb_finding_n_binding_machine)
                  00036df4    00000064     zb_r23_core_zc_zr.a : zdo_commissioning_bdb.c.o (.text.bdb_not_ever_joined)
                  00036e58    00000064     {202C013E-66D1-4DB8-8875-8104414F314D} (.text.get_endpoint_by_cluster_with_role)
                  00036ebc    00000064     {202C013E-66D1-4DB8-8875-8104414F314D} (.text.nwk_cancel_network_discovery_response)
                  00036f20    00000064     ti_freertos_config.o (.text.xTaskCreate)
                  00036f84    00000064     zb_r23_core_zc_zr.a : zb_address.c.o (.text.zb_address_by_ref)
                  00036fe8    00000064     zb_r23_zdo_zc_zr.a : af_rx.c.o (.text.zb_apsde_data_indication_cont)
                  0003704c    00000064     zb_r23_core_zc_zr.a : nwk_cr_mesh_routing.c.o (.text.zb_nwk_calc_path_cost)
                  000370b0    00000064                         : nwk_disc_table.c.o (.text.zb_nwk_exneighbor_by_short)
                  00037114    00000064                         : nwk_neighbor.c.o (.text.zb_nwk_nbr_next_ze_children_i)
                  00037178    00000064                         : zb_scheduler.c.o (.text.zb_schedule_get_alarm_time)
                  000371dc    00000064                         : zb_scheduler.c.o (.text.zb_schedule_tx_cb)
                  00037240    00000064     {202C013E-66D1-4DB8-8875-8104414F314D} (.text.zb_send_device_authorized_signal_delayed2)
                  000372a4    00000064     zb_r23_core_zc_zr.a : zb_time.c.o (.text.zb_timer_start)
                  00037308    00000064     zb_r23_zcl_zc_zr.a : zcl_main.c.o (.text.zb_zcl_process_command_finish)
                  0003736c    00000064                        : zcl_scenes.c.o (.text.zb_zcl_scenes_remove_all_scenes_in_all_endpoints_by_group_id)
                  000373d0    00000064     zb_r23_core_zc_zr.a : secur_formation.c.o (.text.zdo_commissioning_send_nwk_key_to_joined_dev)
                  00037434    00000064                         : bdb_secur.c.o (.text.zdo_secur_update_tclk_done)
                  00037498    00000064     {202C013E-66D1-4DB8-8875-8104414F314D} (.text.zdo_wwah_start_survey_beacons_cont)
                  000374fc    00000064     zb_r23_core_zc_zr.a : zgp_common.c.o (.text.zgp_channel_config_transceiver_channel_change)
                  00037560    00000062     libclang_rt.builtins.a : aeabi_dcmp.S.obj (.text.__aeabi_dcmp)
                  000375c2    00000002     ti_freertos_portable_config.o (.text.vPortSVCHandler)
                  000375c4    00000060     drivers_cc23x0r5.a : BatMonSupportLPF3.c.obj (.text.BatMonSupportLPF3_init)
                  00037624    00000060     rcl_cc23x0r5.a : ieee.c.obj (.text.RCL_IEEE_updateRxAction)
                  00037684    00000060     {202C013E-66D1-4DB8-8875-8104414F314D} (.text.add_group_cb_send_add_group_resp)
                  000376e4    00000060     {202C013E-66D1-4DB8-8875-8104414F314D} (.text.add_group_cb_send_default_resp)
                  00037744    00000060     {202C013E-66D1-4DB8-8875-8104414F314D} (.text.bdb_force_rejoin_if_not_in_progress)
                  000377a4    00000060     {202C013E-66D1-4DB8-8875-8104414F314D} (.text.bdb_precomm_rejoin_over_all_channels)
                  00037804    00000060     {202C013E-66D1-4DB8-8875-8104414F314D} (.text.get_endpoint_by_cluster)
                  00037864    00000060     zb_r23_core_zc_zr.a : nwk_main.c.o (.text.nwk_call_nlde_data_confirm)
                  000378c4    00000060     {202C013E-66D1-4DB8-8875-8104414F314D} (.text.nwk_route_disc_failed)
                  00037924    00000060     {202C013E-66D1-4DB8-8875-8104414F314D} (.text.remove_group_cb_send_remove_group_resp)
                  00037984    00000060     ti_freertos_config.o (.text.xQueueGiveFromISR)
                  000379e4    00000060     ti_freertos_config.o (.text.xTaskPriorityDisinherit)
                  00037a44    00000060     zb_r23_core_zc_zr.a : zb_address.c.o (.text.zb_address_cmp_two_refs)
                  00037aa4    00000060     zb_r23_zcl_zc_zr.a : zcl_common.c.o (.text.zb_af_get_endpoint_desc)
                  00037b04    00000060     {202C013E-66D1-4DB8-8875-8104414F314D} (.text.zb_ecc_dlk_create_session_identifier)
                  00037b64    00000060     zb_r23_ti_platform_zc_zr.a : ti_f3_crypto.c.o (.text.zb_hw_sha_256)
                  00037bc4    00000060     zb_r23_core_zc_zr.a : nwk_cr_join.c.o (.text.zb_mlme_orphan_indication)
                  00037c24    00000060     zb_r23_zdo_zc_zr.a : zdo_app_join.c.o (.text.zb_nlme_join_confirm)
                  00037c84    00000060     zb_r23_core_zc_zr.a : zb_nwk_ed_aging.c.o (.text.zb_nwk_src_match_delete)
                  00037ce4    00000060                         : zb_scheduler.c.o (.text.zb_schedule_callback)
                  00037d44    00000060     zb_r23_zdo_zc_zr.a : zdo_hubs.c.o (.text.zb_wwah_set_leave_without_rejoin_allowed)
                  00037da4    00000060                        : zdo_channel_manager.c.o (.text.zb_zdo_check_fails)
                  00037e04    00000060     {202C013E-66D1-4DB8-8875-8104414F314D} (.text.zb_zdo_node_desc_req)
                  00037e64    00000060     zb_r23_core_zc_zr.a : zdo_secur.c.o (.text.zb_zdo_sec_get_auth_tok_req_snd)
                  00037ec4    00000060     zb_r23_zdo_zc_zr.a : zdo_common.c.o (.text.zdo_send_resp_by_short)
                  00037f24    00000060     {202C013E-66D1-4DB8-8875-8104414F314D} (.text.zgp_proxy_table_set_security_counter)
                  00037f84    0000005e     zb_r23_core_zc_zr.a : zgp_secur.c.o (.text.zb_zgp_key_hash)
                  00037fe2    00000002                         : aps_nwk_confirm.c.o (.text.zb_nlme_route_discovery_confirm)
                  00037fe4    0000005c     secure_drivers_cc23x0r5.a : AESCommonLPF3.c.obj (.text.AESCommonLPF3_init)
                  00038040    0000005c     ti_freertos_config.o (.text.ClockP_walkQueueDynamic)
                  0003809c    0000005c     rcl_cc23x0r5.a : adc_noise.c.obj (.text.RCL_Handler_Adc_Noise_powerDown)
                  000380f8    0000005c     {202C013E-66D1-4DB8-8875-8104414F314D} (.text.ed_scan_timer_callback)
                  00038154    0000005c     libc.a : s_frexp.c.obj (.text.frexp)
                  000381b0    0000005c     {202C013E-66D1-4DB8-8875-8104414F314D} (.text.get_manufacturer_index_by_ieee_addr)
                  0003820c    0000005c     {202C013E-66D1-4DB8-8875-8104414F314D} (.text.sync_num_of_children_and_siblings)
                  00038268    0000005c     {202C013E-66D1-4DB8-8875-8104414F314D} (.text.zb_aps_send_command_with_relay)
                  000382c4    0000005c     zb_r23_core_zc_zr.a : mac.c.o (.text.zb_mac_check_frame_dst_addr)
                  00038320    0000005c                         : nwk_link_status.c.o (.text.zb_nwk_link_status_alarm)
                  0003837c    0000005c     {202C013E-66D1-4DB8-8875-8104414F314D} (.text.zb_timer_callback)
                  000383d8    0000005c     {202C013E-66D1-4DB8-8875-8104414F314D} (.text.zb_zcl_basic_reset_invoke_user_app)
                  00038434    0000005c     zb_r23_zcl_zc_zr.a : zcl_common.c.o (.text.zb_zcl_finish_and_send_packet)
                  00038490    0000005c                        : zcl_scenes.c.o (.text.zb_zcl_scenes_remove_all_scenes_in_all_endpoints)
                  000384ec    0000005c     zb_r23_zdo_zc_zr.a : zdo_channel_manager.c.o (.text.zb_zdo_check_fails_cont)
                  00038548    0000005c                        : zdo_channel_manager.c.o (.text.zb_zdo_ed_scan_request)
                  000385a4    0000005c                        : zdo_bind_manage.c.o (.text.zb_zdo_send_check_bind_unbind)
                  00038600    0000005c                        : zdo_app.c.o (.text.zb_zdo_tclk_valid)
                  0003865c    0000005c     {202C013E-66D1-4DB8-8875-8104414F314D} (.text.zdo_kill_cb_by_index)
                  000386b8    0000005c     zb_r23_zdo_zc_zr.a : zdo_app.c.o (.text.zdo_send_device_annce_ex)
                  00038714    0000005c     zb_r23_core_zc_zr.a : zgp_common.c.o (.text.zgp_calc_alias_source_address)
                  00038770    0000005a     {202C013E-66D1-4DB8-8875-8104414F314D} (.text.channel_page_get_edge_channel_number)
                  000387ca    00000002     {202C013E-66D1-4DB8-8875-8104414F314D} (.text.zb_zcl_wwah_trace_ctx)
                  000387cc    00000058     {202C013E-66D1-4DB8-8875-8104414F314D} (.text.AESCMACLPF3_hwiFxn)
                  00038824    00000058     rcl_cc23x0r5.a : LRFCC23X0.c.obj (.text.LRF_setRxFifoEffSz)
                  0003887c    00000058     libc.a : _ltoa.c.obj (.text.__TI_ltoa)
                  000388d4    00000058     libclang_rt.builtins.a : clzsi2.c.obj (.text.__clzsi2)
                  0003892c    00000058     {202C013E-66D1-4DB8-8875-8104414F314D} (.text._pconv_f)
                  00038984    00000058     {202C013E-66D1-4DB8-8875-8104414F314D} (.text.aps_in_frag_kill_stopped_entries)
[...]
00027b4d  __divdf3                                         
00027f7b  RCL_GPIO_enable                                  
000284a5  PowerCC23X0_standbyPolicy                        
000286a9  xTaskIncrementTick                               
00029267  RCL_phyHook                                      
00029cad  __aeabi_dmul                                     
00029cad  __muldf3                                         
0002a2e7  __aeabi_idiv0                                    
0002a909  pvPortMalloc                                     
0002ac79  ldexp                                            
0002ac79  ldexpl                                           
0002b261  Power_init                                       
0002b681  pthread_create                                   
0002d2a9  vTaskSuspend                                     
0002d655  RCL_scheduleHook                                 
0002d87d  xQueueGenericReset                               
0002de35  xTaskRemoveFromEventList                         
0002e93d  vTaskDelete                                      
0002f7a1  __udivmoddi4                                     
0002f843  __aeabi_ldiv0                                    
0002fe85  LRF_TxPowerTable_findValue                       
0002ff21  PowerLPF3_sleep                                  
000308c1  RCL_Scheduler_setStopTimes                       
00030d61  AESProcessAlignedBlocksCMAC                      
00030d71  AESProcessAlignedBlocksCTR                       
00030d89  AESProcessAlignedBlocksECB                       
00030dd1  AESCopyBlock                                     
00030e85  RCL_MultiBuffer_RxEntry_get                      
000310c5  vTaskStartScheduler                              
000319b9  vTaskSwitchContext                               
00031cfd  RCL_AdcNoise_get_samples_blocking                
000323e5  LRF_disableCoexGrant                             
000323f1  strcmp                                           
00032585  ClockP_startup                                   
00032711  memalign                                         
000330bd  xTaskPriorityInherit                             
0003363d  RCL_IEEE_Tx_submit                               
00033dfd  __TI_decompress_lzss                             
00033ef1  HwiP_construct                                   
00033f69  RCL_Scheduler_findStopStatus                     
00034059  hal_init_fsm                                     
00034239  xQueueReceiveFromISR                             
00034a29  __gedf2                                          
00034a29  __gtdf2                                          
0003524d  ClockP_start                                     
0003539d  Power_sleep                                      
00035bed  ClockP_stop                                      
000362a5  __cmpdf2                                         
000362a5  __eqdf2                                          
000362a5  __ledf2                                          
000362a5  __ltdf2                                          
000362a5  __nedf2                                          
000364ad  vTaskPriorityDisinheritAfterTimeout              
00036515  xTaskCheckForTimeOut                             
00036c63  vApplicationStackOverflowHook                    
00036f21  xTaskCreate                                      
00037561  __aeabi_dcmpeq                                   
00037575  __aeabi_dcmplt                                   
00037589  __aeabi_dcmple                                   
0003759d  __aeabi_dcmpge                                   
000375b1  __aeabi_dcmpgt                                   
00037625  RCL_IEEE_updateRxAction                          
00037985  xQueueGiveFromISR                                
000379e5  xTaskPriorityDisinherit                          
00038041  ClockP_walkQueueDynamic                          
00038155  frexp                                            
00038155  frexpl                                           
00038825  LRF_setRxFifoEffSz                               
000388d5  __clzsi2                                         
00038f05  __aeabi_idiv                                     
00038f05  __aeabi_idivmod                                  
00038f5b  xQueueGenericCreate                              
0003905d  LRF_readRxFifoWords                              
000390b1  RCL_Command_pend                                 
000391ad  RCL_IEEE_updateTxPower                           
00039201  RCL_Scheduler_setStartStopTimeEarliestStart      
000392fd  hal_check_clear_timer_compare                    
0003959d  vQueueWaitForMessageRestricted                   
00039ec1  Power_releaseDependency                          
00039f11  Power_setDependency                              
00039f61  RCL_Scheduler_setCustomStartStopTimeEarliestStart
0003a1e1  xTaskCreateStatic                                
0003a8b5  LRFDApplyClockDependencies                       
0003a901  LRF_programTemperatureCompensatedTxPower         
0003a94d  LRF_writeTxFifoWords                             
0003a9e5  RCL_open                                         
0003aac9  __aeabi_errno_addr                               
0003ae0d  vPortFree                                        
0003b3fd  LRF_loadImage                                    
0003b449  __aeabi_d2iz                                     
0003b449  __fixdfsi                                        
0003b493  calloc                                           
0003b529  ClockP_construct                                 
0003b601  PowerLPF3_getHfxtAmpAdjustment                   
0003b649  RCL_Scheduler_postEvent                          
0003b919  localProgramStart                                
0003ba39  realloc                                          
0003bb11  xTimerCreateTimerTask                            
0003bfd9  pthread_exit                                     
0003c131  RCL_MultiBuffer_getBuffer                        
0003cb09  RCL_Command_submit                               
0003cb49  SemaphoreP_construct                             
0003cb89  Temperature_init                                 
0003cbc9  __aeabi_uidiv                                    
0003cbc9  __aeabi_uidivmod                                 
0003ccc9  eTaskConfirmSleepModeStatus                      
0003d009  vTaskStepTick                                    
0003d4f9  PowerLPF3_selectLFXT                             
0003d535  RCL_init                                         
0003d571  RCL_openPowerNotifications                       
0003d625  SemaphoreP_pend                                  
0003d661  Temperature_registerNotifyRange                  
0003d805  vTaskPlaceOnEventListRestricted                  
0003dcb5  __TI_auto_init_nobinit_nopinit                   
0003dcf1  __muldsi3                                        
0003deb9  LRF_imagesNeedUpdate                             
0003def1  LRF_programTxPower                               
0003df29  LRF_updateTemperatureCompensation                
0003df99  RCL_closePowerNotifications                      
0003dfd1  SemaphoreP_create                                
0003e009  Temperature_getTemperature                       
0003e191  malloc                                           
0003e5b7  RCL_TxBuffer_init                                
0003e5ed  xQueueGenericCreateStatic                        
0003e731  HwiP_disable                                     
0003e799  PowerCC23X0_notify                               
0003e7cd  RCL_MultiBuffer_init                             
0003e801  __TI_readmsg                                     
0003e835  __TI_writemsg                                    
0003e861  C$$IO$$                                          
0003e9d5  vTaskSetApplicationTaskTag                       
0003ea09  xTaskGetApplicationTaskTag                       
0003eeb1  HwiP_dispatch                                    
0003eee1  LRF_enable                                       
0003ef71  LRF_peekRxFifo                                   
0003efd1  Power_getDependencyCount                         
0003f001  Power_releaseConstraint                          
0003f031  RCL_close                                        
0003f061  Temperature_unregisterNotify                     
0003f181  hal_setup_setup_time                             
0003f68d  vListInsert                                      
0003f771  LRF_disable                                      
0003f79d  LRF_enableTemperatureMonitoring                  
0003f7c9  LRF_prepareRxFifo                                
0003f889  PowerLPF3_isLfincFilterAllowingStandby           
0003f8b5  Power_setConstraint                              
0003f90d  RCL_submitHook                                   
0003f939  __aeabi_i2d                                      
0003f939  __floatsidf                                      
0003ff8f  xQueueCreateCountingSemaphoreStatic              
0004000d  ClockP_usleep                                    
0004005d  HwiP_restore                                     
00040185  Power_registerNotify                             
0004024d  hal_setup_start_time                             
00040275  hal_setup_sync_found_cap                         
00040a0d  LRF_enableSynthRefsys                            
00040a55  LRF_getRawTxPower                                
00040a9d  List_get                                         
00040ae5  RCL_MultiBuffer_findAvailableRxSpace             
00040b09  __aeabi_lmul                                     
00040b09  __muldi3                                         
00040be1  hal_set_temperature_notification                 
00040cdd  xQueueCreateCountingSemaphore                    
00041019  List_remove                                      
0004103b  SemaphoreP_constructBinary                       
000411cd  LRF_prepareTxFifo                                
000411ed  List_put                                         
0004120d  PowerLPF3_adjustHfxtAmp                          
0004124d  SemaphoreP_post                                  
000412ad  hal_cancel_graceful_stop_time                    
000412cd  hal_power_open                                   
000412ed  hal_setup_hard_stop_time                         
000413ad  uxListRemove                                     
00041885  SemaphoreP_createBinary                          
000418a5  __aeabi_llsl                                     
000418a5  __ashldi3                                        
00041901  LRFDReleaseClockDependency                       
0004191d  LRFDSetClockDependency                           
000419d5  PTLS_taskDeleteHook                              
00041a61  hal_power_release_swtcxo_update_constraint       
00041b5d  vTaskPlaceOnEventList                            
00041e6d  _c_int00                                         
00041f9d  hal_clear_rcl_clock_enable                       
00041fd1  hal_set_rcl_clock_enable                         
0004214d  HwiP_setPriority                                 
0004230d  RCL_MultiBuffer_put                              
00042325  RCL_Scheduler_delta                              
0004233d  RCL_Scheduler_setNewStartAbsTime                 
00042355  RCL_readRssi                                     
0004239d  hal_power_close                                  
000423b5  hal_setup_graceful_stop_time                     
000423e5  pvTaskIncrementMutexHeldCount                    
00042a61  vListInsertEnd                                   
00042b39  ClockP_destruct                                  
00042b61  LRF_disableSynthRefsys                           
00042b75  LRF_disableTemperatureMonitoring                 
00042b89  LRF_enableCoexGrant                              
00042da5  Power_getConstraintCount                         
00042db9  RCL_MultiBuffer_RxEntry_isEmpty                  
00042e09  __aeabi_uldivmod                                 
00042e81  hal_enable_hard_stop_time_irq                    
00042e95  hal_enable_setup_time_irq                        
00042ea9  hal_get_command_ifg_reg                          
00043011  List_clearList                                   
000431e5  vQueueDelete                                     
0004322d  TI_memcpy_small                                  
0004323f  __TI_decompress_none                             
00043271  ClockP_setFunc                                   
00043291  HwiP_Params_init                                 
000432a1  HwiP_setFunc                                     
000432b1  LRF_deassertCoexRequest                          
000432c1  LRF_rclDisableRadioClocks                        
000432d1  LRF_rclEnableRadioClocks                         
000432e1  LRF_waitForTopsmReady                            
00043471  PowerLPF3_forceHFXTCompensationUpdate            
00043481  Power_unregisterNotify                           
00043491  RCL_MultiBuffer_findFirstWritableBuffer          
000434b1  free                                             
000434c1  hal_disable_all_command_radio_interrupts         
000434d1  hal_disable_all_dispatch_radio_interrupts        
000434e1  hal_disable_command_radio_interrupt              
000434f1  hal_enable_clk_buffer                            
00043501  hal_enable_command_radio_interrupt               
00043511  hal_get_hfxt_ratio                               
00043521  hal_init_dispatch_radio_interrupts               
00043531  hal_stop_temperature_notification                
00043551  pthread_self                                     
00043561  resetISR                                         
00043771  __TI_zero_init                                   
00043b33  RCL_Scheduler_setNewStartNow                     
00043b41  __aeabi_memset                                   
00043b41  __aeabi_memset4                                  
00043b41  __aeabi_memset8                                  
00043bbf  TI_memset_small                                  
00043bcd  LRF_initializeMaxRssi                            
00043bd9  LRF_readMaxRssi                                  
00043be5  LRF_readRssi                                     
00043da1  RCL_clearNextCommandHook                         
00043dad  RCL_getNextCommandHook                           
00043db9  RCL_policyHook                                   
00043dc5  __aeabi_memclr                                   
00043dc5  __aeabi_memclr4                                  
00043dc5  __aeabi_memclr8                                  
00043df5  hal_clear_command_radio_interrupt                
00043e01  hal_get_current_time                             
00043e0d  hal_get_dispatch_ifg_reg                         
000443f9  RCL_Command_stop                                 
00044403  RCL_Scheduler_cancelSchedStopTime                
0004440d  RCL_Scheduler_isLater                            
00044417  RCL_Scheduler_setSchedStopTime                   
00044421  hal_power_release_standby_constraint             
0004442b  hal_power_set_standby_constraint                 
00044435  hal_power_set_swtcxo_update_constraint           
00044449  hal_trigger_command_fsm                          
00044453  hal_trigger_dispatch_fsm                         
0004445d  hal_trigger_scheduler_fsm                        
000444cb  HwiP_post                                        
0004479d  aligned_alloc                                    
000448fd  RCL_MultiBuffer_clear                            
00044905  SemaphoreP_Params_init                           
0004490d  __aeabi_memcpy                                   
0004490d  __aeabi_memcpy4                                  
0004490d  __aeabi_memcpy8                                  
0004491d  hal_cancel_hard_stop_time                        
00044925  hal_cancel_start_time                            
0004492d  hal_get_temperature                              
00044935  hal_temperature_init                             
000449a3  LRF_initSettingsState                            
00044d27  hal_get_hfxt_ratio_default                       
00044d33  abort                                            
00044d39  Exception_handlerSpin                            
00044d3c  C$$EXIT                                          
0004846c  TimestampP_nativeFormat32                        
00048470  __aeabi_ctype_table_                             
00048470  __aeabi_ctype_table_C                            
000489c0  LRF_txPowerTable                                 
00048b78  LRF_swConfig                                     
00048b90  LRF_swConfigAdcNoise                             
00048c54  LRF_config                                       
00048c64  LRF_configAdcNoise                               
00048cd0  lrfCoexConfiguration                             
00048d3e  sysTimerResolutionShift                          
00048d43  rclFeatureControl                                
00048d44  TimestampP_nativeFormat64                        
00048d48  swParamListSz                                    
00048d4c  uxTopUsedPriority                                
00048f7c  __TI_Handler_Table_Base                          
00048f88  __TI_Handler_Table_Limit                         
00048fa0  __TI_CINIT_Base                                  
00048fc0  __TI_CINIT_Limit                                 
00048fc0  __TI_CINIT_Warm                                  
20000000  __start___llvm_prf_bits                          
20000000  __start___llvm_prf_cnts                          
20000000  __stop___llvm_prf_bits                           
20000000  __stop___llvm_prf_cnts                           
20003acc  _CIOBUF_                                         
20003acc  __CIOBUF_                                        
20004a40  rclSchedulerState                                
20004aa4  clockHwi                                         
20004ad4  swParamList                                      
20004b08  rclState                                         
20004b16  adcNoiseHandlerState                             
20007118  __TI_dtors_ptr                                   
2000711c  __TI_cleanup_ptr                                 
20007194  HwiP_swiPIntNum                                  
20007787  channel2usage                                    
2000796e  rclTemperatureThreshold                          
20007a04  halSchedFsmCb                                    
20007a08  halDispatchFsmCb                                 
20007a0c  halCommandFsmCb                                  
20007a10  fXtalInv                                         
20007a48  pxCurrentTCB                                     
20007a6d  rclPbeGpoMask                                    
20008c00  __stack                                          
20009000  __STACK_END                                      
4e020000  ccfg                                             
4e020000  ti_utils_build_GenMap_sym_CRC_CCFG_BOOT_CFG_begin
4e02000b  ti_utils_build_GenMap_sym_CRC_CCFG_BOOT_CFG_end  
4e020010  ti_utils_build_GenMap_sym_CRC_CCFG_begin         
4e02074b  ti_utils_build_GenMap_sym_CRC_CCFG_end           
4e0207d0  ti_utils_build_GenMap_sym_CRC_CCFG_DEBUG_begin   
4e0207fb  ti_utils_build_GenMap_sym_CRC_CCFG_DEBUG_end     
90000000  TimestampP_nativeFormat64_copy                   
90000004  TimestampP_nativeFormat32_copy                   
ffffffff  __TI_pprof_out_hndl                              
ffffffff  __TI_prof_data_size                              
ffffffff  __TI_prof_data_start                             
ffffffff  __binit__                                        
ffffffff  binit                                            
UNDEFED   RCL_Debug_assertProxy                            
UNDEFED   RCL_Profiling_eventHook                          
UNDEFED   __mpu_init                                       
UNDEFED   _system_post_cinit                               

[362 symbols]
