Archive member included to satisfy reference by file (symbol)

C:/ti/simplelink_lowpower_f3_sdk_9_11_00_18/source\ti/display/lib/gcc/m0p/display_cc23x0r5.a(Display.c.obj)
                              ./spicontroller.o (Display_doOpen)
C:/ti/simplelink_lowpower_f3_sdk_9_11_00_18/source\ti/display/lib/gcc/m0p/display_cc23x0r5.a(DisplayUart2.c.obj)
                              ./syscfg/ti_drivers_config.o (DisplayUart2Min_fxnTable)
C:/ti/simplelink_lowpower_f3_sdk_9_11_00_18/source\ti/drivers/lib/gcc/m0p/drivers_cc23x0r5.a(List.c.obj)
                              ./syscfg/ti_freertos_config.o (List_clearList)
C:/ti/simplelink_lowpower_f3_sdk_9_11_00_18/source\ti/drivers/lib/gcc/m0p/drivers_cc23x0r5.a(Math.c.obj)
                              ./syscfg/ti_freertos_config.o (Math_divideBy1000)
C:/ti/simplelink_lowpower_f3_sdk_9_11_00_18/source\ti/drivers/lib/gcc/m0p/drivers_cc23x0r5.a(UDMALPF3.c.obj)
                              ./syscfg/ti_drivers_config.o (UDMALPF3_init)
C:/ti/simplelink_lowpower_f3_sdk_9_11_00_18/source\ti/drivers/lib/gcc/m0p/drivers_cc23x0r5.a(GPIO.c.obj)
                              ./syscfg/ti_drivers_config.o (GPIO_resetConfig)
C:/ti/simplelink_lowpower_f3_sdk_9_11_00_18/source\ti/drivers/lib/gcc/m0p/drivers_cc23x0r5.a(GPIOLPF3.c.obj)
                              C:/ti/simplelink_lowpower_f3_sdk_9_11_00_18/source\ti/drivers/lib/gcc/m0p/drivers_cc23x0r5.a(GPIO.c.obj) (GPIO_disableInt)
C:/ti/simplelink_lowpower_f3_sdk_9_11_00_18/source\ti/drivers/lib/gcc/m0p/drivers_cc23x0r5.a(PowerCC23X0.c.obj)
                              ./syscfg/ti_freertos_config.o (Power_getConstraintMask)
C:/ti/simplelink_lowpower_f3_sdk_9_11_00_18/source\ti/drivers/lib/gcc/m0p/drivers_cc23x0r5.a(SPI.c.obj)
                              ./spicontroller.o (SPI_close)
C:/ti/simplelink_lowpower_f3_sdk_9_11_00_18/source\ti/drivers/lib/gcc/m0p/drivers_cc23x0r5.a(SPILPF3DMA.c.obj)
                              ./syscfg/ti_drivers_config.o (SPILPF3DMA_fxnTable)
C:/ti/simplelink_lowpower_f3_sdk_9_11_00_18/source\ti/drivers/lib/gcc/m0p/drivers_cc23x0r5.a(TemperatureLPF3.c.obj)
                              C:/ti/simplelink_lowpower_f3_sdk_9_11_00_18/source\ti/drivers/lib/gcc/m0p/drivers_cc23x0r5.a(PowerCC23X0.c.obj) (Temperature_init)
C:/ti/simplelink_lowpower_f3_sdk_9_11_00_18/source\ti/drivers/lib/gcc/m0p/drivers_cc23x0r5.a(UART2.c.obj)
                              C:/ti/simplelink_lowpower_f3_sdk_9_11_00_18/source\ti/display/lib/gcc/m0p/display_cc23x0r5.a(DisplayUart2.c.obj) (UART2_Params_init)
C:/ti/simplelink_lowpower_f3_sdk_9_11_00_18/source\ti/drivers/lib/gcc/m0p/drivers_cc23x0r5.a(UART2LPF3.c.obj)
                              C:/ti/simplelink_lowpower_f3_sdk_9_11_00_18/source\ti/display/lib/gcc/m0p/display_cc23x0r5.a(DisplayUart2.c.obj) (UART2_close)
C:/ti/simplelink_lowpower_f3_sdk_9_11_00_18/source\ti/drivers/lib/gcc/m0p/drivers_cc23x0r5.a(RingBuf.c.obj)
                              C:/ti/simplelink_lowpower_f3_sdk_9_11_00_18/source\ti/drivers/lib/gcc/m0p/drivers_cc23x0r5.a(UART2LPF3.c.obj) (RingBuf_construct)
C:/ti/simplelink_lowpower_f3_sdk_9_11_00_18/source\ti/drivers/lib/gcc/m0p/drivers_cc23x0r5.a(BatMonSupportLPF3.c.obj)
                              C:/ti/simplelink_lowpower_f3_sdk_9_11_00_18/source\ti/drivers/lib/gcc/m0p/drivers_cc23x0r5.a(TemperatureLPF3.c.obj) (BatMonSupportLPF3_init)
C:/ti/simplelink_lowpower_f3_sdk_9_11_00_18/source\ti/devices/cc23x0r5/driverlib/lib/gcc/driverlib.a(cpu.c.obj)
                              ./syscfg/ti_drivers_config.o (CPUDelay)
C:/ti/simplelink_lowpower_f3_sdk_9_11_00_18/source\ti/devices/cc23x0r5/driverlib/lib/gcc/driverlib.a(evtsvt.c.obj)
                              C:/ti/simplelink_lowpower_f3_sdk_9_11_00_18/source\ti/drivers/lib/gcc/m0p/drivers_cc23x0r5.a(SPILPF3DMA.c.obj) (EVTSVTConfigureDma)
C:/ti/simplelink_lowpower_f3_sdk_9_11_00_18/source\ti/devices/cc23x0r5/driverlib/lib/gcc/driverlib.a(interrupt.c.obj)
                              ./syscfg/ti_freertos_config.o (IntRegister)
C:/ti/simplelink_lowpower_f3_sdk_9_11_00_18/source\ti/devices/cc23x0r5/driverlib/lib/gcc/driverlib.a(lrfd.c.obj)
                              C:/ti/simplelink_lowpower_f3_sdk_9_11_00_18/source\ti/drivers/lib/gcc/m0p/drivers_cc23x0r5.a(PowerCC23X0.c.obj) (LRFDApplyClockDependencies)
C:/ti/simplelink_lowpower_f3_sdk_9_11_00_18/source\ti/devices/cc23x0r5/driverlib/lib/gcc/driverlib.a(setup.c.obj)
                              ./syscfg/ti_freertos_config.o (SetupTrimDevice)
C:/ti/simplelink_lowpower_f3_sdk_9_11_00_18/source\ti/devices/cc23x0r5/driverlib/lib/gcc/driverlib.a(uart.c.obj)
                              C:/ti/simplelink_lowpower_f3_sdk_9_11_00_18/source\ti/drivers/lib/gcc/m0p/drivers_cc23x0r5.a(UART2LPF3.c.obj) (UARTConfigSetExpClk)
C:/ti/simplelink_lowpower_f3_sdk_9_11_00_18/source\ti/devices/cc23x0r5/driverlib/lib/gcc/driverlib.a(udma.c.obj)
[...]
Memory Configuration

Name             Origin             Length             Attributes
FLASH            0x00000000         0x00080000         xr
CCFG             0x4e020000         0x00000800         r
SRAM             0x20000000         0x00009000         xrw
SCFG             0x00000000         0x00000000         r
S2RRAM           0x40098000         0x00001000         rw
LOG_DATA         0x90000000         0x00040000         r
LOG_PTR          0x94000008         0x00040000         r
*default*        0x00000000         0xffffffff

Linker script and memory map

LOAD ./main_freertos.o
LOAD ./spicontroller.o
LOAD ./syscfg/ti_devices_config.o
LOAD ./syscfg/ti_drivers_config.o
LOAD ./syscfg/ti_freertos_config.o
LOAD ./syscfg/ti_freertos_portable_config.o
LOAD ./wiznet.o
                0x4e020000                ti_utils_build_GenMap_sym_CRC_CCFG_BOOT_CFG_begin = 0x4e020000
                0x4e02000b                ti_utils_build_GenMap_sym_CRC_CCFG_BOOT_CFG_end = 0x4e02000b
                0x4e020010                ti_utils_build_GenMap_sym_CRC_CCFG_begin = 0x4e020010
                0x4e02074b                ti_utils_build_GenMap_sym_CRC_CCFG_end = 0x4e02074b
                0x4e0207d0                ti_utils_build_GenMap_sym_CRC_CCFG_DEBUG_begin = 0x4e0207d0
                0x4e0207fb                ti_utils_build_GenMap_sym_CRC_CCFG_DEBUG_end = 0x4e0207fb
                0x00080000                ti_utils_build_GenMap_FLASH0_SIZE = 0x80000
                0x00009000                ti_utils_build_GenMap_RAM0_SIZE = 0x9000
                0x40098000                ti_utils_build_GenMap_S2RRAM_BASE = 0x40098000
                0x00001000                ti_utils_build_GenMap_S2RRAM_SIZE = 0x1000
                0x4e020000                ti_utils_build_GenMap_CCFG_BASE = 0x4e020000
                0x00000800                ti_utils_build_GenMap_CCFG_SIZE = 0x800
                0x00000000                ti_utils_build_GenMap_FLASH0_BASE = 0x0
                0x20000000                ti_utils_build_GenMap_RAM0_BASE = 0x20000000
                0x00000800                STACKSIZE = 0x800
                0x00000000                PROVIDE (_resetVecs_base_address, DEFINED (_resetVecs_base_address)?_resetVecs_base_address:ti_utils_build_GenMap_FLASH0_BASE)

.resetVecs      0x00000000       0x8c
 *(.resetVecs)
 .resetVecs     0x00000000       0x8c ./syscfg/ti_freertos_config.o
                0x00000000                resetVectors

.ramVecs        0x20000000       0x8c
 *(.ramVecs)
 .ramVecs       0x20000000       0x8c C:/ti/simplelink_lowpower_f3_sdk_9_11_00_18/source\ti/devices/cc23x0r5/driverlib/lib/gcc/driverlib.a(interrupt.c.obj)
                0x20000400                UDMALPF3_CONFIG_BASE = 0x20000400
                0x20000400                DMA_CHANNEL0_CONTROL_TABLE_ENTRY_ADDRESS = (UDMALPF3_CONFIG_BASE + 0x0)
                0x20000410                DMA_CHANNEL1_CONTROL_TABLE_ENTRY_ADDRESS = (UDMALPF3_CONFIG_BASE + 0x10)
                0x20000420                DMA_CHANNEL2_CONTROL_TABLE_ENTRY_ADDRESS = (UDMALPF3_CONFIG_BASE + 0x20)
                0x20000430                DMA_CHANNEL3_CONTROL_TABLE_ENTRY_ADDRESS = (UDMALPF3_CONFIG_BASE + 0x30)
                0x20000440                DMA_CHANNEL4_CONTROL_TABLE_ENTRY_ADDRESS = (UDMALPF3_CONFIG_BASE + 0x40)
                0x20000450                DMA_CHANNEL5_CONTROL_TABLE_ENTRY_ADDRESS = (UDMALPF3_CONFIG_BASE + 0x50)
                0x20000460                DMA_CHANNEL6_CONTROL_TABLE_ENTRY_ADDRESS = (UDMALPF3_CONFIG_BASE + 0x60)
                0x20000470                DMA_CHANNEL7_CONTROL_TABLE_ENTRY_ADDRESS = (UDMALPF3_CONFIG_BASE + 0x70)
                0x20000480                DMA_CHANNEL0_ALT_CONTROL_TABLE_ENTRY_ADDRESS = (UDMALPF3_CONFIG_BASE + 0x80)
                0x20000490                DMA_CHANNEL1_ALT_CONTROL_TABLE_ENTRY_ADDRESS = (UDMALPF3_CONFIG_BASE + 0x90)
                0x200004a0                DMA_CHANNEL2_ALT_CONTROL_TABLE_ENTRY_ADDRESS = (UDMALPF3_CONFIG_BASE + 0xa0)
                0x200004b0                DMA_CHANNEL3_ALT_CONTROL_TABLE_ENTRY_ADDRESS = (UDMALPF3_CONFIG_BASE + 0xb0)
                0x200004c0                DMA_CHANNEL4_ALT_CONTROL_TABLE_ENTRY_ADDRESS = (UDMALPF3_CONFIG_BASE + 0xc0)
                0x200004d0                DMA_CHANNEL5_ALT_CONTROL_TABLE_ENTRY_ADDRESS = (UDMALPF3_CONFIG_BASE + 0xd0)
                0x200004e0                DMA_CHANNEL6_ALT_CONTROL_TABLE_ENTRY_ADDRESS = (UDMALPF3_CONFIG_BASE + 0xe0)
                0x200004f0                DMA_CHANNEL7_ALT_CONTROL_TABLE_ENTRY_ADDRESS = (UDMALPF3_CONFIG_BASE + 0xf0)
                0x00000000                UDMALPF3_channel0ControlTableEntry_is_placed = 0x0

.dmaChannel0ControlTableEntry
                0x20000400       0x10
 *(.dmaChannel0ControlTableEntry)
 .dmaChannel0ControlTableEntry
                0x20000400       0x10 ./syscfg/ti_drivers_config.o
                0x00000000                UDMALPF3_channel1ControlTableEntry_is_placed = 0x0

.dmaChannel1ControlTableEntry
                0x20000410       0x10
 *(.dmaChannel1ControlTableEntry)
 .dmaChannel1ControlTableEntry
                0x20000410       0x10 ./syscfg/ti_drivers_config.o
                0x00000000                UDMALPF3_channel2ControlTableEntry_is_placed = 0x0

.dmaChannel2ControlTableEntry
                0x20000420       0x10
 *(.dmaChannel2ControlTableEntry)
 .dmaChannel2ControlTableEntry
                0x20000420       0x10 ./syscfg/ti_drivers_config.o
                0x00000000                UDMALPF3_channel3ControlTableEntry_is_placed = 0x0

.dmaChannel3ControlTableEntry
                0x20000430       0x10
 *(.dmaChannel3ControlTableEntry)
 .dmaChannel3ControlTableEntry
                0x20000430       0x10 ./syscfg/ti_drivers_config.o
                0x00000000                UDMALPF3_channel4ControlTableEntry_is_placed = 0x0

.dmaChannel4ControlTableEntry
 *(.dmaChannel4ControlTableEntry)
                0x00000000                UDMALPF3_channel5ControlTableEntry_is_placed = 0x0

.dmaChannel5ControlTableEntry
 *(.dmaChannel5ControlTableEntry)
                0x00000000                UDMALPF3_channel6ControlTableEntry_is_placed = 0x0

.dmaChannel6ControlTableEntry
 *(.dmaChannel6ControlTableEntry)
                0x00000000                UDMALPF3_channel7ControlTableEntry_is_placed = 0x0

.dmaChannel7ControlTableEntry
 *(.dmaChannel7ControlTableEntry)
                0x00000000                UDMALPF3_channel0AltControlTableEntry_is_placed = 0x0

.dmaChannel0AltControlTableEntry
                0x20000480       0x10
 *(.dmaChannel0AltControlTableEntry)
 .dmaChannel0AltControlTableEntry
                0x20000480       0x10 ./syscfg/ti_drivers_config.o
                0x00000000                UDMALPF3_channel1AltControlTableEntry_is_placed = 0x0

.dmaChannel1AltControlTableEntry
                0x20000490       0x10
 *(.dmaChannel1AltControlTableEntry)
 .dmaChannel1AltControlTableEntry
                0x20000490       0x10 ./syscfg/ti_drivers_config.o
                0x00000000                UDMALPF3_channel2AltControlTableEntry_is_placed = 0x0

.dmaChannel2AltControlTableEntry
 *(.dmaChannel2AltControlTableEntry)
                0x00000000                UDMALPF3_channel3AltControlTableEntry_is_placed = 0x0

.dmaChannel3AltControlTableEntry
 *(.dmaChannel3AltControlTableEntry)
                0x00000000                UDMALPF3_channel4AltControlTableEntry_is_placed = 0x0

.dmaChannel4AltControlTableEntry
 *(.dmaChannel4AltControlTableEntry)
                0x00000000                UDMALPF3_channel5AltControlTableEntry_is_placed = 0x0

.dmaChannel5AltControlTableEntry
 *(.dmaChannel5AltControlTableEntry)
                0x00000000                UDMALPF3_channel6AltControlTableEntry_is_placed = 0x0

.dmaChannel6AltControlTableEntry
 *(.dmaChannel6AltControlTableEntry)
                0x00000000                UDMALPF3_channel7AltControlTableEntry_is_placed = 0x0

.dmaChannel7AltControlTableEntry
 *(.dmaChannel7AltControlTableEntry)
                0x00002000                _rom_rodata_start = 0x2000
                0x00000000                _rom_rodata_size = DEFINED (ROM_RODATA_SIZE)?0x0:DEFINED (ROM_RODATA_SIZE_NO_OAD)?0x330:0x0

.rom_rodata_reserve
                0x00002000        0x0 load address 0x0000008c
                0x00002000                . = (. + _rom_rodata_size)

.text           0x00000090     0x8a54
 CREATE_OBJECT_SYMBOLS
 *(.text)
 .text          0x00000090      0x114 c:/ti/gcc-arm-none-eabi_7_2_1/bin/../lib/gcc/arm-none-eabi/7.2.1/thumb/v6-m\libgcc.a(_udivsi3.o)
                0x00000090                __aeabi_uidiv
                0x00000090                __udivsi3
                0x0000019c                __aeabi_uidivmod
 .text          0x000001a4        0x4 c:/ti/gcc-arm-none-eabi_7_2_1/bin/../lib/gcc/arm-none-eabi/7.2.1/thumb/v6-m\libgcc.a(_dvmd_tls.o)
                0x000001a4                __aeabi_idiv0
                0x000001a4                __aeabi_ldiv0
 .text          0x000001a8       0x7c c:/ti/gcc-arm-none-eabi_7_2_1/bin/../lib/gcc/arm-none-eabi/7.2.1/thumb/v6-m\libgcc.a(_arm_cmpdf2.o)
                0x000001a8                __aeabi_cdrcmple
                0x000001b8                __aeabi_cdcmple
                0x000001b8                __aeabi_cdcmpeq
                0x000001c8                __aeabi_dcmpeq
                0x000001d4                __aeabi_dcmplt
                0x000001e8                __aeabi_dcmple
                0x000001fc                __aeabi_dcmpgt
                0x00000210                __aeabi_dcmpge
 .text          0x00000224       0x3c c:/ti/gcc-arm-none-eabi_7_2_1/bin/../lib/gcc/arm-none-eabi/7.2.1/thumb/v6-m\libgcc.a(_clzsi2.o)
                0x00000224                __clzsi2
 .text          0x00000260       0x40 c:/ti/gcc-arm-none-eabi_7_2_1/bin/../lib/gcc/arm-none-eabi/7.2.1/thumb/v6-m\libgcc.a(_aeabi_uldivmod.o)
                0x00000260                __aeabi_uldivmod
 .text          0x000002a0       0x3c c:/ti/gcc-arm-none-eabi_7_2_1/bin/../lib/gcc/arm-none-eabi/7.2.1/thumb/v6-m\libgcc.a(_fixunsdfsi.o)
                0x000002a0                __aeabi_d2uiz
                0x000002a0                __fixunsdfsi
 .text          0x000002dc      0x184 c:/ti/gcc-arm-none-eabi_7_2_1/bin/../lib/gcc/arm-none-eabi/7.2.1/thumb/v6-m\libgcc.a(_udivmoddi4.o)
                0x000002dc                __udivmoddi4
 .text          0x00000460      0x264 c:/ti/gcc-arm-none-eabi_7_2_1/bin/../lib/gcc/arm-none-eabi/7.2.1/thumb/v6-m\libgcc.a(mulsf3.o)
                0x00000460                __aeabi_fmul
 .text          0x000006c4       0x94 c:/ti/gcc-arm-none-eabi_7_2_1/bin/../lib/gcc/arm-none-eabi/7.2.1/thumb/v6-m\libgcc.a(floatsisf.o)
                0x000006c4                __aeabi_i2f
 .text          0x00000758       0x78 c:/ti/gcc-arm-none-eabi_7_2_1/bin/../lib/gcc/arm-none-eabi/7.2.1/thumb/v6-m\libgcc.a(eqdf2.o)
                0x00000758                __nedf2
                0x00000758                __eqdf2
 .text          0x000007d0       0xc8 c:/ti/gcc-arm-none-eabi_7_2_1/bin/../lib/gcc/arm-none-eabi/7.2.1/thumb/v6-m\libgcc.a(gedf2.o)
                0x000007d0                __gedf2
                0x000007d0                __gtdf2
 .text          0x00000898       0xd0 c:/ti/gcc-arm-none-eabi_7_2_1/bin/../lib/gcc/arm-none-eabi/7.2.1/thumb/v6-m\libgcc.a(ledf2.o)
                0x00000898                __ledf2
                0x00000898                __ltdf2
 .text          0x00000968      0x4e4 c:/ti/gcc-arm-none-eabi_7_2_1/bin/../lib/gcc/arm-none-eabi/7.2.1/thumb/v6-m\libgcc.a(muldf3.o)
                0x00000968                __aeabi_dmul
 .text          0x00000e4c      0x690 c:/ti/gcc-arm-none-eabi_7_2_1/bin/../lib/gcc/arm-none-eabi/7.2.1/thumb/v6-m\libgcc.a(subdf3.o)
                0x00000e4c                __aeabi_dsub
 .text          0x000014dc       0x6c c:/ti/gcc-arm-none-eabi_7_2_1/bin/../lib/gcc/arm-none-eabi/7.2.1/thumb/v6-m\libgcc.a(fixdfsi.o)
                0x000014dc                __aeabi_d2iz
 .text          0x00001548       0x74 c:/ti/gcc-arm-none-eabi_7_2_1/bin/../lib/gcc/arm-none-eabi/7.2.1/thumb/v6-m\libgcc.a(floatsidf.o)
                0x00001548                __aeabi_i2d
 .text          0x000015bc       0xa4 c:/ti/gcc-arm-none-eabi_7_2_1/bin/../lib/gcc/arm-none-eabi/7.2.1/thumb/v6-m\libgcc.a(extendsfdf2.o)
                0x000015bc                __aeabi_f2d
 .text          0x00001660       0x18 c:/ti/gcc-arm-none-eabi_7_2_1/bin/../lib/gcc/arm-none-eabi/7.2.1/thumb/v6-m\libgcc.a(_clzdi2.o)
                0x00001660                __clzdi2
 .text          0x00001678        0xe c:/ti/gcc-arm-none-eabi_7_2_1/bin/../lib/gcc/arm-none-eabi/7.2.1/../../../../arm-none-eabi/lib/thumb/v6-m\libc_nano.a(lib_a-strlen.o)
                0x00001678                strlen
 *(.text.*)
 *fill*         0x00001686        0x2 
 .text.startup.main
                0x00001688       0x58 ./main_freertos.o
                0x00001688                main
 .text.controllerThread
                0x000016e0      0x4a0 ./spicontroller.o
                0x000016e0                controllerThread
 .text.mainThread
                0x00001b80       0xb0 ./spicontroller.o
                0x00001b80                mainThread
 .text.Board_initHook
                0x00001c30        0x4 ./syscfg/ti_drivers_config.o
                0x00001c30                Board_initHook
 .text.Board_init
                0x00001c34       0xdc ./syscfg/ti_drivers_config.o
                0x00001c34                Board_init
 .text.prvAddCurrentTaskToDelayedList
                0x00001d10       0xfc ./syscfg/ti_freertos_config.o
 .text.prvInsertBlockIntoFreeList
                0x00001e0c       0x50 ./syscfg/ti_freertos_config.o
 .text.resetISR
                0x00001e5c       0x10 ./syscfg/ti_freertos_config.o
                0x00001e5c                resetISR
 .text.Exception_handlerSpin
                0x00001e6c        0x4 ./syscfg/ti_freertos_config.o
                0x00001e6c                Exception_handlerSpin
 .text.HwiP_dispatch
                0x00001e70       0x28 ./syscfg/ti_freertos_config.o
                0x00001e70                HwiP_dispatch
 .text.prvAddNewTaskToReadyList
                0x00001e98      0x218 ./syscfg/ti_freertos_config.o
 .text.ClockP_hwiCallback
                0x000020b0      0x174 ./syscfg/ti_freertos_config.o
 .text.doPrint  0x00002224      0x524 ./syscfg/ti_freertos_config.o
 .text.ClockP_startup.part.25
                0x00002748      0x104 ./syscfg/ti_freertos_config.o
 .text.xTaskIncrementTick.part.11
                0x0000284c      0x164 ./syscfg/ti_freertos_config.o
 .text.prvCheckForValidListAndQueue
                0x000029b0       0xbc ./syscfg/ti_freertos_config.o
 .text.vTaskStartScheduler
                0x00002a6c      0x188 ./syscfg/ti_freertos_config.o
                0x00002a6c                vTaskStartScheduler
 .text.xTaskResumeAll
                0x00002bf4      0x17c ./syscfg/ti_freertos_config.o
                0x00002bf4                xTaskResumeAll
 .text.vTaskStepTick
                0x00002d70       0x3c ./syscfg/ti_freertos_config.o
                0x00002d70                vTaskStepTick
 .text.xTaskIncrementTick
                0x00002dac       0x24 ./syscfg/ti_freertos_config.o
                0x00002dac                xTaskIncrementTick
 .text.vTaskPlaceOnEventList
                0x00002dd0       0x48 ./syscfg/ti_freertos_config.o
                0x00002dd0                vTaskPlaceOnEventList
 .text.xTaskRemoveFromEventList
                0x00002e18       0xec ./syscfg/ti_freertos_config.o
                0x00002e18                xTaskRemoveFromEventList
 .text.xQueueReceiveFromISR
                0x00002f04       0x90 ./syscfg/ti_freertos_config.o
                0x00002f04                xQueueReceiveFromISR
 .text.prvUnlockQueue
                0x00002f94       0xa4 ./syscfg/ti_freertos_config.o
 .text.xQueueReceive
                0x00003038      0x16c ./syscfg/ti_freertos_config.o
                0x00003038                xQueueReceive
 .text.xTaskCheckForTimeOut
                0x000031a4       0x58 ./syscfg/ti_freertos_config.o
                0x000031a4                xTaskCheckForTimeOut
 .text.xTaskPriorityInherit
                0x000031fc       0xb0 ./syscfg/ti_freertos_config.o
                0x000031fc                xTaskPriorityInherit
 .text.xTaskPriorityDisinherit
                0x000032ac       0x80 ./syscfg/ti_freertos_config.o
                0x000032ac                xTaskPriorityDisinherit
 .text.prvCopyDataToQueue
                0x0000332c       0x7c ./syscfg/ti_freertos_config.o
 .text.xQueueGenericSend.constprop.39
                0x000033a8      0x148 ./syscfg/ti_freertos_config.o
 .text.vTaskPriorityDisinheritAfterTimeout
                0x000034f0       0x90 ./syscfg/ti_freertos_config.o
                0x000034f0                vTaskPriorityDisinheritAfterTimeout
 .text.xQueueSemaphoreTake
                0x00003580      0x174 ./syscfg/ti_freertos_config.o
                0x00003580                xQueueSemaphoreTake
 .text.pvPortMalloc
                0x000036f4       0xf8 ./syscfg/ti_freertos_config.o
                0x000036f4                pvPortMalloc
 .text.xQueueGenericCreate.constprop.40
                0x000037ec       0x70 ./syscfg/ti_freertos_config.o
 .text.vPortFree
                0x0000385c       0x50 ./syscfg/ti_freertos_config.o
                0x0000385c                vPortFree
 .text.xTaskCreate
                0x000038ac      0x15c ./syscfg/ti_freertos_config.o
                0x000038ac                xTaskCreate
 .text.vTaskDelete
                0x00003a08      0x120 ./syscfg/ti_freertos_config.o
                0x00003a08                vTaskDelete
 .text.prvTimerTask
                0x00003b28      0x638 ./syscfg/ti_freertos_config.o
 .text.prvIdleTask
                0x00004160      0x28c ./syscfg/ti_freertos_config.o
 .text.vApplicationStackOverflowHook
                0x000043ec        0x4 ./syscfg/ti_freertos_config.o
                0x000043ec                vApplicationStackOverflowHook
 .text.vTaskSwitchContext.part.20
                0x000043f0      0x128 ./syscfg/ti_freertos_config.o
 .text.vTaskSwitchContext
                0x00004518       0x20 ./syscfg/ti_freertos_config.o
                0x00004518                vTaskSwitchContext
 .text.vTaskSuspend
                0x00004538      0x120 ./syscfg/ti_freertos_config.o
                0x00004538                vTaskSuspend
 .text.SemaphoreP_constructBinary
                0x00004658       0x74 ./syscfg/ti_freertos_config.o
                0x00004658                SemaphoreP_constructBinary
 .text.SemaphoreP_createBinary
                0x000046cc       0x7c ./syscfg/ti_freertos_config.o
                0x000046cc                SemaphoreP_createBinary
 .text.SemaphoreP_delete
                0x00004748       0x10 ./syscfg/ti_freertos_config.o
                0x00004748                SemaphoreP_delete
 .text.SemaphoreP_destruct
                0x00004758        0x4 ./syscfg/ti_freertos_config.o
                0x00004758                SemaphoreP_destruct
 .text.SemaphoreP_pend
                0x0000475c       0x3c ./syscfg/ti_freertos_config.o
                0x0000475c                SemaphoreP_pend
 .text.SemaphoreP_post
                0x00004798       0x60 ./syscfg/ti_freertos_config.o
                0x00004798                SemaphoreP_post
 .text.SwiP_Params_init
                0x000047f8       0x10 ./syscfg/ti_freertos_config.o
                0x000047f8                SwiP_Params_init
 .text.SwiP_destruct
                0x00004808       0x64 ./syscfg/ti_freertos_config.o
                0x00004808                SwiP_destruct
 .text.SwiP_dispatch
                0x0000486c      0x128 ./syscfg/ti_freertos_config.o
                0x0000486c                SwiP_dispatch
 .text.SwiP_handleHwi
                0x00004994       0x48 ./syscfg/ti_freertos_config.o
 .text.SwiP_post
                0x000049dc       0xcc ./syscfg/ti_freertos_config.o
                0x000049dc                SwiP_post
 .text.SystemP_vsnprintf
                0x00004aa8        0x8 ./syscfg/ti_freertos_config.o
                0x00004aa8                SystemP_vsnprintf
 .text.ClockP_start
                0x00004ab0       0xbc ./syscfg/ti_freertos_config.o
                0x00004ab0                ClockP_start
 .text.ClockP_construct
                0x00004b6c       0x54 ./syscfg/ti_freertos_config.o
                0x00004b6c                ClockP_construct
 .text.ClockP_stop
                0x00004bc0       0xe0 ./syscfg/ti_freertos_config.o
                0x00004bc0                ClockP_stop
 .text.ClockP_setFunc
                0x00004ca0       0x48 ./syscfg/ti_freertos_config.o
                0x00004ca0                ClockP_setFunc
 .text.ClockP_getCpuFreq
                0x00004ce8        0xc ./syscfg/ti_freertos_config.o
                0x00004ce8                ClockP_getCpuFreq
 .text.ClockP_getSystemTickPeriod
                0x00004cf4        0x4 ./syscfg/ti_freertos_config.o
                0x00004cf4                ClockP_getSystemTickPeriod
 .text.HwiP_clearInterrupt
                0x00004cf8        0x8 ./syscfg/ti_freertos_config.o
                0x00004cf8                HwiP_clearInterrupt
 .text.HwiP_construct
                0x00004d00       0x84 ./syscfg/ti_freertos_config.o
                0x00004d00                HwiP_construct
 .text.SwiP_construct
                0x00004d84      0x120 ./syscfg/ti_freertos_config.o
                0x00004d84                SwiP_construct
 .text.HwiP_destruct
                0x00004ea4       0x14 ./syscfg/ti_freertos_config.o
                0x00004ea4                HwiP_destruct
 .text.HwiP_disable
                0x00004eb8       0x24 ./syscfg/ti_freertos_config.o
                0x00004eb8                HwiP_disable
 .text.HwiP_disableInterrupt
                0x00004edc        0x8 ./syscfg/ti_freertos_config.o
                0x00004edc                HwiP_disableInterrupt
 .text.HwiP_enableInterrupt
                0x00004ee4        0x8 ./syscfg/ti_freertos_config.o
                0x00004ee4                HwiP_enableInterrupt
 .text.HwiP_interruptsEnabled
                0x00004eec        0xc ./syscfg/ti_freertos_config.o
                0x00004eec                HwiP_interruptsEnabled
 .text.HwiP_Params_init
                0x00004ef8       0x14 ./syscfg/ti_freertos_config.o
                0x00004ef8                HwiP_Params_init
 .text.HwiP_restore
                0x00004f0c       0x1c ./syscfg/ti_freertos_config.o
                0x00004f0c                HwiP_restore
 .text.PowerCC23X0_standbyPolicy
                0x00004f28      0x1c4 ./syscfg/ti_freertos_config.o
                0x00004f28                PowerCC23X0_standbyPolicy
 .text.localProgramStart
                0x000050ec       0xb4 ./syscfg/ti_freertos_config.o
                0x000050ec                localProgramStart
 .text._fini    0x000051a0        0x4 ./syscfg/ti_freertos_config.o
                0x000051a0                _fini
 .text._free_r  0x000051a4       0x10 ./syscfg/ti_freertos_config.o
                0x000051a4                _free_r
 .text.pthread_attr_init
                0x000051b4       0x18 ./syscfg/ti_freertos_config.o
                0x000051b4                pthread_attr_init
 .text.pthread_attr_setdetachstate
                0x000051cc       0x10 ./syscfg/ti_freertos_config.o
                0x000051cc                pthread_attr_setdetachstate
 .text.pthread_attr_setschedparam
                0x000051dc       0x14 ./syscfg/ti_freertos_config.o
                0x000051dc                pthread_attr_setschedparam
 .text.pthread_attr_setstacksize
                0x000051f0        0x8 ./syscfg/ti_freertos_config.o
                0x000051f0                pthread_attr_setstacksize
 .text.pthread_create
                0x000051f8      0x108 ./syscfg/ti_freertos_config.o
                0x000051f8                pthread_create
 .text.pthread_exit
                0x00005300       0xbc ./syscfg/ti_freertos_config.o
                0x00005300                pthread_exit
 .text._pthread_runStub
                0x000053bc       0x10 ./syscfg/ti_freertos_config.o
 .text.sleep    0x000053cc       0x4c ./syscfg/ti_freertos_config.o
                0x000053cc                sleep
 .text.prvTaskExitError
                0x00005418       0x14 ./syscfg/ti_freertos_portable_config.o
 *fill*         0x0000542c        0x4 
 .text.vPortStartFirstTask
                0x00005430       0x34 ./syscfg/ti_freertos_portable_config.o
 .text.pxPortInitialiseStack
                0x00005464       0x20 ./syscfg/ti_freertos_portable_config.o
                0x00005464                pxPortInitialiseStack
 .text.vPortSVCHandler
                0x00005484        0x4 ./syscfg/ti_freertos_portable_config.o
                0x00005484                vPortSVCHandler
 .text.vPortYield
                0x00005488       0x18 ./syscfg/ti_freertos_portable_config.o
                0x00005488                vPortYield
 .text.vPortEnterCritical
                0x000054a0       0x18 ./syscfg/ti_freertos_portable_config.o
                0x000054a0                vPortEnterCritical
 .text.vPortExitCritical
                0x000054b8       0x14 ./syscfg/ti_freertos_portable_config.o
                0x000054b8                vPortExitCritical
 .text.ulSetInterruptMaskFromISR
                0x000054cc        0x8 ./syscfg/ti_freertos_portable_config.o
                0x000054cc                ulSetInterruptMaskFromISR
 .text.vClearInterruptMaskFromISR
                0x000054d4        0x8 ./syscfg/ti_freertos_portable_config.o
                0x000054d4                vClearInterruptMaskFromISR
 *fill*         0x000054dc        0x4 
 .text.xPortPendSVHandler
                0x000054e0       0x44 ./syscfg/ti_freertos_portable_config.o
                0x000054e0                xPortPendSVHandler
 .text.xPortSysTickHandler
                0x00005524       0x24 ./syscfg/ti_freertos_portable_config.o
                0x00005524                xPortSysTickHandler
 .text.vPortSetupTimerInterrupt
                0x00005548       0x4c ./syscfg/ti_freertos_portable_config.o
                0x00005548                vPortSetupTimerInterrupt
 .text.xPortStartScheduler
                0x00005594       0x44 ./syscfg/ti_freertos_portable_config.o
                0x00005594                xPortStartScheduler
 .text.Display_doOpen
                0x000055d8       0x68 C:/ti/simplelink_lowpower_f3_sdk_9_11_00_18/source\ti/display/lib/gcc/m0p/display_cc23x0r5.a(Display.c.obj)
                0x000055d8                Display_doOpen
 .text.Display_doPrintf
                0x00005640       0x24 C:/ti/simplelink_lowpower_f3_sdk_9_11_00_18/source\ti/display/lib/gcc/m0p/display_cc23x0r5.a(Display.c.obj)
                0x00005640                Display_doPrintf
 .text.Display_doInit
                0x00005664       0x28 C:/ti/simplelink_lowpower_f3_sdk_9_11_00_18/source\ti/display/lib/gcc/m0p/display_cc23x0r5.a(Display.c.obj)
                0x00005664                Display_doInit
 .text.DisplayUart2Min_init
                0x0000568c        0x4 C:/ti/simplelink_lowpower_f3_sdk_9_11_00_18/source\ti/display/lib/gcc/m0p/display_cc23x0r5.a(DisplayUart2.c.obj)
                0x0000568c                DisplayUart2Min_init
 .text.DisplayUart2Min_clearLines
                0x00005690        0x4 C:/ti/simplelink_lowpower_f3_sdk_9_11_00_18/source\ti/display/lib/gcc/m0p/display_cc23x0r5.a(DisplayUart2.c.obj)
                0x00005690                DisplayUart2Min_clearLines
 .text.DisplayUart2Min_control
                0x00005694        0x8 C:/ti/simplelink_lowpower_f3_sdk_9_11_00_18/source\ti/display/lib/gcc/m0p/display_cc23x0r5.a(DisplayUart2.c.obj)
                0x00005694                DisplayUart2Min_control
 .text.DisplayUart2Min_getType
                0x0000569c        0x8 C:/ti/simplelink_lowpower_f3_sdk_9_11_00_18/source\ti/display/lib/gcc/m0p/display_cc23x0r5.a(DisplayUart2.c.obj)
                0x0000569c                DisplayUart2Min_getType
 .text.DisplayUart2Min_open
                0x000056a4       0x40 C:/ti/simplelink_lowpower_f3_sdk_9_11_00_18/source\ti/display/lib/gcc/m0p/display_cc23x0r5.a(DisplayUart2.c.obj)
                0x000056a4                DisplayUart2Min_open
 .text.DisplayUart2Min_vprintf
                0x000056e4       0x50 C:/ti/simplelink_lowpower_f3_sdk_9_11_00_18/source\ti/display/lib/gcc/m0p/display_cc23x0r5.a(DisplayUart2.c.obj)
                0x000056e4                DisplayUart2Min_vprintf
 .text.DisplayUart2Min_close
                0x00005734       0x18 C:/ti/simplelink_lowpower_f3_sdk_9_11_00_18/source\ti/display/lib/gcc/m0p/display_cc23x0r5.a(DisplayUart2.c.obj)
                0x00005734                DisplayUart2Min_close
 .text.DisplayUart2Min_clear
                0x0000574c        0x4 C:/ti/simplelink_lowpower_f3_sdk_9_11_00_18/source\ti/display/lib/gcc/m0p/display_cc23x0r5.a(DisplayUart2.c.obj)
                0x0000574c                DisplayUart2Min_clear
 .text.List_clearList
                0x00005750       0x14 C:/ti/simplelink_lowpower_f3_sdk_9_11_00_18/source\ti/drivers/lib/gcc/m0p/drivers_cc23x0r5.a(List.c.obj)
                0x00005750                List_clearList
 .text.List_put
                0x00005764       0x24 C:/ti/simplelink_lowpower_f3_sdk_9_11_00_18/source\ti/drivers/lib/gcc/m0p/drivers_cc23x0r5.a(List.c.obj)
                0x00005764                List_put
 .text.List_remove
                0x00005788       0x28 C:/ti/simplelink_lowpower_f3_sdk_9_11_00_18/source\ti/drivers/lib/gcc/m0p/drivers_cc23x0r5.a(List.c.obj)
                0x00005788                List_remove
 .text.Math_divideBy1000
                0x000057b0       0x28 C:/ti/simplelink_lowpower_f3_sdk_9_11_00_18/source\ti/drivers/lib/gcc/m0p/drivers_cc23x0r5.a(Math.c.obj)
                0x000057b0                Math_divideBy1000
 .text.UDMALPF3_postNotifyFxn
                0x000057d8       0x44 C:/ti/simplelink_lowpower_f3_sdk_9_11_00_18/source\ti/drivers/lib/gcc/m0p/drivers_cc23x0r5.a(UDMALPF3.c.obj)
 .text.UDMALPF3_init
                0x0000581c       0x60 C:/ti/simplelink_lowpower_f3_sdk_9_11_00_18/source\ti/drivers/lib/gcc/m0p/drivers_cc23x0r5.a(UDMALPF3.c.obj)
                0x0000581c                UDMALPF3_init
 .text.GPIO_setCallback
                0x0000587c       0x1c C:/ti/simplelink_lowpower_f3_sdk_9_11_00_18/source\ti/drivers/lib/gcc/m0p/drivers_cc23x0r5.a(GPIO.c.obj)
                0x0000587c                GPIO_setCallback
 .text.GPIO_setUserArg
                0x00005898       0x14 C:/ti/simplelink_lowpower_f3_sdk_9_11_00_18/source\ti/drivers/lib/gcc/m0p/drivers_cc23x0r5.a(GPIO.c.obj)
                0x00005898                GPIO_setUserArg
 .text.GPIO_getUserArg
                0x000058ac       0x10 C:/ti/simplelink_lowpower_f3_sdk_9_11_00_18/source\ti/drivers/lib/gcc/m0p/drivers_cc23x0r5.a(GPIO.c.obj)
                0x000058ac                GPIO_getUserArg
 .text.GPIO_resetConfig
                0x000058bc       0x38 C:/ti/simplelink_lowpower_f3_sdk_9_11_00_18/source\ti/drivers/lib/gcc/m0p/drivers_cc23x0r5.a(GPIO.c.obj)
                0x000058bc                GPIO_resetConfig
 .text.GPIO_hwiIntFxn
                0x000058f4       0x44 C:/ti/simplelink_lowpower_f3_sdk_9_11_00_18/source\ti/drivers/lib/gcc/m0p/drivers_cc23x0r5.a(GPIOLPF3.c.obj)
                0x000058f4                GPIO_hwiIntFxn
 .text.GPIO_disableInt
                0x00005938       0x14 C:/ti/simplelink_lowpower_f3_sdk_9_11_00_18/source\ti/drivers/lib/gcc/m0p/drivers_cc23x0r5.a(GPIOLPF3.c.obj)
                0x00005938                GPIO_disableInt
 .text.GPIO_init
                0x0000594c      0x114 C:/ti/simplelink_lowpower_f3_sdk_9_11_00_18/source\ti/drivers/lib/gcc/m0p/drivers_cc23x0r5.a(GPIOLPF3.c.obj)
                0x0000594c                GPIO_init
 .text.GPIO_read
                0x00005a60       0x10 C:/ti/simplelink_lowpower_f3_sdk_9_11_00_18/source\ti/drivers/lib/gcc/m0p/drivers_cc23x0r5.a(GPIOLPF3.c.obj)
                0x00005a60                GPIO_read
 .text.GPIO_setConfig
                0x00005a70       0x8c C:/ti/simplelink_lowpower_f3_sdk_9_11_00_18/source\ti/drivers/lib/gcc/m0p/drivers_cc23x0r5.a(GPIOLPF3.c.obj)
                0x00005a70                GPIO_setConfig
 .text.GPIO_setInterruptConfig
                0x00005afc       0x50 C:/ti/simplelink_lowpower_f3_sdk_9_11_00_18/source\ti/drivers/lib/gcc/m0p/drivers_cc23x0r5.a(GPIOLPF3.c.obj)
                0x00005afc                GPIO_setInterruptConfig
 .text.GPIO_write
                0x00005b4c       0x18 C:/ti/simplelink_lowpower_f3_sdk_9_11_00_18/source\ti/drivers/lib/gcc/m0p/drivers_cc23x0r5.a(GPIOLPF3.c.obj)
                0x00005b4c                GPIO_write
 .text.GPIO_setConfigAndMux
                0x00005b64       0x84 C:/ti/simplelink_lowpower_f3_sdk_9_11_00_18/source\ti/drivers/lib/gcc/m0p/drivers_cc23x0r5.a(GPIOLPF3.c.obj)
                0x00005b64                GPIO_setConfigAndMux
 .text.PowerCC23X0_lfxtQual
                0x00005be8       0xe8 C:/ti/simplelink_lowpower_f3_sdk_9_11_00_18/source\ti/drivers/lib/gcc/m0p/drivers_cc23x0r5.a(PowerCC23X0.c.obj)
 .text.PowerCC23X0_rtcISR
                0x00005cd0       0x14 C:/ti/simplelink_lowpower_f3_sdk_9_11_00_18/source\ti/drivers/lib/gcc/m0p/drivers_cc23x0r5.a(PowerCC23X0.c.obj)
 .text.PowerCC23X0_hfxtAmpsettledTimeout
                0x00005ce4       0x5c C:/ti/simplelink_lowpower_f3_sdk_9_11_00_18/source\ti/drivers/lib/gcc/m0p/drivers_cc23x0r5.a(PowerCC23X0.c.obj)
 .text.PowerCC23X0_startHFXT
                0x00005d40       0xb8 C:/ti/simplelink_lowpower_f3_sdk_9_11_00_18/source\ti/drivers/lib/gcc/m0p/drivers_cc23x0r5.a(PowerCC23X0.c.obj)
 .text.Power_sleep.part.0
                0x00005df8       0xc4 C:/ti/simplelink_lowpower_f3_sdk_9_11_00_18/source\ti/drivers/lib/gcc/m0p/drivers_cc23x0r5.a(PowerCC23X0.c.obj)
 .text.PowerCC23X0_oscillatorISR
                0x00005ebc      0x1a0 C:/ti/simplelink_lowpower_f3_sdk_9_11_00_18/source\ti/drivers/lib/gcc/m0p/drivers_cc23x0r5.a(PowerCC23X0.c.obj)
 .text.Power_init
                0x0000605c      0x10c C:/ti/simplelink_lowpower_f3_sdk_9_11_00_18/source\ti/drivers/lib/gcc/m0p/drivers_cc23x0r5.a(PowerCC23X0.c.obj)
                0x0000605c                Power_init
 .text.Power_getConstraintMask
                0x00006168        0xc C:/ti/simplelink_lowpower_f3_sdk_9_11_00_18/source\ti/drivers/lib/gcc/m0p/drivers_cc23x0r5.a(PowerCC23X0.c.obj)
                0x00006168                Power_getConstraintMask
 .text.Power_idleFunc
                0x00006174       0x20 C:/ti/simplelink_lowpower_f3_sdk_9_11_00_18/source\ti/drivers/lib/gcc/m0p/drivers_cc23x0r5.a(PowerCC23X0.c.obj)
                0x00006174                Power_idleFunc
 .text.Power_registerNotify
                0x00006194       0x28 C:/ti/simplelink_lowpower_f3_sdk_9_11_00_18/source\ti/drivers/lib/gcc/m0p/drivers_cc23x0r5.a(PowerCC23X0.c.obj)
                0x00006194                Power_registerNotify
 .text.Power_unregisterNotify
                0x000061bc       0x14 C:/ti/simplelink_lowpower_f3_sdk_9_11_00_18/source\ti/drivers/lib/gcc/m0p/drivers_cc23x0r5.a(PowerCC23X0.c.obj)
                0x000061bc                Power_unregisterNotify
 .text.Power_setConstraint
                0x000061d0       0x30 C:/ti/simplelink_lowpower_f3_sdk_9_11_00_18/source\ti/drivers/lib/gcc/m0p/drivers_cc23x0r5.a(PowerCC23X0.c.obj)
                0x000061d0                Power_setConstraint
 .text.Power_releaseConstraint
                0x00006200       0x34 C:/ti/simplelink_lowpower_f3_sdk_9_11_00_18/source\ti/drivers/lib/gcc/m0p/drivers_cc23x0r5.a(PowerCC23X0.c.obj)
                0x00006200                Power_releaseConstraint
 .text.Power_setDependency
                0x00006234       0x70 C:/ti/simplelink_lowpower_f3_sdk_9_11_00_18/source\ti/drivers/lib/gcc/m0p/drivers_cc23x0r5.a(PowerCC23X0.c.obj)
                0x00006234                Power_setDependency
 .text.Power_releaseDependency
                0x000062a4       0x70 C:/ti/simplelink_lowpower_f3_sdk_9_11_00_18/source\ti/drivers/lib/gcc/m0p/drivers_cc23x0r5.a(PowerCC23X0.c.obj)
                0x000062a4                Power_releaseDependency
 .text.PowerCC23X0_doWFI
                0x00006314       0x10 C:/ti/simplelink_lowpower_f3_sdk_9_11_00_18/source\ti/drivers/lib/gcc/m0p/drivers_cc23x0r5.a(PowerCC23X0.c.obj)
                0x00006314                PowerCC23X0_doWFI
 .text.PowerLPF3_selectLFXT
                0x00006324       0xa4 C:/ti/simplelink_lowpower_f3_sdk_9_11_00_18/source\ti/drivers/lib/gcc/m0p/drivers_cc23x0r5.a(PowerCC23X0.c.obj)
                0x00006324                PowerLPF3_selectLFXT
 .text.PowerLPF3_sleep
                0x000063c8      0x120 C:/ti/simplelink_lowpower_f3_sdk_9_11_00_18/source\ti/drivers/lib/gcc/m0p/drivers_cc23x0r5.a(PowerCC23X0.c.obj)
                0x000063c8                PowerLPF3_sleep
 .text.PowerLPF3_isLfincFilterAllowingStandby
                0x000064e8       0x30 C:/ti/simplelink_lowpower_f3_sdk_9_11_00_18/source\ti/drivers/lib/gcc/m0p/drivers_cc23x0r5.a(PowerCC23X0.c.obj)
                0x000064e8                PowerLPF3_isLfincFilterAllowingStandby
 .text.SPI_close
                0x00006518        0xc C:/ti/simplelink_lowpower_f3_sdk_9_11_00_18/source\ti/drivers/lib/gcc/m0p/drivers_cc23x0r5.a(SPI.c.obj)
                0x00006518                SPI_close
 .text.SPI_init
                0x00006524       0x48 C:/ti/simplelink_lowpower_f3_sdk_9_11_00_18/source\ti/drivers/lib/gcc/m0p/drivers_cc23x0r5.a(SPI.c.obj)
                0x00006524                SPI_init
 .text.SPI_open
                0x0000656c       0x40 C:/ti/simplelink_lowpower_f3_sdk_9_11_00_18/source\ti/drivers/lib/gcc/m0p/drivers_cc23x0r5.a(SPI.c.obj)
                0x0000656c                SPI_open
 .text.SPI_Params_init
                0x000065ac       0x18 C:/ti/simplelink_lowpower_f3_sdk_9_11_00_18/source\ti/drivers/lib/gcc/m0p/drivers_cc23x0r5.a(SPI.c.obj)
                0x000065ac                SPI_Params_init
 .text.SPI_transfer
                0x000065c4        0xc C:/ti/simplelink_lowpower_f3_sdk_9_11_00_18/source\ti/drivers/lib/gcc/m0p/drivers_cc23x0r5.a(SPI.c.obj)
                0x000065c4                SPI_transfer
 .text.SPILPF3DMA_init
                0x000065d0        0xc C:/ti/simplelink_lowpower_f3_sdk_9_11_00_18/source\ti/drivers/lib/gcc/m0p/drivers_cc23x0r5.a(SPILPF3DMA.c.obj)
                0x000065d0                SPILPF3DMA_init
 .text.configNextTransfer
                0x000065dc      0x160 C:/ti/simplelink_lowpower_f3_sdk_9_11_00_18/source\ti/drivers/lib/gcc/m0p/drivers_cc23x0r5.a(SPILPF3DMA.c.obj)
 .text.initIO   0x0000673c       0x74 C:/ti/simplelink_lowpower_f3_sdk_9_11_00_18/source\ti/drivers/lib/gcc/m0p/drivers_cc23x0r5.a(SPILPF3DMA.c.obj)
 .text.blockingTransferCallback
                0x000067b0        0xc C:/ti/simplelink_lowpower_f3_sdk_9_11_00_18/source\ti/drivers/lib/gcc/m0p/drivers_cc23x0r5.a(SPILPF3DMA.c.obj)
 .text.SPILPF3DMA_close
                0x000067bc       0x84 C:/ti/simplelink_lowpower_f3_sdk_9_11_00_18/source\ti/drivers/lib/gcc/m0p/drivers_cc23x0r5.a(SPILPF3DMA.c.obj)
                0x000067bc                SPILPF3DMA_close
 .text.initHw.isra.0
                0x00006840      0x124 C:/ti/simplelink_lowpower_f3_sdk_9_11_00_18/source\ti/drivers/lib/gcc/m0p/drivers_cc23x0r5.a(SPILPF3DMA.c.obj)
 .text.SPILPF3DMA_transferCancel
                0x00006964      0x180 C:/ti/simplelink_lowpower_f3_sdk_9_11_00_18/source\ti/drivers/lib/gcc/m0p/drivers_cc23x0r5.a(SPILPF3DMA.c.obj)
                0x00006964                SPILPF3DMA_transferCancel
 .text.csnCallback
                0x00006ae4       0x74 C:/ti/simplelink_lowpower_f3_sdk_9_11_00_18/source\ti/drivers/lib/gcc/m0p/drivers_cc23x0r5.a(SPILPF3DMA.c.obj)
 .text.SPILPF3DMA_hwiFxn
                0x00006b58      0x234 C:/ti/simplelink_lowpower_f3_sdk_9_11_00_18/source\ti/drivers/lib/gcc/m0p/drivers_cc23x0r5.a(SPILPF3DMA.c.obj)
 .text.spiPostNotify
                0x00006d8c       0x78 C:/ti/simplelink_lowpower_f3_sdk_9_11_00_18/source\ti/drivers/lib/gcc/m0p/drivers_cc23x0r5.a(SPILPF3DMA.c.obj)
 .text.SPILPF3DMA_open
                0x00006e04      0x170 C:/ti/simplelink_lowpower_f3_sdk_9_11_00_18/source\ti/drivers/lib/gcc/m0p/drivers_cc23x0r5.a(SPILPF3DMA.c.obj)
                0x00006e04                SPILPF3DMA_open
 .text.SPILPF3DMA_swiFxn
                0x00006f74       0x78 C:/ti/simplelink_lowpower_f3_sdk_9_11_00_18/source\ti/drivers/lib/gcc/m0p/drivers_cc23x0r5.a(SPILPF3DMA.c.obj)
 .text.SPILPF3DMA_control
                0x00006fec      0x120 C:/ti/simplelink_lowpower_f3_sdk_9_11_00_18/source\ti/drivers/lib/gcc/m0p/drivers_cc23x0r5.a(SPILPF3DMA.c.obj)
                0x00006fec                SPILPF3DMA_control
 .text.SPILPF3DMA_transfer
                0x0000710c      0x420 C:/ti/simplelink_lowpower_f3_sdk_9_11_00_18/source\ti/drivers/lib/gcc/m0p/drivers_cc23x0r5.a(SPILPF3DMA.c.obj)
                0x0000710c                SPILPF3DMA_transfer
 .text.UART2_Params_init
                0x0000752c       0x18 C:/ti/simplelink_lowpower_f3_sdk_9_11_00_18/source\ti/drivers/lib/gcc/m0p/drivers_cc23x0r5.a(UART2.c.obj)
                0x0000752c                UART2_Params_init
 .text.UART2_readCancel
                0x00007544       0x5c C:/ti/simplelink_lowpower_f3_sdk_9_11_00_18/source\ti/drivers/lib/gcc/m0p/drivers_cc23x0r5.a(UART2.c.obj)
                0x00007544                UART2_readCancel
 .text.UART2_rxDisable
                0x000075a0       0x38 C:/ti/simplelink_lowpower_f3_sdk_9_11_00_18/source\ti/drivers/lib/gcc/m0p/drivers_cc23x0r5.a(UART2.c.obj)
                0x000075a0                UART2_rxDisable
 .text.UART2_writeTimeoutBlocking
                0x000075d8      0x178 C:/ti/simplelink_lowpower_f3_sdk_9_11_00_18/source\ti/drivers/lib/gcc/m0p/drivers_cc23x0r5.a(UART2.c.obj)
                0x000075d8                UART2_writeTimeoutBlocking
 .text.UART2_writeTimeoutNonblocking
                0x00007750      0x144 C:/ti/simplelink_lowpower_f3_sdk_9_11_00_18/source\ti/drivers/lib/gcc/m0p/drivers_cc23x0r5.a(UART2.c.obj)
                0x00007750                UART2_writeTimeoutNonblocking
 .text.UART2_writeTimeout
                0x00007894       0x24 C:/ti/simplelink_lowpower_f3_sdk_9_11_00_18/source\ti/drivers/lib/gcc/m0p/drivers_cc23x0r5.a(UART2.c.obj)
                0x00007894                UART2_writeTimeout
 .text.UART2_write
                0x000078b8       0x14 C:/ti/simplelink_lowpower_f3_sdk_9_11_00_18/source\ti/drivers/lib/gcc/m0p/drivers_cc23x0r5.a(UART2.c.obj)
                0x000078b8                UART2_write
 .text.UART2_writeCancel
                0x000078cc       0xa8 C:/ti/simplelink_lowpower_f3_sdk_9_11_00_18/source\ti/drivers/lib/gcc/m0p/drivers_cc23x0r5.a(UART2.c.obj)
                0x000078cc                UART2_writeCancel
 .text.UART2LPF3_eventCallback
                0x00007974        0x4 C:/ti/simplelink_lowpower_f3_sdk_9_11_00_18/source\ti/drivers/lib/gcc/m0p/drivers_cc23x0r5.a(UART2LPF3.c.obj)
 .text.UART2LPF3_preNotifyFxn
                0x00007978       0x40 C:/ti/simplelink_lowpower_f3_sdk_9_11_00_18/source\ti/drivers/lib/gcc/m0p/drivers_cc23x0r5.a(UART2LPF3.c.obj)
 .text.UART2LPF3_initHw.isra.0
                0x000079b8      0x158 C:/ti/simplelink_lowpower_f3_sdk_9_11_00_18/source\ti/drivers/lib/gcc/m0p/drivers_cc23x0r5.a(UART2LPF3.c.obj)
 .text.UART2LPF3_postNotifyFxn
                0x00007b10       0x54 C:/ti/simplelink_lowpower_f3_sdk_9_11_00_18/source\ti/drivers/lib/gcc/m0p/drivers_cc23x0r5.a(UART2LPF3.c.obj)
 .text.UART2_close
                0x00007b64       0x9c C:/ti/simplelink_lowpower_f3_sdk_9_11_00_18/source\ti/drivers/lib/gcc/m0p/drivers_cc23x0r5.a(UART2LPF3.c.obj)
                0x00007b64                UART2_close
 .text.UART2_open
                0x00007c00      0x1cc C:/ti/simplelink_lowpower_f3_sdk_9_11_00_18/source\ti/drivers/lib/gcc/m0p/drivers_cc23x0r5.a(UART2LPF3.c.obj)
                0x00007c00                UART2_open
 .text.UART2Support_disableRx
                0x00007dcc       0x28 C:/ti/simplelink_lowpower_f3_sdk_9_11_00_18/source\ti/drivers/lib/gcc/m0p/drivers_cc23x0r5.a(UART2LPF3.c.obj)
                0x00007dcc                UART2Support_disableRx
 .text.UART2Support_disableTx
                0x00007df4       0x10 C:/ti/simplelink_lowpower_f3_sdk_9_11_00_18/source\ti/drivers/lib/gcc/m0p/drivers_cc23x0r5.a(UART2LPF3.c.obj)
                0x00007df4                UART2Support_disableTx
 .text.UART2Support_dmaStartTx
                0x00007e04       0xe8 C:/ti/simplelink_lowpower_f3_sdk_9_11_00_18/source\ti/drivers/lib/gcc/m0p/drivers_cc23x0r5.a(UART2LPF3.c.obj)
                0x00007e04                UART2Support_dmaStartTx
 .text.UART2Support_dmaStopRx
                0x00007eec       0x78 C:/ti/simplelink_lowpower_f3_sdk_9_11_00_18/source\ti/drivers/lib/gcc/m0p/drivers_cc23x0r5.a(UART2LPF3.c.obj)
                0x00007eec                UART2Support_dmaStopRx
 .text.UART2Support_dmaStartRx
                0x00007f64       0xf4 C:/ti/simplelink_lowpower_f3_sdk_9_11_00_18/source\ti/drivers/lib/gcc/m0p/drivers_cc23x0r5.a(UART2LPF3.c.obj)
                0x00007f64                UART2Support_dmaStartRx
 .text.UART2Support_dmaStopTx
                0x00008058       0x84 C:/ti/simplelink_lowpower_f3_sdk_9_11_00_18/source\ti/drivers/lib/gcc/m0p/drivers_cc23x0r5.a(UART2LPF3.c.obj)
                0x00008058                UART2Support_dmaStopTx
 .text.UART2LPF3_hwiIntFxn
                0x000080dc      0x310 C:/ti/simplelink_lowpower_f3_sdk_9_11_00_18/source\ti/drivers/lib/gcc/m0p/drivers_cc23x0r5.a(UART2LPF3.c.obj)
 .text.UART2Support_enableTx
                0x000083ec       0x10 C:/ti/simplelink_lowpower_f3_sdk_9_11_00_18/source\ti/drivers/lib/gcc/m0p/drivers_cc23x0r5.a(UART2LPF3.c.obj)
                0x000083ec                UART2Support_enableTx
 .text.UART2Support_powerRelConstraint
                0x000083fc        0xc C:/ti/simplelink_lowpower_f3_sdk_9_11_00_18/source\ti/drivers/lib/gcc/m0p/drivers_cc23x0r5.a(UART2LPF3.c.obj)
                0x000083fc                UART2Support_powerRelConstraint
 .text.UART2Support_sendData
                0x00008408       0x28 C:/ti/simplelink_lowpower_f3_sdk_9_11_00_18/source\ti/drivers/lib/gcc/m0p/drivers_cc23x0r5.a(UART2LPF3.c.obj)
                0x00008408                UART2Support_sendData
 .text.UART2Support_txDone
                0x00008430        0xc C:/ti/simplelink_lowpower_f3_sdk_9_11_00_18/source\ti/drivers/lib/gcc/m0p/drivers_cc23x0r5.a(UART2LPF3.c.obj)
                0x00008430                UART2Support_txDone
 .text.RingBuf_construct
                0x0000843c       0x14 C:/ti/simplelink_lowpower_f3_sdk_9_11_00_18/source\ti/drivers/lib/gcc/m0p/drivers_cc23x0r5.a(RingBuf.c.obj)
                0x0000843c                RingBuf_construct
 .text.RingBuf_getConsume
                0x00008450       0x30 C:/ti/simplelink_lowpower_f3_sdk_9_11_00_18/source\ti/drivers/lib/gcc/m0p/drivers_cc23x0r5.a(RingBuf.c.obj)
                0x00008450                RingBuf_getConsume
 .text.RingBuf_getCount
                0x00008480        0x4 C:/ti/simplelink_lowpower_f3_sdk_9_11_00_18/source\ti/drivers/lib/gcc/m0p/drivers_cc23x0r5.a(RingBuf.c.obj)
                0x00008480                RingBuf_getCount
 .text.RingBuf_getPointer
                0x00008484       0x28 C:/ti/simplelink_lowpower_f3_sdk_9_11_00_18/source\ti/drivers/lib/gcc/m0p/drivers_cc23x0r5.a(RingBuf.c.obj)
                0x00008484                RingBuf_getPointer
 .text.RingBuf_flush
                0x000084ac       0x1c C:/ti/simplelink_lowpower_f3_sdk_9_11_00_18/source\ti/drivers/lib/gcc/m0p/drivers_cc23x0r5.a(RingBuf.c.obj)
                0x000084ac                RingBuf_flush
 .text.RingBuf_put
                0x000084c8       0x48 C:/ti/simplelink_lowpower_f3_sdk_9_11_00_18/source\ti/drivers/lib/gcc/m0p/drivers_cc23x0r5.a(RingBuf.c.obj)
                0x000084c8                RingBuf_put
 .text.RingBuf_putAdvance
                0x00008510       0x44 C:/ti/simplelink_lowpower_f3_sdk_9_11_00_18/source\ti/drivers/lib/gcc/m0p/drivers_cc23x0r5.a(RingBuf.c.obj)
                0x00008510                RingBuf_putAdvance
 .text.RingBuf_putPointer
                0x00008554       0x34 C:/ti/simplelink_lowpower_f3_sdk_9_11_00_18/source\ti/drivers/lib/gcc/m0p/drivers_cc23x0r5.a(RingBuf.c.obj)
                0x00008554                RingBuf_putPointer
 .text.CPUDelay
                0x00008588        0x8 C:/ti/simplelink_lowpower_f3_sdk_9_11_00_18/source\ti/devices/cc23x0r5/driverlib/lib/gcc/driverlib.a(cpu.c.obj)
                0x00008588                CPUDelay
 .text.EVTSVTConfigureDma
                0x00008590        0xc C:/ti/simplelink_lowpower_f3_sdk_9_11_00_18/source\ti/devices/cc23x0r5/driverlib/lib/gcc/driverlib.a(evtsvt.c.obj)
                0x00008590                EVTSVTConfigureDma
 .text.EVTSVTConfigureEvent
                0x0000859c       0x10 C:/ti/simplelink_lowpower_f3_sdk_9_11_00_18/source\ti/devices/cc23x0r5/driverlib/lib/gcc/driverlib.a(evtsvt.c.obj)
                0x0000859c                EVTSVTConfigureEvent
 .text.IntDefaultHandler
                0x000085ac        0x4 C:/ti/simplelink_lowpower_f3_sdk_9_11_00_18/source\ti/devices/cc23x0r5/driverlib/lib/gcc/driverlib.a(interrupt.c.obj)
 .text.IntRegister
                0x000085b0       0x30 C:/ti/simplelink_lowpower_f3_sdk_9_11_00_18/source\ti/devices/cc23x0r5/driverlib/lib/gcc/driverlib.a(interrupt.c.obj)
                0x000085b0                IntRegister
 .text.IntUnregister
                0x000085e0       0x14 C:/ti/simplelink_lowpower_f3_sdk_9_11_00_18/source\ti/devices/cc23x0r5/driverlib/lib/gcc/driverlib.a(interrupt.c.obj)
                0x000085e0                IntUnregister
 .text.IntSetPriority
                0x000085f4       0xac C:/ti/simplelink_lowpower_f3_sdk_9_11_00_18/source\ti/devices/cc23x0r5/driverlib/lib/gcc/driverlib.a(interrupt.c.obj)
                0x000085f4                IntSetPriority
 .text.IntEnable
                0x000086a0       0x28 C:/ti/simplelink_lowpower_f3_sdk_9_11_00_18/source\ti/devices/cc23x0r5/driverlib/lib/gcc/driverlib.a(interrupt.c.obj)
                0x000086a0                IntEnable
 .text.IntDisable
                0x000086c8       0x2c C:/ti/simplelink_lowpower_f3_sdk_9_11_00_18/source\ti/devices/cc23x0r5/driverlib/lib/gcc/driverlib.a(interrupt.c.obj)
                0x000086c8                IntDisable
 .text.IntSetPend
                0x000086f4       0x5c C:/ti/simplelink_lowpower_f3_sdk_9_11_00_18/source\ti/devices/cc23x0r5/driverlib/lib/gcc/driverlib.a(interrupt.c.obj)
                0x000086f4                IntSetPend
 .text.IntClearPend
                0x00008750       0x40 C:/ti/simplelink_lowpower_f3_sdk_9_11_00_18/source\ti/devices/cc23x0r5/driverlib/lib/gcc/driverlib.a(interrupt.c.obj)
                0x00008750                IntClearPend
 .text.LRFDSetClockDependency
                0x00008790       0x60 C:/ti/simplelink_lowpower_f3_sdk_9_11_00_18/source\ti/devices/cc23x0r5/driverlib/lib/gcc/driverlib.a(lrfd.c.obj)
                0x00008790                LRFDSetClockDependency
 .text.LRFDReleaseClockDependency
                0x000087f0       0x60 C:/ti/simplelink_lowpower_f3_sdk_9_11_00_18/source\ti/devices/cc23x0r5/driverlib/lib/gcc/driverlib.a(lrfd.c.obj)
                0x000087f0                LRFDReleaseClockDependency
 .text.LRFDApplyClockDependencies
                0x00008850       0x54 C:/ti/simplelink_lowpower_f3_sdk_9_11_00_18/source\ti/devices/cc23x0r5/driverlib/lib/gcc/driverlib.a(lrfd.c.obj)
                0x00008850                LRFDApplyClockDependencies
 .text.SetupTrimDevice
                0x000088a4       0x48 C:/ti/simplelink_lowpower_f3_sdk_9_11_00_18/source\ti/devices/cc23x0r5/driverlib/lib/gcc/driverlib.a(setup.c.obj)
                0x000088a4                SetupTrimDevice
 .text.UARTConfigSetExpClk
                0x000088ec       0x4c C:/ti/simplelink_lowpower_f3_sdk_9_11_00_18/source\ti/devices/cc23x0r5/driverlib/lib/gcc/driverlib.a(uart.c.obj)
                0x000088ec                UARTConfigSetExpClk
 .text.UARTDisable
                0x00008938       0x24 C:/ti/simplelink_lowpower_f3_sdk_9_11_00_18/source\ti/devices/cc23x0r5/driverlib/lib/gcc/driverlib.a(uart.c.obj)
                0x00008938                UARTDisable
 .text.uDMAEnableChannelAttribute
                0x0000895c       0x34 C:/ti/simplelink_lowpower_f3_sdk_9_11_00_18/source\ti/devices/cc23x0r5/driverlib/lib/gcc/driverlib.a(udma.c.obj)
                0x0000895c                uDMAEnableChannelAttribute
 .text.uDMADisableChannelAttribute
                0x00008990       0x34 C:/ti/simplelink_lowpower_f3_sdk_9_11_00_18/source\ti/devices/cc23x0r5/driverlib/lib/gcc/driverlib.a(udma.c.obj)
                0x00008990                uDMADisableChannelAttribute
 .text.uDMAGetChannelSize
                0x000089c4       0x18 C:/ti/simplelink_lowpower_f3_sdk_9_11_00_18/source\ti/devices/cc23x0r5/driverlib/lib/gcc/driverlib.a(udma.c.obj)
                0x000089c4                uDMAGetChannelSize
 .text.memcpy   0x000089dc       0x12 c:/ti/gcc-arm-none-eabi_7_2_1/bin/../lib/gcc/arm-none-eabi/7.2.1/../../../../arm-none-eabi/lib/thumb/v6-m\libc_nano.a(lib_a-memcpy-stub.o)
                0x000089dc                memcpy
 .text.memset   0x000089ee       0x10 c:/ti/gcc-arm-none-eabi_7_2_1/bin/../lib/gcc/arm-none-eabi/7.2.1/../../../../arm-none-eabi/lib/thumb/v6-m\libc_nano.a(lib_a-memset.o)
                0x000089ee                memset
 .text.cleanup_glue
                0x000089fe       0x1a c:/ti/gcc-arm-none-eabi_7_2_1/bin/../lib/gcc/arm-none-eabi/7.2.1/../../../../arm-none-eabi/lib/thumb/v6-m\libc_nano.a(lib_a-reent.o)
                0x000089fe                cleanup_glue
 .text._reclaim_reent
                0x00008a18       0xcc c:/ti/gcc-arm-none-eabi_7_2_1/bin/../lib/gcc/arm-none-eabi/7.2.1/../../../../arm-none-eabi/lib/thumb/v6-m\libc_nano.a(lib_a-reent.o)
                0x00008a18                _reclaim_reent
                0x00008ae4                . = ALIGN (0x4)
 *(.ctors)
                0x00008ae4                . = ALIGN (0x4)
 *(.dtors)
                0x00008ae4                . = ALIGN (0x4)
                0x00008ae4                __init_array_start = .
 *(.init_array*)
                0x00008ae4                __init_array_end = .
 *(.init)
 *(.fini*)
                [!provide]                PROVIDE (__etext, .)
                [!provide]                PROVIDE (_etext, .)
                [!provide]                PROVIDE (etext, .)

.glue_7         0x00008ae4        0x0
 .glue_7        0x00008ae4        0x0 linker stubs

.glue_7t        0x00008ae4        0x0
 .glue_7t       0x00008ae4        0x0 linker stubs

.vfp11_veneer   0x00008ae4        0x0
 .vfp11_veneer  0x00008ae4        0x0 linker stubs

.v4_bx          0x00008ae4        0x0
 .v4_bx         0x00008ae4        0x0 linker stubs

.iplt           0x00008ae4        0x0
 .iplt          0x00008ae4        0x0 ./main_freertos.o

.rodata         0x00008ae4      0x4f8
 *(.rodata)
 .rodata        0x00008ae4       0x40 c:/ti/gcc-arm-none-eabi_7_2_1/bin/../lib/gcc/arm-none-eabi/7.2.1/thumb/v6-m\libgcc.a(mulsf3.o)
 .rodata        0x00008b24       0x40 c:/ti/gcc-arm-none-eabi_7_2_1/bin/../lib/gcc/arm-none-eabi/7.2.1/thumb/v6-m\libgcc.a(muldf3.o)
 *(.rodata.*)
 .rodata.controllerThread.str1.4
                0x00008b64      0x11a ./spicontroller.o
 *fill*         0x00008c7e        0x2 
 .rodata.mainThread.str1.4
                0x00008c80       0xa5 ./spicontroller.o
 *fill*         0x00008d25        0x3 
 .rodata.Display_config
                0x00008d28        0xc ./syscfg/ti_drivers_config.o
                0x00008d28                Display_config
 .rodata.Display_count
                0x00008d34        0x1 ./syscfg/ti_drivers_config.o
                0x00008d34                Display_count
 *fill*         0x00008d35        0x3 
 .rodata.GPIO_config
                0x00008d38       0x10 ./syscfg/ti_drivers_config.o
                0x00008d38                GPIO_config
 .rodata.GPIO_pinLowerBound
                0x00008d48        0x1 ./syscfg/ti_drivers_config.o
                0x00008d48                GPIO_pinLowerBound
 .rodata.GPIO_pinUpperBound
                0x00008d49        0x1 ./syscfg/ti_drivers_config.o
                0x00008d49                GPIO_pinUpperBound
 *fill*         0x00008d4a        0x2 
 .rodata.PowerCC23X0_config
                0x00008d4c        0xc ./syscfg/ti_drivers_config.o
                0x00008d4c                PowerCC23X0_config
 .rodata.SPILPF3DMA_hwAttrs
                0x00008d58       0x48 ./syscfg/ti_drivers_config.o
                0x00008d58                SPILPF3DMA_hwAttrs
 .rodata.SPI_config
                0x00008da0        0xc ./syscfg/ti_drivers_config.o
                0x00008da0                SPI_config
 .rodata.SPI_count
                0x00008dac        0x1 ./syscfg/ti_drivers_config.o
                0x00008dac                SPI_count
 *fill*         0x00008dad        0x3 
 .rodata.UART2LPF3_hwAttrs
                0x00008db0       0x60 ./syscfg/ti_drivers_config.o
 .rodata.UART2_config
                0x00008e10        0x8 ./syscfg/ti_drivers_config.o
                0x00008e10                UART2_config
 .rodata.UART2_count
                0x00008e18        0x1 ./syscfg/ti_drivers_config.o
                0x00008e18                UART2_count
 *fill*         0x00008e19        0x3 
 .rodata.UDMALPF3_config
                0x00008e1c        0x4 ./syscfg/ti_drivers_config.o
                0x00008e1c                UDMALPF3_config
 .rodata.displayUart2HWAttrs
                0x00008e20       0x14 ./syscfg/ti_drivers_config.o
                0x00008e20                displayUart2HWAttrs
 .rodata.prvTimerTask
                0x00008e34       0x28 ./syscfg/ti_freertos_config.o
 .rodata.SwiP_defaultParams
                0x00008e5c       0x10 ./syscfg/ti_freertos_config.o
 .rodata.doPrint.str1.4
                0x00008e6c       0x19 ./syscfg/ti_freertos_config.o
 *fill*         0x00008e85        0x3 
 .rodata.pthread_create.str1.4
                0x00008e88        0x4 ./syscfg/ti_freertos_config.o
                                  0x2 (size before relaxing)
 .rodata.Display_defaultParams
                0x00008e8c        0x1 C:/ti/simplelink_lowpower_f3_sdk_9_11_00_18/source\ti/display/lib/gcc/m0p/display_cc23x0r5.a(Display.c.obj)
                0x00008e8c                Display_defaultParams
 *fill*         0x00008e8d        0x3 
 .rodata.DisplayUart2Min_fxnTable
                0x00008e90       0x20 C:/ti/simplelink_lowpower_f3_sdk_9_11_00_18/source\ti/display/lib/gcc/m0p/display_cc23x0r5.a(DisplayUart2.c.obj)
                0x00008e90                DisplayUart2Min_fxnTable
 .rodata.SPI_defaultParams
                0x00008eb0       0x20 C:/ti/simplelink_lowpower_f3_sdk_9_11_00_18/source\ti/drivers/lib/gcc/m0p/drivers_cc23x0r5.a(SPI.c.obj)
                0x00008eb0                SPI_defaultParams
 .rodata.SPILPF3DMA_control
                0x00008ed0       0x20 C:/ti/simplelink_lowpower_f3_sdk_9_11_00_18/source\ti/drivers/lib/gcc/m0p/drivers_cc23x0r5.a(SPILPF3DMA.c.obj)
 .rodata.dmaNullConfig
                0x00008ef0        0x8 C:/ti/simplelink_lowpower_f3_sdk_9_11_00_18/source\ti/drivers/lib/gcc/m0p/drivers_cc23x0r5.a(SPILPF3DMA.c.obj)
 .rodata.dmaRxConfig
                0x00008ef8        0x8 C:/ti/simplelink_lowpower_f3_sdk_9_11_00_18/source\ti/drivers/lib/gcc/m0p/drivers_cc23x0r5.a(SPILPF3DMA.c.obj)
 .rodata.dmaTxConfig
                0x00008f00        0x8 C:/ti/simplelink_lowpower_f3_sdk_9_11_00_18/source\ti/drivers/lib/gcc/m0p/drivers_cc23x0r5.a(SPILPF3DMA.c.obj)
 .rodata.frameFormat
                0x00008f08       0x18 C:/ti/simplelink_lowpower_f3_sdk_9_11_00_18/source\ti/drivers/lib/gcc/m0p/drivers_cc23x0r5.a(SPILPF3DMA.c.obj)
 .rodata.mode   0x00008f20        0x8 C:/ti/simplelink_lowpower_f3_sdk_9_11_00_18/source\ti/drivers/lib/gcc/m0p/drivers_cc23x0r5.a(SPILPF3DMA.c.obj)
 .rodata.SPILPF3DMA_fxnTable
                0x00008f28       0x18 C:/ti/simplelink_lowpower_f3_sdk_9_11_00_18/source\ti/drivers/lib/gcc/m0p/drivers_cc23x0r5.a(SPILPF3DMA.c.obj)
                0x00008f28                SPILPF3DMA_fxnTable
 .rodata.UART2_defaultParams
                0x00008f40       0x24 C:/ti/simplelink_lowpower_f3_sdk_9_11_00_18/source\ti/drivers/lib/gcc/m0p/drivers_cc23x0r5.a(UART2.c.obj)
                0x00008f40                UART2_defaultParams
 .rodata.parityType
                0x00008f64        0x5 C:/ti/simplelink_lowpower_f3_sdk_9_11_00_18/source\ti/drivers/lib/gcc/m0p/drivers_cc23x0r5.a(UART2LPF3.c.obj)
 *fill*         0x00008f69        0x3 
 .rodata.stopBits
                0x00008f6c        0x2 C:/ti/simplelink_lowpower_f3_sdk_9_11_00_18/source\ti/drivers/lib/gcc/m0p/drivers_cc23x0r5.a(UART2LPF3.c.obj)
 *fill*         0x00008f6e        0x2 
 .rodata.dataLength
                0x00008f70        0x4 C:/ti/simplelink_lowpower_f3_sdk_9_11_00_18/source\ti/drivers/lib/gcc/m0p/drivers_cc23x0r5.a(UART2LPF3.c.obj)
 .rodata.__sf_fake_stderr
                0x00008f74       0x20 c:/ti/gcc-arm-none-eabi_7_2_1/bin/../lib/gcc/arm-none-eabi/7.2.1/../../../../arm-none-eabi/lib/thumb/v6-m\libc_nano.a(lib_a-findfp.o)
                0x00008f74                __sf_fake_stderr
 .rodata.__sf_fake_stdin
                0x00008f94       0x20 c:/ti/gcc-arm-none-eabi_7_2_1/bin/../lib/gcc/arm-none-eabi/7.2.1/../../../../arm-none-eabi/lib/thumb/v6-m\libc_nano.a(lib_a-findfp.o)
                0x00008f94                __sf_fake_stdin
 .rodata.__sf_fake_stdout
                0x00008fb4       0x20 c:/ti/gcc-arm-none-eabi_7_2_1/bin/../lib/gcc/arm-none-eabi/7.2.1/../../../../arm-none-eabi/lib/thumb/v6-m\libc_nano.a(lib_a-findfp.o)
                0x00008fb4                __sf_fake_stdout
 *(.rodata_*)
 *(.timestampPFormat)
 .timestampPFormat
                0x00008fd4        0x8 ./syscfg/ti_freertos_config.o
                0x00008fd4                TimestampP_nativeFormat32
                0x00008fd8                TimestampP_nativeFormat64

.data           0x200004a0       0xf0 load address 0x00008fdc
                0x00008fdc                __data_load__ = LOADADDR (.data)
                0x200004a0                __data_start__ = .
 *(.data)
 *(.data.*)
 .data.gpioPinConfigs
                0x200004a0       0x68 ./syscfg/ti_drivers_config.o
                0x200004a0                gpioPinConfigs
 .data.HwiP_swiPIntNum
                0x20000508        0x4 ./syscfg/ti_freertos_config.o
                0x20000508                HwiP_swiPIntNum
 .data.defaultPthreadAttrs
                0x2000050c       0x14 ./syscfg/ti_freertos_config.o
 .data.uxTopUsedPriority
                0x20000520        0x4 ./syscfg/ti_freertos_config.o
                0x20000520                uxTopUsedPriority
 .data.uxCriticalNesting
                0x20000524        0x4 ./syscfg/ti_freertos_portable_config.o
 .data.powerState
                0x20000528        0x1 C:/ti/simplelink_lowpower_f3_sdk_9_11_00_18/source\ti/drivers/lib/gcc/m0p/drivers_cc23x0r5.a(PowerCC23X0.c.obj)
 *fill*         0x20000529        0x3 
 .data._impure_ptr
                0x2000052c        0x4 c:/ti/gcc-arm-none-eabi_7_2_1/bin/../lib/gcc/arm-none-eabi/7.2.1/../../../../arm-none-eabi/lib/thumb/v6-m\libc_nano.a(lib_a-impure.o)
                0x2000052c                _impure_ptr
 .data.impure_data
                0x20000530       0x60 c:/ti/gcc-arm-none-eabi_7_2_1/bin/../lib/gcc/arm-none-eabi/7.2.1/../../../../arm-none-eabi/lib/thumb/v6-m\libc_nano.a(lib_a-impure.o)
                0x20000590                . = ALIGN (0x2)
 *(.TI.ramfunc)
                0x20000590                . = ALIGN (0x4)
                0x20000590                __data_end__ = .

.igot.plt       0x20000590        0x0 load address 0x000090cc
 .igot.plt      0x20000590        0x0 ./main_freertos.o

.ARM.exidx      0x000090cc        0x8
                0x000090cc                __exidx_start = .
 *(.ARM.exidx* .gnu.linkonce.armexidx.*)
 .ARM.exidx     0x000090cc        0x8 c:/ti/gcc-arm-none-eabi_7_2_1/bin/../lib/gcc/arm-none-eabi/7.2.1/thumb/v6-m\libgcc.a(_udivmoddi4.o)
                0x000090d4                __exidx_end = .

.ARM.extab
 *(.ARM.extab* .gnu.linkonce.armextab.*)

.nvs
 *(.nvs)

.ccfg           0x4e020000      0x800
 *(.ccfg)
 .ccfg          0x4e020000      0x800 ./syscfg/ti_devices_config.o
                0x4e020000                ccfg

.rel.dyn        0x4e020800        0x0
 .rel.iplt      0x4e020800        0x0 ./main_freertos.o

.scfg
 *(.scfg)

.bss            0x20000590     0x3290
                0x20000590                __bss_start__ = .
 *(.shbss)
 *(.bss)
 *(.bss.*)
 .bss.display   0x20000590        0x4 ./spicontroller.o
 .bss.displayUART2Buffer
                0x20000594      0x400 ./syscfg/ti_drivers_config.o
 .bss.uart2RxRingBuffer0
                0x20000994       0x20 ./syscfg/ti_drivers_config.o
 .bss.uart2TxRingBuffer0
                0x200009b4       0x20 ./syscfg/ti_drivers_config.o
 .bss.ClockP_defaultParams
                0x200009d4        0xc ./syscfg/ti_freertos_config.o
 .bss.ClockP_inWorkFunc
                0x200009e0        0x1 ./syscfg/ti_freertos_config.o
 .bss.ClockP_initialized
                0x200009e1        0x1 ./syscfg/ti_freertos_config.o
 *fill*         0x200009e2        0x2 
 .bss.ClockP_list
                0x200009e4        0x8 ./syscfg/ti_freertos_config.o
 .bss.ClockP_nextScheduledTick
                0x200009ec        0x4 ./syscfg/ti_freertos_config.o
 .bss.ClockP_startOrStopDuringWorkFunc
                0x200009f0        0x1 ./syscfg/ti_freertos_config.o
 *fill*         0x200009f1        0x3 
 .bss.ClockP_ticks
                0x200009f4        0x4 ./syscfg/ti_freertos_config.o
 .bss.HwiP_dispatchTable
                0x200009f8       0x8c ./syscfg/ti_freertos_config.o
 .bss.PowerCC23X0_idleTimeOS
                0x20000a84        0x4 ./syscfg/ti_freertos_config.o
 .bss.SwiP_currentTrigger
                0x20000a88        0x4 ./syscfg/ti_freertos_config.o
 .bss.SwiP_hwiStruct
                0x20000a8c       0x1c ./syscfg/ti_freertos_config.o
 .bss.SwiP_initialized
                0x20000aa8        0x1 ./syscfg/ti_freertos_config.o
 *fill*         0x20000aa9        0x3 
 .bss.SwiP_lockState
                0x20000aac        0x4 ./syscfg/ti_freertos_config.o
 .bss.SwiP_readyList
                0x20000ab0       0x20 ./syscfg/ti_freertos_config.o
 .bss.SwiP_readyMask
                0x20000ad0        0x4 ./syscfg/ti_freertos_config.o
 .bss.SwiP_schedulerRunning
                0x20000ad4        0x1 ./syscfg/ti_freertos_config.o
 *fill*         0x20000ad5        0x3 
 .bss.pxCurrentTCB
                0x20000ad8        0x4 ./syscfg/ti_freertos_config.o
                0x20000ad8                pxCurrentTCB
 .bss.pxCurrentTimerList
                0x20000adc        0x4 ./syscfg/ti_freertos_config.o
 .bss.pxDelayedTaskList
                0x20000ae0        0x4 ./syscfg/ti_freertos_config.o
 .bss.pxEnd     0x20000ae4        0x4 ./syscfg/ti_freertos_config.o
 .bss.pxOverflowDelayedTaskList
                0x20000ae8        0x4 ./syscfg/ti_freertos_config.o
 .bss.pxOverflowTimerList
                0x20000aec        0x4 ./syscfg/ti_freertos_config.o
 .bss.pxReadyTasksLists
                0x20000af0       0xc8 ./syscfg/ti_freertos_config.o
 .bss.ucHeap    0x20000bb8     0x2000 ./syscfg/ti_freertos_config.o
 .bss.ucStaticTimerQueueStorage.6267
                0x20002bb8      0x140 ./syscfg/ti_freertos_config.o
 .bss.uxCurrentNumberOfTasks
                0x20002cf8        0x4 ./syscfg/ti_freertos_config.o
 .bss.uxDeletedTasksWaitingCleanUp
                0x20002cfc        0x4 ./syscfg/ti_freertos_config.o
 .bss.uxIdleTaskStack.7433
                0x20002d00      0x200 ./syscfg/ti_freertos_config.o
 .bss.uxSchedulerSuspended
                0x20002f00        0x4 ./syscfg/ti_freertos_config.o
 .bss.uxTaskNumber
                0x20002f04        0x4 ./syscfg/ti_freertos_config.o
 .bss.uxTimerTaskStack.7440
                0x20002f08      0x200 ./syscfg/ti_freertos_config.o
 .bss.uxTopReadyPriority
                0x20003108        0x4 ./syscfg/ti_freertos_config.o
 .bss.xActiveTimerList1
                0x2000310c       0x14 ./syscfg/ti_freertos_config.o
 .bss.xActiveTimerList2
                0x20003120       0x14 ./syscfg/ti_freertos_config.o
 .bss.xDelayedTaskList1
                0x20003134       0x14 ./syscfg/ti_freertos_config.o
 .bss.xDelayedTaskList2
                0x20003148       0x14 ./syscfg/ti_freertos_config.o
 .bss.xFreeBytesRemaining
                0x2000315c        0x4 ./syscfg/ti_freertos_config.o
 .bss.xIdleTaskTCB.7432
                0x20003160       0xc0 ./syscfg/ti_freertos_config.o
 .bss.xLastTime.6225
                0x20003220        0x4 ./syscfg/ti_freertos_config.o
 .bss.xMinimumEverFreeBytesRemaining
                0x20003224        0x4 ./syscfg/ti_freertos_config.o
 .bss.xNextTaskUnblockTime
                0x20003228        0x4 ./syscfg/ti_freertos_config.o
 .bss.xNumOfOverflows
                0x2000322c        0x4 ./syscfg/ti_freertos_config.o
 .bss.xNumberOfSuccessfulAllocations
                0x20003230        0x4 ./syscfg/ti_freertos_config.o
 .bss.xNumberOfSuccessfulFrees
                0x20003234        0x4 ./syscfg/ti_freertos_config.o
 .bss.xPendedTicks
                0x20003238        0x4 ./syscfg/ti_freertos_config.o
 .bss.xPendingReadyList
                0x2000323c       0x14 ./syscfg/ti_freertos_config.o
 .bss.xSchedulerRunning
                0x20003250        0x4 ./syscfg/ti_freertos_config.o
 .bss.xStart    0x20003254        0x8 ./syscfg/ti_freertos_config.o
 .bss.xStaticTimerQueue.6266
                0x2000325c       0x50 ./syscfg/ti_freertos_config.o
 .bss.xSuspendedTaskList
                0x200032ac       0x14 ./syscfg/ti_freertos_config.o
 .bss.xTasksWaitingTermination
                0x200032c0       0x14 ./syscfg/ti_freertos_config.o
 .bss.xTickCount
                0x200032d4        0x4 ./syscfg/ti_freertos_config.o
 .bss.xTimerQueue
                0x200032d8        0x4 ./syscfg/ti_freertos_config.o
 .bss.xTimerTaskHandle
                0x200032dc        0x4 ./syscfg/ti_freertos_config.o
 .bss.xTimerTaskTCB.7439
                0x200032e0       0xc0 ./syscfg/ti_freertos_config.o
 .bss.xYieldPending
                0x200033a0        0x4 ./syscfg/ti_freertos_config.o
 .bss.ulStoppedTimerCompensation
                0x200033a4        0x4 ./syscfg/ti_freertos_portable_config.o
 .bss.ulTimerCountsForOneTick
                0x200033a8        0x4 ./syscfg/ti_freertos_portable_config.o
 .bss.xMaximumPossibleSuppressedTicks
                0x200033ac        0x4 ./syscfg/ti_freertos_portable_config.o
 .bss.postNotify
                0x200033b0       0x14 C:/ti/simplelink_lowpower_f3_sdk_9_11_00_18/source\ti/drivers/lib/gcc/m0p/drivers_cc23x0r5.a(UDMALPF3.c.obj)
 .bss.isOpen    0x200033c4        0x1 C:/ti/simplelink_lowpower_f3_sdk_9_11_00_18/source\ti/drivers/lib/gcc/m0p/drivers_cc23x0r5.a(UDMALPF3.c.obj)
 *fill*         0x200033c5        0x3 
 .bss.gpioHwi   0x200033c8       0x1c C:/ti/simplelink_lowpower_f3_sdk_9_11_00_18/source\ti/drivers/lib/gcc/m0p/drivers_cc23x0r5.a(GPIOLPF3.c.obj)
 .bss.initCalled
                0x200033e4        0x1 C:/ti/simplelink_lowpower_f3_sdk_9_11_00_18/source\ti/drivers/lib/gcc/m0p/drivers_cc23x0r5.a(GPIOLPF3.c.obj)
 *fill*         0x200033e5        0x3 
 .bss.lastTdcCount.0
                0x200033e8        0x4 C:/ti/simplelink_lowpower_f3_sdk_9_11_00_18/source\ti/drivers/lib/gcc/m0p/drivers_cc23x0r5.a(PowerCC23X0.c.obj)
 .bss.controlPreStandby.2
                0x200033ec        0x4 C:/ti/simplelink_lowpower_f3_sdk_9_11_00_18/source\ti/drivers/lib/gcc/m0p/drivers_cc23x0r5.a(PowerCC23X0.c.obj)
 .bss.clockHwi  0x200033f0       0x1c C:/ti/simplelink_lowpower_f3_sdk_9_11_00_18/source\ti/drivers/lib/gcc/m0p/drivers_cc23x0r5.a(PowerCC23X0.c.obj)
                0x200033f0                clockHwi
 .bss.hfxtAmpCompClock
                0x2000340c       0x44 C:/ti/simplelink_lowpower_f3_sdk_9_11_00_18/source\ti/drivers/lib/gcc/m0p/drivers_cc23x0r5.a(PowerCC23X0.c.obj)
 .bss.startInitialHfxtAmpCompFxn
                0x20003450        0x4 C:/ti/simplelink_lowpower_f3_sdk_9_11_00_18/source\ti/drivers/lib/gcc/m0p/drivers_cc23x0r5.a(PowerCC23X0.c.obj)
 .bss.ckmHwi    0x20003454       0x1c C:/ti/simplelink_lowpower_f3_sdk_9_11_00_18/source\ti/drivers/lib/gcc/m0p/drivers_cc23x0r5.a(PowerCC23X0.c.obj)
 .bss.notifyList
                0x20003470        0x8 C:/ti/simplelink_lowpower_f3_sdk_9_11_00_18/source\ti/drivers/lib/gcc/m0p/drivers_cc23x0r5.a(PowerCC23X0.c.obj)
 .bss.isInitialized
                0x20003478        0x1 C:/ti/simplelink_lowpower_f3_sdk_9_11_00_18/source\ti/drivers/lib/gcc/m0p/drivers_cc23x0r5.a(PowerCC23X0.c.obj)
 .bss.isPolicyEnabled
                0x20003479        0x1 C:/ti/simplelink_lowpower_f3_sdk_9_11_00_18/source\ti/drivers/lib/gcc/m0p/drivers_cc23x0r5.a(PowerCC23X0.c.obj)
 *fill*         0x2000347a        0x2 
 .bss.policyFxn
                0x2000347c        0x4 C:/ti/simplelink_lowpower_f3_sdk_9_11_00_18/source\ti/drivers/lib/gcc/m0p/drivers_cc23x0r5.a(PowerCC23X0.c.obj)
 .bss.resourceCountsLrfd
                0x20003480        0xc C:/ti/simplelink_lowpower_f3_sdk_9_11_00_18/source\ti/drivers/lib/gcc/m0p/drivers_cc23x0r5.a(PowerCC23X0.c.obj)
 .bss.resourceCountsClkctl0
                0x2000348c       0x1f C:/ti/simplelink_lowpower_f3_sdk_9_11_00_18/source\ti/drivers/lib/gcc/m0p/drivers_cc23x0r5.a(PowerCC23X0.c.obj)
 *fill*         0x200034ab        0x1 
 .bss.constraintMask
                0x200034ac        0x4 C:/ti/simplelink_lowpower_f3_sdk_9_11_00_18/source\ti/drivers/lib/gcc/m0p/drivers_cc23x0r5.a(PowerCC23X0.c.obj)
 .bss.constraintCounts
                0x200034b0        0x5 C:/ti/simplelink_lowpower_f3_sdk_9_11_00_18/source\ti/drivers/lib/gcc/m0p/drivers_cc23x0r5.a(PowerCC23X0.c.obj)
 *fill*         0x200034b5        0x3 
 .bss.PowerLPF3_lfclkQualFxn
                0x200034b8        0x4 C:/ti/simplelink_lowpower_f3_sdk_9_11_00_18/source\ti/drivers/lib/gcc/m0p/drivers_cc23x0r5.a(PowerCC23X0.c.obj)
 .bss.isInitialized
                0x200034bc        0x1 C:/ti/simplelink_lowpower_f3_sdk_9_11_00_18/source\ti/drivers/lib/gcc/m0p/drivers_cc23x0r5.a(SPI.c.obj)
 *fill*         0x200034bd        0x3 
 .bss.lrfdClockDependencySets
                0x200034c0        0x4 C:/ti/simplelink_lowpower_f3_sdk_9_11_00_18/source\ti/devices/cc23x0r5/driverlib/lib/gcc/driverlib.a(lrfd.c.obj)
 *(COMMON)
 COMMON         0x200034c4      0x35c ./syscfg/ti_drivers_config.o
                0x200034c4                displayUart2Object
                0x200034d0                UART2LPF3_objects
                0x20003650                gpioCallbackFunctions
                0x200036b8                SPILPF3DMA_objects
                0x200037b8                gpioUserArgs
                0x20003820                . = ALIGN (0x4)
                0x20003820                __bss_end__ = .

.s2rram
 *(.s2rram)

.heap           0x20003820        0x0
                0x20003820                __heap_start__ = .
                0x20003820                end = __heap_start__
                0x20003820                _end = end
                0x20003820                __end = end
 *(.heap)
                0x20003820                __heap_end__ = .
                0x20003820                __HeapLimit = __heap_end__

.stack          0x20003820      0x800
                0x20003820                _stack = .
                0x20003820                __stack = .
 *(.stack)
                0x20004020                . = (. + STACKSIZE)
 *fill*         0x20003820      0x800 
                0x20004020                _stack_end = .
                0x20004020                __stack_end = .

.log_data       0x90000000        0x8
 *(.log_data)
 .log_data      0x90000000        0x8 ./syscfg/ti_freertos_config.o
                0x90000000                TimestampP_nativeFormat32_copy
                0x90000004                TimestampP_nativeFormat64_copy

.log_ptr
 *(.log_ptr*)
LOAD C:/Users/Yantra/workspace_ccstheia/spicontroller_LP_EM_CC2340R5_freertos_gcc/Debug/syscfg\ti_utils_build_linker.cmd.genlibs
LOAD C:/ti/simplelink_lowpower_f3_sdk_9_11_00_18/source\ti/display/lib/gcc/m0p/display_cc23x0r5.a
LOAD C:/ti/simplelink_lowpower_f3_sdk_9_11_00_18/source\ti/drivers/lib/gcc/m0p/drivers_cc23x0r5.a
LOAD C:/ti/simplelink_lowpower_f3_sdk_9_11_00_18/source\ti/devices/cc23x0r5/driverlib/lib/gcc/driverlib.a
LOAD c:/ti/gcc-arm-none-eabi_7_2_1/bin/../lib/gcc/arm-none-eabi/7.2.1/thumb/v6-m\libgcc.a
LOAD c:/ti/gcc-arm-none-eabi_7_2_1/bin/../lib/gcc/arm-none-eabi/7.2.1/../../../../arm-none-eabi/lib/thumb/v6-m\libc_nano.a
LOAD c:/ti/gcc-arm-none-eabi_7_2_1/bin/../lib/gcc/arm-none-eabi/7.2.1/../../../../arm-none-eabi/lib/thumb/v6-m\libm.a
START GROUP
LOAD c:/ti/gcc-arm-none-eabi_7_2_1/bin/../lib/gcc/arm-none-eabi/7.2.1/thumb/v6-m\libgcc.a
LOAD c:/ti/gcc-arm-none-eabi_7_2_1/bin/../lib/gcc/arm-none-eabi/7.2.1/../../../../arm-none-eabi/lib/thumb/v6-m\libg_nano.a
LOAD c:/ti/gcc-arm-none-eabi_7_2_1/bin/../lib/gcc/arm-none-eabi/7.2.1/../../../../arm-none-eabi/lib/thumb/v6-m\libc_nano.a
END GROUP
START GROUP
LOAD c:/ti/gcc-arm-none-eabi_7_2_1/bin/../lib/gcc/arm-none-eabi/7.2.1/thumb/v6-m\libgcc.a
LOAD c:/ti/gcc-arm-none-eabi_7_2_1/bin/../lib/gcc/arm-none-eabi/7.2.1/../../../../arm-none-eabi/lib/thumb/v6-m\libc_nano.a
END GROUP
OUTPUT(spicontroller_LP_EM_CC2340R5_freertos_gcc.out elf32-littlearm)

.debug_info     0x00000000    0x2c02a
 .debug_info    0x00000000      0x966 ./main_freertos.o
 .debug_info    0x00000966     0x1979 ./spicontroller.o
 .debug_info    0x000022df      0x4dc ./syscfg/ti_devices_config.o
 .debug_info    0x000027bb     0x1fcc ./syscfg/ti_drivers_config.o
 .debug_info    0x00004787    0x15056 ./syscfg/ti_freertos_config.o
 .debug_info    0x000197dd      0xba2 ./syscfg/ti_freertos_portable_config.o
 .debug_info    0x0001a37f      0x694 C:/ti/simplelink_lowpower_f3_sdk_9_11_00_18/source\ti/display/lib/gcc/m0p/display_cc23x0r5.a(Display.c.obj)
 .debug_info    0x0001aa13     0x101b C:/ti/simplelink_lowpower_f3_sdk_9_11_00_18/source\ti/display/lib/gcc/m0p/display_cc23x0r5.a(DisplayUart2.c.obj)
 .debug_info    0x0001ba2e      0x368 C:/ti/simplelink_lowpower_f3_sdk_9_11_00_18/source\ti/drivers/lib/gcc/m0p/drivers_cc23x0r5.a(List.c.obj)
 .debug_info    0x0001bd96       0xd2 C:/ti/simplelink_lowpower_f3_sdk_9_11_00_18/source\ti/drivers/lib/gcc/m0p/drivers_cc23x0r5.a(Math.c.obj)
 .debug_info    0x0001be68      0x50f C:/ti/simplelink_lowpower_f3_sdk_9_11_00_18/source\ti/drivers/lib/gcc/m0p/drivers_cc23x0r5.a(UDMALPF3.c.obj)
 .debug_info    0x0001c377      0x3f1 C:/ti/simplelink_lowpower_f3_sdk_9_11_00_18/source\ti/drivers/lib/gcc/m0p/drivers_cc23x0r5.a(GPIO.c.obj)
 .debug_info    0x0001c768      0xf06 C:/ti/simplelink_lowpower_f3_sdk_9_11_00_18/source\ti/drivers/lib/gcc/m0p/drivers_cc23x0r5.a(GPIOLPF3.c.obj)
 .debug_info    0x0001d66e     0x36e0 C:/ti/simplelink_lowpower_f3_sdk_9_11_00_18/source\ti/drivers/lib/gcc/m0p/drivers_cc23x0r5.a(PowerCC23X0.c.obj)
 .debug_info    0x00020d4e      0x70e C:/ti/simplelink_lowpower_f3_sdk_9_11_00_18/source\ti/drivers/lib/gcc/m0p/drivers_cc23x0r5.a(SPI.c.obj)
 .debug_info    0x0002145c     0x30c3 C:/ti/simplelink_lowpower_f3_sdk_9_11_00_18/source\ti/drivers/lib/gcc/m0p/drivers_cc23x0r5.a(SPILPF3DMA.c.obj)
 .debug_info    0x0002451f     0x18ce C:/ti/simplelink_lowpower_f3_sdk_9_11_00_18/source\ti/drivers/lib/gcc/m0p/drivers_cc23x0r5.a(UART2.c.obj)
 .debug_info    0x00025ded     0x345e C:/ti/simplelink_lowpower_f3_sdk_9_11_00_18/source\ti/drivers/lib/gcc/m0p/drivers_cc23x0r5.a(UART2LPF3.c.obj)
 .debug_info    0x0002924b      0x824 C:/ti/simplelink_lowpower_f3_sdk_9_11_00_18/source\ti/drivers/lib/gcc/m0p/drivers_cc23x0r5.a(RingBuf.c.obj)
 .debug_info    0x00029a6f       0xa6 C:/ti/simplelink_lowpower_f3_sdk_9_11_00_18/source\ti/devices/cc23x0r5/driverlib/lib/gcc/driverlib.a(cpu.c.obj)
 .debug_info    0x00029b15       0xe9 C:/ti/simplelink_lowpower_f3_sdk_9_11_00_18/source\ti/devices/cc23x0r5/driverlib/lib/gcc/driverlib.a(evtsvt.c.obj)
 .debug_info    0x00029bfe      0x813 C:/ti/simplelink_lowpower_f3_sdk_9_11_00_18/source\ti/devices/cc23x0r5/driverlib/lib/gcc/driverlib.a(interrupt.c.obj)
 .debug_info    0x0002a411      0x2c4 C:/ti/simplelink_lowpower_f3_sdk_9_11_00_18/source\ti/devices/cc23x0r5/driverlib/lib/gcc/driverlib.a(lrfd.c.obj)
 .debug_info    0x0002a6d5     0x147d C:/ti/simplelink_lowpower_f3_sdk_9_11_00_18/source\ti/devices/cc23x0r5/driverlib/lib/gcc/driverlib.a(setup.c.obj)
 .debug_info    0x0002bb52      0x1d8 C:/ti/simplelink_lowpower_f3_sdk_9_11_00_18/source\ti/devices/cc23x0r5/driverlib/lib/gcc/driverlib.a(uart.c.obj)
 .debug_info    0x0002bd2a      0x300 C:/ti/simplelink_lowpower_f3_sdk_9_11_00_18/source\ti/devices/cc23x0r5/driverlib/lib/gcc/driverlib.a(udma.c.obj)

.debug_abbrev   0x00000000     0x4c4f
 .debug_abbrev  0x00000000      0x17d ./main_freertos.o
 .debug_abbrev  0x0000017d      0x378 ./spicontroller.o
 .debug_abbrev  0x000004f5      0x124 ./syscfg/ti_devices_config.o
 .debug_abbrev  0x00000619      0x39c ./syscfg/ti_drivers_config.o
 .debug_abbrev  0x000009b5      0x7f4 ./syscfg/ti_freertos_config.o
 .debug_abbrev  0x000011a9      0x2c6 ./syscfg/ti_freertos_portable_config.o
 .debug_abbrev  0x0000146f      0x235 C:/ti/simplelink_lowpower_f3_sdk_9_11_00_18/source\ti/display/lib/gcc/m0p/display_cc23x0r5.a(Display.c.obj)
 .debug_abbrev  0x000016a4      0x459 C:/ti/simplelink_lowpower_f3_sdk_9_11_00_18/source\ti/display/lib/gcc/m0p/display_cc23x0r5.a(DisplayUart2.c.obj)
 .debug_abbrev  0x00001afd      0x141 C:/ti/simplelink_lowpower_f3_sdk_9_11_00_18/source\ti/drivers/lib/gcc/m0p/drivers_cc23x0r5.a(List.c.obj)
 .debug_abbrev  0x00001c3e       0x7e C:/ti/simplelink_lowpower_f3_sdk_9_11_00_18/source\ti/drivers/lib/gcc/m0p/drivers_cc23x0r5.a(Math.c.obj)
 .debug_abbrev  0x00001cbc      0x260 C:/ti/simplelink_lowpower_f3_sdk_9_11_00_18/source\ti/drivers/lib/gcc/m0p/drivers_cc23x0r5.a(UDMALPF3.c.obj)
 .debug_abbrev  0x00001f1c      0x1ca C:/ti/simplelink_lowpower_f3_sdk_9_11_00_18/source\ti/drivers/lib/gcc/m0p/drivers_cc23x0r5.a(GPIO.c.obj)
 .debug_abbrev  0x000020e6      0x4aa C:/ti/simplelink_lowpower_f3_sdk_9_11_00_18/source\ti/drivers/lib/gcc/m0p/drivers_cc23x0r5.a(GPIOLPF3.c.obj)
 .debug_abbrev  0x00002590      0x6e7 C:/ti/simplelink_lowpower_f3_sdk_9_11_00_18/source\ti/drivers/lib/gcc/m0p/drivers_cc23x0r5.a(PowerCC23X0.c.obj)
 .debug_abbrev  0x00002c77      0x299 C:/ti/simplelink_lowpower_f3_sdk_9_11_00_18/source\ti/drivers/lib/gcc/m0p/drivers_cc23x0r5.a(SPI.c.obj)
 .debug_abbrev  0x00002f10      0x5f8 C:/ti/simplelink_lowpower_f3_sdk_9_11_00_18/source\ti/drivers/lib/gcc/m0p/drivers_cc23x0r5.a(SPILPF3DMA.c.obj)
 .debug_abbrev  0x00003508      0x448 C:/ti/simplelink_lowpower_f3_sdk_9_11_00_18/source\ti/drivers/lib/gcc/m0p/drivers_cc23x0r5.a(UART2.c.obj)
 .debug_abbrev  0x00003950      0x5d5 C:/ti/simplelink_lowpower_f3_sdk_9_11_00_18/source\ti/drivers/lib/gcc/m0p/drivers_cc23x0r5.a(UART2LPF3.c.obj)
 .debug_abbrev  0x00003f25      0x280 C:/ti/simplelink_lowpower_f3_sdk_9_11_00_18/source\ti/drivers/lib/gcc/m0p/drivers_cc23x0r5.a(RingBuf.c.obj)
 .debug_abbrev  0x000041a5       0x63 C:/ti/simplelink_lowpower_f3_sdk_9_11_00_18/source\ti/devices/cc23x0r5/driverlib/lib/gcc/driverlib.a(cpu.c.obj)
 .debug_abbrev  0x00004208       0xa5 C:/ti/simplelink_lowpower_f3_sdk_9_11_00_18/source\ti/devices/cc23x0r5/driverlib/lib/gcc/driverlib.a(evtsvt.c.obj)
 .debug_abbrev  0x000042ad      0x39a C:/ti/simplelink_lowpower_f3_sdk_9_11_00_18/source\ti/devices/cc23x0r5/driverlib/lib/gcc/driverlib.a(interrupt.c.obj)
 .debug_abbrev  0x00004647      0x138 C:/ti/simplelink_lowpower_f3_sdk_9_11_00_18/source\ti/devices/cc23x0r5/driverlib/lib/gcc/driverlib.a(lrfd.c.obj)
 .debug_abbrev  0x0000477f      0x225 C:/ti/simplelink_lowpower_f3_sdk_9_11_00_18/source\ti/devices/cc23x0r5/driverlib/lib/gcc/driverlib.a(setup.c.obj)
 .debug_abbrev  0x000049a4      0x142 C:/ti/simplelink_lowpower_f3_sdk_9_11_00_18/source\ti/devices/cc23x0r5/driverlib/lib/gcc/driverlib.a(uart.c.obj)
 .debug_abbrev  0x00004ae6      0x169 C:/ti/simplelink_lowpower_f3_sdk_9_11_00_18/source\ti/devices/cc23x0r5/driverlib/lib/gcc/driverlib.a(udma.c.obj)

.debug_loc      0x00000000     0xf117
 .debug_loc     0x00000000       0x4a ./main_freertos.o
 .debug_loc     0x0000004a      0x4d5 ./spicontroller.o
 .debug_loc     0x0000051f       0x13 ./syscfg/ti_drivers_config.o
 .debug_loc     0x00000532     0xeac9 ./syscfg/ti_freertos_config.o
 .debug_loc     0x0000effb      0x11c ./syscfg/ti_freertos_portable_config.o

.debug_aranges  0x00000000     0x1678
 .debug_aranges
                0x00000000       0x20 ./main_freertos.o
 .debug_aranges
                0x00000020       0x30 ./spicontroller.o
 .debug_aranges
                0x00000050       0x18 ./syscfg/ti_devices_config.o
 .debug_aranges
                0x00000068       0x40 ./syscfg/ti_drivers_config.o
 .debug_aranges
                0x000000a8      0xd30 ./syscfg/ti_freertos_config.o
 .debug_aranges
                0x00000dd8       0x88 ./syscfg/ti_freertos_portable_config.o
 .debug_aranges
                0x00000e60       0x68 C:/ti/simplelink_lowpower_f3_sdk_9_11_00_18/source\ti/display/lib/gcc/m0p/display_cc23x0r5.a(Display.c.obj)
 .debug_aranges
                0x00000ec8       0x98 C:/ti/simplelink_lowpower_f3_sdk_9_11_00_18/source\ti/display/lib/gcc/m0p/display_cc23x0r5.a(DisplayUart2.c.obj)
 .debug_aranges
                0x00000f60       0x48 C:/ti/simplelink_lowpower_f3_sdk_9_11_00_18/source\ti/drivers/lib/gcc/m0p/drivers_cc23x0r5.a(List.c.obj)
 .debug_aranges
                0x00000fa8       0x20 C:/ti/simplelink_lowpower_f3_sdk_9_11_00_18/source\ti/drivers/lib/gcc/m0p/drivers_cc23x0r5.a(Math.c.obj)
 .debug_aranges
                0x00000fc8       0x28 C:/ti/simplelink_lowpower_f3_sdk_9_11_00_18/source\ti/drivers/lib/gcc/m0p/drivers_cc23x0r5.a(UDMALPF3.c.obj)
 .debug_aranges
                0x00000ff0       0x40 C:/ti/simplelink_lowpower_f3_sdk_9_11_00_18/source\ti/drivers/lib/gcc/m0p/drivers_cc23x0r5.a(GPIO.c.obj)
 .debug_aranges
                0x00001030       0x80 C:/ti/simplelink_lowpower_f3_sdk_9_11_00_18/source\ti/drivers/lib/gcc/m0p/drivers_cc23x0r5.a(GPIOLPF3.c.obj)
 .debug_aranges
                0x000010b0      0x188 C:/ti/simplelink_lowpower_f3_sdk_9_11_00_18/source\ti/drivers/lib/gcc/m0p/drivers_cc23x0r5.a(PowerCC23X0.c.obj)
 .debug_aranges
                0x00001238       0x50 C:/ti/simplelink_lowpower_f3_sdk_9_11_00_18/source\ti/drivers/lib/gcc/m0p/drivers_cc23x0r5.a(SPI.c.obj)
 .debug_aranges
                0x00001288       0x88 C:/ti/simplelink_lowpower_f3_sdk_9_11_00_18/source\ti/drivers/lib/gcc/m0p/drivers_cc23x0r5.a(SPILPF3DMA.c.obj)
 .debug_aranges
                0x00001310       0x80 C:/ti/simplelink_lowpower_f3_sdk_9_11_00_18/source\ti/drivers/lib/gcc/m0p/drivers_cc23x0r5.a(UART2.c.obj)
 .debug_aranges
                0x00001390       0xd0 C:/ti/simplelink_lowpower_f3_sdk_9_11_00_18/source\ti/drivers/lib/gcc/m0p/drivers_cc23x0r5.a(UART2LPF3.c.obj)
 .debug_aranges
                0x00001460       0x88 C:/ti/simplelink_lowpower_f3_sdk_9_11_00_18/source\ti/drivers/lib/gcc/m0p/drivers_cc23x0r5.a(RingBuf.c.obj)
 .debug_aranges
                0x000014e8       0x20 C:/ti/simplelink_lowpower_f3_sdk_9_11_00_18/source\ti/devices/cc23x0r5/driverlib/lib/gcc/driverlib.a(cpu.c.obj)
 .debug_aranges
                0x00001508       0x28 C:/ti/simplelink_lowpower_f3_sdk_9_11_00_18/source\ti/devices/cc23x0r5/driverlib/lib/gcc/driverlib.a(evtsvt.c.obj)
 .debug_aranges
                0x00001530       0x70 C:/ti/simplelink_lowpower_f3_sdk_9_11_00_18/source\ti/devices/cc23x0r5/driverlib/lib/gcc/driverlib.a(interrupt.c.obj)
 .debug_aranges
                0x000015a0       0x30 C:/ti/simplelink_lowpower_f3_sdk_9_11_00_18/source\ti/devices/cc23x0r5/driverlib/lib/gcc/driverlib.a(lrfd.c.obj)
 .debug_aranges
                0x000015d0       0x20 C:/ti/simplelink_lowpower_f3_sdk_9_11_00_18/source\ti/devices/cc23x0r5/driverlib/lib/gcc/driverlib.a(setup.c.obj)
 .debug_aranges
                0x000015f0       0x38 C:/ti/simplelink_lowpower_f3_sdk_9_11_00_18/source\ti/devices/cc23x0r5/driverlib/lib/gcc/driverlib.a(uart.c.obj)
 .debug_aranges
                0x00001628       0x50 C:/ti/simplelink_lowpower_f3_sdk_9_11_00_18/source\ti/devices/cc23x0r5/driverlib/lib/gcc/driverlib.a(udma.c.obj)

.debug_ranges   0x00000000     0x4ad8
 .debug_ranges  0x00000000       0x10 ./main_freertos.o
 .debug_ranges  0x00000010       0x38 ./spicontroller.o
 .debug_ranges  0x00000048       0x90 ./syscfg/ti_drivers_config.o
 .debug_ranges  0x000000d8     0x4970 ./syscfg/ti_freertos_config.o
 .debug_ranges  0x00004a48       0x90 ./syscfg/ti_freertos_portable_config.o

.debug_line     0x00000000    0x15bb6
 .debug_line    0x00000000      0x196 ./main_freertos.o
 .debug_line    0x00000196      0x4a0 ./spicontroller.o
 .debug_line    0x00000636      0x128 ./syscfg/ti_devices_config.o
 .debug_line    0x0000075e      0x5fa ./syscfg/ti_drivers_config.o
 .debug_line    0x00000d58     0x75ad ./syscfg/ti_freertos_config.o
 .debug_line    0x00008305      0x391 ./syscfg/ti_freertos_portable_config.o
 .debug_line    0x00008696      0x50e C:/ti/simplelink_lowpower_f3_sdk_9_11_00_18/source\ti/display/lib/gcc/m0p/display_cc23x0r5.a(Display.c.obj)
 .debug_line    0x00008ba4      0x9d8 C:/ti/simplelink_lowpower_f3_sdk_9_11_00_18/source\ti/display/lib/gcc/m0p/display_cc23x0r5.a(DisplayUart2.c.obj)
 .debug_line    0x0000957c      0x4e5 C:/ti/simplelink_lowpower_f3_sdk_9_11_00_18/source\ti/drivers/lib/gcc/m0p/drivers_cc23x0r5.a(List.c.obj)
 .debug_line    0x00009a61      0x279 C:/ti/simplelink_lowpower_f3_sdk_9_11_00_18/source\ti/drivers/lib/gcc/m0p/drivers_cc23x0r5.a(Math.c.obj)
 .debug_line    0x00009cda      0x680 C:/ti/simplelink_lowpower_f3_sdk_9_11_00_18/source\ti/drivers/lib/gcc/m0p/drivers_cc23x0r5.a(UDMALPF3.c.obj)
 .debug_line    0x0000a35a      0x3e4 C:/ti/simplelink_lowpower_f3_sdk_9_11_00_18/source\ti/drivers/lib/gcc/m0p/drivers_cc23x0r5.a(GPIO.c.obj)
 .debug_line    0x0000a73e      0xc1b C:/ti/simplelink_lowpower_f3_sdk_9_11_00_18/source\ti/drivers/lib/gcc/m0p/drivers_cc23x0r5.a(GPIOLPF3.c.obj)
 .debug_line    0x0000b359     0x29c6 C:/ti/simplelink_lowpower_f3_sdk_9_11_00_18/source\ti/drivers/lib/gcc/m0p/drivers_cc23x0r5.a(PowerCC23X0.c.obj)
 .debug_line    0x0000dd1f      0x5d3 C:/ti/simplelink_lowpower_f3_sdk_9_11_00_18/source\ti/drivers/lib/gcc/m0p/drivers_cc23x0r5.a(SPI.c.obj)
 .debug_line    0x0000e2f2     0x20ac C:/ti/simplelink_lowpower_f3_sdk_9_11_00_18/source\ti/drivers/lib/gcc/m0p/drivers_cc23x0r5.a(SPILPF3DMA.c.obj)
 .debug_line    0x0001039e     0x107b C:/ti/simplelink_lowpower_f3_sdk_9_11_00_18/source\ti/drivers/lib/gcc/m0p/drivers_cc23x0r5.a(UART2.c.obj)
 .debug_line    0x00011419     0x1fe3 C:/ti/simplelink_lowpower_f3_sdk_9_11_00_18/source\ti/drivers/lib/gcc/m0p/drivers_cc23x0r5.a(UART2LPF3.c.obj)
 .debug_line    0x000133fc      0x8b8 C:/ti/simplelink_lowpower_f3_sdk_9_11_00_18/source\ti/drivers/lib/gcc/m0p/drivers_cc23x0r5.a(RingBuf.c.obj)
 .debug_line    0x00013cb4      0x242 C:/ti/simplelink_lowpower_f3_sdk_9_11_00_18/source\ti/devices/cc23x0r5/driverlib/lib/gcc/driverlib.a(cpu.c.obj)
 .debug_line    0x00013ef6      0x285 C:/ti/simplelink_lowpower_f3_sdk_9_11_00_18/source\ti/devices/cc23x0r5/driverlib/lib/gcc/driverlib.a(evtsvt.c.obj)
 .debug_line    0x0001417b      0x8d1 C:/ti/simplelink_lowpower_f3_sdk_9_11_00_18/source\ti/devices/cc23x0r5/driverlib/lib/gcc/driverlib.a(interrupt.c.obj)
 .debug_line    0x00014a4c      0x578 C:/ti/simplelink_lowpower_f3_sdk_9_11_00_18/source\ti/devices/cc23x0r5/driverlib/lib/gcc/driverlib.a(lrfd.c.obj)
 .debug_line    0x00014fc4      0x355 C:/ti/simplelink_lowpower_f3_sdk_9_11_00_18/source\ti/devices/cc23x0r5/driverlib/lib/gcc/driverlib.a(setup.c.obj)
 .debug_line    0x00015319      0x39c C:/ti/simplelink_lowpower_f3_sdk_9_11_00_18/source\ti/devices/cc23x0r5/driverlib/lib/gcc/driverlib.a(uart.c.obj)
 .debug_line    0x000156b5      0x501 C:/ti/simplelink_lowpower_f3_sdk_9_11_00_18/source\ti/devices/cc23x0r5/driverlib/lib/gcc/driverlib.a(udma.c.obj)

.debug_str      0x00000000     0xabb6
 .debug_str     0x00000000      0x582 ./main_freertos.o
                                0x667 (size before relaxing)
 .debug_str     0x00000582      0x8ab ./spicontroller.o
                                0xfb5 (size before relaxing)
 .debug_str     0x00000e2d      0x272 ./syscfg/ti_devices_config.o
                                0x446 (size before relaxing)
 .debug_str     0x0000109f      0xf57 ./syscfg/ti_drivers_config.o
                               0x1acf (size before relaxing)
 .debug_str     0x00001ff6     0x4edb ./syscfg/ti_freertos_config.o
                               0x5bc3 (size before relaxing)
 .debug_str     0x00006ed1      0x248 ./syscfg/ti_freertos_portable_config.o
                                0x8dc (size before relaxing)
 .debug_str     0x00007119      0x2ea C:/ti/simplelink_lowpower_f3_sdk_9_11_00_18/source\ti/display/lib/gcc/m0p/display_cc23x0r5.a(Display.c.obj)
                                0x59b (size before relaxing)
 .debug_str     0x00007403      0x309 C:/ti/simplelink_lowpower_f3_sdk_9_11_00_18/source\ti/display/lib/gcc/m0p/display_cc23x0r5.a(DisplayUart2.c.obj)
                                0xaee (size before relaxing)
 .debug_str     0x0000770c      0x106 C:/ti/simplelink_lowpower_f3_sdk_9_11_00_18/source\ti/drivers/lib/gcc/m0p/drivers_cc23x0r5.a(List.c.obj)
                                0x363 (size before relaxing)
 .debug_str     0x00007812       0xcb C:/ti/simplelink_lowpower_f3_sdk_9_11_00_18/source\ti/drivers/lib/gcc/m0p/drivers_cc23x0r5.a(Math.c.obj)
                                0x2b8 (size before relaxing)
 .debug_str     0x000078dd      0x1b6 C:/ti/simplelink_lowpower_f3_sdk_9_11_00_18/source\ti/drivers/lib/gcc/m0p/drivers_cc23x0r5.a(UDMALPF3.c.obj)
                                0x497 (size before relaxing)
 .debug_str     0x00007a93      0x11c C:/ti/simplelink_lowpower_f3_sdk_9_11_00_18/source\ti/drivers/lib/gcc/m0p/drivers_cc23x0r5.a(GPIO.c.obj)
                                0x3b3 (size before relaxing)
 .debug_str     0x00007baf      0x22b C:/ti/simplelink_lowpower_f3_sdk_9_11_00_18/source\ti/drivers/lib/gcc/m0p/drivers_cc23x0r5.a(GPIOLPF3.c.obj)
                                0x5fa (size before relaxing)