******************************************************************************
                  TI ARM Linker PC v18.12.5                    
******************************************************************************
>> Linked Tue Sep 23 17:41:34 2025

OUTPUT FILE NAME:   <rfPacketTx_CC2650_LAUNCHXL_TI.out>
ENTRY POINT SYMBOL: "ResetISR"  address: 0000386d


MEMORY CONFIGURATION

         name            origin    length      used     unused   attr    fill
----------------------  --------  ---------  --------  --------  ----  --------
  FLASH                 00000000   00020000  000057e0  0001a820  R  X
  SRAM                  20000000   00005000  0000187b  00003785  RW X


SEGMENT ALLOCATION MAP

run origin  load origin   length   init length attrs members
----------  ----------- ---------- ----------- ----- -------
00000000    00000000    0000003c   0000003c    r--
  00000000    00000000    0000003c   0000003c    r-- .resetVecs
00000100    00000100    00005758   00005758    r-x
  00000100    00000100    0000003c   0000003c    r-- .const:ti_sysbios_knl_Task_Object__PARAMS__C
  0000013c    0000013c    00000034   00000034    r-- .const:ti_sysbios_knl_Mailbox_Object__PARAMS__C
  00000170    00000170    00000030   00000030    r-- .const:ti_sysbios_family_arm_m3_Hwi_Object__PARAMS__C
  000001a0    000001a0    0000002c   0000002c    r-- .const:ti_sysbios_hal_Hwi_Object__PARAMS__C
  000001cc    000001cc    00000028   00000028    r-- .const:ti_sysbios_heaps_HeapMem_Module__FXNS__C
  000001f4    000001f4    00000028   00000028    r-- .const:ti_sysbios_knl_Swi_Object__PARAMS__C
  0000021c    0000021c    00000024   00000024    r-- .const:ti_sysbios_gates_GateHwi_Module__FXNS__C
  00000240    00000240    00000024   00000024    r-- .const:ti_sysbios_gates_GateMutex_Module__FXNS__C
  00000264    00000264    00000024   00000024    r-- .const:ti_sysbios_heaps_HeapMem_Object__PARAMS__C
  00000288    00000288    00000024   00000024    r-- .const:ti_sysbios_knl_Clock_Object__PARAMS__C
  000002ac    000002ac    00000024   00000024    r-- .const:ti_sysbios_knl_Semaphore_Object__PARAMS__C
  000002d0    000002d0    00000020   00000020    r-- .const:ti_sysbios_family_arm_m3_Hwi_Object__DESC__C
  000002f0    000002f0    00000020   00000020    r-- .const:ti_sysbios_gates_GateHwi_Object__DESC__C
  00000310    00000310    00000020   00000020    r-- .const:ti_sysbios_gates_GateMutex_Object__DESC__C
  00000330    00000330    00000020   00000020    r-- .const:ti_sysbios_hal_Hwi_Object__DESC__C
  00000350    00000350    00000020   00000020    r-- .const:ti_sysbios_heaps_HeapMem_Object__DESC__C
  00000370    00000370    00000020   00000020    r-- .const:ti_sysbios_knl_Clock_Object__DESC__C
  00000390    00000390    00000020   00000020    r-- .const:ti_sysbios_knl_Mailbox_Object__DESC__C
  000003b0    000003b0    00000020   00000020    r-- .const:ti_sysbios_knl_Queue_Object__DESC__C
  000003d0    000003d0    00000020   00000020    r-- .const:ti_sysbios_knl_Semaphore_Object__DESC__C
  000003f0    000003f0    00000020   00000020    r-- .const:ti_sysbios_knl_Swi_Object__DESC__C
  00000410    00000410    00000020   00000020    r-- .const:ti_sysbios_knl_Task_Object__DESC__C
  00000430    00000430    00000018   00000018    r-- .const:ti_sysbios_gates_GateHwi_Object__PARAMS__C
  00000448    00000448    00000018   00000018    r-- .const:ti_sysbios_gates_GateMutex_Object__PARAMS__C
  00000460    00000460    00000018   00000018    r-- .const:ti_sysbios_knl_Queue_Object__PARAMS__C
  00000478    00000478    00000008   00000008    r-- .const:ti_sysbios_knl_Idle_funcList__C
  00000484    00000484    00000004   00000004    r-- .const:ti_sysbios_family_arm_cc26xx_Timer_startupNeeded__C
  00000488    00000488    00000004   00000004    r-- .const:ti_sysbios_family_arm_m3_Hwi_E_alreadyDefined__C
  0000048c    0000048c    00000004   00000004    r-- .const:ti_sysbios_family_arm_m3_Hwi_E_hwiLimitExceeded__C
  00000490    00000490    00000004   00000004    r-- .const:ti_sysbios_family_arm_m3_Hwi_NUM_INTERRUPTS__C
  00000494    00000494    00000004   00000004    r-- .const:ti_sysbios_family_arm_m3_Hwi_Object__count__C
  00000498    00000498    00000004   00000004    r-- .const:ti_sysbios_family_arm_m3_Hwi_Object__table__C
  0000049c    0000049c    00000004   00000004    r-- .const:ti_sysbios_family_arm_m3_Hwi_ccr__C
  000004a0    000004a0    00000004   00000004    r-- .const:ti_sysbios_family_arm_m3_Hwi_excHandlerFunc__C
  000004a4    000004a4    00000004   00000004    r-- .const:ti_sysbios_family_arm_m3_Hwi_nullIsrFunc__C
  000004a8    000004a8    00000004   00000004    r-- .const:ti_sysbios_family_arm_m3_Hwi_numSparseInterrupts__C
  000004ac    000004ac    00000004   00000004    r-- .const:ti_sysbios_family_arm_m3_Hwi_priGroup__C
  000004b0    000004b0    00000004   00000004    r-- .const:ti_sysbios_family_arm_m3_TaskSupport_stackAlignment__C
  000004b4    000004b4    00000004   00000004    r-- .const:ti_sysbios_heaps_HeapMem_E_memory__C
  000004b8    000004b8    00000004   00000004    r-- .const:ti_sysbios_heaps_HeapMem_Module__gateObj__C
  000004bc    000004bc    00000004   00000004    r-- .const:ti_sysbios_heaps_HeapMem_Object__count__C
  000004c0    000004c0    00000004   00000004    r-- .const:ti_sysbios_heaps_HeapMem_Object__table__C
  000004c4    000004c4    00000004   00000004    r-- .const:ti_sysbios_heaps_HeapMem_reqAlign__C
  000004c8    000004c8    00000004   00000004    r-- .const:ti_sysbios_knl_Clock_serviceMargin__C
  000004cc    000004cc    00000004   00000004    r-- .const:ti_sysbios_knl_Mailbox_Object__count__C
  000004d0    000004d0    00000004   00000004    r-- .const:ti_sysbios_knl_Mailbox_Object__table__C
  000004d4    000004d4    00000004   00000004    r-- .const:ti_sysbios_knl_Queue_Object__count__C
  000004d8    000004d8    00000004   00000004    r-- .const:ti_sysbios_knl_Queue_Object__table__C
  000004dc    000004dc    00000004   00000004    r-- .const:ti_sysbios_knl_Swi_Object__count__C
  000004e0    000004e0    00000004   00000004    r-- .const:ti_sysbios_knl_Swi_Object__table__C
  000004e4    000004e4    00000004   00000004    r-- .const:ti_sysbios_knl_Swi_numPriorities__C
  000004e8    000004e8    00000004   00000004    r-- .const:ti_sysbios_knl_Task_Object__count__C
  000004ec    000004ec    00000004   00000004    r-- .const:ti_sysbios_knl_Task_Object__table__C
  000004f0    000004f0    00000004   00000004    r-- .const:ti_sysbios_knl_Task_allBlockedFunc__C
  000004f4    000004f4    00000004   00000004    r-- .const:ti_sysbios_knl_Task_defaultStackHeap__C
  000004f8    000004f8    00000004   00000004    r-- .const:ti_sysbios_knl_Task_defaultStackSize__C
  000004fc    000004fc    00000004   00000004    r-- .const:ti_sysbios_knl_Task_numConstructedTasks__C
  00000502    00000502    00000002   00000002    r-- .const:ti_sysbios_family_arm_cc26xx_Timer_Module__id__C
  00000504    00000504    00000002   00000002    r-- .const:ti_sysbios_family_arm_cc26xx_TimestampProvider_useClockTimer__C
  00000506    00000506    00000002   00000002    r-- .const:ti_sysbios_family_arm_m3_Hwi_Module__id__C
  00000508    00000508    00000002   00000002    r-- .const:ti_sysbios_gates_GateHwi_Module__id__C
  0000050a    0000050a    00000002   00000002    r-- .const:ti_sysbios_gates_GateMutex_Module__id__C
  0000050c    0000050c    00000002   00000002    r-- .const:ti_sysbios_heaps_HeapMem_Module__id__C
  0000050e    0000050e    00000002   00000002    r-- .const:ti_sysbios_knl_Task_initStackFlag__C
  00000510    00000510    00000001   00000001    r-- .const:ti_sysbios_knl_Clock_tickMode__C
  00000514    00000514    00000008   00000008    r-- .const:xdc_runtime_Startup_firstFxns__C
  0000051c    0000051c    00000008   00000008    r-- .const:xdc_runtime_Startup_lastFxns__C
  00000524    00000524    00000004   00000004    r-- .const:xdc_runtime_Assert_E_assertFailed__C
  00000528    00000528    00000004   00000004    r-- .const:xdc_runtime_Error_E_memory__C
  0000052c    0000052c    00000004   00000004    r-- .const:xdc_runtime_Error_policyFxn__C
  00000530    00000530    00000004   00000004    r-- .const:xdc_runtime_IGateProvider_Interface__BASE__C
  00000534    00000534    00000004   00000004    r-- .const:xdc_runtime_IHeap_Interface__BASE__C
  00000538    00000538    00000004   00000004    r-- .const:xdc_runtime_IModule_Interface__BASE__C
  0000053c    0000053c    00000004   00000004    r-- .const:xdc_runtime_Main_Module__diagsEnabled__C
  00000540    00000540    00000004   00000004    r-- .const:xdc_runtime_Main_Module__diagsIncluded__C
  00000544    00000544    00000004   00000004    r-- .const:xdc_runtime_Main_Module__diagsMask__C
  00000548    00000548    00000004   00000004    r-- .const:xdc_runtime_Memory_defaultHeapInstance__C
  0000054c    0000054c    00000004   00000004    r-- .const:xdc_runtime_Startup_execImpl__C
  00000550    00000550    00000004   00000004    r-- .const:xdc_runtime_Startup_maxPasses__C
  00000554    00000554    00000004   00000004    r-- .const:xdc_runtime_Startup_sfxnRts__C
  00000558    00000558    00000004   00000004    r-- .const:xdc_runtime_Startup_sfxnTab__C
  0000055c    0000055c    00000004   00000004    r-- .const:xdc_runtime_Startup_startModsFxn__C
  00000560    00000560    00000004   00000004    r-- .const:xdc_runtime_SysCallback_abortFxn__C
  00000564    00000564    00000004   00000004    r-- .const:xdc_runtime_SysCallback_exitFxn__C
  00000568    00000568    00000004   00000004    r-- .const:xdc_runtime_System_abortFxn__C
  0000056c    0000056c    00000004   00000004    r-- .const:xdc_runtime_System_exitFxn__C
  00000570    00000570    00000004   00000004    r-- .const:xdc_runtime_System_maxAtexitHandlers__C
  00000574    00000574    00000004   00000004    r-- .const:xdc_runtime_Text_charTab__C
  00000578    00000578    00000004   00000004    r-- .const:xdc_runtime_Text_nameEmpty__C
  0000057c    0000057c    00000004   00000004    r-- .const:xdc_runtime_Text_nameStatic__C
  00000580    00000580    00000004   00000004    r-- .const:xdc_runtime_Text_nameUnknown__C
  00000584    00000584    00000002   00000002    r-- .const:xdc_runtime_Main_Module__id__C
  00000586    00000586    00000002   00000002    r-- .const:xdc_runtime_Memory_Module__id__C
  00000588    00000588    00000002   00000002    r-- .const:xdc_runtime_Text_charCnt__C
  0000058a    0000058a    00000002   00000002    r-- .const:xdc_runtime_Text_isLoaded__C
  0000058c    0000058c    00000001   00000001    r-- .const:xdc_runtime_Error_policy__C
  00000590    00000590    00000004   00000004    r-- .const:ti_sysbios_rom_ROM_AONRTCChannelEnable
  00000594    00000594    00000004   00000004    r-- .const:ti_sysbios_rom_ROM_AONRTCCompareValueSet
  00000598    00000598    00000004   00000004    r-- .const:ti_sysbios_rom_ROM_AONRTCCurrentCompareValueGet
  0000059c    0000059c    00000004   00000004    r-- .const:ti_sysbios_rom_ROM_AONRTCEventClear
  000005a0    000005a0    00000004   00000004    r-- .const:ti_sysbios_rom_ROM_ti_sysbios_family_arm_cc26xx_Timer_getCount64__E
  000005a4    000005a4    00000004   00000004    r-- .const:ti_sysbios_rom_ROM_ti_sysbios_family_arm_cc26xx_Timer_getCurrentTick__E
  000005a8    000005a8    00000004   00000004    r-- .const:ti_sysbios_rom_ROM_ti_sysbios_family_arm_cc26xx_Timer_getMaxTicks__E
  000005ac    000005ac    00000004   00000004    r-- .const:ti_sysbios_rom_ROM_ti_sysbios_family_arm_cc26xx_Timer_initDevice__I
  000005b0    000005b0    00000004   00000004    r-- .const:ti_sysbios_rom_ROM_ti_sysbios_family_arm_cc26xx_Timer_setNextTick__E
  000005b4    000005b4    00000004   00000004    r-- .const:ti_sysbios_rom_ROM_ti_sysbios_family_arm_cc26xx_Timer_setThreshold__I
  000005b8    000005b8    00000004   00000004    r-- .const:ti_sysbios_rom_ROM_ti_sysbios_family_arm_cc26xx_Timer_start__E
  000005bc    000005bc    00000004   00000004    r-- .const:ti_sysbios_rom_ROM_ti_sysbios_family_arm_cc26xx_TimestampProvider_get32__E
  000005c0    000005c0    00000004   00000004    r-- .const:ti_sysbios_rom_ROM_xdc_runtime_Startup_getState__I
  000005c4    000005c4    00000004   00000004    r-- .const:ti_sysbios_rom_ROM_xdc_runtime_System_SupportProxy_abort__E
  000005c8    000005c8    00000004   00000004    r-- .const:ti_sysbios_rom_ROM_xdc_runtime_System_SupportProxy_exit__E
  000005cc    000005cc    00000004   00000004    r-- .const:ti_sysbios_gates_GateMutex_Instance_State_sem__O
  000005d0    000005d0    00000004   00000004    r-- .const:ti_sysbios_knl_Clock_Module_State_clockQ__O
  000005d4    000005d4    00000004   00000004    r-- .const:ti_sysbios_knl_Mailbox_Instance_State_dataQue__O
  000005d8    000005d8    00000004   00000004    r-- .const:ti_sysbios_knl_Mailbox_Instance_State_dataSem__O
  000005dc    000005dc    00000004   00000004    r-- .const:ti_sysbios_knl_Mailbox_Instance_State_freeQue__O
  000005e0    000005e0    00000004   00000004    r-- .const:ti_sysbios_knl_Mailbox_Instance_State_freeSem__O
  000005e4    000005e4    00000004   00000004    r-- .const:ti_sysbios_knl_Semaphore_Instance_State_pendQ__O
  000005e8    000005e8    00000004   00000004    r-- .const:ti_sysbios_knl_Task_Module_State_inactiveQ__O
  000005ec    000005ec    00003f40   00003f40    r-x .text
  0000452c    0000452c    00001044   00001044    r-- .const
  00005570    00005570    000002e8   000002e8    r-- .cinit
0001ffa8    0001ffa8    00000058   00000058    r--
  0001ffa8    0001ffa8    00000058   00000058    r-- .ccfg
20000100    20000100    000014bc   00000000    rw-
  20000100    20000100    00000044   00000000    rw- .data:ti_sysbios_knl_Task_Module__state__V
  20000144    20000144    00000034   00000000    rw- .data:ti_sysbios_family_arm_m3_Hwi_Module__state__V
  20000178    20000178    0000002c   00000000    rw- .data:ti_sysbios_knl_Clock_Module__state__V
  200001a4    200001a4    00000024   00000000    rw- .data:ti_sysbios_BIOS_Module__state__V
  200001c8    200001c8    0000001c   00000000    rw- .data:ti_sysbios_knl_Swi_Module__state__V
  200001e4    200001e4    00000008   00000000    rw- .data:ti_sysbios_family_arm_cc26xx_Timer_Module__state__V
  200001ec    200001ec    00000004   00000000    rw- .data:ti_sysbios_family_arm_cc26xx_TimestampProvider_Module__state__V
  200001f0    200001f0    00000008   00000000    rw- .data:xdc_runtime_Startup_Module__state__V
  200001f8    200001f8    00000008   00000000    rw- .data:xdc_runtime_System_Module__state__V
  20000200    20000200    00000004   00000000    rw- .data:xdc_runtime_Memory_Module__state__V
  20000208    20000208    00000fa3   00000000    rw- .bss
  200011b0    200011b0    0000040c   00000000    rw- .data
20004d00    20004d00    00000300   00000000    rw-
  20004d00    20004d00    00000300   00000000    rw- .stack


SECTION ALLOCATION MAP

 output                                  attributes/
section   page    origin      length       input sections
--------  ----  ----------  ----------   ----------------
.text      0    000005ec    00003f40     
                  000005ec    000003b8     rf_singleMode_cc26xxware.aem3 : RFCC26XX_singleMode.oem3 (.text:fsmActiveState)
                  000009a4    00000228     drivers_cc26xxware.aem3 : PowerCC26XX.oem3 (.text:Power_sleep)
                  00000bcc    00000204     driverlib.lib : sys_ctrl.obj (.text:NOROM_SysCtrlSetRechargeBeforePowerDown)
                  00000dd0    000001dc     rf_singleMode_cc26xxware.aem3 : RFCC26XX_singleMode.oem3 (.text:RF_postCmd)
                  00000fac    000001d0     drivers_cc26xxware.aem3 : PowerCC26XX_calibrateRCOSC.oem3 (.text:calibrateRcoscHf1)
                  0000117c    000001c4                             : PINCC26XX.oem3 (.text:PIN_init)
                  00001340    00000184                             : PowerCC26XX_calibrateRCOSC.oem3 (.text:PowerCC26XX_doCalibrate)
                  000014c4    00000168     rf_singleMode_cc26xxware.aem3 : RFCC26XX_singleMode.oem3 (.text:fsmSetupState)
                  0000162c    00000150     smartrf_settings.obj (.text:rf_patch_rfe_genfsk)
                  0000177c    00000144     rfPacketTx.obj (.text:txTaskFunction)
                  000018c0    00000130     driverlib.lib : setup_rom.obj (.text:NOROM_SetupAfterColdResetWakeupFromShutDownCfg3)
                  000019f0    00000128     rf_singleMode_cc26xxware.aem3 : RFCC26XX_singleMode.oem3 (.text:rf_init)
                  00001b18    0000011c     drivers_cc26xxware.aem3 : PowerCC26XX.oem3 (.text:Power_init)
                  00001c34    00000118     rf_singleMode_cc26xxware.aem3 : RFCC26XX_singleMode.oem3 (.text:hwiFxnCpe0Active)
                  00001d4c    00000114     smartrf_settings.obj (.text:rf_patch_mce_genfsk)
                  00001e60    000000e4     driverlib.lib : setup_rom.obj (.text:NOROM_SetupAfterColdResetWakeupFromShutDownCfg2)
                  00001f44    000000e0     drivers_cc26xxware.aem3 : PINCC26XX.oem3 (.text:PINCC26XX_setIoCfg)
                  00002024    000000d4     power_cc26xx_tirtos.aem3 : PowerCC26XX_tirtos.oem3 (.text:PowerCC26XX_standbyPolicy)
                  000020f8    000000d4     drivers_cc26xxware.aem3 : PowerCC26XX.oem3 (.text:Power_releaseDependency)
                  000021cc    000000d0                             : PowerCC26XX.oem3 (.text:Power_setDependency)
                  0000229c    000000cc     rf_singleMode_cc26xxware.aem3 : RFCC26XX_singleMode.oem3 (.text:RF_open)
                  00002368    000000c4                                   : RFCC26XX_singleMode.oem3 (.text:fsmPowerUpState)
                  0000242c    000000bc     driverlib.lib : setup.obj (.text:TrimAfterColdResetWakeupFromShutDown)
                  000024e8    000000a8                   : setup.obj (.text:NOROM_SetupTrimDevice)
                  00002590    000000a0     auto_init.aem3 : auto_init.oem3 (.text)
                  00002630    0000009c     rtsv7M3_T_le_eabi.lib : memcpy_t2.asm.obj (.text)
                  000026cc    00000098     rom_sysbios.aem3 : rom_sysbios.obj (.text:ti_sysbios_knl_Clock_workFuncDynamic__E)
                  00002764    00000096     rtsv7M3_T_le_eabi.lib : ull_div_t2.asm.obj (.text)
                  000027fa    00000002     driverlib.lib : rfc.obj (.text:NOROM_RFCAdi3VcoLdoVoltageMode)
                  000027fc    00000094     drivers_cc26xxware.aem3 : PINCC26XX.oem3 (.text:PIN_open)
                  00002890    00000090                             : PowerCC26XX.oem3 (.text:switchXOSCHFclockFunc)
                  00002920    00000088     rfPacketTx.obj (.text:main)
                  000029a8    00000084     rf_singleMode_cc26xxware.aem3 : RFCC26XX_singleMode.oem3 (.text:swiFxnHw)
                  00002a2c    00000080                                   : RFCC26XX_singleMode.oem3 (.text:RF_pendCmd)
                  00002aac    0000007c     drivers_cc26xxware.aem3 : PowerCC26XX.oem3 (.text:disableLFClockQualifiers)
                  00002b28    0000007a     rtsv7M3_T_le_eabi.lib : memset_t2.asm.obj (.text)
                  00002ba2    00000002     driverlib.lib : rfc.obj (.text:NOROM_RFCRTrim)
                  00002ba4    00000078                   : setup_rom.obj (.text:NOROM_SetupAfterColdResetWakeupFromShutDownCfg1)
                  00002c1c    00000074     drivers_cc26xxware.aem3 : PowerCC26XX_calibrateRCOSC.oem3 (.text:PowerCC26XX_auxISR)
                  00002c90    00000074                             : PowerCC26XX_calibrateRCOSC.oem3 (.text:calibrateRcoscHf2)
                  00002d04    00000074     rf_singleMode_cc26xxware.aem3 : RFCC26XX_singleMode.oem3 (.text:decActiveClientCnt)
                  00002d78    00000074                                   : RFCC26XX_singleMode.oem3 (.text:fsmPowerDownState)
                  00002dec    00000074     rom_sysbios.aem3 : rom_sysbios.obj (.text:ti_sysbios_family_arm_cc26xx_Timer_start__E)
                  00002e60    00000070     driverlib.lib : chipinfo.obj (.text:NOROM_ChipInfo_GetHwRevision)
                  00002ed0    0000006c                   : setup_rom.obj (.text:NOROM_SetupGetTrimForAmpcompCtrl)
                  00002f3c    0000006c     drivers_cc26xxware.aem3 : PowerCC26XX.oem3 (.text:PowerCC26XX_calibrate)
                  00002fa8    00000068     driverlib.lib : setup_rom.obj (.text:NOROM_SetupGetTrimForAnabypassValue1)
                  00003010    00000068                   : sys_ctrl.obj (.text:NOROM_SysCtrl_DCDC_VoltageConditionalControl)
                  00003078    00000068     rf_singleMode_cc26xxware.aem3 : RFCC26XX_singleMode.oem3 (.text:RF_getCurrentTime)
                  000030e0    00000068     rtsv7M3_T_le_eabi.lib : copy_decompress_lzss.c.obj (.text:decompress:lzss:__TI_decompress_lzss)
                  00003148    00000060     drivers_cc26xxware.aem3 : PowerCC26XX_calibrateRCOSC.oem3 (.text:PowerCC26XX_RCOSC_clockFunc)
                  000031a8    00000060     rfPacketTx.obj (.text:TxTask_init)
                  00003208    00000060     rf_singleMode_cc26xxware.aem3 : RFCC26XX_singleMode.oem3 (.text:fsmXOSCState)
                  00003268    00000060     drivers_cc26xxware.aem3 : PowerCC26XX_calibrateRCOSC.oem3 (.text:updateSubSecInc)
                  000032c8    0000005c     driverlib.lib : osc.obj (.text:NOROM_OSCHF_AttemptToSwitchToXosc)
                  00003324    0000005c                   : sys_ctrl.obj (.text:NOROM_SysCtrlAdjustRechargeAfterPowerDown)
                  00003380    0000005c     rfExamples_pem3.oem3 (.text:xdc_runtime_Startup_getState__I)
                  000033dc    00000058     drivers_cc26xxware.aem3 : PowerCC26XX_calibrateRCOSC.oem3 (.text:PowerCC26XX_initiateCalibration)
                  00003434    00000054                             : PowerCC26XX.oem3 (.text:configureXOSCHF)
                  00003488    00000054     rf_singleMode_cc26xxware.aem3 : RFCC26XX_singleMode.oem3 (.text:hwiFxnHw)
                  000034dc    00000054                                   : RFCC26XX_singleMode.oem3 (.text:ratChanFree)
                  00003530    00000050     driverlib.lib : setup_rom.obj (.text:NOROM_SetupSetCacheModeAccordingToCcfgSetting)
                  00003580    00000050     rf_singleMode_cc26xxware.aem3 : RFCC26XX_singleMode.oem3 (.text:dispatchOpWhen)
                  000035d0    00000050                                   : RFCC26XX_singleMode.oem3 (.text:syncCb)
                  00003620    0000004c     driverlib.lib : osc.obj (.text:NOROM_OSCClockSourceSet)
                  0000366c    0000004c     rf_singleMode_cc26xxware.aem3 : RFCC26XX_singleMode.oem3 (.text:applyRfCorePatch)
                  000036b8    0000004c     rtsv7M3_T_le_eabi.lib : cpy_tbl.c.obj (.text:copy_in)
                  00003704    00000048     driverlib.lib : chipinfo.obj (.text:NOROM_ChipInfo_GetChipFamily)
                  0000374c    00000048                   : ddi.obj (.text:NOROM_DDI16BitfieldWrite)
                  00003794    00000048     drivers_cc26xxware.aem3 : PINCC26XX.oem3 (.text:PIN_swi)
                  000037dc    00000048     rf_singleMode_cc26xxware.aem3 : RFCC26XX_singleMode.oem3 (.text:RF_runCmd)
                  00003824    00000048     drivers_cc26xxware.aem3 : PowerCC26XX.oem3 (.text:notify)
                  0000386c    00000044     boot.aem3 : boot.oem3 (.text)
                  000038b0    00000040     driverlib.lib : ddi.obj (.text:NOROM_DDI16BitfieldRead)
                  000038f0    0000003c                   : osc.obj (.text:NOROM_OSC_HPOSCRelativeFrequencyOffsetGet)
                  0000392c    0000003c                   : rfc.obj (.text:NOROM_RFCSynthPowerDown)
                  00003968    0000003c     drivers_cc26xxware.aem3 : PINCC26XX.oem3 (.text:PIN_setOutputValue)
                  000039a4    0000003c     smartrf_settings.obj (.text:configureGenfskPatch)
                  000039e0    00000038     rom_sysbios.aem3 : rom_sysbios.obj (.text:ti_sysbios_family_arm_cc26xx_Timer_getCurrentTick__E)
                  00003a18    00000036                      : rom_sysbios.obj (.text:ti_sysbios_family_arm_cc26xx_Timer_setNextTick__E)
                  00003a4e    00000036     rf_singleMode_cc26xxware.aem3 : RFCC26XX_singleMode.oem3 (.text:updateImplicitState)
                  00003a84    00000034     driverlib.lib : osc.obj (.text:NOROM_OSCHF_SwitchToRcOscTurnOffXosc)
                  00003ab8    00000034     drivers_cc26xxware.aem3 : PINCC26XX.oem3 (.text:PIN_setConfig)
                  00003aec    00000034     rf_singleMode_cc26xxware.aem3 : RFCC26XX_singleMode.oem3 (.text:Q_push)
                  00003b20    00000034     rtsv7M3_T_le_eabi.lib : rand.c.obj (.text:rand)
                  00003b54    00000034     rom_sysbios.aem3 : rom_sysbios.obj (.text:ti_sysbios_family_arm_cc26xx_Timer_initDevice__I)
                  00003b88    00000030     driverlib.lib : setup_rom.obj (.text:NOROM_SetupSetAonRtcSubSecInc)
                  00003bb8    00000030     drivers_cc26xxware.aem3 : PowerCC26XX.oem3 (.text:Power_releaseConstraint)
                  00003be8    00000030                             : PowerCC26XX.oem3 (.text:Power_setConstraint)
                  00003c18    00000030     rf_singleMode_cc26xxware.aem3 : RFCC26XX_singleMode.oem3 (.text:clkPowerUpFxn)
                  00003c48    00000030     rfExamples_pem3.oem3 (.text:ti_sysbios_BIOS_atExitFunc__I)
                  00003c78    00000030     rfExamples_pem3.oem3 (.text:ti_sysbios_BIOS_startFunc__I)
                  00003ca8    00000030     rom_sysbios.aem3 : rom_sysbios.obj (.text:ti_sysbios_family_arm_cc26xx_Timer_setThreshold__I)
                  00003cd8    0000002c     driverlib.lib : ddi.obj (.text:NOROM_DDI32RegWrite)
                  00003d04    0000002c                   : setup_rom.obj (.text:NOROM_SetupGetTrimForRadcExtCfg)
                  00003d30    0000002c     rf_singleMode_cc26xxware.aem3 : RFCC26XX_singleMode.oem3 (.text:getCmd)
                  00003d5c    0000002c     rom_sysbios.aem3 : rom_sysbios.obj (.text:ti_sysbios_knl_Clock_getTicksUntilInterrupt__E)
                  00003d88    00000028     driverlib.lib : aon_batmon.obj (.text:NOROM_AONBatMonTemperatureGetDegC)
                  00003db0    00000028                   : adi.obj (.text:SafeHapiVoid)
                  00003dd8    00000024     drivers_cc26xxware.aem3 : PINCC26XX.oem3 (.text:PINCC26XX_getPinCount)
                  00003dfc    00000024                             : PowerCC26XX_calibrateRCOSC.oem3 (.text:getTdcSemaphore)
                  00003e20    00000024     rf_singleMode_cc26xxware.aem3 : RFCC26XX_singleMode.oem3 (.text:hwiFxnCpe0PowerFsm)
                  00003e44    00000024     rfExamples_pem3.oem3 (.text:ti_sysbios_BIOS_registerRTSLock__I)
                  00003e68    00000024     rfExamples_pem3.oem3 (.text:ti_sysbios_BIOS_removeRTSLock__I)
                  00003e8c    00000024     rom_sysbios.aem3 : rom_sysbios.obj (.text:ti_sysbios_family_arm_cc26xx_Timer_getMaxTicks__E)
                  00003eb0    00000020     driverlib.lib : rfc.obj (.text:NOROM_RFCDoorbellSendTo)
                  00003ed0    00000020                   : rfc.obj (.text:NOROM_RFCRfTrimRead)
                  00003ef0    00000020                   : setup_rom.obj (.text:NOROM_SetupGetTrimForXoscHfCtl)
                  00003f10    00000020     rf_singleMode_cc26xxware.aem3 : RFCC26XX_singleMode.oem3 (.text:allocCmd)
                  00003f30    00000020     rfExamples_pem3.oem3 (.text:ti_sysbios_BIOS_rtsLock__I)
                  00003f50    00000020     rom_sysbios.aem3 : rom_sysbios.obj (.text:ti_sysbios_family_arm_cc26xx_Timer_dynamicStub__E)
                  00003f70    00000020                      : rom_sysbios.obj (.text:ti_sysbios_knl_Clock_stop__E)
                  00003f90    0000001e     drivers_cc26xxware.aem3 : PowerCC26XX.oem3 (.text:Power_getTransitionLatency)
                  00003fae    00000002     rtsv7M3_T_le_eabi.lib : _lock.c.obj (.text:_nop)
                  00003fb0    0000001c     driverlib.lib : osc.obj (.text:NOROM_OSCClockSourceGet)
                  00003fcc    0000001c                   : setup_rom.obj (.text:NOROM_SetupGetTrimForAmpcompTh2)
                  00003fe8    0000001c                   : setup_rom.obj (.text:NOROM_SetupGetTrimForRcOscLfRtuneCtuneTrim)
                  00004004    0000001c     drivers_cc26xxware.aem3 : PINCC26XX.oem3 (.text:PINCC26XX_setIoCfgMux)
                  00004020    0000001c                             : PINCC26XX.oem3 (.text:PIN_hwi)
                  0000403c    0000001c     smartrf_settings.obj (.text:enterGenfskCpePatch)
                  00004058    00000018     driverlib.lib : aon_rtc.obj (.text:NOROM_AONRTCCurrentCompareValueGet)
                  00004070    00000018                   : chipinfo.obj (.text:NOROM_ChipInfo_GetPackageType)
                  00004088    00000018                   : osc.obj (.text:NOROM_OSCHF_TurnOnXosc)
                  000040a0    00000018                   : rfc.obj (.text:NOROM_RFCCpeIntGetAndClear)
                  000040b8    00000018                   : setup_rom.obj (.text:NOROM_SetupGetTrimForAdcShModeEn)
                  000040d0    00000018                   : setup_rom.obj (.text:NOROM_SetupGetTrimForAdcShVbufEn)
                  000040e8    00000018                   : setup_rom.obj (.text:NOROM_SetupGetTrimForAmpcompTh1)
                  00004100    00000018                   : setup_rom.obj (.text:NOROM_SetupGetTrimForDblrLoopFilterResetVoltage)
                  00004118    00000018                   : setup_rom.obj (.text:NOROM_SetupGetTrimForRcOscLfIBiasTrim)
                  00004130    00000018                   : setup_rom.obj (.text:NOROM_SetupGetTrimForXoscLfRegulatorAndCmirrwrRatio)
                  00004148    00000018     drivers_cc26xxware.aem3 : PowerCC26XX.oem3 (.text:Power_idleFunc)
                  00004160    00000018     rf_singleMode_cc26xxware.aem3 : RFCC26XX_singleMode.oem3 (.text:Q_pop)
                  00004178    00000018     rtsv7M3_T_le_eabi.lib : args_main.c.obj (.text:_args_main)
                  00004190    00000018     drivers_cc26xxware.aem3 : PowerCC26XX.oem3 (.text:configureRFCoreClocks)
                  000041a8    00000018     rtsv7M3_T_le_eabi.lib : ll_mul_t2.asm.obj (.text)
                  000041c0    00000018     rf_singleMode_cc26xxware.aem3 : RFCC26XX_singleMode.oem3 (.text:swiFxnFsm)
                  000041d8    00000018     rfExamples_pem3.oem3 (.text:ti_sysbios_BIOS_rtsUnlock__I)
                  000041f0    00000018     rom_sysbios.aem3 : rom_sysbios.obj (.text:ti_sysbios_knl_Swi_or__E)
                  00004208    00000016     rfExamples_pem3.oem3 (.text:ti_sysbios_BIOS_exitFunc__I)
                  0000421e    00000016     rfPacketTx.obj (.text:ti_sysbios_knl_Task_Params_init)
                  00004234    00000014     driverlib.lib : aon_rtc.obj (.text:NOROM_AONRTCCurrent64BitValueGet)
                  00004248    00000014                   : chipinfo.obj (.text:NOROM_ThisCodeIsBuiltForCC26xxHwRev22AndLater_HaltIfViolated)
                  0000425c    00000014     drivers_cc26xxware.aem3 : PINCC26XX.oem3 (.text:PINCC26XX_getOutputValue)
                  00004270    00000014     rf_singleMode_cc26xxware.aem3 : RFCC26XX_singleMode.oem3 (.text:RF_Params_init)
                  00004284    00000014     rfExamples_pem3.oem3 (.text:ti_sysbios_knl_Clock_doTick__I)
                  00004298    00000012     rfExamples_pem3.oem3 (.text:xdc_runtime_Startup_exec__I)
                  000042aa    00000002     rf_singleMode_cc26xxware.aem3 : RFCC26XX_singleMode.oem3 (.text:defaultErrCb)
                  000042ac    00000010                                   : RFCC26XX_singleMode.oem3 (.text:FsmDispatch)
                  000042bc    00000010     driverlib.lib : rfc.obj (.text:NOROM_RFCRfTrimSet)
                  000042cc    00000010                   : setup_rom.obj (.text:NOROM_SetupGetTrimForXoscHfFastStart)
                  000042dc    00000010                   : setup_rom.obj (.text:NOROM_SetupGetTrimForXoscHfIbiastherm)
                  000042ec    00000010     smartrf_settings.obj (.text:applyGenfskPatch)
                  000042fc    00000010     rom_sysbios.aem3 : rom_sysbios.obj (.text:ti_sysbios_family_arm_m3_Hwi_post__E)
                  0000430c    0000000e     driverlib.lib : vims.obj (.text:NOROM_VIMSModeGet)
                  0000431a    0000000e     rtsv7M3_T_le_eabi.lib : copy_decompress_none.c.obj (.text:decompress:none:__TI_decompress_none)
                  00004328    0000000e     rom_sysbios.aem3 : rom_sysbios.obj (.text:ti_sysbios_family_arm_cc26xx_TimestampProvider_get32__E)
                  00004336    00000002     drivers_cc26xxware.aem3 : PowerCC26XX.oem3 (.text:emptyClockFunc)
                  00004338    0000000c     rf_singleMode_cc26xxware.aem3 : RFCC26XX_singleMode.oem3 (.text:FsmNextState)
                  00004344    0000000c     driverlib.lib : cpu.obj (.text:NOROM_CPUcpsid)
                  00004350    0000000c                   : cpu.obj (.text:NOROM_CPUcpsie)
                  0000435c    0000000c     drivers_cc26xxware.aem3 : PowerCC26XX.oem3 (.text:Power_getConstraintMask)
                  00004368    0000000c                             : PowerCC26XX.oem3 (.text:Power_getDependencyCount)
                  00004374    0000000c     rtsv7M3_T_le_eabi.lib : _lock.c.obj (.text:_register_lock)
                  00004380    0000000c                           : _lock.c.obj (.text:_register_unlock)
                  0000438c    0000000c                           : copy_zero_init.c.obj (.text:decompress:ZI:__TI_zero_init)
                  00004398    0000000c     rom_sysbios.aem3 : rom_sysbios.obj (.text:ti_sysbios_knl_Swi_getTrigger__E)
                  000043a4    0000000c                      : rom_sysbios.obj (.text:xdc_runtime_Startup_rtsDone__E)
                  000043b0    0000000a     drivers_cc26xxware.aem3 : List.oem3 (.text:List_empty)
                  000043ba    00000008     smartrf_settings.obj (.text:rf_patch_cpe_genfsk)
                  000043c2    00000006     rf_singleMode_cc26xxware.aem3 : RFCC26XX_singleMode.oem3 (.text:clkInactivityFxn)
                  000043c8    00000006     rom_sysbios.aem3 : rom_sysbios.obj (.text:ti_sysbios_family_arm_m3_Hwi_setFunc__E)
                  000043ce    00000004     drivers_cc26xxware.aem3 : List.oem3 (.text:List_head)
                  000043d2    00000004                             : List.oem3 (.text:List_next)
                  000043d6    00000004     rf_singleMode_cc26xxware.aem3 : RFCC26XX_singleMode.oem3 (.text:Q_peek)
                  000043da    00000004     drivers_cc26xxware.aem3 : PowerCC26XX.oem3 (.text:nopResourceHandler)
                  000043de    00000004     rom_sysbios.aem3 : rom_sysbios.obj (.text:ti_sysbios_family_arm_cc26xx_Timer_getCount64__E)
                  000043e2    00000004     rfExamples_pem3.oem3 (.text:xdc_runtime_Startup_reset__I)
                  000043e6    00000002     smartrf_settings.obj (.text:enterGenfskSysPatch)
                  000043e8    00000002     rtsv7M3_T_le_eabi.lib : div0.asm.obj (.text)
                  000043ea    00000002     rom_sysbios.aem3 : rom_sysbios.obj (.text:ti_sysbios_BIOS_linkedWithIncorrectBootLibrary__E)
                  000043ec    00000002     rfExamples_pem3.oem3 (.text:ti_sysbios_BIOS_nullFunc__I)
                  000043ee    00000002     rom_sysbios.aem3 : rom_sysbios.obj (.text:ti_sysbios_knl_Clock_triggerFunc__I)
                  000043f0    00000002                      : rom_sysbios.obj (.text:xdc_runtime_SysCallback_defaultAbort)
                  000043f2    00000002                      : rom_sysbios.obj (.text:xdc_runtime_SysCallback_defaultExit)
                  000043f4    00000008     (.tramp.xdc_runtime_Startup_startMods__I.1)
                  000043fc    00000008     (.tramp.ti_sysbios_knl_Clock_logTick__E.1)
                  00004404    00000008     (.tramp.ti_sysbios_knl_Task_Params__init__S.1)
                  0000440c    00000008     (.tramp.ti_sysbios_knl_Swi_post__E.1)
                  00004414    00000008     (.tramp.ti_sysbios_BIOS_RtsGateProxy_leave__E.1)
                  0000441c    00000008     (.tramp.ti_sysbios_BIOS_RtsGateProxy_enter__E.1)
                  00004424    00000008     (.tramp.ti_sysbios_knl_Task_startup__E.1)
                  0000442c    00000008     (.tramp.ti_sysbios_knl_Swi_startup__E.1)
                  00004434    00000008     (.tramp.ti_sysbios_hal_Hwi_startup__E.1)
                  0000443c    00000008     (.tramp.ti_sysbios_family_arm_cc26xx_Timer_startup__E.1)
                  00004444    00000008     (.tramp.xdc_runtime_System_atexit__E.1)
                  0000444c    00000008     (.tramp.ti_sysbios_BIOS_setThreadType__E.1)
                  00004454    00000008     (.tramp.xdc_runtime_System_exit__E.1)
                  0000445c    00000008     (.tramp.ti_sysbios_knl_Task_construct.1)
                  00004464    00000008     (.tramp.ti_sysbios_BIOS_start__E.1)
                  0000446c    00000008     (.tramp.xdc_runtime_System_abort__E.1)
                  00004474    00000008     (.tramp.ti_sysbios_knl_Semaphore_post__E.1)
                  0000447c    00000008     (.tramp.ti_sysbios_knl_Semaphore_pend__E.1)
                  00004484    00000008     (.tramp.ti_sysbios_knl_Clock_scheduleNextTick__E.1)
                  0000448c    00000008     (.tramp.ti_sysbios_knl_Clock_walkQueueDynamic__E.1)
                  00004494    00000008     (.tramp.ti_sysbios_knl_Clock_TimerProxy_getCurrentTick__E.1)
                  0000449c    00000008     (.tramp.ti_sysbios_family_arm_m3_Hwi_enableInterrupt__E.1)
                  000044a4    00000008     (.tramp.ti_sysbios_knl_Clock_Params__init__S.1)
                  000044ac    00000008     (.tramp.ti_sysbios_knl_Clock_construct.1)
                  000044b4    00000008     (.tramp.xdc_runtime_System_abortSpin__E.1)
                  000044bc    00000008     (.tramp.ti_sysbios_knl_Swi_construct.1)
                  000044c4    00000008     (.tramp.ti_sysbios_knl_Swi_Params__init__S.1)
                  000044cc    00000008     (.tramp.ti_sysbios_family_arm_m3_Hwi_construct.1)
                  000044d4    00000008     (.tramp.ti_sysbios_family_arm_m3_Hwi_Params__init__S.1)
                  000044dc    00000008     (.tramp.ti_sysbios_knl_Semaphore_construct.1)
                  000044e4    00000008     (.tramp.ti_sysbios_knl_Semaphore_Params__init__S.1)
                  000044ec    00000008     (.tramp.ti_sysbios_knl_Task_restore__E.1)
                  000044f4    00000008     (.tramp.ti_sysbios_knl_Swi_restore__E.1)
                  000044fc    00000008     (.tramp.ti_sysbios_knl_Swi_disable__E.1)
                  00004504    00000008     (.tramp.ti_sysbios_knl_Task_disable__E.1)
                  0000450c    00000008     (.tramp.ti_sysbios_knl_Clock_start__E.1)
                  00004514    00000008     (.tramp.ti_sysbios_knl_Clock_setTimeout__E.1)
                  0000451c    00000008     (.tramp.ti_sysbios_family_arm_m3_Hwi_restoreFxn__E.1)
                  00004524    00000008     (.tramp.ti_sysbios_family_arm_m3_Hwi_disableFxn__E.1)

.const     0    0000452c    00001044     
                  0000452c    00000730     smartrf_settings.obj (.const:patchGenfskMce)
                  00004c5c    000006bc     smartrf_settings.obj (.const:patchGenfskRfe)
                  00005318    00000118     smartrf_settings.obj (.const:patchImageGenfsk)
                  00005430    0000004c     drivers_cc26xxware.aem3 : PowerCC26XX.oem3 (.const:resourceDB)
                  0000547c    00000048     rfExamples_pem3.oem3 (.const:.string)
                  000054c4    0000002c     CC2650_LAUNCHXL.obj (.const:BoardGpioInitTable)
                  000054f0    00000024     rfExamples_pem3.oem3 (.const:xdc_runtime_Startup_sfxnTab__A)
                  00005514    00000014     rf_singleMode_cc26xxware.aem3 : RFCC26XX_singleMode.oem3 (.const)
                  00005528    00000012     rfExamples_pem3.oem3 (.const:xdc_runtime_Startup_sfxnRts__A)
                  0000553a    00000001     rfExamples_pem3.oem3 (.const:xdc_runtime_Text_charTab__A)
                  0000553b    00000001     --HOLE-- [fill = 0]
                  0000553c    00000010     CC2650_LAUNCHXL.obj (.const:PowerCC26XX_config)
                  0000554c    0000000c     rfExamples_pem3.oem3 (.const:xdc_runtime_Startup_firstFxns__A)
                  00005558    00000008     CC2650_LAUNCHXL.obj (.const:PINCC26XX_hwAttrs)
                  00005560    00000004     CC2650_LAUNCHXL.obj (.const:RFCC26XX_hwAttrs)
                  00005564    00000004     rfExamples_pem3.oem3 (.const:ti_sysbios_knl_Clock_tickPeriod__C)
                  00005568    00000004     rfExamples_pem3.oem3 (.const:ti_sysbios_knl_Clock_triggerClock__C)
                  0000556c    00000004     rfExamples_pem3.oem3 (.const:ti_sysbios_knl_Idle_funcList__A)

.cinit     0    00005570    000002e8     
                  00005570    000001b1     (.cinit..data.load) [load image, compression = lzss]
                  00005721    00000028     (.cinit..data:ti_sysbios_family_arm_m3_Hwi_Module__state__V.load) [load image, compression = lzss]
                  00005749    00000021     (.cinit..data:ti_sysbios_knl_Task_Module__state__V.load) [load image, compression = lzss]
                  0000576a    0000001f     (.cinit..data:ti_sysbios_BIOS_Module__state__V.load) [load image, compression = lzss]
                  00005789    0000001d     (.cinit..data:ti_sysbios_knl_Clock_Module__state__V.load) [load image, compression = lzss]
                  000057a6    00000010     (.cinit..data:ti_sysbios_knl_Swi_Module__state__V.load) [load image, compression = lzss]
                  000057b6    00000002     --HOLE-- [fill = 0]
                  000057b8    0000000c     (__TI_handler_table)
                  000057c4    0000000b     (.cinit..data:ti_sysbios_family_arm_cc26xx_Timer_Module__state__V.load) [load image, compression = lzss]
                  000057cf    00000001     --HOLE-- [fill = 0]
                  000057d0    00000008     (.cinit..bss.load) [load image, compression = zero_init]
                  000057d8    00000008     (.cinit..data:xdc_runtime_Memory_Module__state__V.load) [load image, compression = lzss]
                  000057e0    00000007     (.cinit..data:ti_sysbios_family_arm_cc26xx_TimestampProvider_Module__state__V.load) [load image, compression = lzss]
                  000057e7    00000007     (.cinit..data:xdc_runtime_Startup_Module__state__V.load) [load image, compression = lzss]
                  000057ee    00000007     (.cinit..data:xdc_runtime_System_Module__state__V.load) [load image, compression = lzss]
                  000057f5    00000003     --HOLE-- [fill = 0]
                  000057f8    00000060     (__TI_cinit_table)

.init_array 
*          0    00000000    00000000     UNINITIALIZED

.ccfg      0    0001ffa8    00000058     
                  0001ffa8    00000058     ccfg.obj (.ccfg:retain)

.const:ti_sysbios_knl_Task_Object__PARAMS__C 
*          0    00000100    0000003c     
                  00000100    0000003c     rfExamples_pem3.oem3 (.const:ti_sysbios_knl_Task_Object__PARAMS__C)

.const:ti_sysbios_knl_Mailbox_Object__PARAMS__C 
*          0    0000013c    00000034     
                  0000013c    00000034     rfExamples_pem3.oem3 (.const:ti_sysbios_knl_Mailbox_Object__PARAMS__C)

.const:ti_sysbios_family_arm_m3_Hwi_Object__PARAMS__C 
*          0    00000170    00000030     
                  00000170    00000030     rfExamples_pem3.oem3 (.const:ti_sysbios_family_arm_m3_Hwi_Object__PARAMS__C)

.const:ti_sysbios_hal_Hwi_Object__PARAMS__C 
*          0    000001a0    0000002c     
                  000001a0    0000002c     rfExamples_pem3.oem3 (.const:ti_sysbios_hal_Hwi_Object__PARAMS__C)

.const:ti_sysbios_heaps_HeapMem_Module__FXNS__C 
*          0    000001cc    00000028     
                  000001cc    00000028     rfExamples_pem3.oem3 (.const:ti_sysbios_heaps_HeapMem_Module__FXNS__C)

.const:ti_sysbios_knl_Swi_Object__PARAMS__C 
*          0    000001f4    00000028     
                  000001f4    00000028     rfExamples_pem3.oem3 (.const:ti_sysbios_knl_Swi_Object__PARAMS__C)

.const:ti_sysbios_gates_GateHwi_Module__FXNS__C 
*          0    0000021c    00000024     
                  0000021c    00000024     rfExamples_pem3.oem3 (.const:ti_sysbios_gates_GateHwi_Module__FXNS__C)

.const:ti_sysbios_gates_GateMutex_Module__FXNS__C 
*          0    00000240    00000024     
                  00000240    00000024     rfExamples_pem3.oem3 (.const:ti_sysbios_gates_GateMutex_Module__FXNS__C)

.const:ti_sysbios_heaps_HeapMem_Object__PARAMS__C 
*          0    00000264    00000024     
                  00000264    00000024     rfExamples_pem3.oem3 (.const:ti_sysbios_heaps_HeapMem_Object__PARAMS__C)

.const:ti_sysbios_knl_Clock_Object__PARAMS__C 
*          0    00000288    00000024     
                  00000288    00000024     rfExamples_pem3.oem3 (.const:ti_sysbios_knl_Clock_Object__PARAMS__C)

.const:ti_sysbios_knl_Semaphore_Object__PARAMS__C 
*          0    000002ac    00000024     
                  000002ac    00000024     rfExamples_pem3.oem3 (.const:ti_sysbios_knl_Semaphore_Object__PARAMS__C)

.const:ti_sysbios_family_arm_m3_Hwi_Object__DESC__C 
*          0    000002d0    00000020     
                  000002d0    00000020     rfExamples_pem3.oem3 (.const:ti_sysbios_family_arm_m3_Hwi_Object__DESC__C)

.const:ti_sysbios_gates_GateHwi_Object__DESC__C 
*          0    000002f0    00000020     
                  000002f0    00000020     rfExamples_pem3.oem3 (.const:ti_sysbios_gates_GateHwi_Object__DESC__C)

.const:ti_sysbios_gates_GateMutex_Object__DESC__C 
*          0    00000310    00000020     
                  00000310    00000020     rfExamples_pem3.oem3 (.const:ti_sysbios_gates_GateMutex_Object__DESC__C)

.const:ti_sysbios_hal_Hwi_Object__DESC__C 
*          0    00000330    00000020     
                  00000330    00000020     rfExamples_pem3.oem3 (.const:ti_sysbios_hal_Hwi_Object__DESC__C)

.const:ti_sysbios_heaps_HeapMem_Object__DESC__C 
*          0    00000350    00000020     
                  00000350    00000020     rfExamples_pem3.oem3 (.const:ti_sysbios_heaps_HeapMem_Object__DESC__C)

.const:ti_sysbios_knl_Clock_Object__DESC__C 
*          0    00000370    00000020     
                  00000370    00000020     rfExamples_pem3.oem3 (.const:ti_sysbios_knl_Clock_Object__DESC__C)

.const:ti_sysbios_knl_Mailbox_Object__DESC__C 
*          0    00000390    00000020     
                  00000390    00000020     rfExamples_pem3.oem3 (.const:ti_sysbios_knl_Mailbox_Object__DESC__C)

.const:ti_sysbios_knl_Queue_Object__DESC__C 
*          0    000003b0    00000020     
                  000003b0    00000020     rfExamples_pem3.oem3 (.const:ti_sysbios_knl_Queue_Object__DESC__C)

.const:ti_sysbios_knl_Semaphore_Object__DESC__C 
*          0    000003d0    00000020     
                  000003d0    00000020     rfExamples_pem3.oem3 (.const:ti_sysbios_knl_Semaphore_Object__DESC__C)

.const:ti_sysbios_knl_Swi_Object__DESC__C 
*          0    000003f0    00000020     
                  000003f0    00000020     rfExamples_pem3.oem3 (.const:ti_sysbios_knl_Swi_Object__DESC__C)

.const:ti_sysbios_knl_Task_Object__DESC__C 
*          0    00000410    00000020     
                  00000410    00000020     rfExamples_pem3.oem3 (.const:ti_sysbios_knl_Task_Object__DESC__C)

.const:ti_sysbios_gates_GateHwi_Object__PARAMS__C 
*          0    00000430    00000018     
                  00000430    00000018     rfExamples_pem3.oem3 (.const:ti_sysbios_gates_GateHwi_Object__PARAMS__C)

.const:ti_sysbios_gates_GateMutex_Object__PARAMS__C 
*          0    00000448    00000018     
                  00000448    00000018     rfExamples_pem3.oem3 (.const:ti_sysbios_gates_GateMutex_Object__PARAMS__C)

.const:ti_sysbios_knl_Queue_Object__PARAMS__C 
*          0    00000460    00000018     
                  00000460    00000018     rfExamples_pem3.oem3 (.const:ti_sysbios_knl_Queue_Object__PARAMS__C)

.const:ti_sysbios_knl_Idle_funcList__C 
*          0    00000478    00000008     
                  00000478    00000008     rfExamples_pem3.oem3 (.const:ti_sysbios_knl_Idle_funcList__C)

.const:ti_sysbios_family_arm_cc26xx_Timer_startupNeeded__C 
*          0    00000484    00000004     
                  00000484    00000004     rfExamples_pem3.oem3 (.const:ti_sysbios_family_arm_cc26xx_Timer_startupNeeded__C)

.const:ti_sysbios_family_arm_m3_Hwi_E_alreadyDefined__C 
*          0    00000488    00000004     
                  00000488    00000004     rfExamples_pem3.oem3 (.const:ti_sysbios_family_arm_m3_Hwi_E_alreadyDefined__C)

.const:ti_sysbios_family_arm_m3_Hwi_E_hwiLimitExceeded__C 
*          0    0000048c    00000004     
                  0000048c    00000004     rfExamples_pem3.oem3 (.const:ti_sysbios_family_arm_m3_Hwi_E_hwiLimitExceeded__C)

.const:ti_sysbios_family_arm_m3_Hwi_NUM_INTERRUPTS__C 
*          0    00000490    00000004     
                  00000490    00000004     rfExamples_pem3.oem3 (.const:ti_sysbios_family_arm_m3_Hwi_NUM_INTERRUPTS__C)

.const:ti_sysbios_family_arm_m3_Hwi_Object__count__C 
*          0    00000494    00000004     
                  00000494    00000004     rfExamples_pem3.oem3 (.const:ti_sysbios_family_arm_m3_Hwi_Object__count__C)

.const:ti_sysbios_family_arm_m3_Hwi_Object__table__C 
*          0    00000498    00000004     
                  00000498    00000004     rfExamples_pem3.oem3 (.const:ti_sysbios_family_arm_m3_Hwi_Object__table__C)

.const:ti_sysbios_family_arm_m3_Hwi_ccr__C 
*          0    0000049c    00000004     
                  0000049c    00000004     rfExamples_pem3.oem3 (.const:ti_sysbios_family_arm_m3_Hwi_ccr__C)

.const:ti_sysbios_family_arm_m3_Hwi_excHandlerFunc__C 
*          0    000004a0    00000004     
                  000004a0    00000004     rfExamples_pem3.oem3 (.const:ti_sysbios_family_arm_m3_Hwi_excHandlerFunc__C)

.const:ti_sysbios_family_arm_m3_Hwi_nullIsrFunc__C 
*          0    000004a4    00000004     
                  000004a4    00000004     rfExamples_pem3.oem3 (.const:ti_sysbios_family_arm_m3_Hwi_nullIsrFunc__C)

.const:ti_sysbios_family_arm_m3_Hwi_numSparseInterrupts__C 
*          0    000004a8    00000004     
                  000004a8    00000004     rfExamples_pem3.oem3 (.const:ti_sysbios_family_arm_m3_Hwi_numSparseInterrupts__C)

.const:ti_sysbios_family_arm_m3_Hwi_priGroup__C 
*          0    000004ac    00000004     
                  000004ac    00000004     rfExamples_pem3.oem3 (.const:ti_sysbios_family_arm_m3_Hwi_priGroup__C)

.const:ti_sysbios_family_arm_m3_TaskSupport_stackAlignment__C 
*          0    000004b0    00000004     
                  000004b0    00000004     rfExamples_pem3.oem3 (.const:ti_sysbios_family_arm_m3_TaskSupport_stackAlignment__C)

.const:ti_sysbios_heaps_HeapMem_E_memory__C 
*          0    000004b4    00000004     
                  000004b4    00000004     rfExamples_pem3.oem3 (.const:ti_sysbios_heaps_HeapMem_E_memory__C)

.const:ti_sysbios_heaps_HeapMem_Module__gateObj__C 
*          0    000004b8    00000004     
                  000004b8    00000004     rfExamples_pem3.oem3 (.const:ti_sysbios_heaps_HeapMem_Module__gateObj__C)

.const:ti_sysbios_heaps_HeapMem_Object__count__C 
*          0    000004bc    00000004     
                  000004bc    00000004     rfExamples_pem3.oem3 (.const:ti_sysbios_heaps_HeapMem_Object__count__C)

.const:ti_sysbios_heaps_HeapMem_Object__table__C 
*          0    000004c0    00000004     
                  000004c0    00000004     rfExamples_pem3.oem3 (.const:ti_sysbios_heaps_HeapMem_Object__table__C)

.const:ti_sysbios_heaps_HeapMem_reqAlign__C 
*          0    000004c4    00000004     
                  000004c4    00000004     rfExamples_pem3.oem3 (.const:ti_sysbios_heaps_HeapMem_reqAlign__C)

.const:ti_sysbios_knl_Clock_serviceMargin__C 
*          0    000004c8    00000004     
                  000004c8    00000004     rfExamples_pem3.oem3 (.const:ti_sysbios_knl_Clock_serviceMargin__C)

.const:ti_sysbios_knl_Mailbox_Object__count__C 
*          0    000004cc    00000004     
                  000004cc    00000004     rfExamples_pem3.oem3 (.const:ti_sysbios_knl_Mailbox_Object__count__C)

.const:ti_sysbios_knl_Mailbox_Object__table__C 
*          0    000004d0    00000004     
                  000004d0    00000004     rfExamples_pem3.oem3 (.const:ti_sysbios_knl_Mailbox_Object__table__C)

.const:ti_sysbios_knl_Queue_Object__count__C 
*          0    000004d4    00000004     
                  000004d4    00000004     rfExamples_pem3.oem3 (.const:ti_sysbios_knl_Queue_Object__count__C)

.const:ti_sysbios_knl_Queue_Object__table__C 
*          0    000004d8    00000004     
                  000004d8    00000004     rfExamples_pem3.oem3 (.const:ti_sysbios_knl_Queue_Object__table__C)

.const:ti_sysbios_knl_Swi_Object__count__C 
*          0    000004dc    00000004     
                  000004dc    00000004     rfExamples_pem3.oem3 (.const:ti_sysbios_knl_Swi_Object__count__C)

.const:ti_sysbios_knl_Swi_Object__table__C 
*          0    000004e0    00000004     
                  000004e0    00000004     rfExamples_pem3.oem3 (.const:ti_sysbios_knl_Swi_Object__table__C)

.const:ti_sysbios_knl_Swi_numPriorities__C 
*          0    000004e4    00000004     
                  000004e4    00000004     rfExamples_pem3.oem3 (.const:ti_sysbios_knl_Swi_numPriorities__C)

.const:ti_sysbios_knl_Task_Object__count__C 
*          0    000004e8    00000004     
                  000004e8    00000004     rfExamples_pem3.oem3 (.const:ti_sysbios_knl_Task_Object__count__C)

.const:ti_sysbios_knl_Task_Object__table__C 
*          0    000004ec    00000004     
                  000004ec    00000004     rfExamples_pem3.oem3 (.const:ti_sysbios_knl_Task_Object__table__C)

.const:ti_sysbios_knl_Task_allBlockedFunc__C 
*          0    000004f0    00000004     
                  000004f0    00000004     rfExamples_pem3.oem3 (.const:ti_sysbios_knl_Task_allBlockedFunc__C)

.const:ti_sysbios_knl_Task_defaultStackHeap__C 
*          0    000004f4    00000004     
                  000004f4    00000004     rfExamples_pem3.oem3 (.const:ti_sysbios_knl_Task_defaultStackHeap__C)

.const:ti_sysbios_knl_Task_defaultStackSize__C 
*          0    000004f8    00000004     
                  000004f8    00000004     rfExamples_pem3.oem3 (.const:ti_sysbios_knl_Task_defaultStackSize__C)

.const:ti_sysbios_knl_Task_numConstructedTasks__C 
*          0    000004fc    00000004     
                  000004fc    00000004     rfExamples_pem3.oem3 (.const:ti_sysbios_knl_Task_numConstructedTasks__C)

.const:ti_sysbios_family_arm_cc26xx_Timer_Module__id__C 
*          0    00000502    00000002     
                  00000502    00000002     rfExamples_pem3.oem3 (.const:ti_sysbios_family_arm_cc26xx_Timer_Module__id__C)

.const:ti_sysbios_family_arm_cc26xx_TimestampProvider_useClockTimer__C 
*          0    00000504    00000002     
                  00000504    00000002     rfExamples_pem3.oem3 (.const:ti_sysbios_family_arm_cc26xx_TimestampProvider_useClockTimer__C)

.const:ti_sysbios_family_arm_m3_Hwi_Module__id__C 
*          0    00000506    00000002     
                  00000506    00000002     rfExamples_pem3.oem3 (.const:ti_sysbios_family_arm_m3_Hwi_Module__id__C)

.const:ti_sysbios_gates_GateHwi_Module__id__C 
*          0    00000508    00000002     
                  00000508    00000002     rfExamples_pem3.oem3 (.const:ti_sysbios_gates_GateHwi_Module__id__C)

.const:ti_sysbios_gates_GateMutex_Module__id__C 
*          0    0000050a    00000002     
                  0000050a    00000002     rfExamples_pem3.oem3 (.const:ti_sysbios_gates_GateMutex_Module__id__C)

.const:ti_sysbios_heaps_HeapMem_Module__id__C 
*          0    0000050c    00000002     
                  0000050c    00000002     rfExamples_pem3.oem3 (.const:ti_sysbios_heaps_HeapMem_Module__id__C)

.const:ti_sysbios_knl_Task_initStackFlag__C 
*          0    0000050e    00000002     
                  0000050e    00000002     rfExamples_pem3.oem3 (.const:ti_sysbios_knl_Task_initStackFlag__C)

.const:ti_sysbios_knl_Clock_tickMode__C 
*          0    00000510    00000001     
                  00000510    00000001     rfExamples_pem3.oem3 (.const:ti_sysbios_knl_Clock_tickMode__C)

.const:xdc_runtime_Startup_firstFxns__C 
*          0    00000514    00000008     
                  00000514    00000008     rfExamples_pem3.oem3 (.const:xdc_runtime_Startup_firstFxns__C)

.const:xdc_runtime_Startup_lastFxns__C 
*          0    0000051c    00000008     
                  0000051c    00000008     rfExamples_pem3.oem3 (.const:xdc_runtime_Startup_lastFxns__C)

.const:xdc_runtime_Assert_E_assertFailed__C 
*          0    00000524    00000004     
                  00000524    00000004     rfExamples_pem3.oem3 (.const:xdc_runtime_Assert_E_assertFailed__C)

.const:xdc_runtime_Error_E_memory__C 
*          0    00000528    00000004     
                  00000528    00000004     rfExamples_pem3.oem3 (.const:xdc_runtime_Error_E_memory__C)

.const:xdc_runtime_Error_policyFxn__C 
*          0    0000052c    00000004     
                  0000052c    00000004     rfExamples_pem3.oem3 (.const:xdc_runtime_Error_policyFxn__C)

.const:xdc_runtime_IGateProvider_Interface__BASE__C 
*          0    00000530    00000004     
                  00000530    00000004     rfExamples_pem3.oem3 (.const:xdc_runtime_IGateProvider_Interface__BASE__C)

.const:xdc_runtime_IHeap_Interface__BASE__C 
*          0    00000534    00000004     
                  00000534    00000004     rfExamples_pem3.oem3 (.const:xdc_runtime_IHeap_Interface__BASE__C)

.const:xdc_runtime_IModule_Interface__BASE__C 
*          0    00000538    00000004     
                  00000538    00000004     rfExamples_pem3.oem3 (.const:xdc_runtime_IModule_Interface__BASE__C)

.const:xdc_runtime_Main_Module__diagsEnabled__C 
*          0    0000053c    00000004     
                  0000053c    00000004     rfExamples_pem3.oem3 (.const:xdc_runtime_Main_Module__diagsEnabled__C)

.const:xdc_runtime_Main_Module__diagsIncluded__C 
*          0    00000540    00000004     
                  00000540    00000004     rfExamples_pem3.oem3 (.const:xdc_runtime_Main_Module__diagsIncluded__C)

.const:xdc_runtime_Main_Module__diagsMask__C 
*          0    00000544    00000004     
                  00000544    00000004     rfExamples_pem3.oem3 (.const:xdc_runtime_Main_Module__diagsMask__C)

.const:xdc_runtime_Memory_defaultHeapInstance__C 
*          0    00000548    00000004     
                  00000548    00000004     rfExamples_pem3.oem3 (.const:xdc_runtime_Memory_defaultHeapInstance__C)

.const:xdc_runtime_Startup_execImpl__C 
*          0    0000054c    00000004     
                  0000054c    00000004     rfExamples_pem3.oem3 (.const:xdc_runtime_Startup_execImpl__C)

.const:xdc_runtime_Startup_maxPasses__C 
*          0    00000550    00000004     
                  00000550    00000004     rfExamples_pem3.oem3 (.const:xdc_runtime_Startup_maxPasses__C)

.const:xdc_runtime_Startup_sfxnRts__C 
*          0    00000554    00000004     
                  00000554    00000004     rfExamples_pem3.oem3 (.const:xdc_runtime_Startup_sfxnRts__C)

.const:xdc_runtime_Startup_sfxnTab__C 
*          0    00000558    00000004     
                  00000558    00000004     rfExamples_pem3.oem3 (.const:xdc_runtime_Startup_sfxnTab__C)

.const:xdc_runtime_Startup_startModsFxn__C 
*          0    0000055c    00000004     
                  0000055c    00000004     rfExamples_pem3.oem3 (.const:xdc_runtime_Startup_startModsFxn__C)

.const:xdc_runtime_SysCallback_abortFxn__C 
*          0    00000560    00000004     
                  00000560    00000004     rfExamples_pem3.oem3 (.const:xdc_runtime_SysCallback_abortFxn__C)

.const:xdc_runtime_SysCallback_exitFxn__C 
*          0    00000564    00000004     
                  00000564    00000004     rfExamples_pem3.oem3 (.const:xdc_runtime_SysCallback_exitFxn__C)

.const:xdc_runtime_System_abortFxn__C 
*          0    00000568    00000004     
                  00000568    00000004     rfExamples_pem3.oem3 (.const:xdc_runtime_System_abortFxn__C)

.const:xdc_runtime_System_exitFxn__C 
*          0    0000056c    00000004     
                  0000056c    00000004     rfExamples_pem3.oem3 (.const:xdc_runtime_System_exitFxn__C)

.const:xdc_runtime_System_maxAtexitHandlers__C 
*          0    00000570    00000004     
                  00000570    00000004     rfExamples_pem3.oem3 (.const:xdc_runtime_System_maxAtexitHandlers__C)

.const:xdc_runtime_Text_charTab__C 
*          0    00000574    00000004     
                  00000574    00000004     rfExamples_pem3.oem3 (.const:xdc_runtime_Text_charTab__C)

.const:xdc_runtime_Text_nameEmpty__C 
*          0    00000578    00000004     
                  00000578    00000004     rfExamples_pem3.oem3 (.const:xdc_runtime_Text_nameEmpty__C)

.const:xdc_runtime_Text_nameStatic__C 
*          0    0000057c    00000004     
                  0000057c    00000004     rfExamples_pem3.oem3 (.const:xdc_runtime_Text_nameStatic__C)

.const:xdc_runtime_Text_nameUnknown__C 
*          0    00000580    00000004     
                  00000580    00000004     rfExamples_pem3.oem3 (.const:xdc_runtime_Text_nameUnknown__C)

.const:xdc_runtime_Main_Module__id__C 
*          0    00000584    00000002     
                  00000584    00000002     rfExamples_pem3.oem3 (.const:xdc_runtime_Main_Module__id__C)

.const:xdc_runtime_Memory_Module__id__C 
*          0    00000586    00000002     
                  00000586    00000002     rfExamples_pem3.oem3 (.const:xdc_runtime_Memory_Module__id__C)

.const:xdc_runtime_Text_charCnt__C 
*          0    00000588    00000002     
                  00000588    00000002     rfExamples_pem3.oem3 (.const:xdc_runtime_Text_charCnt__C)

.const:xdc_runtime_Text_isLoaded__C 
*          0    0000058a    00000002     
                  0000058a    00000002     rfExamples_pem3.oem3 (.const:xdc_runtime_Text_isLoaded__C)

.const:ti_sysbios_rom_ROM_AONRTCChannelEnable 
*          0    00000590    00000004     
                  00000590    00000004     rfExamples_pem3.oem3 (.const:ti_sysbios_rom_ROM_AONRTCChannelEnable)

.const:ti_sysbios_rom_ROM_AONRTCCompareValueSet 
*          0    00000594    00000004     
                  00000594    00000004     rfExamples_pem3.oem3 (.const:ti_sysbios_rom_ROM_AONRTCCompareValueSet)

.const:ti_sysbios_rom_ROM_AONRTCCurrentCompareValueGet 
*          0    00000598    00000004     
                  00000598    00000004     rfExamples_pem3.oem3 (.const:ti_sysbios_rom_ROM_AONRTCCurrentCompareValueGet)

.const:ti_sysbios_rom_ROM_AONRTCEventClear 
*          0    0000059c    00000004     
                  0000059c    00000004     rfExamples_pem3.oem3 (.const:ti_sysbios_rom_ROM_AONRTCEventClear)

.const:ti_sysbios_rom_ROM_ti_sysbios_family_arm_cc26xx_Timer_getCount64__E 
*          0    000005a0    00000004     
                  000005a0    00000004     rfExamples_pem3.oem3 (.const:ti_sysbios_rom_ROM_ti_sysbios_family_arm_cc26xx_Timer_getCount64__E)

.const:ti_sysbios_rom_ROM_ti_sysbios_family_arm_cc26xx_Timer_getCurrentTick__E 
*          0    000005a4    00000004     
                  000005a4    00000004     rfExamples_pem3.oem3 (.const:ti_sysbios_rom_ROM_ti_sysbios_family_arm_cc26xx_Timer_getCurrentTick__E)

.const:ti_sysbios_rom_ROM_ti_sysbios_family_arm_cc26xx_Timer_getMaxTicks__E 
*          0    000005a8    00000004     
                  000005a8    00000004     rfExamples_pem3.oem3 (.const:ti_sysbios_rom_ROM_ti_sysbios_family_arm_cc26xx_Timer_getMaxTicks__E)

.const:ti_sysbios_rom_ROM_ti_sysbios_family_arm_cc26xx_Timer_setNextTick__E 
*          0    000005b0    00000004     
                  000005b0    00000004     rfExamples_pem3.oem3 (.const:ti_sysbios_rom_ROM_ti_sysbios_family_arm_cc26xx_Timer_setNextTick__E)

.const:ti_sysbios_rom_ROM_ti_sysbios_family_arm_cc26xx_Timer_setThreshold__I 
*          0    000005b4    00000004     
                  000005b4    00000004     rfExamples_pem3.oem3 (.const:ti_sysbios_rom_ROM_ti_sysbios_family_arm_cc26xx_Timer_setThreshold__I)

.const:ti_sysbios_rom_ROM_ti_sysbios_family_arm_cc26xx_Timer_start__E 
*          0    000005b8    00000004     
                  000005b8    00000004     rfExamples_pem3.oem3 (.const:ti_sysbios_rom_ROM_ti_sysbios_family_arm_cc26xx_Timer_start__E)

.const:ti_sysbios_rom_ROM_ti_sysbios_family_arm_cc26xx_TimestampProvider_get32__E 
*          0    000005bc    00000004     
                  000005bc    00000004     rfExamples_pem3.oem3 (.const:ti_sysbios_rom_ROM_ti_sysbios_family_arm_cc26xx_TimestampProvider_get32__E)

.const:ti_sysbios_rom_ROM_xdc_runtime_Startup_getState__I 
*          0    000005c0    00000004     
                  000005c0    00000004     rfExamples_pem3.oem3 (.const:ti_sysbios_rom_ROM_xdc_runtime_Startup_getState__I)

.const:ti_sysbios_rom_ROM_xdc_runtime_System_SupportProxy_abort__E 
*          0    000005c4    00000004     
                  000005c4    00000004     rfExamples_pem3.oem3 (.const:ti_sysbios_rom_ROM_xdc_runtime_System_SupportProxy_abort__E)

.const:ti_sysbios_rom_ROM_xdc_runtime_System_SupportProxy_exit__E 
*          0    000005c8    00000004     
                  000005c8    00000004     rfExamples_pem3.oem3 (.const:ti_sysbios_rom_ROM_xdc_runtime_System_SupportProxy_exit__E)

.const:ti_sysbios_knl_Clock_Module_State_clockQ__O 
*          0    000005d0    00000004     
                  000005d0    00000004     rfExamples_pem3.oem3 (.const:ti_sysbios_knl_Clock_Module_State_clockQ__O)

.const:ti_sysbios_knl_Mailbox_Instance_State_dataSem__O 
*          0    000005d8    00000004     
                  000005d8    00000004     rfExamples_pem3.oem3 (.const:ti_sysbios_knl_Mailbox_Instance_State_dataSem__O)

.const:ti_sysbios_knl_Mailbox_Instance_State_freeQue__O 
*          0    000005dc    00000004     
                  000005dc    00000004     rfExamples_pem3.oem3 (.const:ti_sysbios_knl_Mailbox_Instance_State_freeQue__O)

.const:ti_sysbios_knl_Mailbox_Instance_State_freeSem__O 
*          0    000005e0    00000004     
                  000005e0    00000004     rfExamples_pem3.oem3 (.const:ti_sysbios_knl_Mailbox_Instance_State_freeSem__O)

.const:ti_sysbios_knl_Semaphore_Instance_State_pendQ__O 
*          0    000005e4    00000004     
                  000005e4    00000004     rfExamples_pem3.oem3 (.const:ti_sysbios_knl_Semaphore_Instance_State_pendQ__O)

.data:ti_sysbios_knl_Task_Module__state__V 
*          0    20000100    00000044     UNINITIALIZED
                  20000100    00000044     rfExamples_pem3.oem3 (.data:ti_sysbios_knl_Task_Module__state__V)

.data:ti_sysbios_family_arm_m3_Hwi_Module__state__V 
*          0    20000144    00000034     UNINITIALIZED
                  20000144    00000034     rfExamples_pem3.oem3 (.data:ti_sysbios_family_arm_m3_Hwi_Module__state__V)

.data:ti_sysbios_BIOS_Module__state__V 
*          0    200001a4    00000024     UNINITIALIZED
                  200001a4    00000024     rfExamples_pem3.oem3 (.data:ti_sysbios_BIOS_Module__state__V)

.data:ti_sysbios_knl_Swi_Module__state__V 
*          0    200001c8    0000001c     UNINITIALIZED
                  200001c8    0000001c     rfExamples_pem3.oem3 (.data:ti_sysbios_knl_Swi_Module__state__V)

.data:ti_sysbios_family_arm_cc26xx_Timer_Module__state__V 
*          0    200001e4    00000008     UNINITIALIZED
                  200001e4    00000008     rfExamples_pem3.oem3 (.data:ti_sysbios_family_arm_cc26xx_Timer_Module__state__V)

.data:xdc_runtime_System_Module__state__V 
*          0    200001f8    00000008     UNINITIALIZED
                  200001f8    00000008     rfExamples_pem3.oem3 (.data:xdc_runtime_System_Module__state__V)

.bss       0    20000208    00000fa3     UNINITIALIZED
                  20000208    00000400     rfPacketTx.obj (.bss:txTaskStack)
                  20000608    00000400     (.common:ti_sysbios_heaps_HeapMem_Instance_State_0_buf__A)
                  20000a08    00000200     rfExamples_pem3.oem3 (.bss:taskStackSection)
                  20000c08    00000100     rf_singleMode_cc26xxware.aem3 : RFCC26XX_singleMode.oem3 (.bss:aCmdPool)
                  20000d08    000000c8     (.common:ti_sysbios_family_arm_m3_Hwi_dispatchTable)
                  20000dd0    000000c0     rfPacketTx.obj (.bss:rfObject)
                  20000e90    0000007c     drivers_cc26xxware.aem3 : PINCC26XX.oem3 (.bss:PIN_HandleTable)
                  20000f0c    00000050     (.common:txTask)
                  20000f5c    0000003c     rfPacketTx.obj (.bss:txTaskParams)
                  20000f98    00000034     drivers_cc26xxware.aem3 : PINCC26XX.oem3 (.bss:PinSwi)
                  20000fcc    00000034     rf_singleMode_cc26xxware.aem3 : RFCC26XX_singleMode.oem3 (.bss:swiFsm)
                  20001000    00000034                                   : RFCC26XX_singleMode.oem3 (.bss:swiHw)
                  20001034    00000024                                   : RFCC26XX_singleMode.oem3 (.bss:clkPowerUp)
                  20001058    00000020     rfPacketTx.obj (.bss:packet)
                  20001078    00000020     (.common:PinGpioConfigTable)
                  20001098    0000001c     (.common:PinHwi)
                  200010b4    0000001c     (.common:PinSem)
                  200010d0    0000001c     (.common:hwiCpe0)
                  200010ec    0000001c     (.common:hwiHw)
                  20001108    00000018     (.common:cmdDirImm)
                  20001120    00000014     driverlib.lib : osc.obj (.bss:oscHfGlobals)
                  20001134    00000014     (.common:cmdQ)
                  20001148    00000014     (.common:opRatSync)
                  2000115c    00000010     rfPacketTx.obj (.bss)
                  2000116c    0000000c     rfPacketTx.obj (.bss:ledPinState)
                  20001178    00000008     driverlib.lib : sys_ctrl.obj (.bss:powerQualGlobals)
                  20001180    00000004     (.common:PIN_NumPins)
                  20001184    00000004     (.common:activeTimeInUs)
                  20001188    00000004     (.common:dispatchInUs)
                  2000118c    00000004     (.common:nRtc1)
                  20001190    00000004     (.common:nRtc3)
                  20001194    00000004     (.common:pCurrClient)
                  20001198    00000004     (.common:pFsmState)
                  2000119c    00000004     (.common:pPinGpio)
                  200011a0    00000001     (.common:bInitAvailRatCh)
                  200011a1    00000001     (.common:bPowerDownActive)
                  200011a2    00000001     (.common:bPowerUpActive)
                  200011a3    00000001     (.common:bRadioActive)
                  200011a4    00000001     (.common:bRestart)
                  200011a5    00000001     (.common:bStart)
                  200011a6    00000001     (.common:bYieldPwrDnCalled)
                  200011a7    00000001     (.common:bYieldPwrDnCancel)
                  200011a8    00000001     (.common:driverlib_release_0_47020)
                  200011a9    00000001     (.common:nActiveClients)
                  200011aa    00000001     (.common:nClients)

.data      0    200011b0    0000040c     UNINITIALIZED
                  200011b0    00000110     drivers_cc26xxware.aem3 : PowerCC26XX.oem3 (.data:PowerCC26XX_module)
                  200012c0    00000068     smartrf_settings.obj (.data:pOverrides)
                  20001328    0000004c     rfExamples_pem3.oem3 (.data:ti_sysbios_knl_Task_Object__table__V)
                  20001374    00000004     rtsv7M3_T_le_eabi.lib : rand.c.obj (.data)
                  20001378    00000048     rfExamples_pem3.oem3 (.data:ti_sysbios_family_arm_cc26xx_Timer_Object__table__V)
                  200013c0    00000038     rfExamples_pem3.oem3 (.data:ti_sysbios_gates_GateMutex_Object__table__V)
                  200013f8    00000030     rfExamples_pem3.oem3 (.data:ti_sysbios_knl_Swi_Module_State_0_readyQ__A)
                  20001428    00000030     rfExamples_pem3.oem3 (.data:ti_sysbios_knl_Swi_Object__table__V)
                  20001458    00000020     smartrf_settings.obj (.data:RF_cmdPropRadioDivSetup)
                  20001478    00000020     rfExamples_pem3.oem3 (.data:ti_sysbios_knl_Clock_Object__table__V)
                  20001498    00000020     rfExamples_pem3.oem3 (.data:ti_sysbios_knl_Task_Module_State_0_readyQ__A)
                  200014b8    00000018     smartrf_settings.obj (.data:RF_cmdFs)
                  200014d0    00000018     smartrf_settings.obj (.data:RF_cmdPropTx)
                  200014e8    00000018     smartrf_settings.obj (.data:shape)
                  20001500    00000018     rfExamples_pem3.oem3 (.data:ti_sysbios_family_arm_m3_Hwi_Object__table__V)
                  20001518    00000018     rfExamples_pem3.oem3 (.data:ti_sysbios_heaps_HeapMem_Object__table__V)
                  20001530    00000010     smartrf_settings.obj (.data:RF_prop)
                  20001540    00000008     rtsv7M3_T_le_eabi.lib : _lock.c.obj (.data:$O1$$)
                  20001548    00000008     rfPacketTx.obj (.data:pinTable)
                  20001550    00000008     rfExamples_pem3.oem3 (.data:ti_sysbios_family_arm_m3_Hwi_Module__root__V)
                  20001558    00000008     rfExamples_pem3.oem3 (.data:ti_sysbios_gates_GateHwi_Module__root__V)
                  20001560    00000008     rfExamples_pem3.oem3 (.data:ti_sysbios_gates_GateMutex_Module__root__V)
                  20001568    00000008     rfExamples_pem3.oem3 (.data:ti_sysbios_hal_Hwi_Module__root__V)
                  20001570    00000008     rfExamples_pem3.oem3 (.data:ti_sysbios_heaps_HeapMem_Module__root__V)
                  20001578    00000008     rfExamples_pem3.oem3 (.data:ti_sysbios_knl_Clock_Module__root__V)
                  20001580    00000008     rfExamples_pem3.oem3 (.data:ti_sysbios_knl_Mailbox_Module__root__V)
                  20001588    00000008     rfExamples_pem3.oem3 (.data:ti_sysbios_knl_Queue_Module__root__V)
                  20001590    00000008     rfExamples_pem3.oem3 (.data:ti_sysbios_knl_Semaphore_Module__root__V)
                  20001598    00000008     rfExamples_pem3.oem3 (.data:ti_sysbios_knl_Swi_Module__root__V)
                  200015a0    00000008     rfExamples_pem3.oem3 (.data:ti_sysbios_knl_Task_Module__root__V)
                  200015a8    00000004     rtsv7M3_T_le_eabi.lib : stkdepth_vars.c.obj (.data)
                  200015ac    00000004     rfExamples_pem3.oem3 (.data:ti_sysbios_family_arm_m3_Hwi_Module_State_0_excContext__A)
                  200015b0    00000004     rfExamples_pem3.oem3 (.data:ti_sysbios_family_arm_m3_Hwi_Module_State_0_excStack__A)
                  200015b4    00000004     rfExamples_pem3.oem3 (.data:ti_sysbios_knl_Task_Module_State_0_idleTask__A)
                  200015b8    00000002     rf_singleMode_cc26xxware.aem3 : RFCC26XX_singleMode.oem3 (.data)
                  200015ba    00000002     rfExamples_pem3.oem3 (.data:ti_sysbios_family_arm_m3_Hwi_Module_State_0_excActive__A)

.stack     0    20004d00    00000300     UNINITIALIZED
                  20004d00    00000300     --HOLE--

.const:xdc_runtime_Error_policy__C 
*          0    0000058c    00000001     
                  0000058c    00000001     rfExamples_pem3.oem3 (.const:xdc_runtime_Error_policy__C)

.const:ti_sysbios_rom_ROM_ti_sysbios_family_arm_cc26xx_Timer_initDevice__I 
*          0    000005ac    00000004     
                  000005ac    00000004     rfExamples_pem3.oem3 (.const:ti_sysbios_rom_ROM_ti_sysbios_family_arm_cc26xx_Timer_initDevice__I)

.const:ti_sysbios_gates_GateMutex_Instance_State_sem__O 
*          0    000005cc    00000004     
                  000005cc    00000004     rfExamples_pem3.oem3 (.const:ti_sysbios_gates_GateMutex_Instance_State_sem__O)

.const:ti_sysbios_knl_Mailbox_Instance_State_dataQue__O 
*          0    000005d4    00000004     
                  000005d4    00000004     rfExamples_pem3.oem3 (.const:ti_sysbios_knl_Mailbox_Instance_State_dataQue__O)

.const:ti_sysbios_knl_Task_Module_State_inactiveQ__O 
*          0    000005e8    00000004     
                  000005e8    00000004     rfExamples_pem3.oem3 (.const:ti_sysbios_knl_Task_Module_State_inactiveQ__O)

.data:ti_sysbios_knl_Clock_Module__state__V 
*          0    20000178    0000002c     UNINITIALIZED
                  20000178    0000002c     rfExamples_pem3.oem3 (.data:ti_sysbios_knl_Clock_Module__state__V)

.data:ti_sysbios_family_arm_cc26xx_TimestampProvider_Module__state__V 
*          0    200001ec    00000004     UNINITIALIZED
                  200001ec    00000004     rfExamples_pem3.oem3 (.data:ti_sysbios_family_arm_cc26xx_TimestampProvider_Module__state__V)

.data:xdc_runtime_Startup_Module__state__V 
*          0    200001f0    00000008     UNINITIALIZED
                  200001f0    00000008     rfExamples_pem3.oem3 (.data:xdc_runtime_Startup_Module__state__V)

.data:xdc_runtime_Memory_Module__state__V 
*          0    20000200    00000004     UNINITIALIZED
                  20000200    00000004     rfExamples_pem3.oem3 (.data:xdc_runtime_Memory_Module__state__V)

.bootVecs 
*          0    00000000    00000008     DSECT
                  00000000    00000008     boot.aem3 : boot.oem3 (.bootVecs)

.resetVecs 
*          0    00000000    0000003c     
                  00000000    0000003c     rfExamples_pem3.oem3 (.resetVecs)

.vecs      0    20000000    000000c8     NOLOAD SECTION
                  20000000    000000c8     rfExamples_pem3.oem3 (.vecs)

xdc.meta   0    00000000    00000101     COPY SECTION
                  00000000    00000101     rfExamples_pem3.oem3 (xdc.meta)

xdc.noload 
*          0    00000000    00000000     COPY SECTION

.binit     0    00000000    00000000     

MODULE SUMMARY

       Module                            code    ro data   rw data
       ------                            ----    -------   -------
    .\
       rfPacketTx.obj                    578     0         1424   
       ccfg.obj                          0       88        0      
       CC2650_LAUNCHXL.obj               0       72        0      
    +--+---------------------------------+-------+---------+---------+
       Total:                            578     160       1424   
                                                                  
    .\smartrf_settings\
       smartrf_settings.obj              726     3844      224    
    +--+---------------------------------+-------+---------+---------+
       Total:                            726     3844      224    
                                                                  
    C:\Users\Yantra\workspace_ccstheia\rfPacketTx_CC2650_LAUNCHXL_TI\Debug\configPkg\package\cfg\
       rfExamples_pem3.oem3              382     1459      2710   
    +--+---------------------------------+-------+---------+---------+
       Total:                            382     1459      2710   
                                                                  
    C:/ti/tirtos_cc13xx_cc26xx_2_21_00_06/products/cc26xxware_2_24_03_17272/driverlib/bin/ccs/driverlib.lib
       setup_rom.obj                     1300    0         0      
       sys_ctrl.obj                      712     0         8      
       setup.obj                         356     0         0      
       osc.obj                           332     0         20     
       chipinfo.obj                      228     0         0      
       ddi.obj                           180     0         0      
       rfc.obj                           168     0         0      
       aon_rtc.obj                       44      0         0      
       adi.obj                           40      0         0      
[...]
1001c075  ti_sysbios_gates_GateMutex_Instance_finalize__E                           
1001c085  ti_sysbios_hal_Hwi_HwiProxy_Object__create__S                             
1001c095  ti_sysbios_knl_Clock_TimerProxy_getCurrentTick__E                         
1001c0a5  ti_sysbios_knl_Clock_TimerProxy_getMaxTicks__E                            
1001c0b5  ti_sysbios_knl_Clock_TimerProxy_setNextTick__E                            
1001c0c5  ti_sysbios_knl_Semaphore_Instance_finalize__E                             
1001c0d5  ti_sysbios_knl_Swi_disable__E                                             
1001c0e5  ti_sysbios_knl_Swi_enabled__E                                             
1001c0f5  ti_sysbios_knl_Task_disable__E                                            
1001c105  ti_sysbios_heaps_HeapMem_restore__E                                       
1001c113  ti_sysbios_knl_Queue_empty__E                                             
1001c121  ti_sysbios_knl_Queue_remove__E                                            
1001c12f  ti_sysbios_family_arm_cc26xx_TimestampProvider_getFreq__E                 
1001c12f  xdc_runtime_Timestamp_SupportProxy_getFreq__E                             
1001c12f  xdc_runtime_Timestamp_SupportProxy_getFreq__E__mangled__                  
1001c12f  xdc_runtime_Timestamp_getFreq__E                                          
1001c12f  xdc_runtime_Timestamp_getFreq__E                                          
1001c13d  ti_sysbios_family_arm_m3_Hwi_Params__init__S                              
1001c13d  ti_sysbios_hal_Hwi_HwiProxy_Params__init__S                               
1001c13d  ti_sysbios_hal_Hwi_HwiProxy_Params__init__S__mangled__                    
1001c149  ti_sysbios_family_arm_m3_Hwi_disableFxn__E                                
1001c155  ti_sysbios_family_arm_m3_Hwi_enableFxn__E                                 
1001c161  ti_sysbios_family_arm_m3_TaskSupport_getStackAlignment__E                 
1001c161  ti_sysbios_knl_Task_SupportProxy_getStackAlignment__E__mangled__          
1001c16d  ti_sysbios_gates_GateHwi_enter__E                                         
1001c179  ti_sysbios_BIOS_RtsGateProxy_Params__init__S                              
1001c179  ti_sysbios_BIOS_RtsGateProxy_Params__init__S__mangled__                   
1001c179  ti_sysbios_gates_GateMutex_Params__init__S                                
1001c179  ti_sysbios_heaps_HeapMem_Module_GateProxy_Params__init__S                 
1001c179  ti_sysbios_heaps_HeapMem_Module_GateProxy_Params__init__S__mangled__      
1001c185  ti_sysbios_knl_Clock_Params__init__S                                      
1001c191  ti_sysbios_knl_Clock_getTimerHandle__E                                    
1001c19d  ti_sysbios_knl_Mailbox_Params__init__S                                    
1001c1a9  ti_sysbios_knl_Queue_dequeue__E                                           
1001c1b5  ti_sysbios_knl_Queue_enqueue__E                                           
1001c1c1  ti_sysbios_knl_Semaphore_Params__init__S                                  
1001c1cd  ti_sysbios_knl_Swi_Params__init__S                                        
1001c1d9  ti_sysbios_knl_Task_Params__init__S                                       
1001c1e5  ti_sysbios_knl_Task_self__E                                               
1001c1f1  ti_sysbios_hal_Hwi_Instance_finalize__E                                   
1001c1fb  ti_sysbios_family_arm_m3_Hwi_doSwiRestore__I                              
1001c203  ti_sysbios_family_arm_m3_Hwi_startup__E                                   
1001c203  ti_sysbios_hal_Hwi_HwiProxy_startup__E__mangled__                         
1001c20b  ti_sysbios_knl_Idle_loop__E                                               
1001c213  ti_sysbios_family_arm_m3_Hwi_doTaskRestore__I                             
1001c219  HwiP_restore                                                              
1001c219  ti_sysbios_family_arm_m3_Hwi_restoreFxn__E                                
1001c21f  ti_sysbios_gates_GateHwi_leave__E                                         
1001c22b  ti_sysbios_knl_Queue_Instance_init__E                                     
1001c231  ti_sysbios_knl_Queue_elemClear__E                                         
1001c237  ti_sysbios_knl_Swi_Module_startup__E                                      
1001c23d  ti_sysbios_knl_Swi_startup__E                                             
1001c243  ti_sysbios_knl_Task_enable__E                                             
1001c249  ti_sysbios_BIOS_RtsGateProxy_enter__E                                     
1001c24d  ti_sysbios_BIOS_RtsGateProxy_leave__E                                     
1001c251  ti_sysbios_family_arm_cc26xx_Timer_getExpiredTicks__E                     
1001c255  ti_sysbios_family_arm_cc26xx_Timer_getPeriod__E                           
1001c259  ti_sysbios_family_arm_cc26xx_Timer_setPeriod__E                           
1001c25d  ti_sysbios_family_arm_m3_Hwi_delete                                       
1001c261  ti_sysbios_family_arm_m3_Hwi_destruct                                     
1001c265  ti_sysbios_family_arm_m3_TaskSupport_Module__startupDone__S               
1001c265  ti_sysbios_knl_Task_SupportProxy_Module__startupDone__S__mangled__        
1001c269  ti_sysbios_gates_GateHwi_query__E                                         
1001c269  xdc_runtime_Main_Module_GateProxy_query__E                                
1001c269  xdc_runtime_System_Module_GateProxy_query__E                              
1001c269  xdc_runtime_System_Module_GateProxy_query__E__mangled__                   
1001c26d  ti_sysbios_gates_GateMutex_delete                                         
1001c271  ti_sysbios_gates_GateMutex_destruct                                       
1001c275  ti_sysbios_BIOS_RtsGateProxy_query__E                                     
1001c275  ti_sysbios_BIOS_RtsGateProxy_query__E__mangled__                          
1001c275  ti_sysbios_gates_GateMutex_query__E                                       
1001c275  ti_sysbios_heaps_HeapMem_Module_GateProxy_query__E                        
1001c275  ti_sysbios_heaps_HeapMem_Module_GateProxy_query__E__mangled__             
1001c279  ti_sysbios_hal_Hwi_HwiProxy_Module__startupDone__S                        
1001c27d  ti_sysbios_hal_Hwi_HwiProxy_delete                                        
1001c281  ti_sysbios_hal_Hwi_HwiProxy_disableInterrupt__E                           
1001c281  ti_sysbios_hal_Hwi_disableInterrupt__E                                    
1001c281  ti_sysbios_hal_Hwi_disableInterrupt__E                                    
1001c285  ti_sysbios_hal_Hwi_HwiProxy_enableInterrupt__E                            
1001c285  ti_sysbios_hal_Hwi_enableInterrupt__E                                     
1001c285  ti_sysbios_hal_Hwi_enableInterrupt__E                                     
1001c289  ti_sysbios_hal_Hwi_HwiProxy_getStackInfo__E                               
1001c289  ti_sysbios_hal_Hwi_getStackInfo__E                                        
1001c289  ti_sysbios_hal_Hwi_getStackInfo__E                                        
1001c28d  ti_sysbios_hal_Hwi_HwiProxy_startup__E                                    
1001c28d  ti_sysbios_hal_Hwi_startup__E                                             
1001c28d  ti_sysbios_hal_Hwi_startup__E                                             
1001c291  ti_sysbios_hal_Hwi_HwiProxy_switchFromBootStack__E                        
1001c295  ti_sysbios_hal_Hwi_delete                                                 
1001c299  ti_sysbios_hal_Hwi_switchFromBootStack__E                                 
1001c299  ti_sysbios_hal_Hwi_switchFromBootStack__E                                 
1001c29d  ti_sysbios_heaps_HeapMem_Module_GateProxy_enter__E                        
1001c2a1  ti_sysbios_heaps_HeapMem_Module_GateProxy_leave__E                        
1001c2a5  ti_sysbios_heaps_HeapMem_isBlocking__E                                    
1001c2a9  ti_sysbios_knl_Clock_TimerProxy_Module__startupDone__S                    
1001c2ad  ti_sysbios_knl_Clock_TimerProxy_getExpiredTicks__E                        
1001c2b1  ti_sysbios_knl_Clock_TimerProxy_getPeriod__E                              
1001c2b5  ti_sysbios_knl_Clock_delete                                               
1001c2b9  ti_sysbios_knl_Clock_destruct                                             
1001c2bd  ti_sysbios_knl_Clock_removeI__E                                           
1001c2c1  ti_sysbios_knl_Clock_setTimeout__E                                        
1001c2c5  ti_sysbios_knl_Mailbox_delete                                             
1001c2c9  ti_sysbios_knl_Mailbox_destruct                                           
1001c2cd  ti_sysbios_knl_Queue_delete                                               
1001c2d1  ti_sysbios_knl_Queue_destruct                                             
1001c2d5  ti_sysbios_knl_Queue_head__E                                              
1001c2d9  ti_sysbios_knl_Queue_next__E                                              
1001c2dd  ti_sysbios_knl_Semaphore_delete                                           
1001c2e1  ti_sysbios_knl_Semaphore_destruct                                         
1001c2e5  ti_sysbios_knl_Swi_delete                                                 
1001c2e9  ti_sysbios_knl_Swi_destruct                                               
1001c2ed  ti_sysbios_knl_Swi_postInit__I                                            
1001c2f1  ti_sysbios_knl_Task_SupportProxy_Module__startupDone__S                   
1001c2f5  ti_sysbios_knl_Task_SupportProxy_getStackAlignment__E                     
1001c2f9  ti_sysbios_knl_Task_SupportProxy_start__E                                 
1001c2fd  ti_sysbios_knl_Task_SupportProxy_swap__E                                  
1001c301  ti_sysbios_knl_Task_delete                                                
1001c305  ti_sysbios_knl_Task_destruct                                              
1001c309  ti_sysbios_knl_Task_startup__E                                            
1001c30d  xdc_runtime_Startup_startMods__I                                          
1001c405  xdc_runtime_Core_createObject__I                                          
1001c487  xdc_runtime_Error_policySpin__E                                           
1001c489  xdc_runtime_Memory_alloc__E                                               
1001c4f9  xdc_runtime_Core_deleteObject__I                                          
1001c559  xdc_runtime_Startup_exec__E                                               
1001c5a9  xdc_runtime_Assert_raise__I                                               
1001c5f1  xdc_runtime_Core_assignParams__I                                          
1001c639  xdc_runtime_Core_constructObject__I                                       
1001c681  xdc_runtime_System_atexit__E                                              
1001c6b9  xdc_runtime_System_processAtExit__E                                       
1001c6ed  xdc_runtime_Core_assignLabel__I                                           
1001c71d  xdc_runtime_Text_cordText__E                                              
1001c749  xdc_runtime_System_abort__E                                               
1001c769  xdc_runtime_Error_raiseX__E                                               
1001c785  xdc_runtime_Memory_valloc__E                                              
1001c7a1  xdc_runtime_Core_destructObject__I                                        
1001c7b9  xdc_runtime_Error_check__E                                                
1001c7d1  xdc_runtime_System_exit__E                                                
1001c7e9  xdc_runtime_Text_ropeText__E                                              
1001c801  xdc_runtime_Memory_free__E                                                
1001c811  xdc_runtime_SysCallback_abort__E                                          
1001c811  xdc_runtime_System_SupportProxy_abort__E                                  
1001c821  xdc_runtime_SysCallback_exit__E                                           
1001c821  xdc_runtime_System_SupportProxy_exit__E                                   
1001c831  xdc_runtime_Timestamp_SupportProxy_get32__E                               
1001c831  xdc_runtime_Timestamp_get32__E                                            
1001c831  xdc_runtime_Timestamp_get32__E                                            
1001c841  xdc_runtime_Error_init__E                                                 
1001c84d  xdc_runtime_Memory_calloc__E                                              
1001c859  xdc_runtime_Memory_getMaxDefaultTypeAlign__E                              
1001c879  xdc_runtime_Gate_leaveSystem__E                                           
1001c87f  xdc_runtime_System_Module_startup__E                                      
1001c885  xdc_runtime_Gate_enterSystem__E                                           
1001c889  xdc_runtime_Memory_HeapProxy_alloc__E                                     
1001c88d  xdc_runtime_Memory_HeapProxy_free__E                                      
1001c891  xdc_runtime_System_Module_GateProxy_enter__E                              
1001c895  xdc_runtime_System_Module_GateProxy_leave__E                              
1001c899  xdc_runtime_System_abortSpin__E                                           
1001c89b  xdc_runtime_System_exitSpin__E                                            
1001c89d  ti_sysbios_family_arm_m3_Hwi_dispatch__I                                  
1001c96d  ti_sysbios_family_arm_m3_TaskSupport_buildTaskStack                       
1001c9b9  ti_sysbios_family_arm_m3_Hwi_initStacks__E                                
1001ca01  ti_sysbios_family_arm_m3_Hwi_excHandlerAsm__I                             
1001ca21  ti_sysbios_family_xxx_Hwi_switchAndRunFunc                                
1001ca3f  ti_sysbios_family_arm_m3_Hwi_pendSV__I                                    
1001ca57  ti_sysbios_family_arm_m3_Hwi_return                                       
1001ca59  ti_sysbios_family_arm_m3_TaskSupport_glue                                 
1001ca69  ti_sysbios_family_arm_m3_TaskSupport_swap__E                              
1001ca69  ti_sysbios_knl_Task_SupportProxy_swap__E__mangled__                       
1001ca71  ti_sysbios_knl_Task_swapReturn                                            
1001ca9b  ti_sysbios_rom_cortexm_cc26xx_CC26xx_getRevision__E                       
20000000  ti_sysbios_family_arm_m3_Hwi_ramVectors                                   
20000100  ti_sysbios_knl_Task_Module__state__V                                      
20000144  ti_sysbios_family_arm_m3_Hwi_Module__state__V                             
20000178  ti_sysbios_knl_Clock_Module__state__V                                     
200001a4  ti_sysbios_BIOS_Module__state__V                                          
200001c8  ti_sysbios_knl_Swi_Module__state__V                                       
200001e4  ti_sysbios_family_arm_cc26xx_Timer_Module__state__V                       
200001ec  ti_sysbios_family_arm_cc26xx_TimestampProvider_Module__state__V           
200001f0  xdc_runtime_Startup_Module__state__V                                      
200001f8  xdc_runtime_System_Module__state__V                                       
20000200  xdc_runtime_Memory_Module__state__V                                       
20000608  ti_sysbios_heaps_HeapMem_Instance_State_0_buf__A                          
20000a08  ti_sysbios_knl_Task_Instance_State_0_stack__A                             
20000d08  ti_sysbios_family_arm_m3_Hwi_dispatchTable                                
20000e90  PIN_HandleTable                                                           
20000f0c  txTask                                                                    
20001180  PIN_NumPins                                                               
200011a8  driverlib_release_0_47020                                                 
200011b0  PowerCC26XX_module                                                        
200012c0  pOverrides                                                                
20001328  ti_sysbios_knl_Task_Object__table__V                                      
20001378  ti_sysbios_family_arm_cc26xx_Timer_Object__table__V                       
200013c0  ti_sysbios_gates_GateMutex_Object__table__V                               
200013f8  ti_sysbios_knl_Swi_Module_State_0_readyQ__A                               
20001428  ti_sysbios_knl_Swi_Object__table__V                                       
20001458  RF_cmdPropRadioDivSetup                                                   
20001478  ti_sysbios_knl_Clock_Object__table__V                                     
20001498  ti_sysbios_knl_Task_Module_State_0_readyQ__A                              
200014b8  RF_cmdFs                                                                  
200014d0  RF_cmdPropTx                                                              
200014e8  shape                                                                     
20001500  ti_sysbios_family_arm_m3_Hwi_Object__table__V                             
20001518  ti_sysbios_heaps_HeapMem_Object__table__V                                 
20001530  RF_prop                                                                   
20001540  _lock                                                                     
20001544  _unlock                                                                   
20001548  pinTable                                                                  
20001550  ti_sysbios_family_arm_m3_Hwi_Module__root__V                              
20001558  ti_sysbios_gates_GateHwi_Module__root__V                                  
20001560  ti_sysbios_gates_GateMutex_Module__root__V                                
20001568  ti_sysbios_hal_Hwi_Module__root__V                                        
20001570  ti_sysbios_heaps_HeapMem_Module__root__V                                  
20001578  ti_sysbios_knl_Clock_Module__root__V                                      
20001580  ti_sysbios_knl_Mailbox_Module__root__V                                    
20001588  ti_sysbios_knl_Queue_Module__root__V                                      
20001590  ti_sysbios_knl_Semaphore_Module__root__V                                  
20001598  ti_sysbios_knl_Swi_Module__root__V                                        
200015a0  ti_sysbios_knl_Task_Module__root__V                                       
200015a8  main_func_sp                                                              
200015ac  ti_sysbios_family_arm_m3_Hwi_Module_State_0_excContext__A                 
200015b0  ti_sysbios_family_arm_m3_Hwi_Module_State_0_excStack__A                   
200015b4  ti_sysbios_knl_Task_Module_State_0_idleTask__A                            
200015ba  ti_sysbios_family_arm_m3_Hwi_Module_State_0_excActive__A                  
20004d00  __stack                                                                   
20005000  __STACK_END                                                               
e000e000  ti_sysbios_family_arm_m3_Hwi_nvic                                         
ffffffff  __TI_pprof_out_hndl                                                       
ffffffff  __TI_prof_data_size                                                       
ffffffff  __TI_prof_data_start                                                      
ffffffff  __binit__                                                                 
ffffffff  __c_args__                                                                
ffffffff  binit                                                                     
UNDEFED   SHT$$INIT_ARRAY$$Base                                                     
UNDEFED   SHT$$INIT_ARRAY$$Limit                                                    

[699 symbols]
