<?xml version="1.0" encoding="ISO-8859-1" ?>
<link_info>
   <banner>TI ARM Clang Linker PC v4.0.3.LTS</banner>
   <copyright>Copyright (c) 1996-2018 Texas Instruments Incorporated</copyright>
   <command_line>C:\ti\ccs2020\ccs\tools\compiler\ti-cgt-armllvm_4.0.3.LTS\bin\tiarmlnk -IC:\ti\ccs2020\ccs\tools\compiler\ti-cgt-armllvm_4.0.3.LTS\lib -o gpd_bidir_attr_read_write_LP_EM_CC2340R5_nortos_ticlang.out -mgpd_bidir_attr_read_write_LP_EM_CC2340R5_nortos_ticlang.map -iC:/ti/simplelink_lowpower_f3_sdk_9_11_01_19/source -iC:/ti/simplelink_lowpower_f3_sdk_9_11_01_19/kernel/nortos -iC:/Users/Yantra/workspace_ccstheia/gpd_bidir_attr_read_write_LP_EM_CC2340R5_nortos_ticlang/Debug/syscfg -iC:/ti/ccs2020/ccs/tools/compiler/ti-cgt-armllvm_4.0.3.LTS/lib --reread_libs --diag_wrap=off --display_error_number --warn_sections --xml_link_info=gpd_bidir_attr_read_write_LP_EM_CC2340R5_nortos_ticlang_linkInfo.xml --rom_model ./gpd_bidir_attr_read_write.o ./syscfg/ti_devices_config.o ./syscfg/ti_radio_config.o ./syscfg/ti_drivers_config.o ./syscfg/ti_zigbee_config.o ./osif/ti_f3_led_buttons.o ./osif/ti_f3_main.o ../lpf3_zigbee_nortos.cmd -lti_utils_build_linker.cmd.genlibs -llibc.a --llvm_lto=on --start-group -llibc++.a -llibc++abi.a -llibc.a -llibsys.a -llibsysbm.a -llibclang_rt.builtins.a -llibclang_rt.profile.a --end-group --cg_opt_level=z</command_line>
   <link_time>0x68d10a1d</link_time>
   <link_errors>0x0</link_errors>
   <output_file>C:\Users\Yantra\workspace_ccstheia\gpd_bidir_attr_read_write_LP_EM_CC2340R5_nortos_ticlang\Debug\gpd_bidir_attr_read_write_LP_EM_CC2340R5_nortos_ticlang.out</output_file>
   <entry_point>
      <name>resetISR</name>
      <address>0x6afd</address>
   </entry_point>
   <input_file_list>
      <input_file id="fl-186">
         <path>C:\Users\Yantra\workspace_ccstheia\gpd_bidir_attr_read_write_LP_EM_CC2340R5_nortos_ticlang\Debug\.\</path>
         <kind>object</kind>
         <file>{899E6C2D-56CD-416F-B7AD-5053A3670199}</file>
         <name>{899E6C2D-56CD-416F-B7AD-5053A3670199}</name>
      </input_file>
      <input_file id="fl-1d">
         <path>C:\Users\Yantra\workspace_ccstheia\gpd_bidir_attr_read_write_LP_EM_CC2340R5_nortos_ticlang\Debug\</path>
         <kind>object</kind>
         <file>&lt;internal&gt;</file>
         <name>&lt;internal&gt;</name>
      </input_file>
      <input_file id="fl-4f">
         <path>C:\ti\simplelink_lowpower_f3_sdk_9_11_01_19\source\ti\drivers\rcl\lib\ticlang\m0p\</path>
         <kind>archive</kind>
         <file>rcl_cc23x0r5.a</file>
         <name>RCL_Buffer.c.obj</name>
      </input_file>
      <input_file id="fl-50">
         <path>C:\ti\simplelink_lowpower_f3_sdk_9_11_01_19\source\ti\drivers\rcl\lib\ticlang\m0p\</path>
         <kind>archive</kind>
         <file>rcl_cc23x0r5.a</file>
         <name>RCL_Scheduler.c.obj</name>
      </input_file>
      <input_file id="fl-51">
         <path>C:\ti\simplelink_lowpower_f3_sdk_9_11_01_19\source\ti\drivers\rcl\lib\ticlang\m0p\</path>
         <kind>archive</kind>
         <file>rcl_cc23x0r5.a</file>
         <name>RCL.c.obj</name>
      </input_file>
      <input_file id="fl-52">
         <path>C:\ti\simplelink_lowpower_f3_sdk_9_11_01_19\source\ti\drivers\rcl\lib\ticlang\m0p\</path>
         <kind>archive</kind>
         <file>rcl_cc23x0r5.a</file>
         <name>ieee.c.obj</name>
      </input_file>
      <input_file id="fl-53">
         <path>C:\ti\simplelink_lowpower_f3_sdk_9_11_01_19\source\ti\drivers\rcl\lib\ticlang\m0p\</path>
         <kind>archive</kind>
         <file>rcl_cc23x0r5.a</file>
         <name>hal_cc23x0.c.obj</name>
      </input_file>
      <input_file id="fl-54">
         <path>C:\ti\simplelink_lowpower_f3_sdk_9_11_01_19\source\ti\drivers\rcl\lib\ticlang\m0p\</path>
         <kind>archive</kind>
         <file>rcl_cc23x0r5.a</file>
         <name>LRFCC23X0.c.obj</name>
      </input_file>
      <input_file id="fl-55">
         <path>C:\ti\simplelink_lowpower_f3_sdk_9_11_01_19\source\ti\drivers\rcl\lib\ticlang\m0p\</path>
         <kind>archive</kind>
         <file>rcl_cc23x0r5.a</file>
         <name>RCL_Feature.c.obj</name>
      </input_file>
      <input_file id="fl-56">
         <path>C:\ti\simplelink_lowpower_f3_sdk_9_11_01_19\source\ti\drivers\rcl\lib\ticlang\m0p\</path>
         <kind>archive</kind>
         <file>rcl_cc23x0r5.a</file>
         <name>LRF.c.obj</name>
      </input_file>
      <input_file id="fl-57">
         <path>C:\ti\simplelink_lowpower_f3_sdk_9_11_01_19\source\ti\drivers\rcl\lib\ticlang\m0p\</path>
         <kind>archive</kind>
         <file>rcl_cc23x0r5.a</file>
         <name>RCL_Gpio.c.obj</name>
      </input_file>
      <input_file id="fl-14f">
         <path>C:\ti\ccs2020\ccs\tools\compiler\ti-cgt-armllvm_4.0.3.LTS\lib\armv6m-ti-none-eabi\</path>
         <kind>archive</kind>
         <file>libclang_rt.builtins.a</file>
         <name>ashrdi3.S.obj</name>
      </input_file>
      <input_file id="fl-150">
         <path>C:\ti\ccs2020\ccs\tools\compiler\ti-cgt-armllvm_4.0.3.LTS\lib\armv6m-ti-none-eabi\</path>
         <kind>archive</kind>
         <file>libclang_rt.builtins.a</file>
         <name>muldi3.S.obj</name>
      </input_file>
      <input_file id="fl-151">
         <path>C:\ti\ccs2020\ccs\tools\compiler\ti-cgt-armllvm_4.0.3.LTS\lib\armv6m-ti-none-eabi\</path>
         <kind>archive</kind>
         <file>libclang_rt.builtins.a</file>
         <name>clzsi2.c.obj</name>
      </input_file>
      <input_file id="fl-152">
         <path>C:\ti\ccs2020\ccs\tools\compiler\ti-cgt-armllvm_4.0.3.LTS\lib\armv6m-ti-none-eabi\</path>
         <kind>archive</kind>
         <file>libclang_rt.builtins.a</file>
         <name>aeabi_ldivmod.S.obj</name>
      </input_file>
      <input_file id="fl-153">
         <path>C:\ti\ccs2020\ccs\tools\compiler\ti-cgt-armllvm_4.0.3.LTS\lib\armv6m-ti-none-eabi\</path>
         <kind>archive</kind>
         <file>libclang_rt.builtins.a</file>
         <name>aeabi_memcpy.S.obj</name>
      </input_file>
      <input_file id="fl-154">
         <path>C:\ti\ccs2020\ccs\tools\compiler\ti-cgt-armllvm_4.0.3.LTS\lib\armv6m-ti-none-eabi\</path>
         <kind>archive</kind>
         <file>libclang_rt.builtins.a</file>
         <name>aeabi_memset.S.obj</name>
      </input_file>
      <input_file id="fl-155">
         <path>C:\ti\ccs2020\ccs\tools\compiler\ti-cgt-armllvm_4.0.3.LTS\lib\armv6m-ti-none-eabi\</path>
         <kind>archive</kind>
         <file>libclang_rt.builtins.a</file>
         <name>aeabi_uidivmod.S.obj</name>
      </input_file>
      <input_file id="fl-156">
         <path>C:\ti\ccs2020\ccs\tools\compiler\ti-cgt-armllvm_4.0.3.LTS\lib\armv6m-ti-none-eabi\</path>
         <kind>archive</kind>
         <file>libclang_rt.builtins.a</file>
         <name>muldsi3.S.obj</name>
      </input_file>
      <input_file id="fl-157">
         <path>C:\ti\ccs2020\ccs\tools\compiler\ti-cgt-armllvm_4.0.3.LTS\lib\armv6m-ti-none-eabi\</path>
         <kind>archive</kind>
         <file>libclang_rt.builtins.a</file>
         <name>divmoddi4.c.obj</name>
      </input_file>
      <input_file id="fl-158">
         <path>C:\ti\ccs2020\ccs\tools\compiler\ti-cgt-armllvm_4.0.3.LTS\lib\armv6m-ti-none-eabi\</path>
         <kind>archive</kind>
         <file>libclang_rt.builtins.a</file>
         <name>aeabi_div0.c.obj</name>
      </input_file>
      <input_file id="fl-159">
         <path>C:\ti\ccs2020\ccs\tools\compiler\ti-cgt-armllvm_4.0.3.LTS\lib\armv6m-ti-none-eabi\</path>
         <kind>archive</kind>
         <file>libclang_rt.builtins.a</file>
         <name>udivmoddi4.S.obj</name>
      </input_file>
      <input_file id="fl-15a">
         <path>C:\ti\ccs2020\ccs\tools\compiler\ti-cgt-armllvm_4.0.3.LTS\lib\armv6m-ti-none-eabi\</path>
         <kind>archive</kind>
         <file>libclang_rt.builtins.a</file>
         <name>ashldi3.S.obj</name>
      </input_file>
      <input_file id="fl-15b">
         <path>C:\ti\ccs2020\ccs\tools\compiler\ti-cgt-armllvm_4.0.3.LTS\lib\armv6m-ti-none-eabi\c\</path>
         <kind>archive</kind>
         <file>libc.a</file>
         <name>memcpy16.S.obj</name>
      </input_file>
      <input_file id="fl-15c">
         <path>C:\ti\ccs2020\ccs\tools\compiler\ti-cgt-armllvm_4.0.3.LTS\lib\armv6m-ti-none-eabi\c\</path>
         <kind>archive</kind>
         <file>libc.a</file>
         <name>memset16.S.obj</name>
      </input_file>
      <input_file id="fl-17f">
         <path>C:\ti\simplelink_lowpower_f3_sdk_9_11_01_19\source\third_party\ecc\lib\ticlang\m0p\</path>
         <kind>archive</kind>
         <file>ecc.a</file>
         <name>lowlevelapi_m0_gnu.s.obj</name>
      </input_file>
      <input_file id="fl-184">
         <path>C:\ti\simplelink_lowpower_f3_sdk_9_11_01_19\source\ti\devices\cc23x0r5\driverlib\lib\ticlang\</path>
         <kind>archive</kind>
         <file>driverlib.a</file>
         <name>aes_ticlang.s.obj</name>
      </input_file>
      <input_file id="fl-185">
         <path>C:\ti\ccs2020\ccs\tools\compiler\ti-cgt-armllvm_4.0.3.LTS\lib\armv6m-ti-none-eabi\</path>
         <kind>archive</kind>
         <file>libclang_rt.builtins.a</file>
         <name>aeabi_uldivmod.S.obj</name>
      </input_file>
   </input_file_list>
   <object_component_list>
      <object_component id="oc-4d9">
         <name>.resetVecs</name>
         <load_address>0x0</load_address>
         <readonly>true</readonly>
         <run_address>0x0</run_address>
         <size>0x8c</size>
         <alignment>0x4</alignment>
         <input_file_ref idref="fl-2f"/>
      </object_component>
      <object_component id="oc-55c">
         <name>.text.RCL_Handler_Ieee_RxTx</name>
         <load_address>0x90</load_address>
         <readonly>true</readonly>
         <executable>true</executable>
         <run_address>0x90</run_address>
         <size>0x10fc</size>
         <alignment>0x4</alignment>
         <input_file_ref idref="fl-52"/>
      </object_component>
      <object_component id="oc-524">
         <name>.text.zb_ti_f3_main</name>
         <load_address>0x118c</load_address>
         <readonly>true</readonly>
         <executable>true</executable>
         <run_address>0x118c</run_address>
         <size>0xaec</size>
         <alignment>0x4</alignment>
         <input_file_ref idref="fl-1"/>
      </object_component>
      <object_component id="oc-570">
         <name>.text.zgpd_comm_parse_gpdf</name>
         <load_address>0x1c78</load_address>
         <readonly>true</readonly>
         <executable>true</executable>
         <run_address>0x1c78</run_address>
         <size>0x31c</size>
         <alignment>0x4</alignment>
         <input_file_ref idref="fl-186"/>
      </object_component>
      <object_component id="oc-6f1">
         <name>.text.LRF_temperatureCompensateTrim</name>
         <load_address>0x1f94</load_address>
         <readonly>true</readonly>
         <executable>true</executable>
         <run_address>0x1f94</run_address>
         <size>0x2f4</size>
         <alignment>0x4</alignment>
         <input_file_ref idref="fl-54"/>
      </object_component>
      <object_component id="oc-637">
         <name>.text.zb_osif_aes128</name>
         <load_address>0x2288</load_address>
         <readonly>true</readonly>
         <executable>true</executable>
         <run_address>0x2288</run_address>
         <size>0x2f0</size>
         <alignment>0x4</alignment>
         <input_file_ref idref="fl-4d"/>
      </object_component>
      <object_component id="oc-6ef">
         <name>.text.LRF_applySettings</name>
         <load_address>0x2578</load_address>
         <readonly>true</readonly>
         <executable>true</executable>
         <run_address>0x2578</run_address>
         <size>0x2c8</size>
         <alignment>0x4</alignment>
         <input_file_ref idref="fl-56"/>
      </object_component>
      <object_component id="oc-5f0">
         <name>.text.LRF_programFrequency</name>
         <load_address>0x2840</load_address>
         <readonly>true</readonly>
         <executable>true</executable>
         <run_address>0x2840</run_address>
         <size>0x2a4</size>
         <alignment>0x4</alignment>
         <input_file_ref idref="fl-54"/>
      </object_component>
      <object_component id="oc-5f7">
         <name>.text.RCL_Handler_Ieee_processRxAction</name>
         <load_address>0x2ae4</load_address>
         <readonly>true</readonly>
         <executable>true</executable>
         <run_address>0x2ae4</run_address>
         <size>0x23c</size>
         <alignment>0x4</alignment>
         <input_file_ref idref="fl-52"/>
      </object_component>
      <object_component id="oc-5bd">
         <name>.text.rclCommandHwi</name>
         <load_address>0x2d20</load_address>
         <readonly>true</readonly>
         <executable>true</executable>
         <run_address>0x2d20</run_address>
         <size>0x200</size>
         <alignment>0x4</alignment>
         <input_file_ref idref="fl-51"/>
      </object_component>
      <object_component id="oc-67e">
         <name>.text.LRF_setupRadio</name>
         <load_address>0x2f20</load_address>
         <readonly>true</readonly>
         <executable>true</executable>
         <run_address>0x2f20</run_address>
         <size>0x1ec</size>
         <alignment>0x4</alignment>
         <input_file_ref idref="fl-54"/>
      </object_component>
      <object_component id="oc-56d">
         <name>.text.zgpd_get_seq_number</name>
         <load_address>0x310c</load_address>
         <readonly>true</readonly>
         <executable>true</executable>
         <run_address>0x310c</run_address>
         <size>0x194</size>
         <alignment>0x4</alignment>
         <input_file_ref idref="fl-35"/>
      </object_component>
      <object_component id="oc-587">
         <name>.text.gboss_handle_cluster_attr_write</name>
         <load_address>0x32a0</load_address>
         <readonly>true</readonly>
         <executable>true</executable>
         <run_address>0x32a0</run_address>
         <size>0x190</size>
         <alignment>0x4</alignment>
         <input_file_ref idref="fl-31"/>
      </object_component>
      <object_component id="oc-523">
         <name>.text.Board_init</name>
         <load_address>0x3430</load_address>
         <readonly>true</readonly>
         <executable>true</executable>
         <run_address>0x3430</run_address>
         <size>0x178</size>
         <alignment>0x4</alignment>
         <input_file_ref idref="fl-4"/>
      </object_component>
      <object_component id="oc-72f">
         <name>.text.NVSLPF3_write</name>
         <load_address>0x35a8</load_address>
         <readonly>true</readonly>
         <executable>true</executable>
         <run_address>0x35a8</run_address>
         <size>0x144</size>
         <alignment>0x4</alignment>
         <input_file_ref idref="fl-6e"/>
      </object_component>
      <object_component id="oc-56e">
         <name>.text.zgpd_pkt_send_bidir</name>
         <load_address>0x36ec</load_address>
         <readonly>true</readonly>
         <executable>true</executable>
         <run_address>0x36ec</run_address>
         <size>0x144</size>
         <alignment>0x4</alignment>
         <input_file_ref idref="fl-186"/>
      </object_component>
      <object_component id="oc-682">
         <name>.text.rclStop</name>
         <load_address>0x3830</load_address>
         <readonly>true</readonly>
         <executable>true</executable>
         <run_address>0x3830</run_address>
         <size>0x140</size>
         <alignment>0x4</alignment>
         <input_file_ref idref="fl-51"/>
      </object_component>
      <object_component id="oc-6a3">
         <name>.text.rclSchedulerProcessCmdStartStopTime</name>
         <load_address>0x3970</load_address>
         <readonly>true</readonly>
         <executable>true</executable>
         <run_address>0x3970</run_address>
         <size>0x138</size>
         <alignment>0x4</alignment>
         <input_file_ref idref="fl-50"/>
      </object_component>
      <object_component id="oc-5b0">
         <name>.text.malloc</name>
         <load_address>0x3aa8</load_address>
         <readonly>true</readonly>
         <executable>true</executable>
         <run_address>0x3aa8</run_address>
         <size>0x12c</size>
         <alignment>0x4</alignment>
         <input_file_ref idref="fl-96"/>
      </object_component>
      <object_component id="oc-573">
         <name>.text.zgpd_ccm_trans_stage1</name>
         <load_address>0x3bd4</load_address>
         <readonly>true</readonly>
         <executable>true</executable>
         <run_address>0x3bd4</run_address>
         <size>0x118</size>
         <alignment>0x4</alignment>
         <input_file_ref idref="fl-47"/>
      </object_component>
      <object_component id="oc-619">
         <name>.text.sendTx</name>
         <load_address>0x3cec</load_address>
         <readonly>true</readonly>
         <executable>true</executable>
         <run_address>0x3cec</run_address>
         <size>0x104</size>
         <alignment>0x4</alignment>
         <input_file_ref idref="fl-186"/>
      </object_component>
      <object_component id="oc-583">
         <name>.text.zb_zcl_put_value_to_packet</name>
         <load_address>0x3df0</load_address>
         <readonly>true</readonly>
         <executable>true</executable>
         <run_address>0x3df0</run_address>
         <size>0x104</size>
         <alignment>0x4</alignment>
         <input_file_ref idref="fl-186"/>
      </object_component>
      <object_component id="oc-5bc">
         <name>.text.rclSchedulerHwi</name>
         <load_address>0x3ef4</load_address>
         <readonly>true</readonly>
         <executable>true</executable>
         <run_address>0x3ef4</run_address>
         <size>0x100</size>
         <alignment>0x4</alignment>
         <input_file_ref idref="fl-51"/>
      </object_component>
      <object_component id="oc-5bb">
         <name>.text.rclDispatchHwi</name>
         <load_address>0x3ff4</load_address>
         <readonly>true</readonly>
         <executable>true</executable>
         <run_address>0x3ff4</run_address>
         <size>0xd8</size>
         <alignment>0x4</alignment>
         <input_file_ref idref="fl-51"/>
      </object_component>
      <object_component id="oc-52e">
         <name>.text.Power_init</name>
         <load_address>0x40cc</load_address>
         <readonly>true</readonly>
         <executable>true</executable>
         <run_address>0x40cc</run_address>
         <size>0xd4</size>
         <alignment>0x4</alignment>
         <input_file_ref idref="fl-70"/>
      </object_component>
      <object_component id="oc-588">
         <name>.text.gboss_cmd_attr_read_response</name>
         <load_address>0x41a0</load_address>
         <readonly>true</readonly>
         <executable>true</executable>
         <run_address>0x41a0</run_address>
         <size>0xd4</size>
         <alignment>0x2</alignment>
         <input_file_ref idref="fl-186"/>
      </object_component>
      <object_component id="oc-591">
         <name>.text.PowerCC23X0_oscillatorISR</name>
         <load_address>0x4274</load_address>
         <readonly>true</readonly>
         <executable>true</executable>
         <run_address>0x4274</run_address>
         <size>0xd0</size>
         <alignment>0x4</alignment>
         <input_file_ref idref="fl-186"/>
      </object_component>
      <object_component id="oc-58f">
         <name>.text.PowerCC23X0_standbyPolicy</name>
         <load_address>0x4344</load_address>
         <readonly>true</readonly>
         <executable>true</executable>
         <run_address>0x4344</run_address>
         <size>0xcc</size>
         <alignment>0x4</alignment>
         <input_file_ref idref="fl-2d"/>
      </object_component>
      <object_component id="oc-574">
         <name>.text.zgpd_ccm_trans_stage2</name>
         <load_address>0x4410</load_address>
         <readonly>true</readonly>
         <executable>true</executable>
         <run_address>0x4410</run_address>
         <size>0xc8</size>
         <alignment>0x4</alignment>
         <input_file_ref idref="fl-47"/>
      </object_component>
      <object_component id="oc-56f">
         <name>.text.mac_ti23xx_trans_set_rx_on_off</name>
         <load_address>0x44d8</load_address>
         <readonly>true</readonly>
         <executable>true</executable>
         <run_address>0x44d8</run_address>
         <size>0xc4</size>
         <alignment>0x4</alignment>
         <input_file_ref idref="fl-3b"/>
      </object_component>
      <object_component id="oc-675">
         <name>.text.RCL_scheduleHook</name>
         <load_address>0x459c</load_address>
         <readonly>true</readonly>
         <executable>true</executable>
         <run_address>0x459c</run_address>
         <size>0xb8</size>
         <alignment>0x4</alignment>
         <input_file_ref idref="fl-51"/>
      </object_component>
      <object_component id="oc-643">
         <name>.text.SemaphoreP_pend</name>
         <load_address>0x4654</load_address>
         <readonly>true</readonly>
         <executable>true</executable>
         <run_address>0x4654</run_address>
         <size>0xb0</size>
         <alignment>0x4</alignment>
         <input_file_ref idref="fl-27"/>
      </object_component>
      <object_component id="oc-57e">
         <name>.text.zgpd_bidir_save_comm_state</name>
         <load_address>0x4704</load_address>
         <readonly>true</readonly>
         <executable>true</executable>
         <run_address>0x4704</run_address>
         <size>0xa8</size>
         <alignment>0x4</alignment>
         <input_file_ref idref="fl-43"/>
      </object_component>
      <object_component id="oc-599">
         <name>.text.PowerCC23X0_lfxtQual</name>
         <load_address>0x47ac</load_address>
         <readonly>true</readonly>
         <executable>true</executable>
         <run_address>0x47ac</run_address>
         <size>0xa4</size>
         <alignment>0x4</alignment>
         <input_file_ref idref="fl-186"/>
      </object_component>
      <object_component id="oc-64e">
         <name>.text.PowerLPF3_sleep</name>
         <load_address>0x4850</load_address>
         <readonly>true</readonly>
         <executable>true</executable>
         <run_address>0x4850</run_address>
         <size>0xa0</size>
         <alignment>0x4</alignment>
         <input_file_ref idref="fl-70"/>
      </object_component>
      <object_component id="oc-721">
         <name>.text.rclSchedulerCancelStopTime</name>
         <load_address>0x48f0</load_address>
         <readonly>true</readonly>
         <executable>true</executable>
         <run_address>0x48f0</run_address>
         <size>0xa0</size>
         <alignment>0x4</alignment>
         <input_file_ref idref="fl-50"/>
      </object_component>
      <object_component id="oc-642">
         <name>.text.ClockP_startup</name>
         <load_address>0x4990</load_address>
         <readonly>true</readonly>
         <executable>true</executable>
         <run_address>0x4990</run_address>
         <size>0x9c</size>
         <alignment>0x4</alignment>
         <input_file_ref idref="fl-29"/>
      </object_component>
      <object_component id="oc-694">
         <name>.text.LRF_TxPowerTable_findValue</name>
         <load_address>0x4a2c</load_address>
         <readonly>true</readonly>
         <executable>true</executable>
         <run_address>0x4a2c</run_address>
         <size>0x9c</size>
         <alignment>0x4</alignment>
         <input_file_ref idref="fl-56"/>
      </object_component>
      <object_component id="oc-730">
         <name>.text.doErase</name>
         <load_address>0x4ac8</load_address>
         <readonly>true</readonly>
         <executable>true</executable>
         <run_address>0x4ac8</run_address>
         <size>0x9c</size>
         <alignment>0x4</alignment>
         <input_file_ref idref="fl-186"/>
      </object_component>
      <object_component id="oc-59f">
         <name>.text.IntSetPriority</name>
         <load_address>0x4b64</load_address>
         <readonly>true</readonly>
         <executable>true</executable>
         <run_address>0x4b64</run_address>
         <size>0x94</size>
         <alignment>0x4</alignment>
         <input_file_ref idref="fl-7a"/>
      </object_component>
      <object_component id="oc-681">
         <name>.text.RCL_Scheduler_setStopTimes</name>
         <load_address>0x4bf8</load_address>
         <readonly>true</readonly>
         <executable>true</executable>
         <run_address>0x4bf8</run_address>
         <size>0x94</size>
         <alignment>0x4</alignment>
         <input_file_ref idref="fl-50"/>
      </object_component>
      <object_component id="oc-51b">
         <name>.text._args_main</name>
         <load_address>0x4c8c</load_address>
         <readonly>true</readonly>
         <executable>true</executable>
         <run_address>0x4c8c</run_address>
         <size>0x4</size>
         <alignment>0x2</alignment>
         <input_file_ref idref="fl-ac"/>
      </object_component>
      <object_component id="oc-6cc">
         <name>.text</name>
         <load_address>0x4c90</load_address>
         <readonly>true</readonly>
         <executable>true</executable>
         <run_address>0x4c90</run_address>
         <size>0x92</size>
         <alignment>0x10</alignment>
         <input_file_ref idref="fl-184"/>
      </object_component>
      <object_component id="oc-6f8">
         <name>.text.RCL_GPIO_disable</name>
         <load_address>0x4d22</load_address>
         <readonly>true</readonly>
         <executable>true</executable>
         <run_address>0x4d22</run_address>
         <size>0x2</size>
         <alignment>0x2</alignment>
         <input_file_ref idref="fl-57"/>
      </object_component>
      <object_component id="oc-640">
         <name>.text.RCL_MultiBuffer_RxEntry_get</name>
         <load_address>0x4d24</load_address>
         <readonly>true</readonly>
         <executable>true</executable>
         <run_address>0x4d24</run_address>
         <size>0x90</size>
         <alignment>0x4</alignment>
         <input_file_ref idref="fl-4f"/>
      </object_component>
      <object_component id="oc-6e2">
         <name>.text.ClockP_hwiCallback</name>
         <load_address>0x4db4</load_address>
         <readonly>true</readonly>
         <executable>true</executable>
         <run_address>0x4db4</run_address>
         <size>0x8c</size>
         <alignment>0x4</alignment>
         <input_file_ref idref="fl-186"/>
      </object_component>
      <object_component id="oc-71e">
         <name>.text.rclSchedulerSetNewStopTime</name>
         <load_address>0x4e40</load_address>
         <readonly>true</readonly>
         <executable>true</executable>
         <run_address>0x4e40</run_address>
         <size>0x84</size>
         <alignment>0x4</alignment>
         <input_file_ref idref="fl-50"/>
      </object_component>
      <object_component id="oc-5f5">
         <name>.text.RCL_Handler_Ieee_setCustomEventTime</name>
         <load_address>0x4ec4</load_address>
         <readonly>true</readonly>
         <executable>true</executable>
         <run_address>0x4ec4</run_address>
         <size>0x80</size>
         <alignment>0x4</alignment>
         <input_file_ref idref="fl-52"/>
      </object_component>
      <object_component id="oc-562">
         <name>.text.rfCallback</name>
         <load_address>0x4f44</load_address>
         <readonly>true</readonly>
         <executable>true</executable>
         <run_address>0x4f44</run_address>
         <size>0x80</size>
         <alignment>0x4</alignment>
         <input_file_ref idref="fl-3b"/>
      </object_component>
      <object_component id="oc-6ba">
         <name>.text.RCL_IEEE_Tx_submit</name>
         <load_address>0x4fc4</load_address>
         <readonly>true</readonly>
         <executable>true</executable>
         <run_address>0x4fc4</run_address>
         <size>0x7c</size>
         <alignment>0x4</alignment>
         <input_file_ref idref="fl-52"/>
      </object_component>
      <object_component id="oc-6e6">
         <name>.text.temperatureEventCb</name>
         <load_address>0x5040</load_address>
         <readonly>true</readonly>
         <executable>true</executable>
         <run_address>0x5040</run_address>
         <size>0x7c</size>
         <alignment>0x4</alignment>
         <input_file_ref idref="fl-186"/>
      </object_component>
      <object_component id="oc-4db">
         <name>.text:decompress:lzss</name>
         <load_address>0x50bc</load_address>
         <readonly>true</readonly>
         <executable>true</executable>
         <run_address>0x50bc</run_address>
         <size>0x7c</size>
         <alignment>0x4</alignment>
         <input_file_ref idref="fl-a6"/>
      </object_component>
      <object_component id="oc-58e">
         <name>.text.ClockP_start</name>
         <load_address>0x5138</load_address>
         <readonly>true</readonly>
         <executable>true</executable>
         <run_address>0x5138</run_address>
         <size>0x78</size>
         <alignment>0x4</alignment>
         <input_file_ref idref="fl-29"/>
      </object_component>
      <object_component id="oc-531">
         <name>.text.HwiP_construct</name>
         <load_address>0x51b0</load_address>
         <readonly>true</readonly>
         <executable>true</executable>
         <run_address>0x51b0</run_address>
         <size>0x78</size>
         <alignment>0x4</alignment>
         <input_file_ref idref="fl-2b"/>
      </object_component>
      <object_component id="oc-607">
         <name>.text.RCL_Scheduler_findStopStatus</name>
         <load_address>0x5228</load_address>
         <readonly>true</readonly>
         <executable>true</executable>
         <run_address>0x5228</run_address>
         <size>0x78</size>
         <alignment>0x4</alignment>
         <input_file_ref idref="fl-50"/>
      </object_component>
      <object_component id="oc-5b2">
         <name>.text.hal_init_fsm</name>
         <load_address>0x52a0</load_address>
         <readonly>true</readonly>
         <executable>true</executable>
         <run_address>0x52a0</run_address>
         <size>0x78</size>
         <alignment>0x4</alignment>
         <input_file_ref idref="fl-53"/>
      </object_component>
      <object_component id="oc-700">
         <name>.text.rclSchedulerFindEarliestStopTime</name>
         <load_address>0x5318</load_address>
         <readonly>true</readonly>
         <executable>true</executable>
         <run_address>0x5318</run_address>
         <size>0x78</size>
         <alignment>0x4</alignment>
         <input_file_ref idref="fl-50"/>
      </object_component>
      <object_component id="oc-63e">
         <name>.text.ClockP_stop</name>
         <load_address>0x5390</load_address>
         <readonly>true</readonly>
         <executable>true</executable>
         <run_address>0x5390</run_address>
         <size>0x74</size>
         <alignment>0x4</alignment>
         <input_file_ref idref="fl-29"/>
      </object_component>
      <object_component id="oc-6be">
         <name>.text.NVSLPF3_open</name>
         <load_address>0x5404</load_address>
         <readonly>true</readonly>
         <executable>true</executable>
         <run_address>0x5404</run_address>
         <size>0x70</size>
         <alignment>0x4</alignment>
         <input_file_ref idref="fl-6e"/>
      </object_component>
      <object_component id="oc-58d">
         <name>.text.PowerCC23X0_startHFXT</name>
         <load_address>0x5474</load_address>
         <readonly>true</readonly>
         <executable>true</executable>
         <run_address>0x5474</run_address>
         <size>0x70</size>
         <alignment>0x4</alignment>
         <input_file_ref idref="fl-186"/>
      </object_component>
      <object_component id="oc-6e4">
         <name>.text.Power_sleep</name>
         <load_address>0x54e4</load_address>
         <readonly>true</readonly>
         <executable>true</executable>
         <run_address>0x54e4</run_address>
         <size>0x70</size>
         <alignment>0x4</alignment>
         <input_file_ref idref="fl-70"/>
      </object_component>
      <object_component id="oc-62b">
         <name>.text.zb_security_encode</name>
         <load_address>0x5554</load_address>
         <readonly>true</readonly>
         <executable>true</executable>
         <run_address>0x5554</run_address>
         <size>0x70</size>
         <alignment>0x4</alignment>
         <input_file_ref idref="fl-47"/>
      </object_component>
      <object_component id="oc-6da">
         <name>.text.AESECBLPF3_hwiFxn</name>
         <load_address>0x55c4</load_address>
         <readonly>true</readonly>
         <executable>true</executable>
         <run_address>0x55c4</run_address>
         <size>0x6c</size>
         <alignment>0x4</alignment>
         <input_file_ref idref="fl-186"/>
      </object_component>
      <object_component id="oc-57f">
         <name>.text.zgpd_sleep_tmo</name>
         <load_address>0x5630</load_address>
         <readonly>true</readonly>
         <executable>true</executable>
         <run_address>0x5630</run_address>
         <size>0x6c</size>
         <alignment>0x4</alignment>
         <input_file_ref idref="fl-3d"/>
      </object_component>
      <object_component id="oc-6e5">
         <name>.text.BatMonSupportLPF3_init</name>
         <load_address>0x569c</load_address>
         <readonly>true</readonly>
         <executable>true</executable>
         <run_address>0x569c</run_address>
         <size>0x68</size>
         <alignment>0x4</alignment>
         <input_file_ref idref="fl-64"/>
      </object_component>
      <object_component id="oc-6f0">
         <name>.text.LRF_setTrimCommon</name>
         <load_address>0x5704</load_address>
         <readonly>true</readonly>
         <executable>true</executable>
         <run_address>0x5704</run_address>
         <size>0x68</size>
         <alignment>0x4</alignment>
         <input_file_ref idref="fl-54"/>
      </object_component>
      <object_component id="oc-6b4">
         <name>.text.RCL_Handler_Ieee_updateStats</name>
         <load_address>0x576c</load_address>
         <readonly>true</readonly>
         <executable>true</executable>
         <run_address>0x576c</run_address>
         <size>0x68</size>
         <alignment>0x4</alignment>
         <input_file_ref idref="fl-52"/>
      </object_component>
      <object_component id="oc-556">
         <name>.text.zgpd_channel_req_send_next</name>
         <load_address>0x57d4</load_address>
         <readonly>true</readonly>
         <executable>true</executable>
         <run_address>0x57d4</run_address>
         <size>0x68</size>
         <alignment>0x4</alignment>
         <input_file_ref idref="fl-186"/>
      </object_component>
      <object_component id="oc-5ac">
         <name>.text.GPIO_setConfigAndMux</name>
         <load_address>0x583c</load_address>
         <readonly>true</readonly>
         <executable>true</executable>
         <run_address>0x583c</run_address>
         <size>0x64</size>
         <alignment>0x4</alignment>
         <input_file_ref idref="fl-186"/>
      </object_component>
      <object_component id="oc-6db">
         <name>.text.ClockP_walkQueueDynamic</name>
         <load_address>0x58a0</load_address>
         <readonly>true</readonly>
         <executable>true</executable>
         <run_address>0x58a0</run_address>
         <size>0x5c</size>
         <alignment>0x4</alignment>
         <input_file_ref idref="fl-29"/>
      </object_component>
      <object_component id="oc-6d2">
         <name>.text.AESCommonLPF3_cleanup</name>
         <load_address>0x58fc</load_address>
         <readonly>true</readonly>
         <executable>true</executable>
         <run_address>0x58fc</run_address>
         <size>0x58</size>
         <alignment>0x4</alignment>
         <input_file_ref idref="fl-161"/>
      </object_component>
      <object_component id="oc-6ac">
         <name>.text.LRF_setRxFifoEffSz</name>
         <load_address>0x5954</load_address>
         <readonly>true</readonly>
         <executable>true</executable>
         <run_address>0x5954</run_address>
         <size>0x58</size>
         <alignment>0x4</alignment>
         <input_file_ref idref="fl-54"/>
      </object_component>
      <object_component id="oc-5b1">
         <name>.text.SemaphoreP_construct</name>
         <load_address>0x59ac</load_address>
         <readonly>true</readonly>
         <executable>true</executable>
         <run_address>0x59ac</run_address>
         <size>0x58</size>
         <alignment>0x4</alignment>
         <input_file_ref idref="fl-27"/>
      </object_component>
      <object_component id="oc-5a8">
         <name>.text.__clzsi2</name>
         <load_address>0x5a04</load_address>
         <readonly>true</readonly>
         <executable>true</executable>
         <run_address>0x5a04</run_address>
         <size>0x58</size>
         <alignment>0x2</alignment>
         <input_file_ref idref="fl-151"/>
      </object_component>
      <object_component id="oc-6c5">
         <name>.text.zgpd_ccm_encrypt</name>
         <load_address>0x5a5c</load_address>
         <readonly>true</readonly>
         <executable>true</executable>
         <run_address>0x5a5c</run_address>
         <size>0x58</size>
         <alignment>0x4</alignment>
         <input_file_ref idref="fl-47"/>
      </object_component>
      <object_component id="oc-60c">
         <name>.text.LRF_readRxFifoWords</name>
         <load_address>0x5ab4</load_address>
         <readonly>true</readonly>
         <executable>true</executable>
         <run_address>0x5ab4</run_address>
         <size>0x54</size>
         <alignment>0x4</alignment>
         <input_file_ref idref="fl-54"/>
      </object_component>
      <object_component id="oc-595">
         <name>.text.PowerCC23X0_hfxtAmpsettledTimeout</name>
         <load_address>0x5b08</load_address>
         <readonly>true</readonly>
         <executable>true</executable>
         <run_address>0x5b08</run_address>
         <size>0x54</size>
         <alignment>0x4</alignment>
         <input_file_ref idref="fl-186"/>
      </object_component>
      <object_component id="oc-5a4">
         <name>.text.Power_releaseDependency</name>
         <load_address>0x5b5c</load_address>
         <readonly>true</readonly>
         <executable>true</executable>
         <run_address>0x5b5c</run_address>
         <size>0x54</size>
         <alignment>0x4</alignment>
         <input_file_ref idref="fl-70"/>
      </object_component>
      <object_component id="oc-530">
         <name>.text.Power_setDependency</name>
         <load_address>0x5bb0</load_address>
         <readonly>true</readonly>
         <executable>true</executable>
         <run_address>0x5bb0</run_address>
         <size>0x54</size>
         <alignment>0x4</alignment>
         <input_file_ref idref="fl-70"/>
      </object_component>
      <object_component id="oc-633">
         <name>.text.RCL_Command_pend</name>
         <load_address>0x5c04</load_address>
         <readonly>true</readonly>
         <executable>true</executable>
         <run_address>0x5c04</run_address>
         <size>0x54</size>
         <alignment>0x4</alignment>
         <input_file_ref idref="fl-51"/>
      </object_component>
      <object_component id="oc-608">
         <name>.text.RCL_Handler_Ieee_findPbeErrorEndStatus</name>
         <load_address>0x5c58</load_address>
         <readonly>true</readonly>
         <executable>true</executable>
         <run_address>0x5c58</run_address>
         <size>0x54</size>
         <alignment>0x4</alignment>
         <input_file_ref idref="fl-52"/>
      </object_component>
      <object_component id="oc-601">
         <name>.text.RCL_Handler_Ieee_restoreStopTime</name>
         <load_address>0x5cac</load_address>
         <readonly>true</readonly>
         <executable>true</executable>
         <run_address>0x5cac</run_address>
         <size>0x54</size>
         <alignment>0x4</alignment>
         <input_file_ref idref="fl-52"/>
      </object_component>
      <object_component id="oc-54a">
         <name>.text.RCL_IEEE_updateTxPower</name>
         <load_address>0x5d00</load_address>
         <readonly>true</readonly>
         <executable>true</executable>
         <run_address>0x5d00</run_address>
         <size>0x54</size>
         <alignment>0x4</alignment>
         <input_file_ref idref="fl-52"/>
      </object_component>
      <object_component id="oc-5f4">
         <name>.text.RCL_Scheduler_setStartStopTimeEarliestStart</name>
         <load_address>0x5d54</load_address>
         <readonly>true</readonly>
         <executable>true</executable>
         <run_address>0x5d54</run_address>
         <size>0x54</size>
         <alignment>0x4</alignment>
         <input_file_ref idref="fl-50"/>
      </object_component>
      <object_component id="oc-57b">
         <name>.text.construct_aes_nonce</name>
         <load_address>0x5da8</load_address>
         <readonly>true</readonly>
         <executable>true</executable>
         <run_address>0x5da8</run_address>
         <size>0x54</size>
         <alignment>0x2</alignment>
         <input_file_ref idref="fl-186"/>
      </object_component>
      <object_component id="oc-67c">
         <name>.text.hal_check_clear_timer_compare</name>
         <load_address>0x5dfc</load_address>
         <readonly>true</readonly>
         <executable>true</executable>
         <run_address>0x5dfc</run_address>
         <size>0x54</size>
         <alignment>0x4</alignment>
         <input_file_ref idref="fl-53"/>
      </object_component>
      <object_component id="oc-68d">
         <name>.text.rclPowerNotify</name>
         <load_address>0x5e50</load_address>
         <readonly>true</readonly>
         <executable>true</executable>
         <run_address>0x5e50</run_address>
         <size>0x54</size>
         <alignment>0x4</alignment>
         <input_file_ref idref="fl-51"/>
      </object_component>
      <object_component id="oc-5f3">
         <name>.text.RCL_Scheduler_setCustomStartStopTimeEarliestStart</name>
         <load_address>0x5ea4</load_address>
         <readonly>true</readonly>
         <executable>true</executable>
         <run_address>0x5ea4</run_address>
         <size>0x50</size>
         <alignment>0x4</alignment>
         <input_file_ref idref="fl-50"/>
      </object_component>
      <object_component id="oc-66d">
         <name>.text.Temperature_init</name>
         <load_address>0x5ef4</load_address>
         <readonly>true</readonly>
         <executable>true</executable>
         <run_address>0x5ef4</run_address>
         <size>0x50</size>
         <alignment>0x4</alignment>
         <input_file_ref idref="fl-72"/>
      </object_component>
      <object_component id="oc-6e7">
         <name>.text.HwiP_post</name>
         <load_address>0x5f44</load_address>
         <readonly>true</readonly>
         <executable>true</executable>
         <run_address>0x5f44</run_address>
         <size>0x4c</size>
         <alignment>0x4</alignment>
         <input_file_ref idref="fl-2b"/>
      </object_component>
      <object_component id="oc-655">
         <name>.text.LRFDApplyClockDependencies</name>
         <load_address>0x5f90</load_address>
         <readonly>true</readonly>
         <executable>true</executable>
         <run_address>0x5f90</run_address>
         <size>0x4c</size>
         <alignment>0x4</alignment>
         <input_file_ref idref="fl-7c"/>
      </object_component>
      <object_component id="oc-69a">
         <name>.text.LRF_programTemperatureCompensatedTxPower</name>
         <load_address>0x5fdc</load_address>
         <readonly>true</readonly>
         <executable>true</executable>
         <run_address>0x5fdc</run_address>
         <size>0x4c</size>
         <alignment>0x4</alignment>
         <input_file_ref idref="fl-54"/>
      </object_component>
      <object_component id="oc-60e">
         <name>.text.LRF_writeTxFifoWords</name>
         <load_address>0x6028</load_address>
         <readonly>true</readonly>
         <executable>true</executable>
         <run_address>0x6028</run_address>
         <size>0x4c</size>
         <alignment>0x4</alignment>
         <input_file_ref idref="fl-54"/>
      </object_component>
      <object_component id="oc-609">
         <name>.text.RCL_Handler_Ieee_setCoexPriority</name>
         <load_address>0x6074</load_address>
         <readonly>true</readonly>
         <executable>true</executable>
         <run_address>0x6074</run_address>
         <size>0x4c</size>
         <alignment>0x4</alignment>
         <input_file_ref idref="fl-52"/>
      </object_component>
      <object_component id="oc-548">
         <name>.text.RCL_open</name>
         <load_address>0x60c0</load_address>
         <readonly>true</readonly>
         <executable>true</executable>
         <run_address>0x60c0</run_address>
         <size>0x4c</size>
         <alignment>0x4</alignment>
         <input_file_ref idref="fl-51"/>
      </object_component>
      <object_component id="oc-532">
         <name>.text.UDMALPF3_init</name>
         <load_address>0x610c</load_address>
         <readonly>true</readonly>
         <executable>true</executable>
         <run_address>0x610c</run_address>
         <size>0x4c</size>
         <alignment>0x4</alignment>
         <input_file_ref idref="fl-66"/>
      </object_component>
      <object_component id="oc-581">
         <name>.text.gboss_cmd_attr_request</name>
         <load_address>0x6158</load_address>
         <readonly>true</readonly>
         <executable>true</executable>
         <run_address>0x6158</run_address>
         <size>0x4c</size>
         <alignment>0x4</alignment>
         <input_file_ref idref="fl-186"/>
      </object_component>
      <object_component id="oc-6d1">
         <name>.text.uDMASetChannelTransfer</name>
         <load_address>0x61a4</load_address>
         <readonly>true</readonly>
         <executable>true</executable>
         <run_address>0x61a4</run_address>
         <size>0x4c</size>
         <alignment>0x4</alignment>
         <input_file_ref idref="fl-186"/>
      </object_component>
      <object_component id="oc-6ed">
         <name>.text.LRF_loadImage</name>
         <load_address>0x61f0</load_address>
         <readonly>true</readonly>
         <executable>true</executable>
         <run_address>0x61f0</run_address>
         <size>0x4a</size>
         <alignment>0x2</alignment>
         <input_file_ref idref="fl-56"/>
      </object_component>
      <object_component id="oc-5d3">
         <name>.text.RCL_GPIO_enable</name>
         <load_address>0x623a</load_address>
         <readonly>true</readonly>
         <executable>true</executable>
         <run_address>0x623a</run_address>
         <size>0x2</size>
         <alignment>0x2</alignment>
         <input_file_ref idref="fl-57"/>
      </object_component>
      <object_component id="oc-6b5">
         <name>.text.LRF_setTemperatureTrim</name>
         <load_address>0x623c</load_address>
         <readonly>true</readonly>
         <executable>true</executable>
         <run_address>0x623c</run_address>
         <size>0x48</size>
         <alignment>0x4</alignment>
         <input_file_ref idref="fl-54"/>
      </object_component>
      <object_component id="oc-713">
         <name>.text.PowerLPF3_getHfxtAmpAdjustment</name>
         <load_address>0x6284</load_address>
         <readonly>true</readonly>
         <executable>true</executable>
         <run_address>0x6284</run_address>
         <size>0x48</size>
         <alignment>0x4</alignment>
         <input_file_ref idref="fl-70"/>
      </object_component>
      <object_component id="oc-5c5">
         <name>.text.RCL_Scheduler_postEvent</name>
         <load_address>0x62cc</load_address>
         <readonly>true</readonly>
         <executable>true</executable>
         <run_address>0x62cc</run_address>
         <size>0x48</size>
         <alignment>0x4</alignment>
         <input_file_ref idref="fl-50"/>
      </object_component>
      <object_component id="oc-5e6">
         <name>.text.SemaphoreP_post</name>
         <load_address>0x6314</load_address>
         <readonly>true</readonly>
         <executable>true</executable>
         <run_address>0x6314</run_address>
         <size>0x48</size>
         <alignment>0x4</alignment>
         <input_file_ref idref="fl-27"/>
      </object_component>
      <object_component id="oc-727">
         <name>.text.degreesToCode</name>
         <load_address>0x635c</load_address>
         <readonly>true</readonly>
         <executable>true</executable>
         <run_address>0x635c</run_address>
         <size>0x48</size>
         <alignment>0x4</alignment>
         <input_file_ref idref="fl-186"/>
      </object_component>
      <object_component id="oc-584">
         <name>.text.gboss_app_send_rx</name>
         <load_address>0x63a4</load_address>
         <readonly>true</readonly>
         <executable>true</executable>
         <run_address>0x63a4</run_address>
         <size>0x48</size>
         <alignment>0x4</alignment>
         <input_file_ref idref="fl-186"/>
      </object_component>
      <object_component id="oc-71c">
         <name>.text.setNextThresholds</name>
         <load_address>0x63ec</load_address>
         <readonly>true</readonly>
         <executable>true</executable>
         <run_address>0x63ec</run_address>
         <size>0x48</size>
         <alignment>0x4</alignment>
         <input_file_ref idref="fl-186"/>
      </object_component>
      <object_component id="oc-5e2">
         <name>.text.zb_mac_set_tx_channel</name>
         <load_address>0x6434</load_address>
         <readonly>true</readonly>
         <executable>true</executable>
         <run_address>0x6434</run_address>
         <size>0x48</size>
         <alignment>0x4</alignment>
         <input_file_ref idref="fl-33"/>
      </object_component>
      <object_component id="oc-577">
         <name>.text.zgpd_timer_set</name>
         <load_address>0x647c</load_address>
         <readonly>true</readonly>
         <executable>true</executable>
         <run_address>0x647c</run_address>
         <size>0x48</size>
         <alignment>0x4</alignment>
         <input_file_ref idref="fl-3d"/>
      </object_component>
      <object_component id="oc-58c">
         <name>.text.ClockP_construct</name>
         <load_address>0x64c4</load_address>
         <readonly>true</readonly>
         <executable>true</executable>
         <run_address>0x64c4</run_address>
         <size>0x44</size>
         <alignment>0x4</alignment>
         <input_file_ref idref="fl-29"/>
      </object_component>
      <object_component id="oc-52f">
         <name>.text.PowerLPF3_selectLFXT</name>
         <load_address>0x6508</load_address>
         <readonly>true</readonly>
         <executable>true</executable>
         <run_address>0x6508</run_address>
         <size>0x44</size>
         <alignment>0x4</alignment>
         <input_file_ref idref="fl-70"/>
      </object_component>
      <object_component id="oc-60b">
         <name>.text.RCL_MultiBuffer_getBuffer</name>
         <load_address>0x654c</load_address>
         <readonly>true</readonly>
         <executable>true</executable>
         <run_address>0x654c</run_address>
         <size>0x44</size>
         <alignment>0x2</alignment>
         <input_file_ref idref="fl-4f"/>
      </object_component>
      <object_component id="oc-718">
         <name>.text.batMonHwiFxn</name>
         <load_address>0x6590</load_address>
         <readonly>true</readonly>
         <executable>true</executable>
         <run_address>0x6590</run_address>
         <size>0x44</size>
         <alignment>0x4</alignment>
         <input_file_ref idref="fl-186"/>
      </object_component>
      <object_component id="oc-57a">
         <name>.text.mac_ti23xx_trans_rec_pkt</name>
         <load_address>0x65d4</load_address>
         <readonly>true</readonly>
         <executable>true</executable>
         <run_address>0x65d4</run_address>
         <size>0x44</size>
         <alignment>0x4</alignment>
         <input_file_ref idref="fl-186"/>
      </object_component>
      <object_component id="oc-641">
         <name>.text.zb_osif_nvram_write_memory</name>
         <load_address>0x6618</load_address>
         <readonly>true</readonly>
         <executable>true</executable>
         <run_address>0x6618</run_address>
         <size>0x44</size>
         <alignment>0x4</alignment>
         <input_file_ref idref="fl-3f"/>
      </object_component>
      <object_component id="oc-72d">
         <name>.text.NVSLPF3_read</name>
         <load_address>0x665c</load_address>
         <readonly>true</readonly>
         <executable>true</executable>
         <run_address>0x665c</run_address>
         <size>0x40</size>
         <alignment>0x4</alignment>
         <input_file_ref idref="fl-6e"/>
      </object_component>
      <object_component id="oc-630">
         <name>.text.RCL_Command_submit</name>
         <load_address>0x669c</load_address>
         <readonly>true</readonly>
         <executable>true</executable>
         <run_address>0x669c</run_address>
         <size>0x40</size>
         <alignment>0x4</alignment>
         <input_file_ref idref="fl-51"/>
      </object_component>
      <object_component id="oc-626">
         <name>.text.__aeabi_uidivmod</name>
         <load_address>0x66dc</load_address>
         <readonly>true</readonly>
         <executable>true</executable>
         <run_address>0x66dc</run_address>
         <size>0x40</size>
         <alignment>0x4</alignment>
         <input_file_ref idref="fl-155"/>
      </object_component>
      <object_component id="oc-624">
         <name>.text.zb_nvs_open</name>
         <load_address>0x671c</load_address>
         <readonly>true</readonly>
         <executable>true</executable>
         <run_address>0x671c</run_address>
         <size>0x40</size>
         <alignment>0x4</alignment>
         <input_file_ref idref="fl-186"/>
      </object_component>
      <object_component id="oc-551">
         <name>.text.zb_osif_nvram_read_memory</name>
         <load_address>0x675c</load_address>
         <readonly>true</readonly>
         <executable>true</executable>
         <run_address>0x675c</run_address>
         <size>0x40</size>
         <alignment>0x4</alignment>
         <input_file_ref idref="fl-3f"/>
      </object_component>
      <object_component id="oc-539">
         <name>.text.GPIO_resetConfig</name>
         <load_address>0x679c</load_address>
         <readonly>true</readonly>
         <executable>true</executable>
         <run_address>0x679c</run_address>
         <size>0x3c</size>
         <alignment>0x4</alignment>
         <input_file_ref idref="fl-68"/>
      </object_component>
      <object_component id="oc-53c">
         <name>.text.RCL_init</name>
         <load_address>0x67d8</load_address>
         <readonly>true</readonly>
         <executable>true</executable>
         <run_address>0x67d8</run_address>
         <size>0x3c</size>
         <alignment>0x4</alignment>
         <input_file_ref idref="fl-51"/>
      </object_component>
      <object_component id="oc-5cd">
         <name>.text.RCL_openPowerNotifications</name>
         <load_address>0x6814</load_address>
         <readonly>true</readonly>
         <executable>true</executable>
         <run_address>0x6814</run_address>
         <size>0x3c</size>
         <alignment>0x4</alignment>
         <input_file_ref idref="fl-51"/>
      </object_component>
      <object_component id="oc-6a1">
         <name>.text.countLeadingZeros</name>
         <load_address>0x6850</load_address>
         <readonly>true</readonly>
         <executable>true</executable>
         <run_address>0x6850</run_address>
         <size>0x3c</size>
         <alignment>0x2</alignment>
         <input_file_ref idref="fl-54"/>
      </object_component>
      <object_component id="oc-724">
         <name>.text.updateThresholds</name>
         <load_address>0x688c</load_address>
         <readonly>true</readonly>
         <executable>true</executable>
         <run_address>0x688c</run_address>
         <size>0x3c</size>
         <alignment>0x4</alignment>
         <input_file_ref idref="fl-186"/>
      </object_component>
      <object_component id="oc-525">
         <name>.text:__TI_auto_init_nobinit_nopinit</name>
         <load_address>0x68c8</load_address>
         <readonly>true</readonly>
         <executable>true</executable>
         <run_address>0x68c8</run_address>
         <size>0x3c</size>
         <alignment>0x4</alignment>
         <input_file_ref idref="fl-9c"/>
      </object_component>
      <object_component id="oc-536">
         <name>.text.GPIO_hwiIntFxn</name>
         <load_address>0x6904</load_address>
         <readonly>true</readonly>
         <executable>true</executable>
         <run_address>0x6904</run_address>
         <size>0x38</size>
         <alignment>0x4</alignment>
         <input_file_ref idref="fl-6a"/>
      </object_component>
      <object_component id="oc-678">
         <name>.text.LRF_imagesNeedUpdate</name>
         <load_address>0x693c</load_address>
         <readonly>true</readonly>
         <executable>true</executable>
         <run_address>0x693c</run_address>
         <size>0x38</size>
         <alignment>0x4</alignment>
         <input_file_ref idref="fl-54"/>
      </object_component>
      <object_component id="oc-5da">
         <name>.text.LRF_programTxPower</name>
         <load_address>0x6974</load_address>
         <readonly>true</readonly>
         <executable>true</executable>
         <run_address>0x6974</run_address>
         <size>0x38</size>
         <alignment>0x4</alignment>
         <input_file_ref idref="fl-54"/>
      </object_component>
      <object_component id="oc-611">
         <name>.text.LRF_updateTemperatureCompensation</name>
         <load_address>0x69ac</load_address>
         <readonly>true</readonly>
         <executable>true</executable>
         <run_address>0x69ac</run_address>
         <size>0x38</size>
         <alignment>0x4</alignment>
         <input_file_ref idref="fl-54"/>
      </object_component>
      <object_component id="oc-708">
         <name>.text.PowerCC23X0_updateHFXTRatio</name>
         <load_address>0x69e4</load_address>
         <readonly>true</readonly>
         <executable>true</executable>
         <run_address>0x69e4</run_address>
         <size>0x38</size>
         <alignment>0x4</alignment>
         <input_file_ref idref="fl-186"/>
      </object_component>
      <object_component id="oc-652">
         <name>.text.Power_releaseConstraint</name>
         <load_address>0x6a1c</load_address>
         <readonly>true</readonly>
         <executable>true</executable>
         <run_address>0x6a1c</run_address>
         <size>0x38</size>
         <alignment>0x4</alignment>
         <input_file_ref idref="fl-70"/>
      </object_component>
      <object_component id="oc-600">
         <name>.text.RCL_Handler_Ieee_setCoexEndMode</name>
         <load_address>0x6a54</load_address>
         <readonly>true</readonly>
         <executable>true</executable>
         <run_address>0x6a54</run_address>
         <size>0x38</size>
         <alignment>0x4</alignment>
         <input_file_ref idref="fl-52"/>
      </object_component>
      <object_component id="oc-71b">
         <name>.text.Temperature_getTemperature</name>
         <load_address>0x6a8c</load_address>
         <readonly>true</readonly>
         <executable>true</executable>
         <run_address>0x6a8c</run_address>
         <size>0x38</size>
         <alignment>0x4</alignment>
         <input_file_ref idref="fl-72"/>
      </object_component>
      <object_component id="oc-703">
         <name>.text.Temperature_registerNotifyRange</name>
         <load_address>0x6ac4</load_address>
         <readonly>true</readonly>
         <executable>true</executable>
         <run_address>0x6ac4</run_address>
         <size>0x38</size>
         <alignment>0x4</alignment>
         <input_file_ref idref="fl-72"/>
      </object_component>
      <object_component id="oc-4e0">
         <name>.text.resetISR</name>
         <load_address>0x6afc</load_address>
         <readonly>true</readonly>
         <executable>true</executable>
         <run_address>0x6afc</run_address>
         <size>0x38</size>
         <alignment>0x4</alignment>
         <input_file_ref idref="fl-2f"/>
      </object_component>
      <object_component id="oc-622">
         <name>.text.zb_mss_search_nonzero_bit</name>
         <load_address>0x6b34</load_address>
         <readonly>true</readonly>
         <executable>true</executable>
         <run_address>0x6b34</run_address>
         <size>0x38</size>
         <alignment>0x4</alignment>
         <input_file_ref idref="fl-186"/>
      </object_component>
      <object_component id="oc-6b9">
         <name>.text.RCL_TxBuffer_init</name>
         <load_address>0x6b6c</load_address>
         <readonly>true</readonly>
         <executable>true</executable>
         <run_address>0x6b6c</run_address>
         <size>0x36</size>
         <alignment>0x2</alignment>
         <input_file_ref idref="fl-4f"/>
      </object_component>
      <object_component id="oc-677">
         <name>.text.RCL_phyHook</name>
         <load_address>0x6ba2</load_address>
         <readonly>true</readonly>
         <executable>true</executable>
         <run_address>0x6ba2</run_address>
         <size>0x2</size>
         <alignment>0x2</alignment>
         <input_file_ref idref="fl-51"/>
      </object_component>
      <object_component id="oc-720">
         <name>.text.LRF_findExtTrim1TrimAdjustment</name>
         <load_address>0x6ba4</load_address>
         <readonly>true</readonly>
         <executable>true</executable>
         <run_address>0x6ba4</run_address>
         <size>0x34</size>
         <alignment>0x4</alignment>
         <input_file_ref idref="fl-54"/>
      </object_component>
      <object_component id="oc-651">
         <name>.text.PowerCC23X0_notify</name>
         <load_address>0x6bd8</load_address>
         <readonly>true</readonly>
         <executable>true</executable>
         <run_address>0x6bd8</run_address>
         <size>0x34</size>
         <alignment>0x4</alignment>
         <input_file_ref idref="fl-70"/>
      </object_component>
      <object_component id="oc-59a">
         <name>.text.Power_getDependencyCount</name>
         <load_address>0x6c0c</load_address>
         <readonly>true</readonly>
         <executable>true</executable>
         <run_address>0x6c0c</run_address>
         <size>0x34</size>
         <alignment>0x4</alignment>
         <input_file_ref idref="fl-70"/>
      </object_component>
      <object_component id="oc-596">
         <name>.text.Power_setConstraint</name>
         <load_address>0x6c40</load_address>
         <readonly>true</readonly>
         <executable>true</executable>
         <run_address>0x6c40</run_address>
         <size>0x34</size>
         <alignment>0x4</alignment>
         <input_file_ref idref="fl-70"/>
      </object_component>
      <object_component id="oc-541">
         <name>.text.RCL_MultiBuffer_init</name>
         <load_address>0x6c74</load_address>
         <readonly>true</readonly>
         <executable>true</executable>
         <run_address>0x6c74</run_address>
         <size>0x34</size>
         <alignment>0x4</alignment>
         <input_file_ref idref="fl-4f"/>
      </object_component>
      <object_component id="oc-707">
         <name>.text.Temperature_unregisterNotify</name>
         <load_address>0x6ca8</load_address>
         <readonly>true</readonly>
         <executable>true</executable>
         <run_address>0x6ca8</run_address>
         <size>0x34</size>
         <alignment>0x4</alignment>
         <input_file_ref idref="fl-72"/>
      </object_component>
      <object_component id="oc-625">
         <name>.text.zb_mss_set_zero_bit</name>
         <load_address>0x6cdc</load_address>
         <readonly>true</readonly>
         <executable>true</executable>
         <run_address>0x6cdc</run_address>
         <size>0x34</size>
         <alignment>0x4</alignment>
         <input_file_ref idref="fl-186"/>
      </object_component>
      <object_component id="oc-585">
         <name>.text.gboss_handle_header_attr_cmd</name>
         <load_address>0x6d10</load_address>
         <readonly>true</readonly>
         <executable>true</executable>
         <run_address>0x6d10</run_address>
         <size>0x32</size>
         <alignment>0x2</alignment>
         <input_file_ref idref="fl-31"/>
      </object_component>
      <object_component id="oc-62a">
         <name>.text.zb_nvm_word_read_modify_write</name>
         <load_address>0x6d42</load_address>
         <readonly>true</readonly>
         <executable>true</executable>
         <run_address>0x6d42</run_address>
         <size>0x32</size>
         <alignment>0x2</alignment>
         <input_file_ref idref="fl-186"/>
      </object_component>
      <object_component id="oc-5f1">
         <name>.text.LRF_enable</name>
         <load_address>0x6d74</load_address>
         <readonly>true</readonly>
         <executable>true</executable>
         <run_address>0x6d74</run_address>
         <size>0x30</size>
         <alignment>0x4</alignment>
         <input_file_ref idref="fl-54"/>
      </object_component>
      <object_component id="oc-6a2">
         <name>.text.LRF_findFoff</name>
         <load_address>0x6da4</load_address>
         <readonly>true</readonly>
         <executable>true</executable>
         <run_address>0x6da4</run_address>
         <size>0x30</size>
         <alignment>0x4</alignment>
         <input_file_ref idref="fl-54"/>
      </object_component>
      <object_component id="oc-6a0">
         <name>.text.LRF_findPllMBase</name>
         <load_address>0x6dd4</load_address>
         <readonly>true</readonly>
         <executable>true</executable>
         <run_address>0x6dd4</run_address>
         <size>0x30</size>
         <alignment>0x4</alignment>
         <input_file_ref idref="fl-54"/>
      </object_component>
      <object_component id="oc-60a">
         <name>.text.LRF_peekRxFifo</name>
         <load_address>0x6e04</load_address>
         <readonly>true</readonly>
         <executable>true</executable>
         <run_address>0x6e04</run_address>
         <size>0x30</size>
         <alignment>0x4</alignment>
         <input_file_ref idref="fl-54"/>
      </object_component>
      <object_component id="oc-72a">
         <name>.text.NVSLPF3_erase</name>
         <load_address>0x6e34</load_address>
         <readonly>true</readonly>
         <executable>true</executable>
         <run_address>0x6e34</run_address>
         <size>0x30</size>
         <alignment>0x4</alignment>
         <input_file_ref idref="fl-6e"/>
      </object_component>
      <object_component id="oc-5ae">
         <name>.text.NVSLPF3_init</name>
         <load_address>0x6e64</load_address>
         <readonly>true</readonly>
         <executable>true</executable>
         <run_address>0x6e64</run_address>
         <size>0x30</size>
         <alignment>0x4</alignment>
         <input_file_ref idref="fl-6e"/>
      </object_component>
      <object_component id="oc-59b">
         <name>.text.PowerCC23X0_setDependencyCount</name>
         <load_address>0x6e94</load_address>
         <readonly>true</readonly>
         <executable>true</executable>
         <run_address>0x6e94</run_address>
         <size>0x30</size>
         <alignment>0x4</alignment>
         <input_file_ref idref="fl-186"/>
      </object_component>
      <object_component id="oc-5a7">
         <name>.text.UDMALPF3_postNotifyFxn</name>
         <load_address>0x6ec4</load_address>
         <readonly>true</readonly>
         <executable>true</executable>
         <run_address>0x6ec4</run_address>
         <size>0x30</size>
         <alignment>0x4</alignment>
         <input_file_ref idref="fl-186"/>
      </object_component>
      <object_component id="oc-679">
         <name>.text.hal_setup_setup_time</name>
         <load_address>0x6ef4</load_address>
         <readonly>true</readonly>
         <executable>true</executable>
         <run_address>0x6ef4</run_address>
         <size>0x30</size>
         <alignment>0x4</alignment>
         <input_file_ref idref="fl-53"/>
      </object_component>
      <object_component id="oc-632">
         <name>.text.zb_ti_f3_enable_all_inter</name>
         <load_address>0x6f24</load_address>
         <readonly>true</readonly>
         <executable>true</executable>
         <run_address>0x6f24</run_address>
         <size>0x30</size>
         <alignment>0x4</alignment>
         <input_file_ref idref="fl-7"/>
      </object_component>
      <object_component id="oc-59e">
         <name>.text.IntRegister</name>
         <load_address>0x6f54</load_address>
         <readonly>true</readonly>
         <executable>true</executable>
         <run_address>0x6f54</run_address>
         <size>0x2c</size>
         <alignment>0x4</alignment>
         <input_file_ref idref="fl-7a"/>
      </object_component>
      <object_component id="oc-613">
         <name>.text.LRF_disable</name>
         <load_address>0x6f80</load_address>
         <readonly>true</readonly>
         <executable>true</executable>
         <run_address>0x6f80</run_address>
         <size>0x2c</size>
         <alignment>0x4</alignment>
         <input_file_ref idref="fl-54"/>
      </object_component>
      <object_component id="oc-5ff">
         <name>.text.LRF_enableTemperatureMonitoring</name>
         <load_address>0x6fac</load_address>
         <readonly>true</readonly>
         <executable>true</executable>
         <run_address>0x6fac</run_address>
         <size>0x2c</size>
         <alignment>0x4</alignment>
         <input_file_ref idref="fl-54"/>
      </object_component>
      <object_component id="oc-5fd">
         <name>.text.LRF_prepareRxFifo</name>
         <load_address>0x6fd8</load_address>
         <readonly>true</readonly>
         <executable>true</executable>
         <run_address>0x6fd8</run_address>
         <size>0x2c</size>
         <alignment>0x4</alignment>
         <input_file_ref idref="fl-54"/>
      </object_component>
      <object_component id="oc-6dc">
         <name>.text.List_remove</name>
         <load_address>0x7004</load_address>
         <readonly>true</readonly>
         <executable>true</executable>
         <run_address>0x7004</run_address>
         <size>0x2c</size>
         <alignment>0x2</alignment>
         <input_file_ref idref="fl-60"/>
      </object_component>
      <object_component id="oc-64d">
         <name>.text.PowerLPF3_isLfincFilterAllowingStandby</name>
         <load_address>0x7030</load_address>
         <readonly>true</readonly>
         <executable>true</executable>
         <run_address>0x7030</run_address>
         <size>0x2c</size>
         <alignment>0x4</alignment>
         <input_file_ref idref="fl-70"/>
      </object_component>
      <object_component id="oc-5ed">
         <name>.text.RCL_Handler_Ieee_processCoexTxPriority</name>
         <load_address>0x705c</load_address>
         <readonly>true</readonly>
         <executable>true</executable>
         <run_address>0x705c</run_address>
         <size>0x2c</size>
         <alignment>0x4</alignment>
         <input_file_ref idref="fl-52"/>
      </object_component>
      <object_component id="oc-6c8">
         <name>.text.RCL_submitHook</name>
         <load_address>0x7088</load_address>
         <readonly>true</readonly>
         <executable>true</executable>
         <run_address>0x7088</run_address>
         <size>0x2c</size>
         <alignment>0x4</alignment>
         <input_file_ref idref="fl-51"/>
      </object_component>
      <object_component id="oc-661">
         <name>.text.free_list_insert</name>
         <load_address>0x70b4</load_address>
         <readonly>true</readonly>
         <executable>true</executable>
         <run_address>0x70b4</run_address>
         <size>0x2c</size>
         <alignment>0x4</alignment>
         <input_file_ref idref="fl-186"/>
      </object_component>
      <object_component id="oc-6ec">
         <name>.text.hal_cancel_lrfd_systim0</name>
         <load_address>0x70e0</load_address>
         <readonly>true</readonly>
         <executable>true</executable>
         <run_address>0x70e0</run_address>
         <size>0x2c</size>
         <alignment>0x4</alignment>
         <input_file_ref idref="fl-53"/>
      </object_component>
      <object_component id="oc-579">
         <name>.text.zgpd_timer_clear</name>
         <load_address>0x710c</load_address>
         <readonly>true</readonly>
         <executable>true</executable>
         <run_address>0x710c</run_address>
         <size>0x2c</size>
         <alignment>0x4</alignment>
         <input_file_ref idref="fl-3d"/>
      </object_component>
      <object_component id="oc-712">
         <name>.text.List_get</name>
         <load_address>0x7138</load_address>
         <readonly>true</readonly>
         <executable>true</executable>
         <run_address>0x7138</run_address>
         <size>0x2a</size>
         <alignment>0x2</alignment>
         <input_file_ref idref="fl-60"/>
      </object_component>
      <object_component id="oc-5c4">
         <name>.text.List_put</name>
         <load_address>0x7162</load_address>
         <readonly>true</readonly>
         <executable>true</executable>
         <run_address>0x7162</run_address>
         <size>0x2a</size>
         <alignment>0x2</alignment>
         <input_file_ref idref="fl-60"/>
      </object_component>
      <object_component id="oc-658">
         <name>.text.IntDisable</name>
         <load_address>0x718c</load_address>
         <readonly>true</readonly>
         <executable>true</executable>
         <run_address>0x718c</run_address>
         <size>0x28</size>
         <alignment>0x4</alignment>
         <input_file_ref idref="fl-7a"/>
      </object_component>
      <object_component id="oc-5a0">
         <name>.text.IntEnable</name>
         <load_address>0x71b4</load_address>
         <readonly>true</readonly>
         <executable>true</executable>
         <run_address>0x71b4</run_address>
         <size>0x28</size>
         <alignment>0x4</alignment>
         <input_file_ref idref="fl-7a"/>
      </object_component>
      <object_component id="oc-597">
         <name>.text.PowerCC23X0_startLfclkTdcMeasurement</name>
         <load_address>0x71dc</load_address>
         <readonly>true</readonly>
         <executable>true</executable>
         <run_address>0x71dc</run_address>
         <size>0x28</size>
         <alignment>0x4</alignment>
         <input_file_ref idref="fl-186"/>
      </object_component>
      <object_component id="oc-6ff">
         <name>.text.hal_setup_start_time</name>
         <load_address>0x7204</load_address>
         <readonly>true</readonly>
         <executable>true</executable>
         <run_address>0x7204</run_address>
         <size>0x28</size>
         <alignment>0x4</alignment>
         <input_file_ref idref="fl-53"/>
      </object_component>
      <object_component id="oc-5fc">
         <name>.text.hal_setup_sync_found_cap</name>
         <load_address>0x722c</load_address>
         <readonly>true</readonly>
         <executable>true</executable>
         <run_address>0x722c</run_address>
         <size>0x28</size>
         <alignment>0x4</alignment>
         <input_file_ref idref="fl-53"/>
      </object_component>
      <object_component id="oc-623">
         <name>.text.read_cycle_word</name>
         <load_address>0x7254</load_address>
         <readonly>true</readonly>
         <executable>true</executable>
         <run_address>0x7254</run_address>
         <size>0x28</size>
         <alignment>0x4</alignment>
         <input_file_ref idref="fl-186"/>
      </object_component>
      <object_component id="oc-62f">
         <name>.text.zb_ti_f3_disable_all_inter</name>
         <load_address>0x727c</load_address>
         <readonly>true</readonly>
         <executable>true</executable>
         <run_address>0x727c</run_address>
         <size>0x28</size>
         <alignment>0x4</alignment>
         <input_file_ref idref="fl-7"/>
      </object_component>
      <object_component id="oc-553">
         <name>.text.zgpd_wait_for_event</name>
         <load_address>0x72a4</load_address>
         <readonly>true</readonly>
         <executable>true</executable>
         <run_address>0x72a4</run_address>
         <size>0x28</size>
         <alignment>0x4</alignment>
         <input_file_ref idref="fl-7"/>
      </object_component>
      <object_component id="oc-5a2">
         <name>.text.HwiP_dispatch</name>
         <load_address>0x72cc</load_address>
         <readonly>true</readonly>
         <executable>true</executable>
         <run_address>0x72cc</run_address>
         <size>0x24</size>
         <alignment>0x4</alignment>
         <input_file_ref idref="fl-2b"/>
      </object_component>
      <object_component id="oc-5e7">
         <name>.text.LRF_enableSynthRefsys</name>
         <load_address>0x72f0</load_address>
         <readonly>true</readonly>
         <executable>true</executable>
         <run_address>0x72f0</run_address>
         <size>0x24</size>
         <alignment>0x4</alignment>
         <input_file_ref idref="fl-54"/>
      </object_component>
      <object_component id="oc-69f">
         <name>.text.LRF_findCalM</name>
         <load_address>0x7314</load_address>
         <readonly>true</readonly>
         <executable>true</executable>
         <run_address>0x7314</run_address>
         <size>0x24</size>
         <alignment>0x4</alignment>
         <input_file_ref idref="fl-54"/>
      </object_component>
      <object_component id="oc-6fa">
         <name>.text.LRF_getRawTxPower</name>
         <load_address>0x7338</load_address>
         <readonly>true</readonly>
         <executable>true</executable>
         <run_address>0x7338</run_address>
         <size>0x24</size>
         <alignment>0x4</alignment>
         <input_file_ref idref="fl-54"/>
      </object_component>
      <object_component id="oc-6b3">
         <name>.text.LRF_writeFifoPtr</name>
         <load_address>0x735c</load_address>
         <readonly>true</readonly>
         <executable>true</executable>
         <run_address>0x735c</run_address>
         <size>0x24</size>
         <alignment>0x4</alignment>
         <input_file_ref idref="fl-54"/>
      </object_component>
      <object_component id="oc-5a3">
         <name>.text.Power_registerNotify</name>
         <load_address>0x7380</load_address>
         <readonly>true</readonly>
         <executable>true</executable>
         <run_address>0x7380</run_address>
         <size>0x24</size>
         <alignment>0x4</alignment>
         <input_file_ref idref="fl-70"/>
      </object_component>
      <object_component id="oc-5fe">
         <name>.text.RCL_Handler_Ieee_updateRxCurBufferAndFifo</name>
         <load_address>0x73a4</load_address>
         <readonly>true</readonly>
         <executable>true</executable>
         <run_address>0x73a4</run_address>
         <size>0x24</size>
         <alignment>0x4</alignment>
         <input_file_ref idref="fl-52"/>
      </object_component>
      <object_component id="oc-6ab">
         <name>.text.RCL_MultiBuffer_findAvailableRxSpace</name>
         <load_address>0x73c8</load_address>
         <readonly>true</readonly>
         <executable>true</executable>
         <run_address>0x73c8</run_address>
         <size>0x24</size>
         <alignment>0x2</alignment>
         <input_file_ref idref="fl-4f"/>
      </object_component>
      <object_component id="oc-6ad">
[...]
      </symbol>
      <symbol id="sm-487">
         <name>RCL_Scheduler_delta</name>
         <value>0x76c5</value>
         <object_component_ref idref="oc-5ef"/>
      </symbol>
      <symbol id="sm-488">
         <name>RCL_Scheduler_setSchedStopTime</name>
         <value>0x7beb</value>
         <object_component_ref idref="oc-6ea"/>
      </symbol>
      <symbol id="sm-489">
         <name>RCL_Scheduler_postEvent</name>
         <value>0x62cd</value>
         <object_component_ref idref="oc-5c5"/>
      </symbol>
      <symbol id="sm-48a">
         <name>RCL_Scheduler_cancelSchedStopTime</name>
         <value>0x7bd7</value>
         <object_component_ref idref="oc-6f4"/>
      </symbol>
      <symbol id="sm-4d8">
         <name>RCL_clearNextCommandHook</name>
         <value>0x7b35</value>
         <object_component_ref idref="oc-672"/>
      </symbol>
      <symbol id="sm-4d9">
         <name>RCL_getNextCommandHook</name>
         <value>0x7b41</value>
         <object_component_ref idref="oc-671"/>
      </symbol>
      <symbol id="sm-4da">
         <name>RCL_policyHook</name>
         <value>0x7b4d</value>
         <object_component_ref idref="oc-6e9"/>
      </symbol>
      <symbol id="sm-4db">
         <name>RCL_phyHook</name>
         <value>0x6ba3</value>
         <object_component_ref idref="oc-677"/>
      </symbol>
      <symbol id="sm-4dc">
         <name>RCL_scheduleHook</name>
         <value>0x459d</value>
         <object_component_ref idref="oc-675"/>
      </symbol>
      <symbol id="sm-4dd">
         <name>RCL_init</name>
         <value>0x67d9</value>
         <object_component_ref idref="oc-53c"/>
      </symbol>
      <symbol id="sm-4de">
         <name>rclState</name>
         <value>0x20000cd4</value>
      </symbol>
      <symbol id="sm-4df">
         <name>RCL_openPowerNotifications</name>
         <value>0x6815</value>
         <object_component_ref idref="oc-5cd"/>
      </symbol>
      <symbol id="sm-4e0">
         <name>RCL_open</name>
         <value>0x60c1</value>
         <object_component_ref idref="oc-548"/>
      </symbol>
      <symbol id="sm-4e1">
         <name>RCL_submitHook</name>
         <value>0x7089</value>
         <object_component_ref idref="oc-6c8"/>
      </symbol>
      <symbol id="sm-4e2">
         <name>RCL_Command_submit</name>
         <value>0x669d</value>
         <object_component_ref idref="oc-630"/>
      </symbol>
      <symbol id="sm-4e3">
         <name>RCL_Command_pend</name>
         <value>0x5c05</value>
         <object_component_ref idref="oc-633"/>
      </symbol>
      <symbol id="sm-4e4">
         <name>RCL_Command_stop</name>
         <value>0x7bcd</value>
         <object_component_ref idref="oc-631"/>
      </symbol>
      <symbol id="sm-539">
         <name>RCL_Handler_Ieee_RxTx</name>
         <value>0x91</value>
         <object_component_ref idref="oc-55c"/>
      </symbol>
      <symbol id="sm-53a">
         <name>RCL_IEEE_Tx_submit</name>
         <value>0x4fc5</value>
         <object_component_ref idref="oc-6ba"/>
      </symbol>
      <symbol id="sm-53b">
         <name>RCL_IEEE_updateTxPower</name>
         <value>0x5d01</value>
         <object_component_ref idref="oc-54a"/>
      </symbol>
      <symbol id="sm-5ca">
         <name>hal_get_command_ifg_reg</name>
         <value>0x78e1</value>
         <object_component_ref idref="oc-67b"/>
      </symbol>
      <symbol id="sm-5cb">
         <name>hal_get_dispatch_ifg_reg</name>
         <value>0x7b7d</value>
         <object_component_ref idref="oc-66e"/>
      </symbol>
      <symbol id="sm-5cc">
         <name>hal_init_fsm</name>
         <value>0x52a1</value>
         <object_component_ref idref="oc-5b2"/>
      </symbol>
      <symbol id="sm-5cd">
         <name>hal_trigger_command_fsm</name>
         <value>0x7c27</value>
         <object_component_ref idref="oc-689"/>
      </symbol>
      <symbol id="sm-5ce">
         <name>hal_trigger_dispatch_fsm</name>
         <value>0x7c31</value>
         <object_component_ref idref="oc-687"/>
      </symbol>
      <symbol id="sm-5cf">
         <name>hal_trigger_scheduler_fsm</name>
         <value>0x7c3b</value>
         <object_component_ref idref="oc-66f"/>
      </symbol>
      <symbol id="sm-5d0">
         <name>hal_get_current_time</name>
         <value>0x7b71</value>
         <object_component_ref idref="oc-5ec"/>
      </symbol>
      <symbol id="sm-5d1">
         <name>hal_enable_setup_time_irq</name>
         <value>0x78cd</value>
         <object_component_ref idref="oc-6f9"/>
      </symbol>
      <symbol id="sm-5d2">
         <name>hal_setup_setup_time</name>
         <value>0x6ef5</value>
         <object_component_ref idref="oc-679"/>
      </symbol>
      <symbol id="sm-5d3">
         <name>channel2usage</name>
         <value>0x20001180</value>
         <object_component_ref idref="oc-6eb"/>
      </symbol>
      <symbol id="sm-5d4">
         <name>hal_setup_start_time</name>
         <value>0x7205</value>
         <object_component_ref idref="oc-6ff"/>
      </symbol>
      <symbol id="sm-5d5">
         <name>hal_setup_hard_stop_time</name>
         <value>0x74f5</value>
         <object_component_ref idref="oc-6a7"/>
      </symbol>
      <symbol id="sm-5d6">
         <name>hal_enable_hard_stop_time_irq</name>
         <value>0x78b9</value>
         <object_component_ref idref="oc-6a8"/>
      </symbol>
      <symbol id="sm-5d7">
         <name>hal_setup_graceful_stop_time</name>
         <value>0x770d</value>
         <object_component_ref idref="oc-6f3"/>
      </symbol>
      <symbol id="sm-5d8">
         <name>hal_cancel_start_time</name>
         <value>0x7cbd</value>
         <object_component_ref idref="oc-67d"/>
      </symbol>
      <symbol id="sm-5d9">
         <name>hal_cancel_hard_stop_time</name>
         <value>0x7cb5</value>
         <object_component_ref idref="oc-684"/>
      </symbol>
      <symbol id="sm-5da">
         <name>hal_cancel_graceful_stop_time</name>
         <value>0x74b5</value>
         <object_component_ref idref="oc-683"/>
      </symbol>
      <symbol id="sm-5db">
         <name>hal_enable_clk_buffer</name>
         <value>0x79f1</value>
         <object_component_ref idref="oc-5d8"/>
      </symbol>
      <symbol id="sm-5dc">
         <name>hal_setup_sync_found_cap</name>
         <value>0x722d</value>
         <object_component_ref idref="oc-5fc"/>
      </symbol>
      <symbol id="sm-5dd">
         <name>hal_check_clear_timer_compare</name>
         <value>0x5dfd</value>
         <object_component_ref idref="oc-67c"/>
      </symbol>
      <symbol id="sm-5de">
         <name>hal_init_dispatch_radio_interrupts</name>
         <value>0x7a21</value>
         <object_component_ref idref="oc-676"/>
      </symbol>
      <symbol id="sm-5df">
         <name>hal_enable_command_radio_interrupt</name>
         <value>0x7a01</value>
         <object_component_ref idref="oc-5eb"/>
      </symbol>
      <symbol id="sm-5e0">
         <name>hal_clear_command_radio_interrupt</name>
         <value>0x7b65</value>
         <object_component_ref idref="oc-5ea"/>
      </symbol>
      <symbol id="sm-5e1">
         <name>hal_disable_command_radio_interrupt</name>
         <value>0x79e1</value>
         <object_component_ref idref="oc-603"/>
      </symbol>
      <symbol id="sm-5e2">
         <name>hal_disable_all_command_radio_interrupts</name>
         <value>0x79c1</value>
         <object_component_ref idref="oc-685"/>
      </symbol>
      <symbol id="sm-5e3">
         <name>hal_disable_all_dispatch_radio_interrupts</name>
         <value>0x79d1</value>
         <object_component_ref idref="oc-670"/>
      </symbol>
      <symbol id="sm-5e4">
         <name>hal_set_rcl_clock_enable</name>
         <value>0x7661</value>
         <object_component_ref idref="oc-68f"/>
      </symbol>
      <symbol id="sm-5e5">
         <name>hal_power_set_standby_constraint</name>
         <value>0x7c09</value>
         <object_component_ref idref="oc-680"/>
      </symbol>
      <symbol id="sm-5e6">
         <name>hal_power_release_standby_constraint</name>
         <value>0x7bff</value>
         <object_component_ref idref="oc-686"/>
      </symbol>
      <symbol id="sm-5e7">
         <name>hal_power_set_swtcxo_update_constraint</name>
         <value>0x7c13</value>
         <object_component_ref idref="oc-5e8"/>
      </symbol>
      <symbol id="sm-5e8">
         <name>hal_power_release_swtcxo_update_constraint</name>
         <value>0x75bd</value>
         <object_component_ref idref="oc-618"/>
      </symbol>
      <symbol id="sm-5e9">
         <name>hal_power_open</name>
         <value>0x74d5</value>
         <object_component_ref idref="oc-68c"/>
      </symbol>
      <symbol id="sm-5ea">
         <name>hal_temperature_init</name>
         <value>0x7ccd</value>
         <object_component_ref idref="oc-5b8"/>
      </symbol>
      <symbol id="sm-5eb">
         <name>hal_get_temperature</name>
         <value>0x7cc5</value>
         <object_component_ref idref="oc-6fd"/>
      </symbol>
      <symbol id="sm-5ec">
         <name>hal_get_hfxt_ratio</name>
         <value>0x7a11</value>
         <object_component_ref idref="oc-69d"/>
      </symbol>
      <symbol id="sm-5ed">
         <name>hal_get_hfxt_ratio_default</name>
         <value>0x7d11</value>
         <object_component_ref idref="oc-69e"/>
      </symbol>
      <symbol id="sm-5ee">
         <name>hal_set_temperature_notification</name>
         <value>0x73ed</value>
         <object_component_ref idref="oc-6ad"/>
      </symbol>
      <symbol id="sm-5ef">
         <name>hal_stop_temperature_notification</name>
         <value>0x7a31</value>
         <object_component_ref idref="oc-6b6"/>
      </symbol>
      <symbol id="sm-5f0">
         <name>halSchedFsmCb</name>
         <value>0x2000115c</value>
         <object_component_ref idref="oc-66a"/>
      </symbol>
      <symbol id="sm-5f1">
         <name>halDispatchFsmCb</name>
         <value>0x20001160</value>
         <object_component_ref idref="oc-66a"/>
      </symbol>
      <symbol id="sm-5f2">
         <name>halCommandFsmCb</name>
         <value>0x20001164</value>
         <object_component_ref idref="oc-66a"/>
      </symbol>
      <symbol id="sm-677">
         <name>LRF_setupRadio</name>
         <value>0x2f21</value>
         <object_component_ref idref="oc-67e"/>
      </symbol>
      <symbol id="sm-678">
         <name>rclPbeGpoMask</name>
         <value>0x20001187</value>
         <object_component_ref idref="oc-6f2"/>
      </symbol>
      <symbol id="sm-679">
         <name>swParamList</name>
         <value>0x20000cb8</value>
      </symbol>
      <symbol id="sm-67a">
         <name>LRF_disableCoexGrant</name>
         <value>0x7af9</value>
         <object_component_ref idref="oc-616"/>
      </symbol>
      <symbol id="sm-67b">
         <name>LRF_imagesNeedUpdate</name>
         <value>0x693d</value>
         <object_component_ref idref="oc-678"/>
      </symbol>
      <symbol id="sm-67c">
         <name>LRF_enable</name>
         <value>0x6d75</value>
         <object_component_ref idref="oc-5f1"/>
      </symbol>
      <symbol id="sm-67d">
         <name>LRF_disable</name>
         <value>0x6f81</value>
         <object_component_ref idref="oc-613"/>
      </symbol>
      <symbol id="sm-67e">
         <name>LRF_waitForTopsmReady</name>
         <value>0x7971</value>
         <object_component_ref idref="oc-612"/>
      </symbol>
      <symbol id="sm-67f">
         <name>LRF_prepareRxFifo</name>
         <value>0x6fd9</value>
         <object_component_ref idref="oc-5fd"/>
      </symbol>
      <symbol id="sm-680">
         <name>LRF_prepareTxFifo</name>
         <value>0x7455</value>
         <object_component_ref idref="oc-5fb"/>
      </symbol>
      <symbol id="sm-681">
         <name>LRF_peekRxFifo</name>
         <value>0x6e05</value>
         <object_component_ref idref="oc-60a"/>
      </symbol>
      <symbol id="sm-682">
         <name>LRF_readRxFifoWords</name>
         <value>0x5ab5</value>
         <object_component_ref idref="oc-60c"/>
      </symbol>
      <symbol id="sm-683">
         <name>LRF_writeTxFifoWords</name>
         <value>0x6029</value>
         <object_component_ref idref="oc-60e"/>
      </symbol>
      <symbol id="sm-684">
         <name>LRF_setRxFifoEffSz</name>
         <value>0x5955</value>
         <object_component_ref idref="oc-6ac"/>
      </symbol>
      <symbol id="sm-685">
         <name>LRF_programFrequency</name>
         <value>0x2841</value>
         <object_component_ref idref="oc-5f0"/>
      </symbol>
      <symbol id="sm-686">
         <name>fXtalInv</name>
         <value>0x20001168</value>
         <object_component_ref idref="oc-6fe"/>
      </symbol>
      <symbol id="sm-687">
         <name>LRF_enableSynthRefsys</name>
         <value>0x72f1</value>
         <object_component_ref idref="oc-5e7"/>
      </symbol>
      <symbol id="sm-688">
         <name>LRF_disableSynthRefsys</name>
         <value>0x7805</value>
         <object_component_ref idref="oc-614"/>
      </symbol>
      <symbol id="sm-689">
         <name>LRF_rclEnableRadioClocks</name>
         <value>0x7961</value>
         <object_component_ref idref="oc-5ce"/>
      </symbol>
      <symbol id="sm-68a">
         <name>LRF_readRssi</name>
         <value>0x7b1d</value>
         <object_component_ref idref="oc-602"/>
      </symbol>
      <symbol id="sm-68b">
         <name>LRF_readMaxRssi</name>
         <value>0x7b11</value>
         <object_component_ref idref="oc-706"/>
      </symbol>
      <symbol id="sm-68c">
         <name>LRF_initializeMaxRssi</name>
         <value>0x7b05</value>
         <object_component_ref idref="oc-5f2"/>
      </symbol>
      <symbol id="sm-68d">
         <name>LRF_getRawTxPower</name>
         <value>0x7339</value>
         <object_component_ref idref="oc-6fa"/>
      </symbol>
      <symbol id="sm-68e">
         <name>LRF_enableCoexGrant</name>
         <value>0x782d</value>
         <object_component_ref idref="oc-5e9"/>
      </symbol>
      <symbol id="sm-68f">
         <name>lrfCoexConfiguration</name>
         <value>0xa496</value>
         <object_component_ref idref="oc-5f9"/>
      </symbol>
      <symbol id="sm-690">
         <name>LRF_deassertCoexRequest</name>
         <value>0x7951</value>
         <object_component_ref idref="oc-617"/>
      </symbol>
      <symbol id="sm-691">
         <name>LRF_programTemperatureCompensatedTxPower</name>
         <value>0x5fdd</value>
         <object_component_ref idref="oc-69a"/>
      </symbol>
      <symbol id="sm-692">
         <name>LRF_programTxPower</name>
         <value>0x6975</value>
         <object_component_ref idref="oc-5da"/>
      </symbol>
      <symbol id="sm-693">
         <name>LRF_enableTemperatureMonitoring</name>
         <value>0x6fad</value>
         <object_component_ref idref="oc-5ff"/>
      </symbol>
      <symbol id="sm-694">
         <name>LRF_disableTemperatureMonitoring</name>
         <value>0x7819</value>
         <object_component_ref idref="oc-615"/>
      </symbol>
      <symbol id="sm-695">
         <name>LRF_updateTemperatureCompensation</name>
         <value>0x69ad</value>
         <object_component_ref idref="oc-611"/>
      </symbol>
      <symbol id="sm-696">
         <name>swParamListSz</name>
         <value>0xa4d4</value>
         <object_component_ref idref="oc-71f"/>
      </symbol>
      <symbol id="sm-697">
         <name>rclTemperatureThreshold</name>
         <value>0x2000112a</value>
         <object_component_ref idref="oc-69c"/>
      </symbol>
      <symbol id="sm-69c">
         <name>rclFeatureControl</name>
         <value>0xa4cd</value>
         <object_component_ref idref="oc-604"/>
      </symbol>
      <symbol id="sm-6b2">
         <name>LRF_loadImage</name>
         <value>0x61f1</value>
         <object_component_ref idref="oc-6ed"/>
      </symbol>
      <symbol id="sm-6b3">
         <name>LRF_initSettingsState</name>
         <value>0x7ce3</value>
         <object_component_ref idref="oc-6ee"/>
      </symbol>
      <symbol id="sm-6b4">
         <name>LRF_applySettings</name>
         <value>0x2579</value>
         <object_component_ref idref="oc-6ef"/>
      </symbol>
      <symbol id="sm-6b5">
         <name>LRF_TxPowerTable_findValue</name>
         <value>0x4a2d</value>
         <object_component_ref idref="oc-694"/>
      </symbol>
      <symbol id="sm-6c0">
         <name>RCL_GPIO_enable</name>
         <value>0x623b</value>
         <object_component_ref idref="oc-5d3"/>
      </symbol>
      <symbol id="sm-6c1">
         <name>RCL_GPIO_disable</name>
         <value>0x4d23</value>
         <object_component_ref idref="oc-6f8"/>
      </symbol>
      <symbol id="sm-6ca">
         <name>__clzsi2</name>
         <value>0x5a05</value>
         <object_component_ref idref="oc-5a8"/>
      </symbol>
      <symbol id="sm-6d0">
         <name>__aeabi_memcpy</name>
         <value>0x7cad</value>
         <object_component_ref idref="oc-4fb"/>
      </symbol>
      <symbol id="sm-6d1">
         <name>__aeabi_memcpy4</name>
         <value>0x7cad</value>
         <object_component_ref idref="oc-4fb"/>
      </symbol>
      <symbol id="sm-6d2">
         <name>__aeabi_memcpy8</name>
         <value>0x7cad</value>
         <object_component_ref idref="oc-4fb"/>
      </symbol>
      <symbol id="sm-6d9">
         <name>__aeabi_memclr</name>
         <value>0x7b59</value>
         <object_component_ref idref="oc-504"/>
      </symbol>
      <symbol id="sm-6da">
         <name>__aeabi_memclr4</name>
         <value>0x7b59</value>
         <object_component_ref idref="oc-504"/>
      </symbol>
      <symbol id="sm-6db">
         <name>__aeabi_memclr8</name>
         <value>0x7b59</value>
         <object_component_ref idref="oc-504"/>
      </symbol>
      <symbol id="sm-6e1">
         <name>__aeabi_uidiv</name>
         <value>0x66dd</value>
         <object_component_ref idref="oc-626"/>
      </symbol>
      <symbol id="sm-6e2">
         <name>__aeabi_uidivmod</name>
         <value>0x66dd</value>
         <object_component_ref idref="oc-626"/>
      </symbol>
      <symbol id="sm-6ed">
         <name>__aeabi_idiv0</name>
         <value>0x767b</value>
         <object_component_ref idref="oc-6bf"/>
      </symbol>
      <symbol id="sm-6f6">
         <name>TI_memcpy_small</name>
         <value>0x791b</value>
         <object_component_ref idref="oc-511"/>
      </symbol>
      <symbol id="sm-6ff">
         <name>TI_memset_small</name>
         <value>0x7adf</value>
         <object_component_ref idref="oc-51d"/>
      </symbol>
      <symbol id="sm-718">
         <name>AESProcessAlignedBlocksCMAC</name>
         <value>0x4c91</value>
         <object_component_ref idref="oc-6cc"/>
      </symbol>
      <symbol id="sm-719">
         <name>AESProcessAlignedBlocksCTR</name>
         <value>0x4ca1</value>
         <object_component_ref idref="oc-6cc"/>
      </symbol>
      <symbol id="sm-71a">
         <name>AESProcessAlignedBlocksECB</name>
         <value>0x4cb9</value>
         <object_component_ref idref="oc-6cc"/>
      </symbol>
      <symbol id="sm-71b">
         <name>AESCopyBlock</name>
         <value>0x4d01</value>
         <object_component_ref idref="oc-6cc"/>
      </symbol>
      <symbol id="sm-71c">
         <name>__TI_static_base__</name>
         <value>0x0</value>
      </symbol>
      <symbol id="sm-720">
         <name>RCL_Debug_assertProxy</name>
         <value>0x0</value>
      </symbol>
      <symbol id="sm-721">
         <name>RCL_Profiling_eventHook</name>
         <value>0x0</value>
      </symbol>
      <symbol id="sm-722">
         <name>_system_post_cinit</name>
         <value>0x0</value>
      </symbol>
      <symbol id="sm-723">
         <name>__mpu_init</name>
         <value>0x0</value>
      </symbol>
   </symbol_table>
   <title>Link successful</title>
</link_info>
